srun: error: Unable to create step for job 452885: Invalid generic resource (gres) specification
**** get_sigmets.py: Download and clean Convective SIGMETs ****
Fetching SIGMETs from IEM for december 2021...
URL params: sts=2021-12-01T00:00:00Z, ets=2022-01-01T00:00:00Z
Response status: 200
Response was 249.4 KB
Loaded 2164 raw SIGMET records
Dropped 0 rows with missing time/geometry
Processed 2164 valid SIGMET records
Writing 2164 SIGMETs to output
Writing CSV to: /cluster/tufts/capstone25skyblue/scleme01/SatelliteTurbulencePrediction/src/sigmet_data/2021/12_sigmets.csv
Finished writing SIGMET CSV
**** Welcome! This script will take a month and year and return a csv file ****
**** with pireps that mention turbulence from this month and year          ****
Performing GET request, this may take a moment...
Request was 10.74 Mb
Response status code: 200
Response text preview: VALID,URGENT,AIRCRAFT,REPORT,ICING,TURBULENCE,ATRCC,PRODUCT_ID,FL,LAT,LON
202112010000,F,B738,HUF UA /OV TTH340015/TM 0000/FL370/TP B738/TB NEG,None,NEG,ZID,None,37000,39.724942183991075,-87.3608047407049
202112010001,F,B763,DSM UA /OV DSM140015/TM 0001/FL350/TP B763/TB CONS LGT OCNL MOD CHOP,None,CONS LGT OCNL MOD CHOP,ZAU,None,35000,41.34242337680477,-93.4384227485317
202112010001,F,DC91,EVV UA /OV PXV/TM 0001/FL210/TP DC91/TB LGT,None,LGT,ZID,None,21000,37.93,-87.76
202112010003,F,A321,CMH UA
Attempting to create dataframe from csv file
Successfully created dataframe from CSV file
Cleaning dataframe
Classifying levels of turbulence
We dropped 43067/79258 pireps with unknown turbulence intensity
Dropping pireps w/ NA flight level, latitude, or longitude
We dropped 2233/36191 pireps with unknown flight level, latitude, or longitude
Binary filter: 362 SEV+ and 362 NONE/SMOOTH from 33958 total
Severe PIREPs: 362, Non-severe PIREPs sampled: 362/362
Final dataset size: 724/724 pireps
Fetching SIGMETs to annotate PIREPs...
Fetching SIGMETs from IEM for december 2021...
URL params: sts=2021-12-01T00:00:00Z, ets=2022-01-01T00:00:00Z
Response status: 200
Response was 249.4 KB
Loaded 2164 raw SIGMET records
Dropped 0 rows with missing time/geometry
Processed 2164 valid SIGMET records
SIGMETs found for 54 PIREPs
Writing 724 pireps with altitude and turbulence to csv
Writing csv to output file: /cluster/tufts/capstone25skyblue/scleme01/SatelliteTurbulencePrediction/src/../pireps/2021/12_turb_pireps.csv
Finished writing csv output
