srun: error: Unable to create step for job 452862: Invalid generic resource (gres) specification
**** get_sigmets.py: Download and clean Convective SIGMETs ****
Fetching SIGMETs from IEM for january 2020...
URL params: sts=2020-01-01T00:00:00Z, ets=2020-02-01T00:00:00Z
Response status: 200
Response was 158.7 KB
Loaded 1386 raw SIGMET records
Dropped 0 rows with missing time/geometry
Processed 1386 valid SIGMET records
Writing 1386 SIGMETs to output
Writing CSV to: /cluster/tufts/capstone25skyblue/scleme01/SatelliteTurbulencePrediction/src/sigmet_data/2020/01_sigmets.csv
Finished writing SIGMET CSV
**** Welcome! This script will take a month and year and return a csv file ****
**** with pireps that mention turbulence from this month and year          ****
Performing GET request, this may take a moment...
Request was 11.25 Mb
Response status code: 200
Response text preview: VALID,URGENT,AIRCRAFT,REPORT,ICING,TURBULENCE,ATRCC,PRODUCT_ID,FL,LAT,LON
202001010000,F,B737,ABQ UA /OV ABQ260040/TM 0000/FL380/TP B737/TB CONS LT CAT TURB/RM ZAB FDCS,None,CONS LT CAT TURB,ZAB,None,38000,34.926125171211076,-107.41746130436265
202001010000,F,E75L,EAT UA /OV EAT157007/TM 0000/FL180/TP E75L/SK TOPS 200/TA UNKN/TB LGT CHOP/IC LGT MOD RIME 180-200/RM DURGC ..ZSE,LGT MOD RIME 180-200,LGT CHOP,ZSE,None,18000,47.29159906831765,-120.13964921860347
202001010000,F,A32N,GEG UA /OV GEG1300
Attempting to create dataframe from csv file
Successfully created dataframe from CSV file
Cleaning dataframe
Classifying levels of turbulence
We dropped 44311/80580 pireps with unknown turbulence intensity
Dropping pireps w/ NA flight level, latitude, or longitude
We dropped 1684/36269 pireps with unknown flight level, latitude, or longitude
Binary filter: 406 SEV+ and 406 NONE/SMOOTH from 34585 total
Severe PIREPs: 406, Non-severe PIREPs sampled: 406/406
Final dataset size: 812/812 pireps
Fetching SIGMETs to annotate PIREPs...
Fetching SIGMETs from IEM for january 2020...
URL params: sts=2020-01-01T00:00:00Z, ets=2020-02-01T00:00:00Z
Response status: 200
Response was 158.7 KB
Loaded 1386 raw SIGMET records
Dropped 0 rows with missing time/geometry
Processed 1386 valid SIGMET records
SIGMETs found for 38 PIREPs
Writing 812 pireps with altitude and turbulence to csv
Writing csv to output file: /cluster/tufts/capstone25skyblue/scleme01/SatelliteTurbulencePrediction/src/../pireps/2020/01_turb_pireps.csv
Finished writing csv output
