srun: error: Unable to create step for job 452835: Invalid generic resource (gres) specification
**** get_sigmets.py: Download and clean Convective SIGMETs ****
Fetching SIGMETs from IEM for october 2017...
URL params: sts=2017-10-01T00:00:00Z, ets=2017-11-01T00:00:00Z
Response status: 200
Response was 251.7 KB
Loaded 2124 raw SIGMET records
Dropped 0 rows with missing time/geometry
Processed 2124 valid SIGMET records
Writing 2124 SIGMETs to output
Writing CSV to: /cluster/tufts/capstone25skyblue/scleme01/SatelliteTurbulencePrediction/src/sigmet_data/2017/10_sigmets.csv
Finished writing SIGMET CSV
**** Welcome! This script will take a month and year and return a csv file ****
**** with pireps that mention turbulence from this month and year          ****
Performing GET request, this may take a moment...
Request was 7.19 Mb
Response status code: 200
Response text preview: VALID,URGENT,AIRCRAFT,REPORT,ICING,TURBULENCE,ATRCC,PRODUCT_ID,FL,LAT,LON
201710010000,F,A321,ABI UA /OV ABI039053/TM 0000/FL340/TP A321/TB LGT CHOP,None,LGT CHOP,ZFW,None,34000,33.09716304746947,-99.02356166686351
201710010000,F,SR22,OTH UA /OV OTH/TM 0000/FL020/TP SR22/SK TOP 100 BASE 020/RM ..ZSE,None,None,ZSE,None,2000,43.419462,-124.243737
201710010000,F,C208,FAI UA /OV FAI360030 /TM 0000 /FL080 /TP C208 /TA M10 /IC LGTMIXED 100-080 /RM DURGD,LGTMIXED 100-080,None,ZAN,None,8000,65.310040500
Attempting to create dataframe from csv file
Successfully created dataframe from CSV file
Cleaning dataframe
Classifying levels of turbulence
We dropped 28988/52229 pireps with unknown turbulence intensity
Dropping pireps w/ NA flight level, latitude, or longitude
We dropped 1310/23241 pireps with unknown flight level, latitude, or longitude
Binary filter: 231 SEV+ and 231 NONE/SMOOTH from 21931 total
Severe PIREPs: 231, Non-severe PIREPs sampled: 231/231
Final dataset size: 462/462 pireps
Fetching SIGMETs to annotate PIREPs...
Fetching SIGMETs from IEM for october 2017...
URL params: sts=2017-10-01T00:00:00Z, ets=2017-11-01T00:00:00Z
Response status: 200
Response was 251.7 KB
Loaded 2124 raw SIGMET records
Dropped 0 rows with missing time/geometry
Processed 2124 valid SIGMET records
SIGMETs found for 20 PIREPs
Writing 462 pireps with altitude and turbulence to csv
Writing csv to output file: /cluster/tufts/capstone25skyblue/scleme01/SatelliteTurbulencePrediction/src/../pireps/2017/10_turb_pireps.csv
Finished writing csv output
