srun: error: Unable to create step for job 452882: Invalid generic resource (gres) specification
**** get_sigmets.py: Download and clean Convective SIGMETs ****
Fetching SIGMETs from IEM for september 2021...
URL params: sts=2021-09-01T00:00:00Z, ets=2021-10-01T00:00:00Z
Response status: 200
Response was 779.0 KB
Loaded 7106 raw SIGMET records
Dropped 0 rows with missing time/geometry
Processed 7106 valid SIGMET records
Writing 7106 SIGMETs to output
Writing CSV to: /cluster/tufts/capstone25skyblue/scleme01/SatelliteTurbulencePrediction/src/sigmet_data/2021/09_sigmets.csv
Finished writing SIGMET CSV
**** Welcome! This script will take a month and year and return a csv file ****
**** with pireps that mention turbulence from this month and year          ****
Performing GET request, this may take a moment...
Request was 5.96 Mb
Response status code: 200
Response text preview: VALID,URGENT,AIRCRAFT,REPORT,ICING,TURBULENCE,ATRCC,PRODUCT_ID,FL,LAT,LON
202109010000,F,A320,RFD UA /OV JVL/TM 0000/FL140/TP A320/TB MOD-SEV 095-140,None,MOD-SEV 095-140,ZAU,None,14000,42.62025,-89.04156
202109010000,F,A20N,JVL UA /OV JVL010010/TM 0000/FL095/TP A20N/TB MOD DURD FL095-140,None,MOD DURD FL095-140,ZAU,None,9500,42.78439792041999,-89.00222671214367
202109010000,F,B737,DCA UA /OV DCA200030/TM 0000/FL140/TP B737/TB MODERATE/RM SMOOTH BELOW 080,None,MODERATE,ZDC,None,14000,38.37731563
Attempting to create dataframe from csv file
Successfully created dataframe from CSV file
Cleaning dataframe
Classifying levels of turbulence
We dropped 22041/44570 pireps with unknown turbulence intensity
Dropping pireps w/ NA flight level, latitude, or longitude
We dropped 1323/22529 pireps with unknown flight level, latitude, or longitude
Binary filter: 167 SEV+ and 167 NONE/SMOOTH from 21206 total
Severe PIREPs: 167, Non-severe PIREPs sampled: 167/167
Final dataset size: 334/334 pireps
Fetching SIGMETs to annotate PIREPs...
Fetching SIGMETs from IEM for september 2021...
URL params: sts=2021-09-01T00:00:00Z, ets=2021-10-01T00:00:00Z
Response status: 200
Response was 779.0 KB
Loaded 7106 raw SIGMET records
Dropped 0 rows with missing time/geometry
Processed 7106 valid SIGMET records
SIGMETs found for 55 PIREPs
Writing 334 pireps with altitude and turbulence to csv
Writing csv to output file: /cluster/tufts/capstone25skyblue/scleme01/SatelliteTurbulencePrediction/src/../pireps/2021/09_turb_pireps.csv
Finished writing csv output
