srun: error: Unable to create step for job 452896: Invalid generic resource (gres) specification
**** get_sigmets.py: Download and clean Convective SIGMETs ****
Fetching SIGMETs from IEM for november 2022...
URL params: sts=2022-11-01T00:00:00Z, ets=2022-12-01T00:00:00Z
Response status: 200
Response was 248.0 KB
Loaded 2262 raw SIGMET records
Dropped 0 rows with missing time/geometry
Processed 2262 valid SIGMET records
Writing 2262 SIGMETs to output
Writing CSV to: /cluster/tufts/capstone25skyblue/scleme01/SatelliteTurbulencePrediction/src/sigmet_data/2022/11_sigmets.csv
Finished writing SIGMET CSV
**** Welcome! This script will take a month and year and return a csv file ****
**** with pireps that mention turbulence from this month and year          ****
Performing GET request, this may take a moment...
Request was 11.56 Mb
Response status code: 200
Response text preview: VALID,URGENT,AIRCRAFT,REPORT,ICING,TURBULENCE,ATRCC,PRODUCT_ID,FL,LAT,LON
202211010000,F,GL5T,PTK UA /OV PTK/TM 0000/FLDURD/TP GL5T/SK OVC 017/RM IMC @ 030,None,None,ZOB,None,None,42.6655,-83.42008
202211010001,F,B190,LAN UA /OV LAN/TM 0001/FLSFC/TP B190/SK OVC015,None,None,ZOB,None,None,42.78,-84.58
202211010002,F,CRJ2,SDF UA /OV RACRR/TM 0002/FL030/TP CRJ2/SK CLR,None,None,ZAU,None,3000,42.76111,-87.81361
202211010002,F,CL35,RGK UA /OV KRGK/TM 0002/FL400/TP CL35/TB LGT-MOD CHOP,None,LGT-MOD CH
Attempting to create dataframe from csv file
Successfully created dataframe from CSV file
Cleaning dataframe
Classifying levels of turbulence
We dropped 47195/85577 pireps with unknown turbulence intensity
Dropping pireps w/ NA flight level, latitude, or longitude
We dropped 2427/38382 pireps with unknown flight level, latitude, or longitude
Binary filter: 284 SEV+ and 284 NONE/SMOOTH from 35955 total
Severe PIREPs: 284, Non-severe PIREPs sampled: 284/284
Final dataset size: 568/568 pireps
Fetching SIGMETs to annotate PIREPs...
Fetching SIGMETs from IEM for november 2022...
URL params: sts=2022-11-01T00:00:00Z, ets=2022-12-01T00:00:00Z
Response status: 200
Response was 248.0 KB
Loaded 2262 raw SIGMET records
Dropped 0 rows with missing time/geometry
Processed 2262 valid SIGMET records
SIGMETs found for 41 PIREPs
Writing 568 pireps with altitude and turbulence to csv
Writing csv to output file: /cluster/tufts/capstone25skyblue/scleme01/SatelliteTurbulencePrediction/src/../pireps/2022/11_turb_pireps.csv
Finished writing csv output
