srun: error: Unable to create step for job 452852: Invalid generic resource (gres) specification
**** get_sigmets.py: Download and clean Convective SIGMETs ****
Fetching SIGMETs from IEM for march 2019...
URL params: sts=2019-03-01T00:00:00Z, ets=2019-04-01T00:00:00Z
Response status: 200
Response was 262.6 KB
Loaded 2277 raw SIGMET records
Dropped 0 rows with missing time/geometry
Processed 2277 valid SIGMET records
Writing 2277 SIGMETs to output
Writing CSV to: /cluster/tufts/capstone25skyblue/scleme01/SatelliteTurbulencePrediction/src/sigmet_data/2019/03_sigmets.csv
Finished writing SIGMET CSV
**** Welcome! This script will take a month and year and return a csv file ****
**** with pireps that mention turbulence from this month and year          ****
Performing GET request, this may take a moment...
Request was 8.83 Mb
Response status code: 200
Response text preview: VALID,URGENT,AIRCRAFT,REPORT,ICING,TURBULENCE,ATRCC,PRODUCT_ID,FL,LAT,LON
201903010000,F,E145,LFT UA /OV LFT180020 /TM 0000 /FL140 /TP E145 /TA M07 /IC LGT RIME 140-150 /RM FM ZHU AWC-WEB,LGT RIME 140-150,None,ZHU,None,14000,29.87813966663967,-91.981
201903010000,F,E145,LFT UA /OV LFT180020 /TM 0000 /FL140 /TP E145 /TA M07 /IC LGT RIME 140-150 /RM FM ZHU AWC-WEB:,LGT RIME 140-150,None,ZHU,None,14000,29.87813966663967,-91.981
201903010000,F,B737,CLL UA /OV CLL /TM 0000 /FL250 /TP B737 /TB MOD CHO
Attempting to create dataframe from csv file
Successfully created dataframe from CSV file
Cleaning dataframe
Classifying levels of turbulence
We dropped 30363/63201 pireps with unknown turbulence intensity
Dropping pireps w/ NA flight level, latitude, or longitude
We dropped 1464/32838 pireps with unknown flight level, latitude, or longitude
Binary filter: 244 SEV+ and 244 NONE/SMOOTH from 31374 total
Severe PIREPs: 244, Non-severe PIREPs sampled: 244/244
Final dataset size: 488/488 pireps
Fetching SIGMETs to annotate PIREPs...
Fetching SIGMETs from IEM for march 2019...
URL params: sts=2019-03-01T00:00:00Z, ets=2019-04-01T00:00:00Z
Response status: 200
Response was 262.6 KB
Loaded 2277 raw SIGMET records
Dropped 0 rows with missing time/geometry
Processed 2277 valid SIGMET records
SIGMETs found for 29 PIREPs
Writing 488 pireps with altitude and turbulence to csv
Writing csv to output file: /cluster/tufts/capstone25skyblue/scleme01/SatelliteTurbulencePrediction/src/../pireps/2019/03_turb_pireps.csv
Finished writing csv output
