srun: error: Unable to create step for job 452879: Invalid generic resource (gres) specification
**** get_sigmets.py: Download and clean Convective SIGMETs ****
Fetching SIGMETs from IEM for june 2021...
URL params: sts=2021-06-01T00:00:00Z, ets=2021-07-01T00:00:00Z
Response status: 200
Response was 987.3 KB
Loaded 8948 raw SIGMET records
Dropped 0 rows with missing time/geometry
Processed 8948 valid SIGMET records
Writing 8948 SIGMETs to output
Writing CSV to: /cluster/tufts/capstone25skyblue/scleme01/SatelliteTurbulencePrediction/src/sigmet_data/2021/06_sigmets.csv
Finished writing SIGMET CSV
**** Welcome! This script will take a month and year and return a csv file ****
**** with pireps that mention turbulence from this month and year          ****
Performing GET request, this may take a moment...
Request was 7.29 Mb
Response status code: 200
Response text preview: VALID,URGENT,AIRCRAFT,REPORT,ICING,TURBULENCE,ATRCC,PRODUCT_ID,FL,LAT,LON
202106010001,F,C172,CPU UA /OV CPU /TM 0001 /FL045 /TP C172 /TB LGT /RM SLIGHT DWNDFTS,None,LGT,ZOA,None,4500,38.1461,-120.6482
202106010004,F,A21N,PHNL UA /OV 2759N 14115W /TM 0004 /FL340 /TP A21N /TB MOD 340 /RM ZOA CWSU AWC-WEB:,None,MOD 340,None,None,34000,27.9833,-141.25
202106010004,F,A21N,PHNL UA /OV 2759N 14115W /TM 0004 /FL340 /TP A21N /TB MOD 340 /RM ZOA CWSU AWC-WEB,None,MOD 340,None,None,34000,27.9833,-141.25
2
Attempting to create dataframe from csv file
Successfully created dataframe from CSV file
Cleaning dataframe
Classifying levels of turbulence
We dropped 25891/54457 pireps with unknown turbulence intensity
Dropping pireps w/ NA flight level, latitude, or longitude
We dropped 1372/28566 pireps with unknown flight level, latitude, or longitude
Binary filter: 182 SEV+ and 182 NONE/SMOOTH from 27194 total
Severe PIREPs: 182, Non-severe PIREPs sampled: 182/182
Final dataset size: 364/364 pireps
Fetching SIGMETs to annotate PIREPs...
Fetching SIGMETs from IEM for june 2021...
URL params: sts=2021-06-01T00:00:00Z, ets=2021-07-01T00:00:00Z
Response status: 200
Response was 987.3 KB
Loaded 8948 raw SIGMET records
Dropped 0 rows with missing time/geometry
Processed 8948 valid SIGMET records
SIGMETs found for 101 PIREPs
Writing 364 pireps with altitude and turbulence to csv
Writing csv to output file: /cluster/tufts/capstone25skyblue/scleme01/SatelliteTurbulencePrediction/src/../pireps/2021/06_turb_pireps.csv
Finished writing csv output
