srun: error: Unable to create step for job 452883: Invalid generic resource (gres) specification
**** get_sigmets.py: Download and clean Convective SIGMETs ****
Fetching SIGMETs from IEM for october 2021...
URL params: sts=2021-10-01T00:00:00Z, ets=2021-11-01T00:00:00Z
Response status: 200
Response was 531.2 KB
Loaded 4764 raw SIGMET records
Dropped 0 rows with missing time/geometry
Processed 4764 valid SIGMET records
Writing 4764 SIGMETs to output
Writing CSV to: /cluster/tufts/capstone25skyblue/scleme01/SatelliteTurbulencePrediction/src/sigmet_data/2021/10_sigmets.csv
Finished writing SIGMET CSV
**** Welcome! This script will take a month and year and return a csv file ****
**** with pireps that mention turbulence from this month and year          ****
Performing GET request, this may take a moment...
Request was 8.32 Mb
Response status code: 200
Response text preview: VALID,URGENT,AIRCRAFT,REPORT,ICING,TURBULENCE,ATRCC,PRODUCT_ID,FL,LAT,LON
202110010000,F,BE20,BNA UA /OV BNA135040/TM 0000/FL220/TP BE20/IC LGT RIME 220/RM ZME,LGT RIME 220,None,ZME,None,22000,35.6474472954046,-86.10555365866522
202110010002,F,CRJ7,DSM UA /OV DSM204049/TM 0002/FL190/TP CRJ7/TA 9/IC NEG,NEG,None,ZMP,None,19000,40.78782744516609,-94.09689118576586
202110010004,F,SW4,IGM UA /OV IGM /TM 0004 /FL034 /TP SW4 /RM NEG RA,None,None,ZLA,None,3400,35.2577,-113.933
202110010005,T,K172,PRC U
Attempting to create dataframe from csv file
Successfully created dataframe from CSV file
Cleaning dataframe
Classifying levels of turbulence
We dropped 32941/62317 pireps with unknown turbulence intensity
Dropping pireps w/ NA flight level, latitude, or longitude
We dropped 1779/29376 pireps with unknown flight level, latitude, or longitude
Binary filter: 238 SEV+ and 238 NONE/SMOOTH from 27597 total
Severe PIREPs: 238, Non-severe PIREPs sampled: 238/238
Final dataset size: 476/476 pireps
Fetching SIGMETs to annotate PIREPs...
Fetching SIGMETs from IEM for october 2021...
URL params: sts=2021-10-01T00:00:00Z, ets=2021-11-01T00:00:00Z
Response status: 200
Response was 531.2 KB
Loaded 4764 raw SIGMET records
Dropped 0 rows with missing time/geometry
Processed 4764 valid SIGMET records
SIGMETs found for 52 PIREPs
Writing 476 pireps with altitude and turbulence to csv
Writing csv to output file: /cluster/tufts/capstone25skyblue/scleme01/SatelliteTurbulencePrediction/src/../pireps/2021/10_turb_pireps.csv
Finished writing csv output
