srun: error: Unable to create step for job 452911: Invalid generic resource (gres) specification
**** get_sigmets.py: Download and clean Convective SIGMETs ****
Fetching SIGMETs from IEM for february 2024...
URL params: sts=2024-02-01T00:00:00Z, ets=2024-03-01T00:00:00Z
Response status: 200
Response was 201.1 KB
Loaded 1803 raw SIGMET records
Dropped 0 rows with missing time/geometry
Processed 1803 valid SIGMET records
Writing 1803 SIGMETs to output
Writing CSV to: /cluster/tufts/capstone25skyblue/scleme01/SatelliteTurbulencePrediction/src/sigmet_data/2024/02_sigmets.csv
Finished writing SIGMET CSV
**** Welcome! This script will take a month and year and return a csv file ****
**** with pireps that mention turbulence from this month and year          ****
Performing GET request, this may take a moment...
Request was 13.19 Mb
Response status code: 200
Response text preview: VALID,URGENT,AIRCRAFT,REPORT,ICING,TURBULENCE,ATRCC,PRODUCT_ID,FL,LAT,LON
202402010000,F,CRJ7,CRW UA /OV CRW/TM 0000/FLDURC/TP CRJ7/SK B030 T050,None,None,ZID,None,None,38.3794,-81.59
202402010000,F,C560,PWK UA /OV PWK340003/TM 0000/FL018/TP C560/SK OVC018/RM TOPS 023,None,None,ZAU,None,1800,42.167818436798214,-87.92777737252275
202402010000,F,BKN050,GSO UA /OV GSO320010/TM 0000/FL050/TP BKN050/TB LT CHOP,None,LT CHOP,ZTL,None,5000,36.22518441546348,-80.07620638431122
202402010000,F,SF50,MYR UA 
Attempting to create dataframe from csv file
Successfully created dataframe from CSV file
Cleaning dataframe
Classifying levels of turbulence
We dropped 40308/91156 pireps with unknown turbulence intensity
Dropping pireps w/ NA flight level, latitude, or longitude
We dropped 1528/50848 pireps with unknown flight level, latitude, or longitude
Binary filter: 355 SEV+ and 355 NONE/SMOOTH from 49320 total
Severe PIREPs: 355, Non-severe PIREPs sampled: 355/355
Final dataset size: 710/710 pireps
Fetching SIGMETs to annotate PIREPs...
Fetching SIGMETs from IEM for february 2024...
URL params: sts=2024-02-01T00:00:00Z, ets=2024-03-01T00:00:00Z
Response status: 200
Response was 201.1 KB
Loaded 1803 raw SIGMET records
Dropped 0 rows with missing time/geometry
Processed 1803 valid SIGMET records
SIGMETs found for 41 PIREPs
Writing 710 pireps with altitude and turbulence to csv
Writing csv to output file: /cluster/tufts/capstone25skyblue/scleme01/SatelliteTurbulencePrediction/src/../pireps/2024/02_turb_pireps.csv
Finished writing csv output
