srun: error: Unable to create step for job 452926: Invalid generic resource (gres) specification
**** get_sigmets.py: Download and clean Convective SIGMETs ****
Fetching SIGMETs from IEM for may 2025...
URL params: sts=2025-05-01T00:00:00Z, ets=2025-06-01T00:00:00Z
Response status: 200
Response was 769.5 KB
Loaded 7019 raw SIGMET records
Dropped 0 rows with missing time/geometry
Processed 7019 valid SIGMET records
Writing 7019 SIGMETs to output
Writing CSV to: /cluster/tufts/capstone25skyblue/scleme01/SatelliteTurbulencePrediction/src/sigmet_data/2025/05_sigmets.csv
Finished writing SIGMET CSV
**** Welcome! This script will take a month and year and return a csv file ****
**** with pireps that mention turbulence from this month and year          ****
Performing GET request, this may take a moment...
Request was 17.99 Mb
Response status code: 200
Response text preview: VALID,URGENT,AIRCRAFT,REPORT,ICING,TURBULENCE,ATRCC,PRODUCT_ID,FL,LAT,LON
202505010000,F,BE58,SMO UA /OV KSMO030003/TM 0000/FLDURD/TP BE58/SK OVC013-TOP023,None,None,ZLA,202505010000-KMSC-UBUS01-PIREP,None,34.064304777595616,-118.41691464918105
202505010000,F,E170,HOT UA /OV HOT200015/TM 0000/FL150/TP E170/TB NEG/IC NEG/RM ZME,NEG,NEG,ZME,202505010000-KMSC-UBUS01-PIREP,15000,34.243087816008924,-93.19995343254304
202505010000,F,C172,LNY UA /OV LNY278005/TM 0000/FL040/TP C172/SK BKN020-050/TB LGT 
Attempting to create dataframe from csv file
Successfully created dataframe from CSV file
Cleaning dataframe
Classifying levels of turbulence
We dropped 49076/114650 pireps with unknown turbulence intensity
Dropping pireps w/ NA flight level, latitude, or longitude
We dropped 3346/65574 pireps with unknown flight level, latitude, or longitude
Binary filter: 289 SEV+ and 289 NONE/SMOOTH from 62228 total
Severe PIREPs: 289, Non-severe PIREPs sampled: 289/289
Final dataset size: 578/578 pireps
Fetching SIGMETs to annotate PIREPs...
Fetching SIGMETs from IEM for may 2025...
URL params: sts=2025-05-01T00:00:00Z, ets=2025-06-01T00:00:00Z
Response status: 200
Response was 769.5 KB
Loaded 7019 raw SIGMET records
Dropped 0 rows with missing time/geometry
Processed 7019 valid SIGMET records
SIGMETs found for 147 PIREPs
Writing 578 pireps with altitude and turbulence to csv
Writing csv to output file: /cluster/tufts/capstone25skyblue/scleme01/SatelliteTurbulencePrediction/src/../pireps/2025/05_turb_pireps.csv
Finished writing csv output
