srun: error: Unable to create step for job 452932: Invalid generic resource (gres) specification
**** get_sigmets.py: Download and clean Convective SIGMETs ****
Fetching SIGMETs from IEM for november 2025...
URL params: sts=2025-11-01T00:00:00Z, ets=2025-12-01T00:00:00Z
Response status: 200
Response was 265.5 KB
Loaded 2407 raw SIGMET records
Dropped 0 rows with missing time/geometry
Processed 2407 valid SIGMET records
Writing 2407 SIGMETs to output
Writing CSV to: /cluster/tufts/capstone25skyblue/scleme01/SatelliteTurbulencePrediction/src/sigmet_data/2025/11_sigmets.csv
Finished writing SIGMET CSV
**** Welcome! This script will take a month and year and return a csv file ****
**** with pireps that mention turbulence from this month and year          ****
Performing GET request, this may take a moment...
Request was 17.39 Mb
Response status code: 200
Response text preview: VALID,URGENT,AIRCRAFT,REPORT,ICING,TURBULENCE,ATRCC,PRODUCT_ID,FL,LAT,LON
202511010000,F,AT72,PDX UA /OV PDX280005/TM 0000/FL020/TP AT72/SK OVC028,None,None,ZSE,202511010000-KMSC-UBUS01-PIREP,2000,45.60530185359861,-122.71756576445382
202511010000,T,F2TH,RDG UUA /OV 1 SE/TM 0000/FL006/TP F2TH/RM LLWS +/- 10KTS,None,None,ZNY,202511010000-KMSC-UBUS01-PIREP,600,40.3785,-75.96525
202511010000,F,BE99,OLU UA /OV OLU/TM 0000/FL070/TP BE99/SK BKN090/TA M04/IC LGT MX 090 NEG 070,LGT MX 090 NEG 070,None,Z
Attempting to create dataframe from csv file
Successfully created dataframe from CSV file
Cleaning dataframe
Classifying levels of turbulence
We dropped 55163/109325 pireps with unknown turbulence intensity
Dropping pireps w/ NA flight level, latitude, or longitude
We dropped 3305/54162 pireps with unknown flight level, latitude, or longitude
Binary filter: 255 SEV+ and 255 NONE/SMOOTH from 50857 total
Severe PIREPs: 255, Non-severe PIREPs sampled: 255/255
Final dataset size: 510/510 pireps
Fetching SIGMETs to annotate PIREPs...
Fetching SIGMETs from IEM for november 2025...
URL params: sts=2025-11-01T00:00:00Z, ets=2025-12-01T00:00:00Z
Response status: 200
Response was 265.5 KB
Loaded 2407 raw SIGMET records
Dropped 0 rows with missing time/geometry
Processed 2407 valid SIGMET records
SIGMETs found for 45 PIREPs
Writing 510 pireps with altitude and turbulence to csv
Writing csv to output file: /cluster/tufts/capstone25skyblue/scleme01/SatelliteTurbulencePrediction/src/../pireps/2025/11_turb_pireps.csv
Finished writing csv output
