srun: error: Unable to create step for job 452881: Invalid generic resource (gres) specification
**** get_sigmets.py: Download and clean Convective SIGMETs ****
Fetching SIGMETs from IEM for august 2021...
URL params: sts=2021-08-01T00:00:00Z, ets=2021-09-01T00:00:00Z
Response status: 200
Response was 1222.2 KB
Loaded 11138 raw SIGMET records
Dropped 0 rows with missing time/geometry
Processed 11138 valid SIGMET records
Writing 11138 SIGMETs to output
Writing CSV to: /cluster/tufts/capstone25skyblue/scleme01/SatelliteTurbulencePrediction/src/sigmet_data/2021/08_sigmets.csv
Finished writing SIGMET CSV
**** Welcome! This script will take a month and year and return a csv file ****
**** with pireps that mention turbulence from this month and year          ****
Performing GET request, this may take a moment...
Request was 6.07 Mb
Response status code: 200
Response text preview: VALID,URGENT,AIRCRAFT,REPORT,ICING,TURBULENCE,ATRCC,PRODUCT_ID,FL,LAT,LON
202108010000,F,A320,LOZ UA /OV LOZ180010/TM 0000/FL230/TP A320/SK SKC/TB NEG,None,NEG,ZID,None,23000,36.92031983331984,-84.077
202108010002,F,PA28,CKB UA /OV EKN270012/TM 0002/FL045/TP PA28/SK SCT050 OVC080/TA 15,None,None,ZDC,None,4500,38.88528,-80.10973664881048
202108010003,F,B737,CHO UA /OV GVE060010/TM 0003/FL380/TP B737/TB MOD,None,MOD,ZDC,None,38000,38.23934008334008,-77.98222698184242
202108010004,F,PA28,CKB UA /OV
Attempting to create dataframe from csv file
Successfully created dataframe from CSV file
Cleaning dataframe
Classifying levels of turbulence
We dropped 24093/45607 pireps with unknown turbulence intensity
Dropping pireps w/ NA flight level, latitude, or longitude
We dropped 1242/21514 pireps with unknown flight level, latitude, or longitude
Binary filter: 140 SEV+ and 140 NONE/SMOOTH from 20272 total
Severe PIREPs: 140, Non-severe PIREPs sampled: 140/140
Final dataset size: 280/280 pireps
Fetching SIGMETs to annotate PIREPs...
Fetching SIGMETs from IEM for august 2021...
URL params: sts=2021-08-01T00:00:00Z, ets=2021-09-01T00:00:00Z
Response status: 200
Response was 1222.2 KB
Loaded 11138 raw SIGMET records
Dropped 0 rows with missing time/geometry
Processed 11138 valid SIGMET records
SIGMETs found for 76 PIREPs
Writing 280 pireps with altitude and turbulence to csv
Writing csv to output file: /cluster/tufts/capstone25skyblue/scleme01/SatelliteTurbulencePrediction/src/../pireps/2021/08_turb_pireps.csv
Finished writing csv output
