srun: error: Unable to create step for job 452855: Invalid generic resource (gres) specification
**** get_sigmets.py: Download and clean Convective SIGMETs ****
Fetching SIGMETs from IEM for june 2019...
URL params: sts=2019-06-01T00:00:00Z, ets=2019-07-01T00:00:00Z
Response status: 200
Response was 929.0 KB
Loaded 8193 raw SIGMET records
Dropped 0 rows with missing time/geometry
Processed 8193 valid SIGMET records
Writing 8193 SIGMETs to output
Writing CSV to: /cluster/tufts/capstone25skyblue/scleme01/SatelliteTurbulencePrediction/src/sigmet_data/2019/06_sigmets.csv
Finished writing SIGMET CSV
**** Welcome! This script will take a month and year and return a csv file ****
**** with pireps that mention turbulence from this month and year          ****
Performing GET request, this may take a moment...
Request was 6.19 Mb
Response status code: 200
Response text preview: VALID,URGENT,AIRCRAFT,REPORT,ICING,TURBULENCE,ATRCC,PRODUCT_ID,FL,LAT,LON
201906010000,F,PC12,DEN UA /OV DEN220030/TM 0000/FL170/TP PC12/TA M03/IC LGT RIME,LGT RIME,None,ZDV,None,17000,39.44974675360954,-105.07606067313587
201906010003,F,B737,CDV UA /OV CDV /TM 0003 /FL100 /TP B737 /TA M05 /IC LGT CLR100-050 /RM DURD RY 9,LGT CLR100-050,None,ZAN,None,10000,60.49,-145.47
201906010003,F,B737,CDV UA /OV CDV /TM 0003 /FL100 /TP B737 /TA M05 /IC LGT CLR 100-050 /RM DURD RY 9,LGT CLR 100-050,None,ZAN,
Attempting to create dataframe from csv file
Successfully created dataframe from CSV file
Cleaning dataframe
Classifying levels of turbulence
We dropped 21273/45252 pireps with unknown turbulence intensity
Dropping pireps w/ NA flight level, latitude, or longitude
We dropped 981/23979 pireps with unknown flight level, latitude, or longitude
Binary filter: 184 SEV+ and 184 NONE/SMOOTH from 22998 total
Severe PIREPs: 184, Non-severe PIREPs sampled: 184/184
Final dataset size: 368/368 pireps
Fetching SIGMETs to annotate PIREPs...
Fetching SIGMETs from IEM for june 2019...
URL params: sts=2019-06-01T00:00:00Z, ets=2019-07-01T00:00:00Z
Response status: 200
Response was 929.0 KB
Loaded 8193 raw SIGMET records
Dropped 0 rows with missing time/geometry
Processed 8193 valid SIGMET records
SIGMETs found for 85 PIREPs
Writing 368 pireps with altitude and turbulence to csv
Writing csv to output file: /cluster/tufts/capstone25skyblue/scleme01/SatelliteTurbulencePrediction/src/../pireps/2019/06_turb_pireps.csv
Finished writing csv output
