srun: error: Unable to create step for job 452871: Invalid generic resource (gres) specification
**** get_sigmets.py: Download and clean Convective SIGMETs ****
Fetching SIGMETs from IEM for october 2020...
URL params: sts=2020-10-01T00:00:00Z, ets=2020-11-01T00:00:00Z
Response status: 200
Response was 295.9 KB
Loaded 2643 raw SIGMET records
Dropped 0 rows with missing time/geometry
Processed 2643 valid SIGMET records
Writing 2643 SIGMETs to output
Writing CSV to: /cluster/tufts/capstone25skyblue/scleme01/SatelliteTurbulencePrediction/src/sigmet_data/2020/10_sigmets.csv
Finished writing SIGMET CSV
**** Welcome! This script will take a month and year and return a csv file ****
**** with pireps that mention turbulence from this month and year          ****
Performing GET request, this may take a moment...
Request was 6.38 Mb
Response status code: 200
Response text preview: VALID,URGENT,AIRCRAFT,REPORT,ICING,TURBULENCE,ATRCC,PRODUCT_ID,FL,LAT,LON
202010010000,F,B739,IRK UA /OV MCM200010/TM 0000/FL380/TP B739/TB LGT-MOD CHOP /RM /ZKC FDC/AF,None,LGT-MOD CHOP,ZKC,None,38000,39.49337187733928,-92.5540404948528
202010010000,F,MD11,UUA /OV 6318N06705W /TM 0000 /FL320 /TP MD11 /TB MDT-SEV,None,MDT-SEV,None,None,32000,63.3,-67.833
202010010000,F,B737,CDV UA /OV CDV /TM 0000 /FL010 /TP B737 /WX RA /TB LGT /IC NEG /RMNEG WIND SHEAR DURD (AKFSS),NEG,LGT,ZAN,None,1000,60.49,-
Attempting to create dataframe from csv file
Successfully created dataframe from CSV file
Cleaning dataframe
Classifying levels of turbulence
We dropped 25766/47399 pireps with unknown turbulence intensity
Dropping pireps w/ NA flight level, latitude, or longitude
We dropped 1134/21633 pireps with unknown flight level, latitude, or longitude
Binary filter: 202 SEV+ and 202 NONE/SMOOTH from 20499 total
Severe PIREPs: 202, Non-severe PIREPs sampled: 202/202
Final dataset size: 404/404 pireps
Fetching SIGMETs to annotate PIREPs...
Fetching SIGMETs from IEM for october 2020...
URL params: sts=2020-10-01T00:00:00Z, ets=2020-11-01T00:00:00Z
Response status: 200
Response was 295.9 KB
Loaded 2643 raw SIGMET records
Dropped 0 rows with missing time/geometry
Processed 2643 valid SIGMET records
SIGMETs found for 18 PIREPs
Writing 404 pireps with altitude and turbulence to csv
Writing csv to output file: /cluster/tufts/capstone25skyblue/scleme01/SatelliteTurbulencePrediction/src/../pireps/2020/10_turb_pireps.csv
Finished writing csv output
