srun: error: Unable to create step for job 452866: Invalid generic resource (gres) specification
**** get_sigmets.py: Download and clean Convective SIGMETs ****
Fetching SIGMETs from IEM for may 2020...
URL params: sts=2020-05-01T00:00:00Z, ets=2020-06-01T00:00:00Z
Response status: 200
Response was 652.6 KB
Loaded 5845 raw SIGMET records
Dropped 0 rows with missing time/geometry
Processed 5845 valid SIGMET records
Writing 5845 SIGMETs to output
Writing CSV to: /cluster/tufts/capstone25skyblue/scleme01/SatelliteTurbulencePrediction/src/sigmet_data/2020/05_sigmets.csv
Finished writing SIGMET CSV
**** Welcome! This script will take a month and year and return a csv file ****
**** with pireps that mention turbulence from this month and year          ****
Performing GET request, this may take a moment...
Request was 3.02 Mb
Response status code: 200
Response text preview: VALID,URGENT,AIRCRAFT,REPORT,ICING,TURBULENCE,ATRCC,PRODUCT_ID,FL,LAT,LON
202005010000,F,B737,EWR UA /OV 22R/TM 0000/FL020/TP B737/TB MODERATE/RM MODERATE TURBULENCE THROUGHOUT THE EWR AIRSPACE,None,MODERATE,ZNY,None,2000,40.68272,-74.16932
202005010001,F,E135,BKW UA /OV BKW360005/TM 0001/FL110/TP E135/TA M07/IC LGT RIME 110-120,LGT RIME 110-120,None,ZID,None,11000,37.87067008334008,-81.12416
202005010002,F,B737,CMH UA /OV CMH/TM 0002/FLDURC/TP B737/SK B018 T072,None,None,ZID,None,None,39.99139,
Attempting to create dataframe from csv file
Successfully created dataframe from CSV file
Cleaning dataframe
Classifying levels of turbulence
We dropped 12552/22056 pireps with unknown turbulence intensity
Dropping pireps w/ NA flight level, latitude, or longitude
We dropped 565/9504 pireps with unknown flight level, latitude, or longitude
Binary filter: 109 SEV+ and 109 NONE/SMOOTH from 8939 total
Severe PIREPs: 109, Non-severe PIREPs sampled: 109/109
Final dataset size: 218/218 pireps
Fetching SIGMETs to annotate PIREPs...
Fetching SIGMETs from IEM for may 2020...
URL params: sts=2020-05-01T00:00:00Z, ets=2020-06-01T00:00:00Z
Response status: 200
Response was 652.6 KB
Loaded 5845 raw SIGMET records
Dropped 0 rows with missing time/geometry
Processed 5845 valid SIGMET records
SIGMETs found for 31 PIREPs
Writing 218 pireps with altitude and turbulence to csv
Writing csv to output file: /cluster/tufts/capstone25skyblue/scleme01/SatelliteTurbulencePrediction/src/../pireps/2020/05_turb_pireps.csv
Finished writing csv output
