srun: error: Unable to create step for job 452890: Invalid generic resource (gres) specification
**** get_sigmets.py: Download and clean Convective SIGMETs ****
Fetching SIGMETs from IEM for may 2022...
URL params: sts=2022-05-01T00:00:00Z, ets=2022-06-01T00:00:00Z
Response status: 200
Response was 657.0 KB
Loaded 5903 raw SIGMET records
Dropped 0 rows with missing time/geometry
Processed 5903 valid SIGMET records
Writing 5903 SIGMETs to output
Writing CSV to: /cluster/tufts/capstone25skyblue/scleme01/SatelliteTurbulencePrediction/src/sigmet_data/2022/05_sigmets.csv
Finished writing SIGMET CSV
**** Welcome! This script will take a month and year and return a csv file ****
**** with pireps that mention turbulence from this month and year          ****
Performing GET request, this may take a moment...
Request was 9.77 Mb
Response status code: 200
Response text preview: VALID,URGENT,AIRCRAFT,REPORT,ICING,TURBULENCE,ATRCC,PRODUCT_ID,FL,LAT,LON
202205010000,F,E75S,ALB UA /OV ALB/TM 0000/FL330/TP E75S/TB LGT MOD CHOP,None,LGT MOD CHOP,ZBW,None,33000,42.75757,-73.80361
202205010000,F,B737,IND UA /OV VHP080009/TM 0000/FL030/TP B737/SK 055OVCUNKN/WX MOD RA/RM DURGD,None,None,ZID,None,3000,39.83604933647751,-86.17768217476976
202205010001,F,C172,KTN UA /OV KTN-AWK /TM 0001 /FLUNKN /TP C172 /TB NEG /RM VFR SMOOTH FLIGHT "COULDN'T BE ANY BETTER" (AKFSS),None,NEG,None,No
Attempting to create dataframe from csv file
Successfully created dataframe from CSV file
Cleaning dataframe
Classifying levels of turbulence
We dropped 35542/73835 pireps with unknown turbulence intensity
Dropping pireps w/ NA flight level, latitude, or longitude
We dropped 1958/38293 pireps with unknown flight level, latitude, or longitude
Binary filter: 322 SEV+ and 322 NONE/SMOOTH from 36335 total
Severe PIREPs: 322, Non-severe PIREPs sampled: 322/322
Final dataset size: 644/644 pireps
Fetching SIGMETs to annotate PIREPs...
Fetching SIGMETs from IEM for may 2022...
URL params: sts=2022-05-01T00:00:00Z, ets=2022-06-01T00:00:00Z
Response status: 200
Response was 657.0 KB
Loaded 5903 raw SIGMET records
Dropped 0 rows with missing time/geometry
Processed 5903 valid SIGMET records
SIGMETs found for 105 PIREPs
Writing 644 pireps with altitude and turbulence to csv
Writing csv to output file: /cluster/tufts/capstone25skyblue/scleme01/SatelliteTurbulencePrediction/src/../pireps/2022/05_turb_pireps.csv
Finished writing csv output
