srun: error: Unable to create step for job 452912: Invalid generic resource (gres) specification
**** get_sigmets.py: Download and clean Convective SIGMETs ****
Fetching SIGMETs from IEM for march 2024...
URL params: sts=2024-03-01T00:00:00Z, ets=2024-04-01T00:00:00Z
Response status: 200
Response was 338.4 KB
Loaded 3087 raw SIGMET records
Dropped 0 rows with missing time/geometry
Processed 3087 valid SIGMET records
Writing 3087 SIGMETs to output
Writing CSV to: /cluster/tufts/capstone25skyblue/scleme01/SatelliteTurbulencePrediction/src/sigmet_data/2024/03_sigmets.csv
Finished writing SIGMET CSV
**** Welcome! This script will take a month and year and return a csv file ****
**** with pireps that mention turbulence from this month and year          ****
Performing GET request, this may take a moment...
Request was 15.22 Mb
Response status code: 200
Response text preview: VALID,URGENT,AIRCRAFT,REPORT,ICING,TURBULENCE,ATRCC,PRODUCT_ID,FL,LAT,LON
202403010000,T,B738,ADQ UUA /OV ADQ/TM 0000/FLUNKN/TP B738/RM DURD LLWS +/-15 KTS AT AND BLO 070 ZAN,None,None,ZAN,None,None,57.74,-152.49
202403010000,F,C25B,UA /OV CYYC /TM 0000 /FLDURC /TP C25B /TB LGT-MOD ABV 060,None,LGT-MOD ABV 060,None,None,None,51.11389,-114.02028
202403010000,F,S22T,TLH UA /OV TLH/TM 0000/FL030/TP S22T/SK BKN 042,None,None,ZJX,None,3000,30.39354,-84.35135
202403010000,F,A320,ATL UA /OV OZZZI/TM 00
Attempting to create dataframe from csv file
Successfully created dataframe from CSV file
Cleaning dataframe
Classifying levels of turbulence
We dropped 52763/114336 pireps with unknown turbulence intensity
Dropping pireps w/ NA flight level, latitude, or longitude
We dropped 3065/61573 pireps with unknown flight level, latitude, or longitude
Binary filter: 525 SEV+ and 525 NONE/SMOOTH from 58508 total
Severe PIREPs: 525, Non-severe PIREPs sampled: 525/525
Final dataset size: 1050/1050 pireps
Fetching SIGMETs to annotate PIREPs...
Fetching SIGMETs from IEM for march 2024...
URL params: sts=2024-03-01T00:00:00Z, ets=2024-04-01T00:00:00Z
Response status: 200
Response was 338.4 KB
Loaded 3087 raw SIGMET records
Dropped 0 rows with missing time/geometry
Processed 3087 valid SIGMET records
SIGMETs found for 110 PIREPs
Writing 1050 pireps with altitude and turbulence to csv
Writing csv to output file: /cluster/tufts/capstone25skyblue/scleme01/SatelliteTurbulencePrediction/src/../pireps/2024/03_turb_pireps.csv
Finished writing csv output
