srun: error: Unable to create step for job 452900: Invalid generic resource (gres) specification
**** get_sigmets.py: Download and clean Convective SIGMETs ****
Fetching SIGMETs from IEM for march 2023...
URL params: sts=2023-03-01T00:00:00Z, ets=2023-04-01T00:00:00Z
Response status: 200
Response was 301.2 KB
Loaded 2652 raw SIGMET records
Dropped 0 rows with missing time/geometry
Processed 2652 valid SIGMET records
Writing 2652 SIGMETs to output
Writing CSV to: /cluster/tufts/capstone25skyblue/scleme01/SatelliteTurbulencePrediction/src/sigmet_data/2023/03_sigmets.csv
Finished writing SIGMET CSV
**** Welcome! This script will take a month and year and return a csv file ****
**** with pireps that mention turbulence from this month and year          ****
Performing GET request, this may take a moment...
Request was 14.62 Mb
Response status code: 200
Response text preview: VALID,URGENT,AIRCRAFT,REPORT,ICING,TURBULENCE,ATRCC,PRODUCT_ID,FL,LAT,LON
202303010000,F,B712,MSN UA /OV MSN090030/TM 0000/FL090/TP B712/IC NEG,NEG,None,ZAU,None,9000,43.14056,-88.65999111142108
202303010000,F,E75,SPI UA /OV SPI/TM 0000/FL340/TP E75/TB LGT-MOD CHOP /RM ZKC FDC/AF,None,LGT-MOD CHOP,ZKC,None,34000,39.8447,-89.6839
202303010000,F,BE350,CDW UA /OV RNAV 22 APCH/TM 0000/FL006/TP BE350/RM AIRCRAFT REPORTED PATCHY FG 600 FEET ON FINAL OVER DOWDY AND FAAIR,None,None,ZNY,None,600,40.87639
Attempting to create dataframe from csv file
Successfully created dataframe from CSV file
Cleaning dataframe
Classifying levels of turbulence
We dropped 56022/108525 pireps with unknown turbulence intensity
Dropping pireps w/ NA flight level, latitude, or longitude
We dropped 2443/52503 pireps with unknown flight level, latitude, or longitude
Binary filter: 426 SEV+ and 426 NONE/SMOOTH from 50060 total
Severe PIREPs: 426, Non-severe PIREPs sampled: 426/426
Final dataset size: 852/852 pireps
Fetching SIGMETs to annotate PIREPs...
Fetching SIGMETs from IEM for march 2023...
URL params: sts=2023-03-01T00:00:00Z, ets=2023-04-01T00:00:00Z
Response status: 200
Response was 301.2 KB
Loaded 2652 raw SIGMET records
Dropped 0 rows with missing time/geometry
Processed 2652 valid SIGMET records
SIGMETs found for 87 PIREPs
Writing 852 pireps with altitude and turbulence to csv
Writing csv to output file: /cluster/tufts/capstone25skyblue/scleme01/SatelliteTurbulencePrediction/src/../pireps/2023/03_turb_pireps.csv
Finished writing csv output
