srun: error: Unable to create step for job 452825: Invalid generic resource (gres) specification
**** get_sigmets.py: Download and clean Convective SIGMETs ****
Fetching SIGMETs from IEM for december 2025...
URL params: sts=2025-12-01T00:00:00Z, ets=2026-01-01T00:00:00Z
Response status: 200
Response was 200.6 KB
Loaded 1839 raw SIGMET records
Dropped 0 rows with missing time/geometry
Processed 1839 valid SIGMET records
Writing 1839 SIGMETs to output
Writing CSV to: /cluster/tufts/capstone25skyblue/scleme01/SatelliteTurbulencePrediction/src/sigmet_data/2025/12_sigmets.csv
Finished writing SIGMET CSV
**** Welcome! This script will take a month and year and return a csv file ****
**** with pireps that mention turbulence from this month and year          ****
Performing GET request, this may take a moment...
Request was 22.53 Mb
Response status code: 200
Response text preview: VALID,URGENT,AIRCRAFT,REPORT,ICING,TURBULENCE,ATRCC,PRODUCT_ID,FL,LAT,LON
202512010000,F,E170,CWA UA /OV KCWA/TM 0000/FL029/TP E170/SK OVC029-TOPUNKN/RM DURC,None,None,ZMP,202512010000-KMSC-UBUS01-PIREP,2900,44.77762,-89.66678
202512010000,F,C310,FIG UA /OV ETG/TM 0000/FL060/TP C310/TA M10/IC LGT CLR/RM ZOB,LGT CLR,None,ZOB,202512010000-KMSC-UBUS01-PIREP,6000,41.21,-78.14
202512010000,F,BCS3,ISP UA /OV UKEGE/TM 0000/FL014/TP BCS3/RM BASE 400-500FT,None,None,ZBW,202512010000-KMSC-UBUS01-PIREP,140
Attempting to create dataframe from csv file
Successfully created dataframe from CSV file
Cleaning dataframe
Classifying levels of turbulence
We dropped 70118/136578 pireps with unknown turbulence intensity
Dropping pireps w/ NA flight level, latitude, or longitude
We dropped 3989/66460 pireps with unknown flight level, latitude, or longitude
Binary filter: 436 SEV+ and 436 NONE/SMOOTH from 62471 total
Severe PIREPs: 436, Non-severe PIREPs sampled: 436/436
Final dataset size: 872/872 pireps
Fetching SIGMETs to annotate PIREPs...
Fetching SIGMETs from IEM for december 2025...
URL params: sts=2025-12-01T00:00:00Z, ets=2026-01-01T00:00:00Z
Response status: 200
Response was 200.6 KB
Loaded 1839 raw SIGMET records
Dropped 0 rows with missing time/geometry
Processed 1839 valid SIGMET records
SIGMETs found for 29 PIREPs
Writing 872 pireps with altitude and turbulence to csv
Writing csv to output file: /cluster/tufts/capstone25skyblue/scleme01/SatelliteTurbulencePrediction/src/../pireps/2025/12_turb_pireps.csv
Finished writing csv output
