srun: error: Unable to create step for job 452869: Invalid generic resource (gres) specification
**** get_sigmets.py: Download and clean Convective SIGMETs ****
Fetching SIGMETs from IEM for august 2020...
URL params: sts=2020-08-01T00:00:00Z, ets=2020-09-01T00:00:00Z
Response status: 200
Response was 1024.6 KB
Loaded 9033 raw SIGMET records
Dropped 0 rows with missing time/geometry
Processed 9033 valid SIGMET records
Writing 9033 SIGMETs to output
Writing CSV to: /cluster/tufts/capstone25skyblue/scleme01/SatelliteTurbulencePrediction/src/sigmet_data/2020/08_sigmets.csv
Finished writing SIGMET CSV
**** Welcome! This script will take a month and year and return a csv file ****
**** with pireps that mention turbulence from this month and year          ****
Performing GET request, this may take a moment...
Request was 3.91 Mb
Response status code: 200
Response text preview: VALID,URGENT,AIRCRAFT,REPORT,ICING,TURBULENCE,ATRCC,PRODUCT_ID,FL,LAT,LON
202008010000,F,E55P,MYNN UA /OV ZQA110020/TM 0000/FL390/TP E55P/SK TOP 390,None,None,None,None,39000,24.885984051005007,-77.10435997593524
202008010001,F,P28A,UA /OV CYQU 015020 /TM 0001 /FL065 /TP P28A /RM FLIGHT VIS 15SM INHZ AT FL065,None,None,None,None,6500,55.501721355453085,-118.73389777311203
202008010003,T,CRJ9,PIH UUA /OV KPIH/TM 0003/FL050/TP CRJ9/RM LLWS +20 KT 1.5 MILE FINAL  THEN -20 KT 0.7 MILE FINAL DURD RY1
Attempting to create dataframe from csv file
Successfully created dataframe from CSV file
Cleaning dataframe
Classifying levels of turbulence
We dropped 14208/28854 pireps with unknown turbulence intensity
Dropping pireps w/ NA flight level, latitude, or longitude
We dropped 788/14646 pireps with unknown flight level, latitude, or longitude
Binary filter: 125 SEV+ and 125 NONE/SMOOTH from 13858 total
Severe PIREPs: 125, Non-severe PIREPs sampled: 125/125
Final dataset size: 250/250 pireps
Fetching SIGMETs to annotate PIREPs...
Fetching SIGMETs from IEM for august 2020...
URL params: sts=2020-08-01T00:00:00Z, ets=2020-09-01T00:00:00Z
Response status: 200
Response was 1024.6 KB
Loaded 9033 raw SIGMET records
Dropped 0 rows with missing time/geometry
Processed 9033 valid SIGMET records
SIGMETs found for 35 PIREPs
Writing 250 pireps with altitude and turbulence to csv
Writing csv to output file: /cluster/tufts/capstone25skyblue/scleme01/SatelliteTurbulencePrediction/src/../pireps/2020/08_turb_pireps.csv
Finished writing csv output
