srun: error: Unable to create step for job 452859: Invalid generic resource (gres) specification
**** get_sigmets.py: Download and clean Convective SIGMETs ****
Fetching SIGMETs from IEM for october 2019...
URL params: sts=2019-10-01T00:00:00Z, ets=2019-11-01T00:00:00Z
Response status: 200
Response was 382.5 KB
Loaded 3396 raw SIGMET records
Dropped 0 rows with missing time/geometry
Processed 3396 valid SIGMET records
Writing 3396 SIGMETs to output
Writing CSV to: /cluster/tufts/capstone25skyblue/scleme01/SatelliteTurbulencePrediction/src/sigmet_data/2019/10_sigmets.csv
Finished writing SIGMET CSV
**** Welcome! This script will take a month and year and return a csv file ****
**** with pireps that mention turbulence from this month and year          ****
Performing GET request, this may take a moment...
Request was 8.44 Mb
Response status code: 200
Response text preview: VALID,URGENT,AIRCRAFT,REPORT,ICING,TURBULENCE,ATRCC,PRODUCT_ID,FL,LAT,LON
201910010001,F,CRUZ,ENW UA /OV UGN315010 /TM 0001 /FL028 /TP CRUZ /WX FV09SM HZ /TB NEG /RM FV LESS THEN 10SM HAZY,None,NEG,ZAU,None,2800,42.54002067614885,-88.02757073701031
201910010002,F,M20P,L08 UA /OV JLI /TM 0002 /FL075 /TP M20P /SK SKC /TA 11 /WV 27026KT /TB NEG,None,NEG,ZLA,None,7500,33.14,-116.59
201910010003,F,E75L,ELY UA /OV ELY303041/TM 0003/FL350/TP E75L/TB LGT-OCNL MOD /ZLC,None,LGT-OCNL MOD,ZLC,None,35000,39
Attempting to create dataframe from csv file
Successfully created dataframe from CSV file
Cleaning dataframe
Classifying levels of turbulence
We dropped 30890/61613 pireps with unknown turbulence intensity
Dropping pireps w/ NA flight level, latitude, or longitude
We dropped 1597/30723 pireps with unknown flight level, latitude, or longitude
Binary filter: 280 SEV+ and 280 NONE/SMOOTH from 29126 total
Severe PIREPs: 280, Non-severe PIREPs sampled: 280/280
Final dataset size: 560/560 pireps
Fetching SIGMETs to annotate PIREPs...
Fetching SIGMETs from IEM for october 2019...
URL params: sts=2019-10-01T00:00:00Z, ets=2019-11-01T00:00:00Z
Response status: 200
Response was 382.5 KB
Loaded 3396 raw SIGMET records
Dropped 0 rows with missing time/geometry
Processed 3396 valid SIGMET records
SIGMETs found for 49 PIREPs
Writing 560 pireps with altitude and turbulence to csv
Writing csv to output file: /cluster/tufts/capstone25skyblue/scleme01/SatelliteTurbulencePrediction/src/../pireps/2019/10_turb_pireps.csv
Finished writing csv output
