srun: error: Unable to create step for job 452929: Invalid generic resource (gres) specification
**** get_sigmets.py: Download and clean Convective SIGMETs ****
Fetching SIGMETs from IEM for august 2025...
URL params: sts=2025-08-01T00:00:00Z, ets=2025-09-01T00:00:00Z
Response status: 200
Response was 1245.3 KB
Loaded 11629 raw SIGMET records
Dropped 0 rows with missing time/geometry
Processed 11629 valid SIGMET records
Writing 11629 SIGMETs to output
Writing CSV to: /cluster/tufts/capstone25skyblue/scleme01/SatelliteTurbulencePrediction/src/sigmet_data/2025/08_sigmets.csv
Finished writing SIGMET CSV
**** Welcome! This script will take a month and year and return a csv file ****
**** with pireps that mention turbulence from this month and year          ****
Performing GET request, this may take a moment...
Request was 13.11 Mb
Response status code: 200
Response text preview: VALID,URGENT,AIRCRAFT,REPORT,ICING,TURBULENCE,ATRCC,PRODUCT_ID,FL,LAT,LON
202508010000,F,CRJ9,MYR UA /OV MYR27011/TM 0000/FL070/TP CRJ9/SK VFR/TB SMOOTH,None,SMOOTH,ZJX,202508010000-KMSC-UBUS01-PIREP,7000,33.68,-78.93
202508010000,F,CRJ9,MYR UA /OV MYR270011 /TM 0000 /FL070 /TP CRJ9 /RM VMC SMOOTH,None,None,ZJX,202508010000-KMSC-UBUS01-PIREP,7000,33.68,-79.1503312856862
202508010000,F,A319,LOZ UA /OV LOZ/TM 0000/FL380/TP A319/SK TOP380/TB CONS LGT CHOP,None,CONS LGT CHOP,ZID,202508010100-KMSC-UB
Attempting to create dataframe from csv file
Successfully created dataframe from CSV file
Cleaning dataframe
Classifying levels of turbulence
We dropped 36949/83732 pireps with unknown turbulence intensity
Dropping pireps w/ NA flight level, latitude, or longitude
We dropped 1794/46783 pireps with unknown flight level, latitude, or longitude
Binary filter: 121 SEV+ and 121 NONE/SMOOTH from 44989 total
Severe PIREPs: 121, Non-severe PIREPs sampled: 121/121
Final dataset size: 242/242 pireps
Fetching SIGMETs to annotate PIREPs...
Fetching SIGMETs from IEM for august 2025...
URL params: sts=2025-08-01T00:00:00Z, ets=2025-09-01T00:00:00Z
Response status: 200
Response was 1245.3 KB
Loaded 11629 raw SIGMET records
Dropped 0 rows with missing time/geometry
Processed 11629 valid SIGMET records
SIGMETs found for 87 PIREPs
Writing 242 pireps with altitude and turbulence to csv
Writing csv to output file: /cluster/tufts/capstone25skyblue/scleme01/SatelliteTurbulencePrediction/src/../pireps/2025/08_turb_pireps.csv
Finished writing csv output
