srun: error: Unable to create step for job 452909: Invalid generic resource (gres) specification
**** get_sigmets.py: Download and clean Convective SIGMETs ****
Fetching SIGMETs from IEM for december 2023...
URL params: sts=2023-12-01T00:00:00Z, ets=2024-01-01T00:00:00Z
Response status: 200
Response was 189.9 KB
Loaded 1713 raw SIGMET records
Dropped 0 rows with missing time/geometry
Processed 1713 valid SIGMET records
Writing 1713 SIGMETs to output
Writing CSV to: /cluster/tufts/capstone25skyblue/scleme01/SatelliteTurbulencePrediction/src/sigmet_data/2023/12_sigmets.csv
Finished writing SIGMET CSV
**** Welcome! This script will take a month and year and return a csv file ****
**** with pireps that mention turbulence from this month and year          ****
Performing GET request, this may take a moment...
Request was 14.39 Mb
Response status code: 200
Response text preview: VALID,URGENT,AIRCRAFT,REPORT,ICING,TURBULENCE,ATRCC,PRODUCT_ID,FL,LAT,LON
202312010000,F,C700,BIV UA /OV PMM272032/TM 0000/FL100/TP C700/TB NEG/IC NEG,NEG,NEG,ZAU,None,10000,42.48861457256776,-86.83265351326021
202312010000,F,A320,CMI UA /OV CMI/TM 0000/FL320/TP A320/TB OCNL LGT CHOP,None,OCNL LGT CHOP,ZAU,None,32000,40.0324,-88.2755
202312010000,F,PA46,CTY UA /OV CTY170048/TM 0000/FL160/TP PA46/SK FEW/TA 00/TB LGT CHOP/IC LGT RIME,LGT RIME,LGT CHOP,ZJX,None,16000,28.84761998198402,-82.944911483
Attempting to create dataframe from csv file
Successfully created dataframe from CSV file
Cleaning dataframe
Classifying levels of turbulence
We dropped 57982/107620 pireps with unknown turbulence intensity
Dropping pireps w/ NA flight level, latitude, or longitude
We dropped 1643/49638 pireps with unknown flight level, latitude, or longitude
Binary filter: 292 SEV+ and 292 NONE/SMOOTH from 47995 total
Severe PIREPs: 292, Non-severe PIREPs sampled: 292/292
Final dataset size: 584/584 pireps
Fetching SIGMETs to annotate PIREPs...
Fetching SIGMETs from IEM for december 2023...
URL params: sts=2023-12-01T00:00:00Z, ets=2024-01-01T00:00:00Z
Response status: 200
Response was 189.9 KB
Loaded 1713 raw SIGMET records
Dropped 0 rows with missing time/geometry
Processed 1713 valid SIGMET records
SIGMETs found for 34 PIREPs
Writing 584 pireps with altitude and turbulence to csv
Writing csv to output file: /cluster/tufts/capstone25skyblue/scleme01/SatelliteTurbulencePrediction/src/../pireps/2023/12_turb_pireps.csv
Finished writing csv output
