srun: error: Unable to create step for job 452901: Invalid generic resource (gres) specification
**** get_sigmets.py: Download and clean Convective SIGMETs ****
Fetching SIGMETs from IEM for april 2023...
URL params: sts=2023-04-01T00:00:00Z, ets=2023-05-01T00:00:00Z
Response status: 200
Response was 483.8 KB
Loaded 4406 raw SIGMET records
Dropped 0 rows with missing time/geometry
Processed 4406 valid SIGMET records
Writing 4406 SIGMETs to output
Writing CSV to: /cluster/tufts/capstone25skyblue/scleme01/SatelliteTurbulencePrediction/src/sigmet_data/2023/04_sigmets.csv
Finished writing SIGMET CSV
**** Welcome! This script will take a month and year and return a csv file ****
**** with pireps that mention turbulence from this month and year          ****
Performing GET request, this may take a moment...
Request was 12.31 Mb
Response status code: 200
Response text preview: VALID,URGENT,AIRCRAFT,REPORT,ICING,TURBULENCE,ATRCC,PRODUCT_ID,FL,LAT,LON
202304010000,F,A321,MSP UA /OV MSP180010/TM 0000/FL050/TP A321/WX LGT-MOD PRECIP/TB LGT-MOD/RM DURC,None,LGT-MOD,ZMP,None,5000,44.718689833319836,-93.23131
202304010000,F,B748,SNP UA /OV SPY254275/TM 0000/FL350/TP B748/TB MOD CHOP/RM POOF-PTZGR. ZAN,None,MOD CHOP,ZAN,None,35000,55.906559788701415,-178.34718586823197
202304010000,F,C525,SYM UA /OV KSYM/TM 0000/FL180/TP C525/TB NEG,None,NEG,ZID,None,18000,38.215,-83.5874
202
Attempting to create dataframe from csv file
Successfully created dataframe from CSV file
Cleaning dataframe
Classifying levels of turbulence
We dropped 44160/91379 pireps with unknown turbulence intensity
Dropping pireps w/ NA flight level, latitude, or longitude
We dropped 2116/47219 pireps with unknown flight level, latitude, or longitude
Binary filter: 338 SEV+ and 338 NONE/SMOOTH from 45103 total
Severe PIREPs: 338, Non-severe PIREPs sampled: 338/338
Final dataset size: 676/676 pireps
Fetching SIGMETs to annotate PIREPs...
Fetching SIGMETs from IEM for april 2023...
URL params: sts=2023-04-01T00:00:00Z, ets=2023-05-01T00:00:00Z
Response status: 200
Response was 483.8 KB
Loaded 4406 raw SIGMET records
Dropped 0 rows with missing time/geometry
Processed 4406 valid SIGMET records
SIGMETs found for 108 PIREPs
Writing 676 pireps with altitude and turbulence to csv
Writing csv to output file: /cluster/tufts/capstone25skyblue/scleme01/SatelliteTurbulencePrediction/src/../pireps/2023/04_turb_pireps.csv
Finished writing csv output
