srun: error: Unable to create step for job 452897: Invalid generic resource (gres) specification
**** get_sigmets.py: Download and clean Convective SIGMETs ****
Fetching SIGMETs from IEM for december 2022...
URL params: sts=2022-12-01T00:00:00Z, ets=2023-01-01T00:00:00Z
Response status: 200
Response was 228.9 KB
Loaded 2076 raw SIGMET records
Dropped 0 rows with missing time/geometry
Processed 2076 valid SIGMET records
Writing 2076 SIGMETs to output
Writing CSV to: /cluster/tufts/capstone25skyblue/scleme01/SatelliteTurbulencePrediction/src/sigmet_data/2022/12_sigmets.csv
Finished writing SIGMET CSV
**** Welcome! This script will take a month and year and return a csv file ****
**** with pireps that mention turbulence from this month and year          ****
Performing GET request, this may take a moment...
Request was 14.01 Mb
Response status code: 200
Response text preview: VALID,URGENT,AIRCRAFT,REPORT,ICING,TURBULENCE,ATRCC,PRODUCT_ID,FL,LAT,LON
202212010000,F,B737,LOZ UA /OV LVT/TM 0000/FL340/TP B737/WV 285110KT/TB CONS LGT CHOP,None,CONS LGT CHOP,ZID,None,34000,36.58,-85.17
202212010000,F,A319,RSW UA /OV RSW345030/TM 0000/FL150/TP A319/SK SKC/TB NEG/RM ZMAFD,None,NEG,ZMA,None,15000,27.02106203317962,-81.90139190614832
202212010000,F,CRJ2,SAW UA /OV SAW/TM 0000/FL120/TP CRJ2/TA M22/IC NEG BLO 120/RM DURC,NEG BLO 120,None,ZMP,None,12000,46.35364,-87.39536
20221201
Attempting to create dataframe from csv file
Successfully created dataframe from CSV file
Cleaning dataframe
Classifying levels of turbulence
We dropped 59200/100179 pireps with unknown turbulence intensity
Dropping pireps w/ NA flight level, latitude, or longitude
We dropped 2326/40979 pireps with unknown flight level, latitude, or longitude
Binary filter: 276 SEV+ and 276 NONE/SMOOTH from 38653 total
Severe PIREPs: 276, Non-severe PIREPs sampled: 276/276
Final dataset size: 552/552 pireps
Fetching SIGMETs to annotate PIREPs...
Fetching SIGMETs from IEM for december 2022...
URL params: sts=2022-12-01T00:00:00Z, ets=2023-01-01T00:00:00Z
Response status: 200
Response was 228.9 KB
Loaded 2076 raw SIGMET records
Dropped 0 rows with missing time/geometry
Processed 2076 valid SIGMET records
SIGMETs found for 59 PIREPs
Writing 552 pireps with altitude and turbulence to csv
Writing csv to output file: /cluster/tufts/capstone25skyblue/scleme01/SatelliteTurbulencePrediction/src/../pireps/2022/12_turb_pireps.csv
Finished writing csv output
