srun: error: Unable to create step for job 452899: Invalid generic resource (gres) specification
**** get_sigmets.py: Download and clean Convective SIGMETs ****
Fetching SIGMETs from IEM for february 2023...
URL params: sts=2023-02-01T00:00:00Z, ets=2023-03-01T00:00:00Z
Response status: 200
Response was 172.0 KB
Loaded 1493 raw SIGMET records
Dropped 0 rows with missing time/geometry
Processed 1493 valid SIGMET records
Writing 1493 SIGMETs to output
Writing CSV to: /cluster/tufts/capstone25skyblue/scleme01/SatelliteTurbulencePrediction/src/sigmet_data/2023/02_sigmets.csv
Finished writing SIGMET CSV
**** Welcome! This script will take a month and year and return a csv file ****
**** with pireps that mention turbulence from this month and year          ****
Performing GET request, this may take a moment...
Request was 12.16 Mb
Response status code: 200
Response text preview: VALID,URGENT,AIRCRAFT,REPORT,ICING,TURBULENCE,ATRCC,PRODUCT_ID,FL,LAT,LON
202302010000,F,A319,ORD UA /OV MSN170020/TM 0000/FL320/TP A319/TB OCNL LGT\,None,OCNL LGT\,ZAU,None,32000,42.81226415916001,-89.26594722221525
202302010000,F,A319,ORD UA /OV MSN170020/TM 0000/FL320/TP A319/TB OCNL LGT,None,OCNL LGT,ZAU,None,32000,42.81226415916001,-89.26594722221525
202302010000,F,PA44,JAX UA /OV 10 NW CRG/TM 0000/FL020/TP PA44/SK CLR,None,None,ZJX,None,2000,30.431703816014807,-81.67289714930351
2023020100
Attempting to create dataframe from csv file
Successfully created dataframe from CSV file
Cleaning dataframe
Classifying levels of turbulence
We dropped 41227/84129 pireps with unknown turbulence intensity
Dropping pireps w/ NA flight level, latitude, or longitude
We dropped 2333/42902 pireps with unknown flight level, latitude, or longitude
Binary filter: 359 SEV+ and 359 NONE/SMOOTH from 40569 total
Severe PIREPs: 359, Non-severe PIREPs sampled: 359/359
Final dataset size: 718/718 pireps
Fetching SIGMETs to annotate PIREPs...
Fetching SIGMETs from IEM for february 2023...
URL params: sts=2023-02-01T00:00:00Z, ets=2023-03-01T00:00:00Z
Response status: 200
Response was 172.0 KB
Loaded 1493 raw SIGMET records
Dropped 0 rows with missing time/geometry
Processed 1493 valid SIGMET records
SIGMETs found for 29 PIREPs
Writing 718 pireps with altitude and turbulence to csv
Writing csv to output file: /cluster/tufts/capstone25skyblue/scleme01/SatelliteTurbulencePrediction/src/../pireps/2023/02_turb_pireps.csv
Finished writing csv output
