srun: error: Unable to create step for job 452902: Invalid generic resource (gres) specification
**** get_sigmets.py: Download and clean Convective SIGMETs ****
Fetching SIGMETs from IEM for may 2023...
URL params: sts=2023-05-01T00:00:00Z, ets=2023-06-01T00:00:00Z
Response status: 200
Response was 918.4 KB
Loaded 8222 raw SIGMET records
Dropped 0 rows with missing time/geometry
Processed 8222 valid SIGMET records
Writing 8222 SIGMETs to output
Writing CSV to: /cluster/tufts/capstone25skyblue/scleme01/SatelliteTurbulencePrediction/src/sigmet_data/2023/05_sigmets.csv
Finished writing SIGMET CSV
**** Welcome! This script will take a month and year and return a csv file ****
**** with pireps that mention turbulence from this month and year          ****
Performing GET request, this may take a moment...
Request was 9.91 Mb
Response status code: 200
Response text preview: VALID,URGENT,AIRCRAFT,REPORT,ICING,TURBULENCE,ATRCC,PRODUCT_ID,FL,LAT,LON
202305010000,F,DC3T,UA /OV CYPL /TM 0000 /FLDURD /TP DC3T /RM WS +/- 20KTS ON APCH RWY 09,None,None,None,None,None,51.44639,-90.21417
202305010000,F,A319,IAD UA /OV AML2000010/TM 0000/FLDURC/TP A319/SK BKN027/RM TOPS BKN055,None,None,ZDC,None,None,38.93484,-77.44728
202305010000,F,PC12,RFD UA /OV RFD/TM 0000/FL031/TP PC12/SK OVC031-TOPSUNKN,None,None,ZAU,None,3100,42.1927,-89.093
202305010000,F,B739,DTW UA /OV DTW270010/TM
Attempting to create dataframe from csv file
Successfully created dataframe from CSV file
Cleaning dataframe
Classifying levels of turbulence
We dropped 37912/74052 pireps with unknown turbulence intensity
Dropping pireps w/ NA flight level, latitude, or longitude
We dropped 1402/36140 pireps with unknown flight level, latitude, or longitude
Binary filter: 214 SEV+ and 214 NONE/SMOOTH from 34738 total
Severe PIREPs: 214, Non-severe PIREPs sampled: 214/214
Final dataset size: 428/428 pireps
Fetching SIGMETs to annotate PIREPs...
Fetching SIGMETs from IEM for may 2023...
URL params: sts=2023-05-01T00:00:00Z, ets=2023-06-01T00:00:00Z
Response status: 200
Response was 918.4 KB
Loaded 8222 raw SIGMET records
Dropped 0 rows with missing time/geometry
Processed 8222 valid SIGMET records
SIGMETs found for 90 PIREPs
Writing 428 pireps with altitude and turbulence to csv
Writing csv to output file: /cluster/tufts/capstone25skyblue/scleme01/SatelliteTurbulencePrediction/src/../pireps/2023/05_turb_pireps.csv
Finished writing csv output
