srun: error: Unable to create step for job 452826: Invalid generic resource (gres) specification
**** get_sigmets.py: Download and clean Convective SIGMETs ****
Fetching SIGMETs from IEM for january 2017...
URL params: sts=2017-01-01T00:00:00Z, ets=2017-02-01T00:00:00Z
Response status: 200
Response was 194.3 KB
Loaded 1703 raw SIGMET records
Dropped 0 rows with missing time/geometry
Processed 1703 valid SIGMET records
Writing 1703 SIGMETs to output
Writing CSV to: /cluster/tufts/capstone25skyblue/scleme01/SatelliteTurbulencePrediction/src/sigmet_data/2017/01_sigmets.csv
Finished writing SIGMET CSV
**** Welcome! This script will take a month and year and return a csv file ****
**** with pireps that mention turbulence from this month and year          ****
Performing GET request, this may take a moment...
Request was 9.80 Mb
Response status code: 200
Response text preview: VALID,URGENT,AIRCRAFT,REPORT,ICING,TURBULENCE,ATRCC,PRODUCT_ID,FL,LAT,LON
201701010000,F,A319,OKC UA /OV IRW /TM 0000 /FL370 /TP A319 /TB LGT-MOD CHOP/RM AWC-WEB,None,LGT-MOD CHOP,ZFW,None,37000,35.36,-97.61
201701010000,F,A319,OKC UA /OV IRW /TM 0000 /FL370 /TP A319 /TB LGT-MOD CHOP/RM AWC-WEB:,None,LGT-MOD CHOP,ZFW,None,37000,35.36,-97.61
201701010000,F,B757,FOD UA /OV FOD300035/TM 0000/FL340/TP B757/TB LGT-MOD CHOP,None,LGT-MOD CHOP,ZMP,None,34000,42.84143129169029,-94.88900303605645
20170101
Attempting to create dataframe from csv file
Successfully created dataframe from CSV file
Cleaning dataframe
Classifying levels of turbulence
We dropped 40295/69567 pireps with unknown turbulence intensity
Dropping pireps w/ NA flight level, latitude, or longitude
We dropped 1257/29272 pireps with unknown flight level, latitude, or longitude
Binary filter: 258 SEV+ and 258 NONE/SMOOTH from 28015 total
Severe PIREPs: 258, Non-severe PIREPs sampled: 258/258
Final dataset size: 516/516 pireps
Fetching SIGMETs to annotate PIREPs...
Fetching SIGMETs from IEM for january 2017...
URL params: sts=2017-01-01T00:00:00Z, ets=2017-02-01T00:00:00Z
Response status: 200
Response was 194.3 KB
Loaded 1703 raw SIGMET records
Dropped 0 rows with missing time/geometry
Processed 1703 valid SIGMET records
SIGMETs found for 26 PIREPs
Writing 516 pireps with altitude and turbulence to csv
Writing csv to output file: /cluster/tufts/capstone25skyblue/scleme01/SatelliteTurbulencePrediction/src/../pireps/2017/01_turb_pireps.csv
Finished writing csv output
