srun: error: Unable to create step for job 452905: Invalid generic resource (gres) specification
**** get_sigmets.py: Download and clean Convective SIGMETs ****
Fetching SIGMETs from IEM for august 2023...
URL params: sts=2023-08-01T00:00:00Z, ets=2023-09-01T00:00:00Z
Response status: 200
Response was 980.4 KB
Loaded 8821 raw SIGMET records
Dropped 0 rows with missing time/geometry
Processed 8821 valid SIGMET records
Writing 8821 SIGMETs to output
Writing CSV to: /cluster/tufts/capstone25skyblue/scleme01/SatelliteTurbulencePrediction/src/sigmet_data/2023/08_sigmets.csv
Finished writing SIGMET CSV
**** Welcome! This script will take a month and year and return a csv file ****
**** with pireps that mention turbulence from this month and year          ****
Performing GET request, this may take a moment...
Request was 9.11 Mb
Response status code: 200
Response text preview: VALID,URGENT,AIRCRAFT,REPORT,ICING,TURBULENCE,ATRCC,PRODUCT_ID,FL,LAT,LON
202308010000,F,A320,RSW UA /OV RSW/TM 0000/FL140/TP A320/TB NEG/RM ZMAFD,None,NEG,ZMA,None,14000,26.53806,-81.75673
202308010000,F,C172,ISM UA /OV ISM25007/TM 0000/FL040/TP C172/WX CLR/TB SMOOTH,None,SMOOTH,ZMA,None,4000,28.29,-81.44
202308010001,F,BE9L,COU UA /OV COU360040/TM 0001/FL200/TP BE9L/TB TOP 180-200/RM ZKCFDC,None,TOP 180-200,ZKC,None,20000,39.48362066672066,-92.2183
202308010003,F,MU2,RWL UA /OV CKW140020/TM 00
Attempting to create dataframe from csv file
Successfully created dataframe from CSV file
Cleaning dataframe
Classifying levels of turbulence
We dropped 33864/69223 pireps with unknown turbulence intensity
Dropping pireps w/ NA flight level, latitude, or longitude
We dropped 1346/35359 pireps with unknown flight level, latitude, or longitude
Binary filter: 148 SEV+ and 148 NONE/SMOOTH from 34013 total
Severe PIREPs: 148, Non-severe PIREPs sampled: 148/148
Final dataset size: 296/296 pireps
Fetching SIGMETs to annotate PIREPs...
Fetching SIGMETs from IEM for august 2023...
URL params: sts=2023-08-01T00:00:00Z, ets=2023-09-01T00:00:00Z
Response status: 200
Response was 980.4 KB
Loaded 8821 raw SIGMET records
Dropped 0 rows with missing time/geometry
Processed 8821 valid SIGMET records
SIGMETs found for 65 PIREPs
Writing 296 pireps with altitude and turbulence to csv
Writing csv to output file: /cluster/tufts/capstone25skyblue/scleme01/SatelliteTurbulencePrediction/src/../pireps/2023/08_turb_pireps.csv
Finished writing csv output
