srun: error: Unable to create step for job 452839: Invalid generic resource (gres) specification
**** get_sigmets.py: Download and clean Convective SIGMETs ****
Fetching SIGMETs from IEM for february 2018...
URL params: sts=2018-02-01T00:00:00Z, ets=2018-03-01T00:00:00Z
Response status: 200
Response was 169.7 KB
Loaded 1503 raw SIGMET records
Dropped 0 rows with missing time/geometry
Processed 1503 valid SIGMET records
Writing 1503 SIGMETs to output
Writing CSV to: /cluster/tufts/capstone25skyblue/scleme01/SatelliteTurbulencePrediction/src/sigmet_data/2018/02_sigmets.csv
Finished writing SIGMET CSV
**** Welcome! This script will take a month and year and return a csv file ****
**** with pireps that mention turbulence from this month and year          ****
Performing GET request, this may take a moment...
Request was 8.28 Mb
Response status code: 200
Response text preview: VALID,URGENT,AIRCRAFT,REPORT,ICING,TURBULENCE,ATRCC,PRODUCT_ID,FL,LAT,LON
201802010000,F,GLF5,EGE UA /OV RLG270015/TM 0000/FL220/TP GLF5/TA M15/TB MOD/IC MOD RIME/RM FL220-140....ZDV,MOD RIME,MOD,ZDV,None,22000,40.0,-106.76637825685711
201802010000,F,SR22,CGI UA /OV MAW315030/TM 0000/FL085/TP SR22/TB LGT-MOD/RM ZME,None,LGT-MOD,ZME,None,8500,36.95408202844655,-90.43262927683975
201802010001,F,B737,FST UA /OV FST/TM 0001/FL360/TP B737/TB LT CHOP/RM ZAB FDCS,None,LT CHOP,ZAB,None,36000,30.91194,-1
Attempting to create dataframe from csv file
Successfully created dataframe from CSV file
Cleaning dataframe
Classifying levels of turbulence
We dropped 36443/60108 pireps with unknown turbulence intensity
Dropping pireps w/ NA flight level, latitude, or longitude
We dropped 1218/23665 pireps with unknown flight level, latitude, or longitude
Binary filter: 217 SEV+ and 217 NONE/SMOOTH from 22447 total
Severe PIREPs: 217, Non-severe PIREPs sampled: 217/217
Final dataset size: 434/434 pireps
Fetching SIGMETs to annotate PIREPs...
Fetching SIGMETs from IEM for february 2018...
URL params: sts=2018-02-01T00:00:00Z, ets=2018-03-01T00:00:00Z
Response status: 200
Response was 169.7 KB
Loaded 1503 raw SIGMET records
Dropped 0 rows with missing time/geometry
Processed 1503 valid SIGMET records
SIGMETs found for 6 PIREPs
Writing 434 pireps with altitude and turbulence to csv
Writing csv to output file: /cluster/tufts/capstone25skyblue/scleme01/SatelliteTurbulencePrediction/src/../pireps/2018/02_turb_pireps.csv
Finished writing csv output
