srun: error: Unable to create step for job 452850: Invalid generic resource (gres) specification
**** get_sigmets.py: Download and clean Convective SIGMETs ****
Fetching SIGMETs from IEM for january 2019...
URL params: sts=2019-01-01T00:00:00Z, ets=2019-02-01T00:00:00Z
Response status: 200
Response was 113.3 KB
Loaded 941 raw SIGMET records
Dropped 0 rows with missing time/geometry
Processed 941 valid SIGMET records
Writing 941 SIGMETs to output
Writing CSV to: /cluster/tufts/capstone25skyblue/scleme01/SatelliteTurbulencePrediction/src/sigmet_data/2019/01_sigmets.csv
Finished writing SIGMET CSV
**** Welcome! This script will take a month and year and return a csv file ****
**** with pireps that mention turbulence from this month and year          ****
Performing GET request, this may take a moment...
Request was 10.26 Mb
Response status code: 200
Response text preview: VALID,URGENT,AIRCRAFT,REPORT,ICING,TURBULENCE,ATRCC,PRODUCT_ID,FL,LAT,LON
201901010000,T,J328,LNK UUA /OV LNK/TM 0000/FL003/TP J328/TB +/- 10 KTS/RM DURD,None,+,ZMP,None,300,40.84782,-96.76474
201901010000,F,B789,BTT UA /OV BTT230030/TM 0000/FL360/TP B789/TB NEG/RM SMOOTH ZAN,None,NEG,ZAN,None,36000,66.5885801622325,-152.49673669014194
201901010000,F,B777,FAI UA /OV FAI/TM 0000/FL340/TP B777/TB NEG/RM SMOOTH ZAN,None,NEG,ZAN,None,34000,64.81,-147.85
201901010001,F,A321,ORD UA /OV APCH RY28C/TM 0
Attempting to create dataframe from csv file
Successfully created dataframe from CSV file
Cleaning dataframe
Classifying levels of turbulence
We dropped 39093/73307 pireps with unknown turbulence intensity
Dropping pireps w/ NA flight level, latitude, or longitude
We dropped 1379/34214 pireps with unknown flight level, latitude, or longitude
Binary filter: 376 SEV+ and 376 NONE/SMOOTH from 32835 total
Severe PIREPs: 376, Non-severe PIREPs sampled: 376/376
Final dataset size: 752/752 pireps
Fetching SIGMETs to annotate PIREPs...
Fetching SIGMETs from IEM for january 2019...
URL params: sts=2019-01-01T00:00:00Z, ets=2019-02-01T00:00:00Z
Response status: 200
Response was 113.3 KB
Loaded 941 raw SIGMET records
Dropped 0 rows with missing time/geometry
Processed 941 valid SIGMET records
SIGMETs found for 26 PIREPs
Writing 752 pireps with altitude and turbulence to csv
Writing csv to output file: /cluster/tufts/capstone25skyblue/scleme01/SatelliteTurbulencePrediction/src/../pireps/2019/01_turb_pireps.csv
Finished writing csv output
