srun: error: Unable to create step for job 452898: Invalid generic resource (gres) specification
**** get_sigmets.py: Download and clean Convective SIGMETs ****
Fetching SIGMETs from IEM for january 2023...
URL params: sts=2023-01-01T00:00:00Z, ets=2023-02-01T00:00:00Z
Response status: 200
Response was 247.2 KB
Loaded 2165 raw SIGMET records
Dropped 0 rows with missing time/geometry
Processed 2165 valid SIGMET records
Writing 2165 SIGMETs to output
Writing CSV to: /cluster/tufts/capstone25skyblue/scleme01/SatelliteTurbulencePrediction/src/sigmet_data/2023/01_sigmets.csv
Finished writing SIGMET CSV
**** Welcome! This script will take a month and year and return a csv file ****
**** with pireps that mention turbulence from this month and year          ****
Performing GET request, this may take a moment...
Request was 15.32 Mb
Response status code: 200
Response text preview: VALID,URGENT,AIRCRAFT,REPORT,ICING,TURBULENCE,ATRCC,PRODUCT_ID,FL,LAT,LON
202301010000,F,C208,MKG UA /OV MKG/TM 0000/FLDURD/TP C208/SK B010,None,None,None,None,None,43.17111,-86.23667
202301010000,F,E145,LNK UA /OV LNK300010/TM 0000/FL115/TP E145/TA M11/IC LT RIM 110-125/RM DURD,LT RIM 110-125,None,None,None,11500,40.914518083340084,-96.95405182532606
202301010000,F,E75L,PWM UA /OV PWM/TM 0000/FL002/TP E75L/SK BASES 002,None,None,None,None,200,43.64243,-70.30442
202301010000,F,E75L,SNA UA /OV SN
Attempting to create dataframe from csv file
Successfully created dataframe from CSV file
Cleaning dataframe
Classifying levels of turbulence
We dropped 63394/107591 pireps with unknown turbulence intensity
Dropping pireps w/ NA flight level, latitude, or longitude
We dropped 2388/44197 pireps with unknown flight level, latitude, or longitude
Binary filter: 350 SEV+ and 350 NONE/SMOOTH from 41809 total
Severe PIREPs: 350, Non-severe PIREPs sampled: 350/350
Final dataset size: 700/700 pireps
Fetching SIGMETs to annotate PIREPs...
Fetching SIGMETs from IEM for january 2023...
URL params: sts=2023-01-01T00:00:00Z, ets=2023-02-01T00:00:00Z
Response status: 200
Response was 247.2 KB
Loaded 2165 raw SIGMET records
Dropped 0 rows with missing time/geometry
Processed 2165 valid SIGMET records
SIGMETs found for 57 PIREPs
Writing 700 pireps with altitude and turbulence to csv
Writing csv to output file: /cluster/tufts/capstone25skyblue/scleme01/SatelliteTurbulencePrediction/src/../pireps/2023/01_turb_pireps.csv
Finished writing csv output
