srun: error: Unable to create step for job 452853: Invalid generic resource (gres) specification
**** get_sigmets.py: Download and clean Convective SIGMETs ****
Fetching SIGMETs from IEM for april 2019...
URL params: sts=2019-04-01T00:00:00Z, ets=2019-05-01T00:00:00Z
Response status: 200
Response was 407.4 KB
Loaded 3521 raw SIGMET records
Dropped 0 rows with missing time/geometry
Processed 3521 valid SIGMET records
Writing 3521 SIGMETs to output
Writing CSV to: /cluster/tufts/capstone25skyblue/scleme01/SatelliteTurbulencePrediction/src/sigmet_data/2019/04_sigmets.csv
Finished writing SIGMET CSV
**** Welcome! This script will take a month and year and return a csv file ****
**** with pireps that mention turbulence from this month and year          ****
Performing GET request, this may take a moment...
Request was 9.02 Mb
Response status code: 200
Response text preview: VALID,URGENT,AIRCRAFT,REPORT,ICING,TURBULENCE,ATRCC,PRODUCT_ID,FL,LAT,LON
201904010000,T,AS50,VNY UUA /OV 1N/TM 0000/FL013/TP AS50/WV 500 AGL LLWS,None,None,ZLA,None,1300,34.20972,-118.48917
201904010001,F,P28A,FWA UA /OV KFWA /TM 0001 /FL055 /TP P28A /SK FEW060 /TB OCNL LGT,None,OCNL LGT,ZAU,None,5500,40.97805,-85.18713
201904010006,F,PC12,ABQ UA /OV 10 SE/TM 0006/FL90/TP PC12/TA -3/IC LGT RM,LGT RM,None,ZAB,None,None,35.0419,-106.6155
201904010010,F,B77W,PVC UA /OV LFV/TM 0010/FL330/TP B77W/TB
Attempting to create dataframe from csv file
Traceback (most recent call last):
  File "/cluster/tufts/capstone25skyblue/scleme01/SatelliteTurbulencePrediction/src/clean_pireps.py", line 118, in <module>
    pireps = pd.read_csv(StringIO(r.text), on_bad_lines='skip')
             ^^^^^^^^^^^^^^^^^^^^^^^^^^^^^^^^^^^^^^^^^^^^^^^^^^
  File "/cluster/tufts/capstone25skyblue/condaenv26/sat_env_cuda12/lib/python3.11/site-packages/pandas/io/parsers/readers.py", line 1026, in read_csv
    return _read(filepath_or_buffer, kwds)
           ^^^^^^^^^^^^^^^^^^^^^^^^^^^^^^^
  File "/cluster/tufts/capstone25skyblue/condaenv26/sat_env_cuda12/lib/python3.11/site-packages/pandas/io/parsers/readers.py", line 626, in _read
    return parser.read(nrows)
           ^^^^^^^^^^^^^^^^^^
  File "/cluster/tufts/capstone25skyblue/condaenv26/sat_env_cuda12/lib/python3.11/site-packages/pandas/io/parsers/readers.py", line 1923, in read
    ) = self._engine.read(  # type: ignore[attr-defined]
        ^^^^^^^^^^^^^^^^^^^^^^^^^^^^^^^^^^^^^^^^^^^^^^^^
  File "/cluster/tufts/capstone25skyblue/condaenv26/sat_env_cuda12/lib/python3.11/site-packages/pandas/io/parsers/c_parser_wrapper.py", line 234, in read
    chunks = self._reader.read_low_memory(nrows)
             ^^^^^^^^^^^^^^^^^^^^^^^^^^^^^^^^^^^
  File "parsers.pyx", line 838, in pandas._libs.parsers.TextReader.read_low_memory
  File "parsers.pyx", line 905, in pandas._libs.parsers.TextReader._read_rows
  File "parsers.pyx", line 874, in pandas._libs.parsers.TextReader._tokenize_rows
  File "parsers.pyx", line 891, in pandas._libs.parsers.TextReader._check_tokenize_status
  File "parsers.pyx", line 2061, in pandas._libs.parsers.raise_parser_error
pandas.errors.ParserError: Error tokenizing data. C error: EOF inside string starting at row 64751
