srun: error: Unable to create step for job 452865: Invalid generic resource (gres) specification
**** get_sigmets.py: Download and clean Convective SIGMETs ****
Fetching SIGMETs from IEM for april 2020...
URL params: sts=2020-04-01T00:00:00Z, ets=2020-05-01T00:00:00Z
Response status: 200
Response was 387.2 KB
Loaded 3378 raw SIGMET records
Dropped 0 rows with missing time/geometry
Processed 3378 valid SIGMET records
Writing 3378 SIGMETs to output
Writing CSV to: /cluster/tufts/capstone25skyblue/scleme01/SatelliteTurbulencePrediction/src/sigmet_data/2020/04_sigmets.csv
Finished writing SIGMET CSV
**** Welcome! This script will take a month and year and return a csv file ****
**** with pireps that mention turbulence from this month and year          ****
Performing GET request, this may take a moment...
Request was 2.91 Mb
Response status code: 200
Response text preview: VALID,URGENT,AIRCRAFT,REPORT,ICING,TURBULENCE,ATRCC,PRODUCT_ID,FL,LAT,LON
202004010000,F,CRJ9,ACT UA /OV ACT040035 /TM 0000 /FL270 /TP CRJ9 /TB OCNL LGT CHOP /RM ZFW AWC-WEB:,None,OCNL LGT CHOP,ZFW,None,27000,32.064865454122206,-96.78794501958144
202004010000,F,CRJ9,ACT UA /OV ACT040035 /TM 0000 /FL270 /TP CRJ9 /TB OCNL LGT CHOP /RM ZFW AWC-WEB,None,OCNL LGT CHOP,ZFW,None,27000,32.064865454122206,-96.78794501958144
202004010000,F,PA11,MRI UA /OV MRI-BGQ224020 /TM 0000 /FL010 /TP PA11 /TB OCNL LG
Attempting to create dataframe from csv file
Successfully created dataframe from CSV file
Cleaning dataframe
Classifying levels of turbulence
We dropped 11786/21040 pireps with unknown turbulence intensity
Dropping pireps w/ NA flight level, latitude, or longitude
We dropped 702/9254 pireps with unknown flight level, latitude, or longitude
Binary filter: 102 SEV+ and 102 NONE/SMOOTH from 8552 total
Severe PIREPs: 102, Non-severe PIREPs sampled: 102/102
Final dataset size: 204/204 pireps
Fetching SIGMETs to annotate PIREPs...
Fetching SIGMETs from IEM for april 2020...
URL params: sts=2020-04-01T00:00:00Z, ets=2020-05-01T00:00:00Z
Response status: 200
Response was 387.2 KB
Loaded 3378 raw SIGMET records
Dropped 0 rows with missing time/geometry
Processed 3378 valid SIGMET records
SIGMETs found for 22 PIREPs
Writing 204 pireps with altitude and turbulence to csv
Writing csv to output file: /cluster/tufts/capstone25skyblue/scleme01/SatelliteTurbulencePrediction/src/../pireps/2020/04_turb_pireps.csv
Finished writing csv output
