srun: error: Unable to create step for job 452847: Invalid generic resource (gres) specification
**** get_sigmets.py: Download and clean Convective SIGMETs ****
Fetching SIGMETs from IEM for october 2018...
URL params: sts=2018-10-01T00:00:00Z, ets=2018-11-01T00:00:00Z
Response status: 200
Response was 357.6 KB
Loaded 3077 raw SIGMET records
Dropped 0 rows with missing time/geometry
Processed 3077 valid SIGMET records
Writing 3077 SIGMETs to output
Writing CSV to: /cluster/tufts/capstone25skyblue/scleme01/SatelliteTurbulencePrediction/src/sigmet_data/2018/10_sigmets.csv
Finished writing SIGMET CSV
**** Welcome! This script will take a month and year and return a csv file ****
**** with pireps that mention turbulence from this month and year          ****
Performing GET request, this may take a moment...
Request was 8.23 Mb
Response status code: 200
Response text preview: VALID,URGENT,AIRCRAFT,REPORT,ICING,TURBULENCE,ATRCC,PRODUCT_ID,FL,LAT,LON
201810010000,F,CL35,ENW UA /OV KENW/TM 0000/FL012/TP CL35/RM BASES 1200 MSL,None,None,ZAU,None,1200,42.595,-87.93806
201810010000,F,A320,SHV UA /OV EIC /TM 0000 /FL330 /TP A320 /TB MOD CONT/RM AWC-WEB,None,MOD CONT,ZFW,None,33000,32.77,-93.81
201810010000,F,A320,SHV UA /OV EIC /TM 0000 /FL330 /TP A320 /TB MOD CONT/RM AWC-WEB:,None,MOD CONT,ZFW,None,33000,32.77,-93.81
201810010000,F,B739,MSO UA /OV MSO034042/TM 0000/FL270/T
Attempting to create dataframe from csv file
Successfully created dataframe from CSV file
Cleaning dataframe
Classifying levels of turbulence
We dropped 34414/59901 pireps with unknown turbulence intensity
Dropping pireps w/ NA flight level, latitude, or longitude
We dropped 1179/25487 pireps with unknown flight level, latitude, or longitude
Binary filter: 219 SEV+ and 219 NONE/SMOOTH from 24308 total
Severe PIREPs: 219, Non-severe PIREPs sampled: 219/219
Final dataset size: 438/438 pireps
Fetching SIGMETs to annotate PIREPs...
Fetching SIGMETs from IEM for october 2018...
URL params: sts=2018-10-01T00:00:00Z, ets=2018-11-01T00:00:00Z
Response status: 200
Response was 357.6 KB
Loaded 3077 raw SIGMET records
Dropped 0 rows with missing time/geometry
Processed 3077 valid SIGMET records
SIGMETs found for 34 PIREPs
Writing 438 pireps with altitude and turbulence to csv
Writing csv to output file: /cluster/tufts/capstone25skyblue/scleme01/SatelliteTurbulencePrediction/src/../pireps/2018/10_turb_pireps.csv
Finished writing csv output
