srun: error: Unable to create step for job 452892: Invalid generic resource (gres) specification
**** get_sigmets.py: Download and clean Convective SIGMETs ****
Fetching SIGMETs from IEM for july 2022...
URL params: sts=2022-07-01T00:00:00Z, ets=2022-08-01T00:00:00Z
Response status: 200
Response was 1068.4 KB
Loaded 9844 raw SIGMET records
Dropped 0 rows with missing time/geometry
Processed 9844 valid SIGMET records
Writing 9844 SIGMETs to output
Writing CSV to: /cluster/tufts/capstone25skyblue/scleme01/SatelliteTurbulencePrediction/src/sigmet_data/2022/07_sigmets.csv
Finished writing SIGMET CSV
**** Welcome! This script will take a month and year and return a csv file ****
**** with pireps that mention turbulence from this month and year          ****
Performing GET request, this may take a moment...
Request was 8.31 Mb
Response status code: 200
Response text preview: VALID,URGENT,AIRCRAFT,REPORT,ICING,TURBULENCE,ATRCC,PRODUCT_ID,FL,LAT,LON
202207010000,F,A320,RGK UA /OV RGK270050/TM 0000/FL200/TP A320/SK BASE 150 TOP 230-240/TB OCNL LGT CHOP,None,OCNL LGT CHOP,ZMP,None,20000,44.59153,-93.65707337913165
202207010001,F,P28A,SFB UA /OV SFB/TM 0001/FL010/TP P28A/WX -RA,None,None,ZJX,None,1000,28.77972,-81.24361
202207010001,F,B737,TLH UA /OV TLH360022/TM 0001/FL075/TP B737/RM VMC FIELD IN SIGHT,None,None,ZJX,None,7500,30.76023636669637,-84.35135
202207010004,F,P
Attempting to create dataframe from csv file
Successfully created dataframe from CSV file
Cleaning dataframe
Classifying levels of turbulence
We dropped 30823/62622 pireps with unknown turbulence intensity
Dropping pireps w/ NA flight level, latitude, or longitude
We dropped 1680/31799 pireps with unknown flight level, latitude, or longitude
Binary filter: 148 SEV+ and 148 NONE/SMOOTH from 30119 total
Severe PIREPs: 148, Non-severe PIREPs sampled: 148/148
Final dataset size: 296/296 pireps
Fetching SIGMETs to annotate PIREPs...
Fetching SIGMETs from IEM for july 2022...
URL params: sts=2022-07-01T00:00:00Z, ets=2022-08-01T00:00:00Z
Response status: 200
Response was 1068.4 KB
Loaded 9844 raw SIGMET records
Dropped 0 rows with missing time/geometry
Processed 9844 valid SIGMET records
SIGMETs found for 102 PIREPs
Writing 296 pireps with altitude and turbulence to csv
Writing csv to output file: /cluster/tufts/capstone25skyblue/scleme01/SatelliteTurbulencePrediction/src/../pireps/2022/07_turb_pireps.csv
Finished writing csv output
