srun: error: Unable to create step for job 452845: Invalid generic resource (gres) specification
**** get_sigmets.py: Download and clean Convective SIGMETs ****
Fetching SIGMETs from IEM for august 2018...
URL params: sts=2018-08-01T00:00:00Z, ets=2018-09-01T00:00:00Z
Response status: 200
Response was 939.1 KB
Loaded 8073 raw SIGMET records
Dropped 0 rows with missing time/geometry
Processed 8073 valid SIGMET records
Writing 8073 SIGMETs to output
Writing CSV to: /cluster/tufts/capstone25skyblue/scleme01/SatelliteTurbulencePrediction/src/sigmet_data/2018/08_sigmets.csv
Finished writing SIGMET CSV
**** Welcome! This script will take a month and year and return a csv file ****
**** with pireps that mention turbulence from this month and year          ****
Performing GET request, this may take a moment...
Request was 5.55 Mb
Response status code: 200
Response text preview: VALID,URGENT,AIRCRAFT,REPORT,ICING,TURBULENCE,ATRCC,PRODUCT_ID,FL,LAT,LON
201808010000,F,C56X,BFM UA /OV BFM180005/TM 0000/FL007/TP C56X/SK FEW 007 SCT085,None,None,ZHU,None,700,30.543439916659917,-88.06808
201808010000,F,E145,OMN UA /OV OMN045015/TM 0000/FL240/TP E145/TB CONT MOD,None,CONT MOD,ZJX,None,24000,29.477351014223277,-80.91088300399907
201808010000,F,B777,PASY UA /OV SYA/TM 0000/FL330/TP B777/TB MOD/RM MOD TURB ASPIN TO SYA ALONG A590 ZAN,None,MOD,None,None,33000,52.71,174.11
20180801
Attempting to create dataframe from csv file
Successfully created dataframe from CSV file
Cleaning dataframe
Classifying levels of turbulence
We dropped 22327/40624 pireps with unknown turbulence intensity
Dropping pireps w/ NA flight level, latitude, or longitude
We dropped 924/18297 pireps with unknown flight level, latitude, or longitude
Binary filter: 151 SEV+ and 151 NONE/SMOOTH from 17373 total
Severe PIREPs: 151, Non-severe PIREPs sampled: 151/151
Final dataset size: 302/302 pireps
Fetching SIGMETs to annotate PIREPs...
Fetching SIGMETs from IEM for august 2018...
URL params: sts=2018-08-01T00:00:00Z, ets=2018-09-01T00:00:00Z
Response status: 200
Response was 939.1 KB
Loaded 8073 raw SIGMET records
Dropped 0 rows with missing time/geometry
Processed 8073 valid SIGMET records
SIGMETs found for 39 PIREPs
Writing 302 pireps with altitude and turbulence to csv
Writing csv to output file: /cluster/tufts/capstone25skyblue/scleme01/SatelliteTurbulencePrediction/src/../pireps/2018/08_turb_pireps.csv
Finished writing csv output
