srun: error: Unable to create step for job 452828: Invalid generic resource (gres) specification
**** get_sigmets.py: Download and clean Convective SIGMETs ****
Fetching SIGMETs from IEM for march 2017...
URL params: sts=2017-03-01T00:00:00Z, ets=2017-04-01T00:00:00Z
Response status: 200
Response was 212.9 KB
Loaded 1748 raw SIGMET records
Dropped 0 rows with missing time/geometry
Processed 1748 valid SIGMET records
Writing 1748 SIGMETs to output
Writing CSV to: /cluster/tufts/capstone25skyblue/scleme01/SatelliteTurbulencePrediction/src/sigmet_data/2017/03_sigmets.csv
Finished writing SIGMET CSV
**** Welcome! This script will take a month and year and return a csv file ****
**** with pireps that mention turbulence from this month and year          ****
Performing GET request, this may take a moment...
Request was 8.10 Mb
Response status code: 200
Response text preview: VALID,URGENT,AIRCRAFT,REPORT,ICING,TURBULENCE,ATRCC,PRODUCT_ID,FL,LAT,LON
201703010000,F,E135,ATY UA /OV ATY/TM 0000/FL039/TP E135/SK BKN039-TOPUNKN,None,None,ZMP,None,3900,44.91397,-97.15472
201703010000,F,B373,CLT UA /OV CLT310030/TM 0000/FL140/TP B373/TB MOD/RM MOD TURB IN DESCENT STARTING 160 TO 100,None,MOD,ZTL,None,14000,35.54396983776749,-81.42321050359041
201703010000,F,E170,CMH UA /OV CMH100/03/TM 0000/FLDURD/TP E170/SK BASE005BKN,None,None,ZID,None,None,39.99139,-82.88083
201703010000,
Attempting to create dataframe from csv file
Successfully created dataframe from CSV file
Cleaning dataframe
Classifying levels of turbulence
We dropped 30473/57862 pireps with unknown turbulence intensity
Dropping pireps w/ NA flight level, latitude, or longitude
We dropped 1516/27389 pireps with unknown flight level, latitude, or longitude
Binary filter: 309 SEV+ and 309 NONE/SMOOTH from 25873 total
Severe PIREPs: 309, Non-severe PIREPs sampled: 309/309
Final dataset size: 618/618 pireps
Fetching SIGMETs to annotate PIREPs...
Fetching SIGMETs from IEM for march 2017...
URL params: sts=2017-03-01T00:00:00Z, ets=2017-04-01T00:00:00Z
Response status: 200
Response was 212.9 KB
Loaded 1748 raw SIGMET records
Dropped 0 rows with missing time/geometry
Processed 1748 valid SIGMET records
SIGMETs found for 27 PIREPs
Writing 618 pireps with altitude and turbulence to csv
Writing csv to output file: /cluster/tufts/capstone25skyblue/scleme01/SatelliteTurbulencePrediction/src/../pireps/2017/03_turb_pireps.csv
Finished writing csv output
