srun: error: Unable to create step for job 452925: Invalid generic resource (gres) specification
**** get_sigmets.py: Download and clean Convective SIGMETs ****
Fetching SIGMETs from IEM for april 2025...
URL params: sts=2025-04-01T00:00:00Z, ets=2025-05-01T00:00:00Z
Response status: 200
Response was 482.5 KB
Loaded 4241 raw SIGMET records
Dropped 0 rows with missing time/geometry
Processed 4241 valid SIGMET records
Writing 4241 SIGMETs to output
Writing CSV to: /cluster/tufts/capstone25skyblue/scleme01/SatelliteTurbulencePrediction/src/sigmet_data/2025/04_sigmets.csv
Finished writing SIGMET CSV
**** Welcome! This script will take a month and year and return a csv file ****
**** with pireps that mention turbulence from this month and year          ****
Performing GET request, this may take a moment...
Request was 16.90 Mb
Response status code: 200
Response text preview: VALID,URGENT,AIRCRAFT,REPORT,ICING,TURBULENCE,ATRCC,PRODUCT_ID,FL,LAT,LON
202504010000,F,M20P,HTS UA /OV HNN179025/TM 0000/FL110/TP M20P/TB NEG/RM IN THE CLR,None,NEG,ZID,202504010000-KMSC-UBUS01-PIREP,11000,38.333363048791384,-82.0206749971406
202504010000,F,CL30,PHL UA /OV ARD/TM 0000/FL050/TP CL30/TB MODERATE/RM BELOW 7 000 ON JAIKE4 ARRIVAL,None,MODERATE,ZDC,202504010000-KMSC-UBUS01-PIREP,5000,40.25,-74.91
202504010000,F,P28A,SFB UA /OV SFB/TM 0000/FL011/TP P28A/RM VFR,None,None,ZJX,20250401
Attempting to create dataframe from csv file
Successfully created dataframe from CSV file
Cleaning dataframe
Classifying levels of turbulence
We dropped 44408/105438 pireps with unknown turbulence intensity
Dropping pireps w/ NA flight level, latitude, or longitude
We dropped 3909/61030 pireps with unknown flight level, latitude, or longitude
Binary filter: 369 SEV+ and 369 NONE/SMOOTH from 57121 total
Severe PIREPs: 369, Non-severe PIREPs sampled: 369/369
Final dataset size: 738/738 pireps
Fetching SIGMETs to annotate PIREPs...
Fetching SIGMETs from IEM for april 2025...
URL params: sts=2025-04-01T00:00:00Z, ets=2025-05-01T00:00:00Z
Response status: 200
Response was 482.5 KB
Loaded 4241 raw SIGMET records
Dropped 0 rows with missing time/geometry
Processed 4241 valid SIGMET records
SIGMETs found for 109 PIREPs
Writing 738 pireps with altitude and turbulence to csv
Writing csv to output file: /cluster/tufts/capstone25skyblue/scleme01/SatelliteTurbulencePrediction/src/../pireps/2025/04_turb_pireps.csv
Finished writing csv output
