srun: error: Unable to create step for job 452918: Invalid generic resource (gres) specification
**** get_sigmets.py: Download and clean Convective SIGMETs ****
Fetching SIGMETs from IEM for september 2024...
URL params: sts=2024-09-01T00:00:00Z, ets=2024-10-01T00:00:00Z
Response status: 200
Response was 702.4 KB
Loaded 6565 raw SIGMET records
Dropped 0 rows with missing time/geometry
Processed 6565 valid SIGMET records
Writing 6565 SIGMETs to output
Writing CSV to: /cluster/tufts/capstone25skyblue/scleme01/SatelliteTurbulencePrediction/src/sigmet_data/2024/09_sigmets.csv
Finished writing SIGMET CSV
**** Welcome! This script will take a month and year and return a csv file ****
**** with pireps that mention turbulence from this month and year          ****
Performing GET request, this may take a moment...
Request was 12.31 Mb
Response status code: 200
Response text preview: VALID,URGENT,AIRCRAFT,REPORT,ICING,TURBULENCE,ATRCC,PRODUCT_ID,FL,LAT,LON
202409010000,F,E75L,CLT UA /OV CLT/TM 0000/FL240/TP E75L/TB NEG CHOP/IC NEG/RM ZTLFD-33,NEG,NEG CHOP,ZTL,202409010000-KMSC-UBUS01-PIREP,24000,35.22255,-80.95431
202409010000,F,E75L,DCA UA /OV DCA190015/TM 0000/FL040/TP E75L/TB MOD 060-045/RM +15 KTS,None,MOD 060-045,ZDC,202409010000-KMSC-UBUS01-PIREP,4000,38.600978119370005,-77.09029520014442
202409010001,F,B738,CLT UA /OV CLT/TM 0001/FL380/TP B738/TB CONS LGT CHOP/IC NEG/
Attempting to create dataframe from csv file
Successfully created dataframe from CSV file
Cleaning dataframe
Classifying levels of turbulence
We dropped 39273/78488 pireps with unknown turbulence intensity
Dropping pireps w/ NA flight level, latitude, or longitude
We dropped 1460/39215 pireps with unknown flight level, latitude, or longitude
Binary filter: 138 SEV+ and 138 NONE/SMOOTH from 37755 total
Severe PIREPs: 138, Non-severe PIREPs sampled: 138/138
Final dataset size: 276/276 pireps
Fetching SIGMETs to annotate PIREPs...
Fetching SIGMETs from IEM for september 2024...
URL params: sts=2024-09-01T00:00:00Z, ets=2024-10-01T00:00:00Z
Response status: 200
Response was 702.4 KB
Loaded 6565 raw SIGMET records
Dropped 0 rows with missing time/geometry
Processed 6565 valid SIGMET records
SIGMETs found for 78 PIREPs
Writing 276 pireps with altitude and turbulence to csv
Writing csv to output file: /cluster/tufts/capstone25skyblue/scleme01/SatelliteTurbulencePrediction/src/../pireps/2024/09_turb_pireps.csv
Finished writing csv output
