srun: error: Unable to create step for job 452827: Invalid generic resource (gres) specification
**** get_sigmets.py: Download and clean Convective SIGMETs ****
Fetching SIGMETs from IEM for february 2017...
URL params: sts=2017-02-01T00:00:00Z, ets=2017-03-01T00:00:00Z
Response status: 200
Response was 160.5 KB
Loaded 1376 raw SIGMET records
Dropped 0 rows with missing time/geometry
Processed 1376 valid SIGMET records
Writing 1376 SIGMETs to output
Writing CSV to: /cluster/tufts/capstone25skyblue/scleme01/SatelliteTurbulencePrediction/src/sigmet_data/2017/02_sigmets.csv
Finished writing SIGMET CSV
**** Welcome! This script will take a month and year and return a csv file ****
**** with pireps that mention turbulence from this month and year          ****
Performing GET request, this may take a moment...
Request was 7.60 Mb
Response status code: 200
Response text preview: VALID,URGENT,AIRCRAFT,REPORT,ICING,TURBULENCE,ATRCC,PRODUCT_ID,FL,LAT,LON
201702010000,F,SR22,BJC UA /OV 15 SW/TM 0000/FL150/TP SR22/TB MOD TO SEV TURB DURD 130,None,MOD TO SEV TURB DURD 130,ZDV,None,15000,39.90881,-105.11719
201702010000,F,FA7X,DEN UA /OV 20 W/TM 0000/FL200/TP FA7X/TB MOD TO SEV TURB DURC FROM SFC,None,MOD TO SEV TURB DURC FROM SFC,ZDV,None,20000,39.8328,-104.6575
201702010000,F,SW4,BOI UA /OV BOI100035/TM 0000/FL090/TP SW4/TA -7/IC LGT CLR DURGC TO 150/ZLC,LGT CLR DURGC TO 150
Attempting to create dataframe from csv file
Successfully created dataframe from CSV file
Cleaning dataframe
Classifying levels of turbulence
We dropped 28555/53927 pireps with unknown turbulence intensity
Dropping pireps w/ NA flight level, latitude, or longitude
We dropped 1074/25372 pireps with unknown flight level, latitude, or longitude
Binary filter: 253 SEV+ and 253 NONE/SMOOTH from 24298 total
Severe PIREPs: 253, Non-severe PIREPs sampled: 253/253
Final dataset size: 506/506 pireps
Fetching SIGMETs to annotate PIREPs...
Fetching SIGMETs from IEM for february 2017...
URL params: sts=2017-02-01T00:00:00Z, ets=2017-03-01T00:00:00Z
Response status: 200
Response was 160.5 KB
Loaded 1376 raw SIGMET records
Dropped 0 rows with missing time/geometry
Processed 1376 valid SIGMET records
SIGMETs found for 12 PIREPs
Writing 506 pireps with altitude and turbulence to csv
Writing csv to output file: /cluster/tufts/capstone25skyblue/scleme01/SatelliteTurbulencePrediction/src/../pireps/2017/02_turb_pireps.csv
Finished writing csv output
