srun: error: Unable to create step for job 452857: Invalid generic resource (gres) specification
**** get_sigmets.py: Download and clean Convective SIGMETs ****
Fetching SIGMETs from IEM for august 2019...
URL params: sts=2019-08-01T00:00:00Z, ets=2019-09-01T00:00:00Z
Response status: 200
Response was 1037.9 KB
Loaded 9318 raw SIGMET records
Dropped 0 rows with missing time/geometry
Processed 9318 valid SIGMET records
Writing 9318 SIGMETs to output
Writing CSV to: /cluster/tufts/capstone25skyblue/scleme01/SatelliteTurbulencePrediction/src/sigmet_data/2019/08_sigmets.csv
Finished writing SIGMET CSV
**** Welcome! This script will take a month and year and return a csv file ****
**** with pireps that mention turbulence from this month and year          ****
Performing GET request, this may take a moment...
Request was 5.73 Mb
Response status code: 200
Response text preview: VALID,URGENT,AIRCRAFT,REPORT,ICING,TURBULENCE,ATRCC,PRODUCT_ID,FL,LAT,LON
201908010000,F,CRJ2,GSO UA /OV GSO230006/TM 0000/FL030/TP CRJ2/TB +/-10KT/RM LLWS +/-10 030-SFC DURD RWY 05L GSO,None,+,ZTL,None,3000,36.0332160324465,-80.03842333042074
201908010001,F,B737,TPA UA /OV TPA030045/TM 0001/FL270/TP B737/TB INTMT LGT CHOP,None,INTMT LGT CHOP,ZJX,None,27000,28.61147166393422,-82.11570186086827
201908010003,F,A321,ALO UA /OV ALO/TM 0003/FL320/TP A321/TB INTMT CHOP,None,INTMT CHOP,ZAU,None,32000,4
Attempting to create dataframe from csv file
Successfully created dataframe from CSV file
Cleaning dataframe
Classifying levels of turbulence
We dropped 19656/42171 pireps with unknown turbulence intensity
Dropping pireps w/ NA flight level, latitude, or longitude
We dropped 944/22515 pireps with unknown flight level, latitude, or longitude
Binary filter: 124 SEV+ and 124 NONE/SMOOTH from 21571 total
Severe PIREPs: 124, Non-severe PIREPs sampled: 124/124
Final dataset size: 248/248 pireps
Fetching SIGMETs to annotate PIREPs...
Fetching SIGMETs from IEM for august 2019...
URL params: sts=2019-08-01T00:00:00Z, ets=2019-09-01T00:00:00Z
Response status: 200
Response was 1037.9 KB
Loaded 9318 raw SIGMET records
Dropped 0 rows with missing time/geometry
Processed 9318 valid SIGMET records
SIGMETs found for 60 PIREPs
Writing 248 pireps with altitude and turbulence to csv
Writing csv to output file: /cluster/tufts/capstone25skyblue/scleme01/SatelliteTurbulencePrediction/src/../pireps/2019/08_turb_pireps.csv
Finished writing csv output
