srun: error: Unable to create step for job 452889: Invalid generic resource (gres) specification
**** get_sigmets.py: Download and clean Convective SIGMETs ****
Fetching SIGMETs from IEM for april 2022...
URL params: sts=2022-04-01T00:00:00Z, ets=2022-05-01T00:00:00Z
Response status: 200
Response was 372.4 KB
Loaded 3329 raw SIGMET records
Dropped 0 rows with missing time/geometry
Processed 3329 valid SIGMET records
Writing 3329 SIGMETs to output
Writing CSV to: /cluster/tufts/capstone25skyblue/scleme01/SatelliteTurbulencePrediction/src/sigmet_data/2022/04_sigmets.csv
Finished writing SIGMET CSV
**** Welcome! This script will take a month and year and return a csv file ****
**** with pireps that mention turbulence from this month and year          ****
Performing GET request, this may take a moment...
Request was 10.67 Mb
Response status code: 200
Response text preview: VALID,URGENT,AIRCRAFT,REPORT,ICING,TURBULENCE,ATRCC,PRODUCT_ID,FL,LAT,LON
202204010000,F,CRJ2,PWK UA /OV OBK330010/TM 0000/FL155/TP CRJ2/IC NEG,NEG,None,ZAU,None,15500,42.36434925865205,-88.06253504022288
202204010000,F,B738,PWK UA /OV OBK100020/TM 0000/FL120/TP B738/IC NEG,NEG,None,ZAU,None,12000,42.162112585605534,-87.50669847961184
202204010000,F,A320,CMH UA /OV DAY/TM 0000/FLDURC/TP A320/TA M09/IC LGT RIME 70-85,LGT RIME 70-85,None,ZID,None,None,39.90611,-84.21861
202204010000,F,BE40,SAV UA 
Attempting to create dataframe from csv file
Successfully created dataframe from CSV file
Cleaning dataframe
Classifying levels of turbulence
We dropped 34335/70368 pireps with unknown turbulence intensity
Dropping pireps w/ NA flight level, latitude, or longitude
We dropped 2512/36033 pireps with unknown flight level, latitude, or longitude
Binary filter: 345 SEV+ and 345 NONE/SMOOTH from 33521 total
Severe PIREPs: 345, Non-severe PIREPs sampled: 345/345
Final dataset size: 690/690 pireps
Fetching SIGMETs to annotate PIREPs...
Fetching SIGMETs from IEM for april 2022...
URL params: sts=2022-04-01T00:00:00Z, ets=2022-05-01T00:00:00Z
Response status: 200
Response was 372.4 KB
Loaded 3329 raw SIGMET records
Dropped 0 rows with missing time/geometry
Processed 3329 valid SIGMET records
SIGMETs found for 68 PIREPs
Writing 690 pireps with altitude and turbulence to csv
Writing csv to output file: /cluster/tufts/capstone25skyblue/scleme01/SatelliteTurbulencePrediction/src/../pireps/2022/04_turb_pireps.csv
Finished writing csv output
