srun: error: Unable to create step for job 452872: Invalid generic resource (gres) specification
**** get_sigmets.py: Download and clean Convective SIGMETs ****
Fetching SIGMETs from IEM for november 2020...
URL params: sts=2020-11-01T00:00:00Z, ets=2020-12-01T00:00:00Z
Response status: 200
Response was 205.6 KB
Loaded 1783 raw SIGMET records
Dropped 0 rows with missing time/geometry
Processed 1783 valid SIGMET records
Writing 1783 SIGMETs to output
Writing CSV to: /cluster/tufts/capstone25skyblue/scleme01/SatelliteTurbulencePrediction/src/sigmet_data/2020/11_sigmets.csv
Finished writing SIGMET CSV
**** Welcome! This script will take a month and year and return a csv file ****
**** with pireps that mention turbulence from this month and year          ****
Performing GET request, this may take a moment...
Request was 5.63 Mb
Response status code: 200
Response text preview: VALID,URGENT,AIRCRAFT,REPORT,ICING,TURBULENCE,ATRCC,PRODUCT_ID,FL,LAT,LON
202011010002,F,C182,DRO UA /OV KDRO /TM 0002 /FL115 /TP C182 /TB NEG /RM DURC REALLY SMTH,None,NEG,ZDV,None,11500,37.15152,-107.75377
202011010003,F,B739,ORD UA /OV DBQ090020/TM 0003/FL380/TP B739/TB LGT-MOD,None,LGT-MOD,ZAU,None,38000,42.39835,-90.25772563011387
202011010007,T,B407,IPT UUA /OV IPT/TM 0007/FL025/TP B407/RM WS +/- 15 KTS,None,None,ZNY,None,2500,41.24333,-76.92167
202011010007,F,UNKN,PWT UA /OV SEA270020 /TM
Attempting to create dataframe from csv file
Successfully created dataframe from CSV file
Cleaning dataframe
Classifying levels of turbulence
We dropped 21122/41175 pireps with unknown turbulence intensity
Dropping pireps w/ NA flight level, latitude, or longitude
We dropped 1198/20053 pireps with unknown flight level, latitude, or longitude
Binary filter: 191 SEV+ and 191 NONE/SMOOTH from 18855 total
Severe PIREPs: 191, Non-severe PIREPs sampled: 191/191
Final dataset size: 382/382 pireps
Fetching SIGMETs to annotate PIREPs...
Fetching SIGMETs from IEM for november 2020...
URL params: sts=2020-11-01T00:00:00Z, ets=2020-12-01T00:00:00Z
Response status: 200
Response was 205.6 KB
Loaded 1783 raw SIGMET records
Dropped 0 rows with missing time/geometry
Processed 1783 valid SIGMET records
SIGMETs found for 20 PIREPs
Writing 382 pireps with altitude and turbulence to csv
Writing csv to output file: /cluster/tufts/capstone25skyblue/scleme01/SatelliteTurbulencePrediction/src/../pireps/2020/11_turb_pireps.csv
Finished writing csv output
