srun: error: Unable to create step for job 452860: Invalid generic resource (gres) specification
**** get_sigmets.py: Download and clean Convective SIGMETs ****
Fetching SIGMETs from IEM for november 2019...
URL params: sts=2019-11-01T00:00:00Z, ets=2019-12-01T00:00:00Z
Response status: 200
Response was 193.3 KB
Loaded 1725 raw SIGMET records
Dropped 0 rows with missing time/geometry
Processed 1725 valid SIGMET records
Writing 1725 SIGMETs to output
Writing CSV to: /cluster/tufts/capstone25skyblue/scleme01/SatelliteTurbulencePrediction/src/sigmet_data/2019/11_sigmets.csv
Finished writing SIGMET CSV
**** Welcome! This script will take a month and year and return a csv file ****
**** with pireps that mention turbulence from this month and year          ****
Performing GET request, this may take a moment...
Request was 9.05 Mb
Response status code: 200
Response text preview: VALID,URGENT,AIRCRAFT,REPORT,ICING,TURBULENCE,ATRCC,PRODUCT_ID,FL,LAT,LON
201911010000,F,A321,BNA UA /OV BNA180025/TM 0000/FL330/TP A321/TB OCNL-CONT MOD/RM ZME,None,OCNL-CONT MOD,ZME,None,33000,35.702189583299585,-86.68917
201911010000,F,C172,PAQ UA /OV PAQ /TM 0000 /FL012 /TP C172 /TB LGT,None,LGT,ZAN,None,1200,61.59,-149.08
201911010002,F,A321,OLU UA /OV OBH090040/TM 0002/FL370/TP A321/TB CONS LGT OCNL MOD CHOP 370,None,CONS LGT OCNL MOD CHOP 370,ZMP,None,37000,41.38,-97.46144413294766
201911
Attempting to create dataframe from csv file
Successfully created dataframe from CSV file
Cleaning dataframe
Classifying levels of turbulence
We dropped 33618/65139 pireps with unknown turbulence intensity
Dropping pireps w/ NA flight level, latitude, or longitude
We dropped 1397/31521 pireps with unknown flight level, latitude, or longitude
Binary filter: 258 SEV+ and 258 NONE/SMOOTH from 30124 total
Severe PIREPs: 258, Non-severe PIREPs sampled: 258/258
Final dataset size: 516/516 pireps
Fetching SIGMETs to annotate PIREPs...
Fetching SIGMETs from IEM for november 2019...
URL params: sts=2019-11-01T00:00:00Z, ets=2019-12-01T00:00:00Z
Response status: 200
Response was 193.3 KB
Loaded 1725 raw SIGMET records
Dropped 0 rows with missing time/geometry
Processed 1725 valid SIGMET records
SIGMETs found for 19 PIREPs
Writing 516 pireps with altitude and turbulence to csv
Writing csv to output file: /cluster/tufts/capstone25skyblue/scleme01/SatelliteTurbulencePrediction/src/../pireps/2019/11_turb_pireps.csv
Finished writing csv output
