srun: error: Unable to create step for job 452861: Invalid generic resource (gres) specification
**** get_sigmets.py: Download and clean Convective SIGMETs ****
Fetching SIGMETs from IEM for december 2019...
URL params: sts=2019-12-01T00:00:00Z, ets=2020-01-01T00:00:00Z
Response status: 200
Response was 170.1 KB
Loaded 1512 raw SIGMET records
Dropped 0 rows with missing time/geometry
Processed 1512 valid SIGMET records
Writing 1512 SIGMETs to output
Writing CSV to: /cluster/tufts/capstone25skyblue/scleme01/SatelliteTurbulencePrediction/src/sigmet_data/2019/12_sigmets.csv
Finished writing SIGMET CSV
**** Welcome! This script will take a month and year and return a csv file ****
**** with pireps that mention turbulence from this month and year          ****
Performing GET request, this may take a moment...
Request was 10.60 Mb
Response status code: 200
Response text preview: VALID,URGENT,AIRCRAFT,REPORT,ICING,TURBULENCE,ATRCC,PRODUCT_ID,FL,LAT,LON
201912010000,F,CL35,RFD UA /OV 15 W RFD/TM 0000/FL120 /TP CL35/TB MOD TURB DURD,None,MOD TURB DURD,ZAU,None,12000,42.1927,-89.43045926042397
201912010000,F,C182,RIC UA /OV 12 NE RIC/TM 0000/FL070/TP C182/TA 2/IC LIGHT RIME,LIGHT RIME,None,ZDC,None,7000,37.65293281137862,-77.14506037887796
201912010000,F,A320,BKW UA /OV RNL270010/TM 0000/FL350/TP A320/TB OCNL MOD CHOP,None,OCNL MOD CHOP,ZID,None,35000,37.98,-81.021462510409
Attempting to create dataframe from csv file
Successfully created dataframe from CSV file
Cleaning dataframe
Classifying levels of turbulence
We dropped 39338/76372 pireps with unknown turbulence intensity
Dropping pireps w/ NA flight level, latitude, or longitude
We dropped 1560/37034 pireps with unknown flight level, latitude, or longitude
Binary filter: 314 SEV+ and 314 NONE/SMOOTH from 35474 total
Severe PIREPs: 314, Non-severe PIREPs sampled: 314/314
Final dataset size: 628/628 pireps
Fetching SIGMETs to annotate PIREPs...
Fetching SIGMETs from IEM for december 2019...
URL params: sts=2019-12-01T00:00:00Z, ets=2020-01-01T00:00:00Z
Response status: 200
Response was 170.1 KB
Loaded 1512 raw SIGMET records
Dropped 0 rows with missing time/geometry
Processed 1512 valid SIGMET records
SIGMETs found for 43 PIREPs
Writing 628 pireps with altitude and turbulence to csv
Writing csv to output file: /cluster/tufts/capstone25skyblue/scleme01/SatelliteTurbulencePrediction/src/../pireps/2019/12_turb_pireps.csv
Finished writing csv output
