srun: error: Unable to create step for job 452910: Invalid generic resource (gres) specification
**** get_sigmets.py: Download and clean Convective SIGMETs ****
Fetching SIGMETs from IEM for january 2024...
URL params: sts=2024-01-01T00:00:00Z, ets=2024-02-01T00:00:00Z
Response status: 200
Response was 213.0 KB
Loaded 1914 raw SIGMET records
Dropped 0 rows with missing time/geometry
Processed 1914 valid SIGMET records
Writing 1914 SIGMETs to output
Writing CSV to: /cluster/tufts/capstone25skyblue/scleme01/SatelliteTurbulencePrediction/src/sigmet_data/2024/01_sigmets.csv
Finished writing SIGMET CSV
**** Welcome! This script will take a month and year and return a csv file ****
**** with pireps that mention turbulence from this month and year          ****
Performing GET request, this may take a moment...
Request was 15.70 Mb
Response status code: 200
Response text preview: VALID,URGENT,AIRCRAFT,REPORT,ICING,TURBULENCE,ATRCC,PRODUCT_ID,FL,LAT,LON
202401010000,F,B737,PIT UA /OV PIT180005/TM 0000/FL080/TP B737 /IC NEG ICE,NEG ICE,None,ZOB,None,8000,40.40812991665992,-80.23286
202401010000,F,E75L,UKI UA /OV ENI347071/TM 0000/FL330/TP E75L/TB LGT-MOD CHOP/RM ZOA CWSU,None,LGT-MOD CHOP,ZOA,None,33000,40.20309797012663,-123.61279532475443
202401010001,F,B737,CMH UA /OV CMH/TM 0001/FLDURD/TP B737/TA -4/IC MOD RIME ICEING 110-050,MOD RIME ICEING 110-050,None,ZID,None,None,
Attempting to create dataframe from csv file
Successfully created dataframe from CSV file
Cleaning dataframe
Classifying levels of turbulence
We dropped 66597/117330 pireps with unknown turbulence intensity
Dropping pireps w/ NA flight level, latitude, or longitude
We dropped 2007/50733 pireps with unknown flight level, latitude, or longitude
Binary filter: 439 SEV+ and 439 NONE/SMOOTH from 48726 total
Severe PIREPs: 439, Non-severe PIREPs sampled: 439/439
Final dataset size: 878/878 pireps
Fetching SIGMETs to annotate PIREPs...
Fetching SIGMETs from IEM for january 2024...
URL params: sts=2024-01-01T00:00:00Z, ets=2024-02-01T00:00:00Z
Response status: 200
Response was 213.0 KB
Loaded 1914 raw SIGMET records
Dropped 0 rows with missing time/geometry
Processed 1914 valid SIGMET records
SIGMETs found for 112 PIREPs
Writing 878 pireps with altitude and turbulence to csv
Writing csv to output file: /cluster/tufts/capstone25skyblue/scleme01/SatelliteTurbulencePrediction/src/../pireps/2024/01_turb_pireps.csv
Finished writing csv output
