srun: error: Unable to create step for job 452829: Invalid generic resource (gres) specification
**** get_sigmets.py: Download and clean Convective SIGMETs ****
Fetching SIGMETs from IEM for april 2017...
URL params: sts=2017-04-01T00:00:00Z, ets=2017-05-01T00:00:00Z
Response status: 200
Response was 310.7 KB
Loaded 2633 raw SIGMET records
Dropped 0 rows with missing time/geometry
Processed 2633 valid SIGMET records
Writing 2633 SIGMETs to output
Writing CSV to: /cluster/tufts/capstone25skyblue/scleme01/SatelliteTurbulencePrediction/src/sigmet_data/2017/04_sigmets.csv
Finished writing SIGMET CSV
**** Welcome! This script will take a month and year and return a csv file ****
**** with pireps that mention turbulence from this month and year          ****
Performing GET request, this may take a moment...
Request was 8.11 Mb
Response status code: 200
Response text preview: VALID,URGENT,AIRCRAFT,REPORT,ICING,TURBULENCE,ATRCC,PRODUCT_ID,FL,LAT,LON
201704010000,F,B737,DHT UA /OV BGD130030/TM 0000/FL400/TP B737/TB MOD CHOP/RM ZAB/FDCS,None,MOD CHOP,ZAB,None,40000,35.37947016223251,-100.92196280457316
201704010000,F,F900,HPN UA /OV HPN/TM 0000/FL040/TP F900/TB LIGHT/RM SFC-040,None,LIGHT,ZBW,None,4000,41.06694,-73.7075
201704010000,F,CL35,KISP UA /OV RWY 6 FINAL/TM 0000/FL010/TP CL35/WV +10/-15,None,None,ZBW,None,1000,40.79389,-73.10167
201704010001,F,MD83,LVS UA /OV F
Attempting to create dataframe from csv file
Successfully created dataframe from CSV file
Cleaning dataframe
Classifying levels of turbulence
We dropped 28390/57654 pireps with unknown turbulence intensity
Dropping pireps w/ NA flight level, latitude, or longitude
We dropped 1264/29264 pireps with unknown flight level, latitude, or longitude
Binary filter: 241 SEV+ and 241 NONE/SMOOTH from 28000 total
Severe PIREPs: 241, Non-severe PIREPs sampled: 241/241
Final dataset size: 482/482 pireps
Fetching SIGMETs to annotate PIREPs...
Fetching SIGMETs from IEM for april 2017...
URL params: sts=2017-04-01T00:00:00Z, ets=2017-05-01T00:00:00Z
Response status: 200
Response was 310.7 KB
Loaded 2633 raw SIGMET records
Dropped 0 rows with missing time/geometry
Processed 2633 valid SIGMET records
SIGMETs found for 34 PIREPs
Writing 482 pireps with altitude and turbulence to csv
Writing csv to output file: /cluster/tufts/capstone25skyblue/scleme01/SatelliteTurbulencePrediction/src/../pireps/2017/04_turb_pireps.csv
Finished writing csv output
