srun: error: Unable to create step for job 452856: Invalid generic resource (gres) specification
**** get_sigmets.py: Download and clean Convective SIGMETs ****
Fetching SIGMETs from IEM for july 2019...
URL params: sts=2019-07-01T00:00:00Z, ets=2019-08-01T00:00:00Z
Response status: 200
Response was 1061.5 KB
Loaded 9560 raw SIGMET records
Dropped 0 rows with missing time/geometry
Processed 9560 valid SIGMET records
Writing 9560 SIGMETs to output
Writing CSV to: /cluster/tufts/capstone25skyblue/scleme01/SatelliteTurbulencePrediction/src/sigmet_data/2019/07_sigmets.csv
Finished writing SIGMET CSV
**** Welcome! This script will take a month and year and return a csv file ****
**** with pireps that mention turbulence from this month and year          ****
Performing GET request, this may take a moment...
Request was 4.52 Mb
Response status code: 200
Response text preview: VALID,URGENT,AIRCRAFT,REPORT,ICING,TURBULENCE,ATRCC,PRODUCT_ID,FL,LAT,LON
201907010001,F,B757,COS UA /OV BRK340020/TM 0001/FL340/TP B757/TB MOD CHOP/RM ZDV,None,MOD CHOP,ZDV,None,34000,39.25325624532143,-104.776586887186
201907010002,F,E170,SBM UA /OV FAH/TM 0002/FL190/TP E170/TB OCNL LGT-MOD CHOP,None,OCNL LGT-MOD CHOP,ZAU,None,19000,43.77,-87.85
201907010003,F,DHC2,ILI UA /OV AKN017076 /TM 0003 /FL020 /TP DHC2 /SK BKN040 /RM 5 WSHARP MOUNTAIN,None,None,ZAN,None,2000,59.88141747451926,-155.9277
Attempting to create dataframe from csv file
Successfully created dataframe from CSV file
Cleaning dataframe
Classifying levels of turbulence
We dropped 17206/33107 pireps with unknown turbulence intensity
Dropping pireps w/ NA flight level, latitude, or longitude
We dropped 664/15901 pireps with unknown flight level, latitude, or longitude
Binary filter: 119 SEV+ and 119 NONE/SMOOTH from 15237 total
Severe PIREPs: 119, Non-severe PIREPs sampled: 119/119
Final dataset size: 238/238 pireps
Fetching SIGMETs to annotate PIREPs...
Fetching SIGMETs from IEM for july 2019...
URL params: sts=2019-07-01T00:00:00Z, ets=2019-08-01T00:00:00Z
Response status: 200
Response was 1061.5 KB
Loaded 9560 raw SIGMET records
Dropped 0 rows with missing time/geometry
Processed 9560 valid SIGMET records
SIGMETs found for 60 PIREPs
Writing 238 pireps with altitude and turbulence to csv
Writing csv to output file: /cluster/tufts/capstone25skyblue/scleme01/SatelliteTurbulencePrediction/src/../pireps/2019/07_turb_pireps.csv
Finished writing csv output
