srun: error: Unable to create step for job 452888: Invalid generic resource (gres) specification
**** get_sigmets.py: Download and clean Convective SIGMETs ****
Fetching SIGMETs from IEM for march 2022...
URL params: sts=2022-03-01T00:00:00Z, ets=2022-04-01T00:00:00Z
Response status: 200
Response was 267.9 KB
Loaded 2355 raw SIGMET records
Dropped 0 rows with missing time/geometry
Processed 2355 valid SIGMET records
Writing 2355 SIGMETs to output
Writing CSV to: /cluster/tufts/capstone25skyblue/scleme01/SatelliteTurbulencePrediction/src/sigmet_data/2022/03_sigmets.csv
Finished writing SIGMET CSV
**** Welcome! This script will take a month and year and return a csv file ****
**** with pireps that mention turbulence from this month and year          ****
Performing GET request, this may take a moment...
Request was 11.03 Mb
Response status code: 200
Response text preview: VALID,URGENT,AIRCRAFT,REPORT,ICING,TURBULENCE,ATRCC,PRODUCT_ID,FL,LAT,LON
202203010000,F,A320,BIL UA /OV BIL100090/TM 0000/FL350/TP A320/TB MDT CHOP /ZLC,None,MDT CHOP,ZLC,None,35000,45.54640663522492,-106.42288240700198
202203010001,F,A320,INW UA /OV INW127040/TM 0001/FL300/TP A320/TB CONS LGT-OCNL MOD CHOP/RM ZAB/FDCS,None,CONS LGT-OCNL MOD CHOP,ZAB,None,30000,34.62067748652156,-110.07233383764112
202203010001,F,B712,DTW UA /OV 5 SE DTW/TM 0001/FL100/TP B712/TA 0/IC TRACE RIME/RM TRACE RIME 11
Attempting to create dataframe from csv file
Successfully created dataframe from CSV file
Cleaning dataframe
Classifying levels of turbulence
We dropped 39126/82007 pireps with unknown turbulence intensity
Dropping pireps w/ NA flight level, latitude, or longitude
We dropped 2800/42881 pireps with unknown flight level, latitude, or longitude
Binary filter: 422 SEV+ and 422 NONE/SMOOTH from 40081 total
Severe PIREPs: 422, Non-severe PIREPs sampled: 422/422
Final dataset size: 844/844 pireps
Fetching SIGMETs to annotate PIREPs...
Fetching SIGMETs from IEM for march 2022...
URL params: sts=2022-03-01T00:00:00Z, ets=2022-04-01T00:00:00Z
Response status: 200
Response was 267.9 KB
Loaded 2355 raw SIGMET records
Dropped 0 rows with missing time/geometry
Processed 2355 valid SIGMET records
SIGMETs found for 81 PIREPs
Writing 844 pireps with altitude and turbulence to csv
Writing csv to output file: /cluster/tufts/capstone25skyblue/scleme01/SatelliteTurbulencePrediction/src/../pireps/2022/03_turb_pireps.csv
Finished writing csv output
