srun: error: Unable to create step for job 452886: Invalid generic resource (gres) specification
**** get_sigmets.py: Download and clean Convective SIGMETs ****
Fetching SIGMETs from IEM for january 2022...
URL params: sts=2022-01-01T00:00:00Z, ets=2022-02-01T00:00:00Z
Response status: 200
Response was 174.2 KB
Loaded 1558 raw SIGMET records
Dropped 0 rows with missing time/geometry
Processed 1558 valid SIGMET records
Writing 1558 SIGMETs to output
Writing CSV to: /cluster/tufts/capstone25skyblue/scleme01/SatelliteTurbulencePrediction/src/sigmet_data/2022/01_sigmets.csv
Finished writing SIGMET CSV
**** Welcome! This script will take a month and year and return a csv file ****
**** with pireps that mention turbulence from this month and year          ****
Performing GET request, this may take a moment...
Request was 8.77 Mb
Response status code: 200
Response text preview: VALID,URGENT,AIRCRAFT,REPORT,ICING,TURBULENCE,ATRCC,PRODUCT_ID,FL,LAT,LON
202201010000,F,B757,HTS UA /OV HTS270010/TM 0000/FL030/TP B757/SK BASES 030/WX 10,None,None,ZID,None,3000,38.365,-82.76758252753095
202201010000,F,BE23,NSE UA /OV NSE360011/TM 0000/FL040/TP BE23/SK TOPS BKN040,None,None,ZJX,None,4000,30.907548183348183,-87.0219
202201010000,F,P28A,SBA UA /OV GVO/TM 0000/FL065/TP P28A/G/TB DOWNDRAFT +/- 1000FT,None,DOWNDRAFT +,ZLA,None,6500,34.53,-120.09
202201010000,F,P28A,IZA UA /OV GVO/T
Attempting to create dataframe from csv file
Successfully created dataframe from CSV file
Cleaning dataframe
Classifying levels of turbulence
We dropped 34076/64491 pireps with unknown turbulence intensity
Dropping pireps w/ NA flight level, latitude, or longitude
We dropped 1817/30415 pireps with unknown flight level, latitude, or longitude
Binary filter: 243 SEV+ and 243 NONE/SMOOTH from 28598 total
Severe PIREPs: 243, Non-severe PIREPs sampled: 243/243
Final dataset size: 486/486 pireps
Fetching SIGMETs to annotate PIREPs...
Fetching SIGMETs from IEM for january 2022...
URL params: sts=2022-01-01T00:00:00Z, ets=2022-02-01T00:00:00Z
Response status: 200
Response was 174.2 KB
Loaded 1558 raw SIGMET records
Dropped 0 rows with missing time/geometry
Processed 1558 valid SIGMET records
SIGMETs found for 24 PIREPs
Writing 486 pireps with altitude and turbulence to csv
Writing csv to output file: /cluster/tufts/capstone25skyblue/scleme01/SatelliteTurbulencePrediction/src/../pireps/2022/01_turb_pireps.csv
Finished writing csv output
