srun: error: Unable to create step for job 452920: Invalid generic resource (gres) specification
**** get_sigmets.py: Download and clean Convective SIGMETs ****
Fetching SIGMETs from IEM for november 2024...
URL params: sts=2024-11-01T00:00:00Z, ets=2024-12-01T00:00:00Z
Response status: 200
Response was 260.6 KB
Loaded 2315 raw SIGMET records
Dropped 0 rows with missing time/geometry
Processed 2315 valid SIGMET records
Writing 2315 SIGMETs to output
Writing CSV to: /cluster/tufts/capstone25skyblue/scleme01/SatelliteTurbulencePrediction/src/sigmet_data/2024/11_sigmets.csv
Finished writing SIGMET CSV
**** Welcome! This script will take a month and year and return a csv file ****
**** with pireps that mention turbulence from this month and year          ****
Performing GET request, this may take a moment...
Request was 17.06 Mb
Response status code: 200
Response text preview: VALID,URGENT,AIRCRAFT,REPORT,ICING,TURBULENCE,ATRCC,PRODUCT_ID,FL,LAT,LON
202411010003,F,M20P,PIH UA/OV PIH075045 /TM 0003/FL120/TP M20P /TA M13 /IC LGT MX,LGT MX,None,ZLC,202411010100-KMSC-UBUS01-PIREP,12000,43.1039400070996,-111.60673786253463
202411010003,F,M20P,PIH UA/OV PIH075045 /TM 0003 /FL120/TP M20P /TA M13 /IC LGT MX,LGT MX,None,ZLC,202411010145-KWBC-UBUS31-PRCUS,12000,43.1039400070996,-111.60673786253463
202411010004,F,A320,UA /OV CYQB /TM 0004 /FLDURC /TP A320 /RM ON DEP RWY 06 15 KT
Attempting to create dataframe from csv file
Successfully created dataframe from CSV file
Cleaning dataframe
Classifying levels of turbulence
We dropped 52916/105197 pireps with unknown turbulence intensity
Dropping pireps w/ NA flight level, latitude, or longitude
We dropped 3273/52281 pireps with unknown flight level, latitude, or longitude
Binary filter: 205 SEV+ and 205 NONE/SMOOTH from 49008 total
Severe PIREPs: 205, Non-severe PIREPs sampled: 205/205
Final dataset size: 410/410 pireps
Fetching SIGMETs to annotate PIREPs...
Fetching SIGMETs from IEM for november 2024...
URL params: sts=2024-11-01T00:00:00Z, ets=2024-12-01T00:00:00Z
Response status: 200
Response was 260.6 KB
Loaded 2315 raw SIGMET records
Dropped 0 rows with missing time/geometry
Processed 2315 valid SIGMET records
SIGMETs found for 22 PIREPs
Writing 410 pireps with altitude and turbulence to csv
Writing csv to output file: /cluster/tufts/capstone25skyblue/scleme01/SatelliteTurbulencePrediction/src/../pireps/2024/11_turb_pireps.csv
Finished writing csv output
