srun: error: Unable to create step for job 452923: Invalid generic resource (gres) specification
**** get_sigmets.py: Download and clean Convective SIGMETs ****
Fetching SIGMETs from IEM for february 2025...
URL params: sts=2025-02-01T00:00:00Z, ets=2025-03-01T00:00:00Z
Response status: 200
Response was 139.0 KB
Loaded 1234 raw SIGMET records
Dropped 0 rows with missing time/geometry
Processed 1234 valid SIGMET records
Writing 1234 SIGMETs to output
Writing CSV to: /cluster/tufts/capstone25skyblue/scleme01/SatelliteTurbulencePrediction/src/sigmet_data/2025/02_sigmets.csv
Finished writing SIGMET CSV
**** Welcome! This script will take a month and year and return a csv file ****
**** with pireps that mention turbulence from this month and year          ****
Performing GET request, this may take a moment...
Request was 19.05 Mb
Response status code: 200
Response text preview: VALID,URGENT,AIRCRAFT,REPORT,ICING,TURBULENCE,ATRCC,PRODUCT_ID,FL,LAT,LON
202502010000,F,SR22,ALB UA /OV ALB240010/TM 0000/FL055/TP SR22/TA 0/IC MOD MIX,MOD MIX,None,ZBW,202502010000-KMSC-UBUS01-PIREP,5500,42.67422991665992,-74.00020875578329
202502010000,F,E145,ROA UA /OV ROA/TM 0000/FL007/TP E145/SK B 007/WX MOD RAIN/RM BRAKING ACTION GOOD. RWY 6 LDAZ 6 APPROACH. 30KT TAILWIND FROM THE WEST ALOFT 015'.,None,None,ZDC,202502010000-KMSC-UBUS01-PIREP,700,37.31724016,-79.97367916
202502010000,F,E14
Attempting to create dataframe from csv file
Successfully created dataframe from CSV file
Cleaning dataframe
Classifying levels of turbulence
We dropped 52572/113254 pireps with unknown turbulence intensity
Dropping pireps w/ NA flight level, latitude, or longitude
We dropped 4222/60682 pireps with unknown flight level, latitude, or longitude
Binary filter: 294 SEV+ and 294 NONE/SMOOTH from 56460 total
Severe PIREPs: 294, Non-severe PIREPs sampled: 294/294
Final dataset size: 588/588 pireps
Fetching SIGMETs to annotate PIREPs...
Fetching SIGMETs from IEM for february 2025...
URL params: sts=2025-02-01T00:00:00Z, ets=2025-03-01T00:00:00Z
Response status: 200
Response was 139.0 KB
Loaded 1234 raw SIGMET records
Dropped 0 rows with missing time/geometry
Processed 1234 valid SIGMET records
SIGMETs found for 33 PIREPs
Writing 588 pireps with altitude and turbulence to csv
Writing csv to output file: /cluster/tufts/capstone25skyblue/scleme01/SatelliteTurbulencePrediction/src/../pireps/2025/02_turb_pireps.csv
Finished writing csv output
