srun: error: Unable to create step for job 452840: Invalid generic resource (gres) specification
**** get_sigmets.py: Download and clean Convective SIGMETs ****
Fetching SIGMETs from IEM for march 2018...
URL params: sts=2018-03-01T00:00:00Z, ets=2018-04-01T00:00:00Z
Response status: 200
Response was 217.4 KB
Loaded 1788 raw SIGMET records
Dropped 0 rows with missing time/geometry
Processed 1788 valid SIGMET records
Writing 1788 SIGMETs to output
Writing CSV to: /cluster/tufts/capstone25skyblue/scleme01/SatelliteTurbulencePrediction/src/sigmet_data/2018/03_sigmets.csv
Finished writing SIGMET CSV
**** Welcome! This script will take a month and year and return a csv file ****
**** with pireps that mention turbulence from this month and year          ****
Performing GET request, this may take a moment...
Request was 8.73 Mb
Response status code: 200
Response text preview: VALID,URGENT,AIRCRAFT,REPORT,ICING,TURBULENCE,ATRCC,PRODUCT_ID,FL,LAT,LON
201803010000,F,T210,COS UA /OV COS/TM 0000/FL110/TP T210/IC TRC IC/RM 10 NM E COS 100 TRC IC 110,TRC IC,None,ZDV,None,11000,38.80581,-104.70078
201803010000,F,A320,GRK UA /OV LLO /TM 0000 /FL370 /TP A320 /TB MOD CHOP /RM FM KZHU AWC-WEB:,None,MOD CHOP,ZHU,None,37000,30.8,-98.79
201803010000,F,A320,GRK UA /OV LLO /TM 0000 /FL370 /TP A320 /TB MOD CHOP /RM FM KZHU AWC-WEB,None,MOD CHOP,ZHU,None,37000,30.8,-98.79
201803010000,
Attempting to create dataframe from csv file
Successfully created dataframe from CSV file
Cleaning dataframe
Classifying levels of turbulence
We dropped 32767/62613 pireps with unknown turbulence intensity
Dropping pireps w/ NA flight level, latitude, or longitude
We dropped 1483/29846 pireps with unknown flight level, latitude, or longitude
Binary filter: 332 SEV+ and 332 NONE/SMOOTH from 28363 total
Severe PIREPs: 332, Non-severe PIREPs sampled: 332/332
Final dataset size: 664/664 pireps
Fetching SIGMETs to annotate PIREPs...
Fetching SIGMETs from IEM for march 2018...
URL params: sts=2018-03-01T00:00:00Z, ets=2018-04-01T00:00:00Z
Response status: 200
Response was 217.4 KB
Loaded 1788 raw SIGMET records
Dropped 0 rows with missing time/geometry
Processed 1788 valid SIGMET records
SIGMETs found for 14 PIREPs
Writing 664 pireps with altitude and turbulence to csv
Writing csv to output file: /cluster/tufts/capstone25skyblue/scleme01/SatelliteTurbulencePrediction/src/../pireps/2018/03_turb_pireps.csv
Finished writing csv output
