srun: error: Unable to create step for job 452864: Invalid generic resource (gres) specification
**** get_sigmets.py: Download and clean Convective SIGMETs ****
Fetching SIGMETs from IEM for march 2020...
URL params: sts=2020-03-01T00:00:00Z, ets=2020-04-01T00:00:00Z
Response status: 200
Response was 284.9 KB
Loaded 2486 raw SIGMET records
Dropped 0 rows with missing time/geometry
Processed 2486 valid SIGMET records
Writing 2486 SIGMETs to output
Writing CSV to: /cluster/tufts/capstone25skyblue/scleme01/SatelliteTurbulencePrediction/src/sigmet_data/2020/03_sigmets.csv
Finished writing SIGMET CSV
**** Welcome! This script will take a month and year and return a csv file ****
**** with pireps that mention turbulence from this month and year          ****
Performing GET request, this may take a moment...
Request was 8.87 Mb
Response status code: 200
Response text preview: VALID,URGENT,AIRCRAFT,REPORT,ICING,TURBULENCE,ATRCC,PRODUCT_ID,FL,LAT,LON
202003010000,F,B763,MHT UA /OV MHT/TM 0000/FL006/TP B763/WV,None,None,ZBW,None,600,42.93281,-71.43575
202003010000,F,SW4,IER UA /OV SHV135070 /TM 0000 /FL180 /TP SW4 /TB LGT CHOP /RM SMOOTHED OUT AT 160,None,LGT CHOP,ZHU,None,18000,31.622175266958052,-92.8467507550521
202003010002,F,H60,UA /OV CYPR 150085 /TM 0002 /FL070 /TP H60 /SK 060SCT /WV 250015,None,None,None,None,7000,53.059141301457586,-129.23117791425608
202003010
Attempting to create dataframe from csv file
Successfully created dataframe from CSV file
Cleaning dataframe
Classifying levels of turbulence
We dropped 31425/63925 pireps with unknown turbulence intensity
Dropping pireps w/ NA flight level, latitude, or longitude
We dropped 1614/32500 pireps with unknown flight level, latitude, or longitude
Binary filter: 347 SEV+ and 347 NONE/SMOOTH from 30886 total
Severe PIREPs: 347, Non-severe PIREPs sampled: 347/347
Final dataset size: 694/694 pireps
Fetching SIGMETs to annotate PIREPs...
Fetching SIGMETs from IEM for march 2020...
URL params: sts=2020-03-01T00:00:00Z, ets=2020-04-01T00:00:00Z
Response status: 200
Response was 284.9 KB
Loaded 2486 raw SIGMET records
Dropped 0 rows with missing time/geometry
Processed 2486 valid SIGMET records
SIGMETs found for 57 PIREPs
Writing 694 pireps with altitude and turbulence to csv
Writing csv to output file: /cluster/tufts/capstone25skyblue/scleme01/SatelliteTurbulencePrediction/src/../pireps/2020/03_turb_pireps.csv
Finished writing csv output
