srun: error: Unable to create step for job 452878: Invalid generic resource (gres) specification
**** get_sigmets.py: Download and clean Convective SIGMETs ****
Fetching SIGMETs from IEM for may 2021...
URL params: sts=2021-05-01T00:00:00Z, ets=2021-06-01T00:00:00Z
Response status: 200
Response was 696.6 KB
Loaded 6290 raw SIGMET records
Dropped 0 rows with missing time/geometry
Processed 6290 valid SIGMET records
Writing 6290 SIGMETs to output
Writing CSV to: /cluster/tufts/capstone25skyblue/scleme01/SatelliteTurbulencePrediction/src/sigmet_data/2021/05_sigmets.csv
Finished writing SIGMET CSV
**** Welcome! This script will take a month and year and return a csv file ****
**** with pireps that mention turbulence from this month and year          ****
Performing GET request, this may take a moment...
Request was 7.19 Mb
Response status code: 200
Response text preview: VALID,URGENT,AIRCRAFT,REPORT,ICING,TURBULENCE,ATRCC,PRODUCT_ID,FL,LAT,LON
202105010000,F,E145,CHO UA /OV GVE/TM 0000/FL280/TP E145/TB CONS LGT,None,CONS LGT,ZDC,None,28000,38.156,-78.1658
202105010000,F,CRJ2,FSM UA /OV FSM/TM 0000/FL220/TP CRJ2/TB MOD/RM ZME,None,MOD,ZME,None,22000,35.33658,-94.36744
202105010001,F,C172,HIO UA /OV KHIO/TM 0001/FL030/TP C172/SK BKN035,None,None,ZSE,None,3000,45.54061,-122.95019
202105010002,F,F18S,TVR UA /OV SQS270015-SQS225053 /TM 0002 /FL340 /TP F18S /SK OVC-TO
Attempting to create dataframe from csv file
Successfully created dataframe from CSV file
Cleaning dataframe
Classifying levels of turbulence
We dropped 23288/46900 pireps with unknown turbulence intensity
Dropping pireps w/ NA flight level, latitude, or longitude
We dropped 1243/23612 pireps with unknown flight level, latitude, or longitude
Binary filter: 173 SEV+ and 173 NONE/SMOOTH from 22369 total
Severe PIREPs: 173, Non-severe PIREPs sampled: 173/173
Final dataset size: 346/346 pireps
Fetching SIGMETs to annotate PIREPs...
Fetching SIGMETs from IEM for may 2021...
URL params: sts=2021-05-01T00:00:00Z, ets=2021-06-01T00:00:00Z
Response status: 200
Response was 696.6 KB
Loaded 6290 raw SIGMET records
Dropped 0 rows with missing time/geometry
Processed 6290 valid SIGMET records
SIGMETs found for 21 PIREPs
Writing 346 pireps with altitude and turbulence to csv
Writing csv to output file: /cluster/tufts/capstone25skyblue/scleme01/SatelliteTurbulencePrediction/src/../pireps/2021/05_turb_pireps.csv
Finished writing csv output
