srun: error: Unable to create step for job 452922: Invalid generic resource (gres) specification
**** get_sigmets.py: Download and clean Convective SIGMETs ****
Fetching SIGMETs from IEM for january 2025...
URL params: sts=2025-01-01T00:00:00Z, ets=2025-02-01T00:00:00Z
Response status: 200
Response was 102.3 KB
Loaded 870 raw SIGMET records
Dropped 0 rows with missing time/geometry
Processed 870 valid SIGMET records
Writing 870 SIGMETs to output
Writing CSV to: /cluster/tufts/capstone25skyblue/scleme01/SatelliteTurbulencePrediction/src/sigmet_data/2025/01_sigmets.csv
Finished writing SIGMET CSV
**** Welcome! This script will take a month and year and return a csv file ****
**** with pireps that mention turbulence from this month and year          ****
Performing GET request, this may take a moment...
Request was 17.97 Mb
Response status code: 200
Response text preview: VALID,URGENT,AIRCRAFT,REPORT,ICING,TURBULENCE,ATRCC,PRODUCT_ID,FL,LAT,LON
202501010000,F,B739,DTW UA /OV 4L FINAL/TM 0000/FLDURD/TP B739/SK BASES 700',None,None,ZOB,202501010000-KMSC-UBUS01-PIREP,None,42.23,-83.33
202501010000,F,B739,DTW UA /OV 4L FINAL/TM 0000/FLDURD/TP B739/SK BASES 700,None,None,ZOB,202501010005-KWBC-UBUS31-PRCUS,None,42.23,-83.33
202501010000,F,C25C,MKE UA /OV MKE190005/TM 0000/FL020/TP C25C/SK OVC026-TOPS035,None,None,ZAU,202501010000-KMSC-UBUS01-PIREP,2000,42.86513603979,-
Attempting to create dataframe from csv file
Successfully created dataframe from CSV file
Cleaning dataframe
Classifying levels of turbulence
We dropped 49494/107918 pireps with unknown turbulence intensity
Dropping pireps w/ NA flight level, latitude, or longitude
We dropped 4395/58424 pireps with unknown flight level, latitude, or longitude
Binary filter: 356 SEV+ and 356 NONE/SMOOTH from 54029 total
Severe PIREPs: 356, Non-severe PIREPs sampled: 356/356
Final dataset size: 712/712 pireps
Fetching SIGMETs to annotate PIREPs...
Fetching SIGMETs from IEM for january 2025...
URL params: sts=2025-01-01T00:00:00Z, ets=2025-02-01T00:00:00Z
Response status: 200
Response was 102.3 KB
Loaded 870 raw SIGMET records
Dropped 0 rows with missing time/geometry
Processed 870 valid SIGMET records
SIGMETs found for 28 PIREPs
Writing 712 pireps with altitude and turbulence to csv
Writing csv to output file: /cluster/tufts/capstone25skyblue/scleme01/SatelliteTurbulencePrediction/src/../pireps/2025/01_turb_pireps.csv
Finished writing csv output
