srun: error: Unable to create step for job 452919: Invalid generic resource (gres) specification
**** get_sigmets.py: Download and clean Convective SIGMETs ****
Fetching SIGMETs from IEM for october 2024...
URL params: sts=2024-10-01T00:00:00Z, ets=2024-11-01T00:00:00Z
Response status: 200
Response was 303.9 KB
Loaded 2782 raw SIGMET records
Dropped 0 rows with missing time/geometry
Processed 2782 valid SIGMET records
Writing 2782 SIGMETs to output
Writing CSV to: /cluster/tufts/capstone25skyblue/scleme01/SatelliteTurbulencePrediction/src/sigmet_data/2024/10_sigmets.csv
Finished writing SIGMET CSV
**** Welcome! This script will take a month and year and return a csv file ****
**** with pireps that mention turbulence from this month and year          ****
Performing GET request, this may take a moment...
Request was 10.05 Mb
Response status code: 200
Response text preview: VALID,URGENT,AIRCRAFT,REPORT,ICING,TURBULENCE,ATRCC,PRODUCT_ID,FL,LAT,LON
202410010001,F,C208,MKK UA /OV MKK180004/TM 0001/FL050/TP C208/SK OVC050,None,None,None,202410010000-KMSC-UBUS01-PIREP,5000,21.083327933327933,-157.09
202410010001,F,CRJ9,SBN UA /OV SBN/TM 0001/FL060/TP CRJ9/SK OVC046-053/RM DURC,None,None,ZAU,202410010000-KMSC-UBUS01-PIREP,6000,41.70722,-86.31639
202410010002,F,A321,EYW UA /OV EYW360020/TM 0002/FL360/TP A321/TB OCNL LGT CHOP,None,OCNL LGT CHOP,ZMA,202410010000-KMSC-UBUS01
Attempting to create dataframe from csv file
Successfully created dataframe from CSV file
Cleaning dataframe
Classifying levels of turbulence
We dropped 23624/56237 pireps with unknown turbulence intensity
Dropping pireps w/ NA flight level, latitude, or longitude
We dropped 1828/32613 pireps with unknown flight level, latitude, or longitude
Binary filter: 148 SEV+ and 148 NONE/SMOOTH from 30785 total
Severe PIREPs: 148, Non-severe PIREPs sampled: 148/148
Final dataset size: 296/296 pireps
Fetching SIGMETs to annotate PIREPs...
Fetching SIGMETs from IEM for october 2024...
URL params: sts=2024-10-01T00:00:00Z, ets=2024-11-01T00:00:00Z
Response status: 200
Response was 303.9 KB
Loaded 2782 raw SIGMET records
Dropped 0 rows with missing time/geometry
Processed 2782 valid SIGMET records
SIGMETs found for 9 PIREPs
Writing 296 pireps with altitude and turbulence to csv
Writing csv to output file: /cluster/tufts/capstone25skyblue/scleme01/SatelliteTurbulencePrediction/src/../pireps/2024/10_turb_pireps.csv
Finished writing csv output
