srun: error: Unable to create step for job 452848: Invalid generic resource (gres) specification
**** get_sigmets.py: Download and clean Convective SIGMETs ****
Fetching SIGMETs from IEM for november 2018...
URL params: sts=2018-11-01T00:00:00Z, ets=2018-12-01T00:00:00Z
Response status: 200
Response was 190.3 KB
Loaded 1635 raw SIGMET records
Dropped 0 rows with missing time/geometry
Processed 1635 valid SIGMET records
Writing 1635 SIGMETs to output
Writing CSV to: /cluster/tufts/capstone25skyblue/scleme01/SatelliteTurbulencePrediction/src/sigmet_data/2018/11_sigmets.csv
Finished writing SIGMET CSV
**** Welcome! This script will take a month and year and return a csv file ****
**** with pireps that mention turbulence from this month and year          ****
Performing GET request, this may take a moment...
Request was 9.95 Mb
Response status code: 200
Response text preview: VALID,URGENT,AIRCRAFT,REPORT,ICING,TURBULENCE,ATRCC,PRODUCT_ID,FL,LAT,LON
201811010000,F,PC12,SLK UA /OV SLK/TM 0000/FL130/TP PC12/TA M04/IC MOD RIME/RM 130 BLW,MOD RIME,None,ZBW,None,13000,44.38531,-74.20619
201811010000,F,C130,LIT UA /OV 25 NW LIT/TM 0000/FL100/TP C130/TB CONT LT & OCNL MOD TURB DURD 100-020,None,CONT LT & OCNL MOD TURB DURD 100-020,ZME,None,10000,34.966309540037024,-92.65105100781943
201811010000,F,C130,LIT UA /OV 25 NW LIT/TM 0000/FL100/TP C130/TB CONT LT,None,CONT LT,ZME,No
Attempting to create dataframe from csv file
Successfully created dataframe from CSV file
Cleaning dataframe
Classifying levels of turbulence
We dropped 41399/71846 pireps with unknown turbulence intensity
Dropping pireps w/ NA flight level, latitude, or longitude
We dropped 1355/30447 pireps with unknown flight level, latitude, or longitude
Binary filter: 292 SEV+ and 292 NONE/SMOOTH from 29092 total
Severe PIREPs: 292, Non-severe PIREPs sampled: 292/292
Final dataset size: 584/584 pireps
Fetching SIGMETs to annotate PIREPs...
Fetching SIGMETs from IEM for november 2018...
URL params: sts=2018-11-01T00:00:00Z, ets=2018-12-01T00:00:00Z
Response status: 200
Response was 190.3 KB
Loaded 1635 raw SIGMET records
Dropped 0 rows with missing time/geometry
Processed 1635 valid SIGMET records
SIGMETs found for 18 PIREPs
Writing 584 pireps with altitude and turbulence to csv
Writing csv to output file: /cluster/tufts/capstone25skyblue/scleme01/SatelliteTurbulencePrediction/src/../pireps/2018/11_turb_pireps.csv
Finished writing csv output
