srun: error: Unable to create step for job 452854: Invalid generic resource (gres) specification
**** get_sigmets.py: Download and clean Convective SIGMETs ****
Fetching SIGMETs from IEM for may 2019...
URL params: sts=2019-05-01T00:00:00Z, ets=2019-06-01T00:00:00Z
Response status: 200
Response was 642.0 KB
Loaded 5602 raw SIGMET records
Dropped 0 rows with missing time/geometry
Processed 5602 valid SIGMET records
Writing 5602 SIGMETs to output
Writing CSV to: /cluster/tufts/capstone25skyblue/scleme01/SatelliteTurbulencePrediction/src/sigmet_data/2019/05_sigmets.csv
Finished writing SIGMET CSV
**** Welcome! This script will take a month and year and return a csv file ****
**** with pireps that mention turbulence from this month and year          ****
Performing GET request, this may take a moment...
Request was 8.21 Mb
Response status code: 200
Response text preview: VALID,URGENT,AIRCRAFT,REPORT,ICING,TURBULENCE,ATRCC,PRODUCT_ID,FL,LAT,LON
201905010000,F,E170,SBN UA /OV GIJ270030/TM 0000/FL150/TP E170/TA M05/IC LGT RIME 150-170,LGT RIME 150-170,None,ZAU,None,15000,41.77,-86.99045295040533
201905010000,F,B739,ALS UA /OV ALS160045/TM 0000/FL340/TP B739/TB MOD CHOP/RM MTW +-15KTS.....ZDV,None,MOD CHOP,ZDV,None,34000,36.734063448026774,-105.53829783100554
201905010000,F,C68A,SUX UA /OV KSUX/TM 0000/FL040/TP C68A/SK OVC033-TOPUNKN/RM DURC RY 13,None,None,ZMP,None
Attempting to create dataframe from csv file
Successfully created dataframe from CSV file
Cleaning dataframe
Classifying levels of turbulence
We dropped 28484/58288 pireps with unknown turbulence intensity
Dropping pireps w/ NA flight level, latitude, or longitude
We dropped 1182/29804 pireps with unknown flight level, latitude, or longitude
Binary filter: 293 SEV+ and 293 NONE/SMOOTH from 28622 total
Severe PIREPs: 293, Non-severe PIREPs sampled: 293/293
Final dataset size: 586/586 pireps
Fetching SIGMETs to annotate PIREPs...
Fetching SIGMETs from IEM for may 2019...
URL params: sts=2019-05-01T00:00:00Z, ets=2019-06-01T00:00:00Z
Response status: 200
Response was 642.0 KB
Loaded 5602 raw SIGMET records
Dropped 0 rows with missing time/geometry
Processed 5602 valid SIGMET records
SIGMETs found for 75 PIREPs
Writing 586 pireps with altitude and turbulence to csv
Writing csv to output file: /cluster/tufts/capstone25skyblue/scleme01/SatelliteTurbulencePrediction/src/../pireps/2019/05_turb_pireps.csv
Finished writing csv output
