srun: error: Unable to create step for job 452851: Invalid generic resource (gres) specification
**** get_sigmets.py: Download and clean Convective SIGMETs ****
Fetching SIGMETs from IEM for february 2019...
URL params: sts=2019-02-01T00:00:00Z, ets=2019-03-01T00:00:00Z
Response status: 200
Response was 190.3 KB
Loaded 1685 raw SIGMET records
Dropped 0 rows with missing time/geometry
Processed 1685 valid SIGMET records
Writing 1685 SIGMETs to output
Writing CSV to: /cluster/tufts/capstone25skyblue/scleme01/SatelliteTurbulencePrediction/src/sigmet_data/2019/02_sigmets.csv
Finished writing SIGMET CSV
**** Welcome! This script will take a month and year and return a csv file ****
**** with pireps that mention turbulence from this month and year          ****
Performing GET request, this may take a moment...
Request was 10.32 Mb
Response status code: 200
Response text preview: VALID,URGENT,AIRCRAFT,REPORT,ICING,TURBULENCE,ATRCC,PRODUCT_ID,FL,LAT,LON
201902010000,F,PC12,CRP UA /OV CRP240005/TM 0000/FL050/TP PC12/TB CONSTANT LIGHT  OCNL MODERATE,None,CONSTANT LIGHT  OCNL MODERATE,ZHU,None,5000,27.73138995832996,-97.5943516722162
201902010000,F,C182,OJC UA /OV OJC180006/TM 0000/FL043/TP C182/SK OVC043 TOP045,None,None,ZKC,None,4300,38.749991899991905,-94.73917
201902010000,F,FA50,LJF UA /OV DWN330007/TM 0000/FL050/TP FA50/SK UNKN078-TOP085/TA M14/IC MOD RIME 085-078,MOD 
Attempting to create dataframe from csv file
Successfully created dataframe from CSV file
Cleaning dataframe
Classifying levels of turbulence
We dropped 39260/73975 pireps with unknown turbulence intensity
Dropping pireps w/ NA flight level, latitude, or longitude
We dropped 1431/34715 pireps with unknown flight level, latitude, or longitude
Binary filter: 375 SEV+ and 375 NONE/SMOOTH from 33284 total
Severe PIREPs: 375, Non-severe PIREPs sampled: 375/375
Final dataset size: 750/750 pireps
Fetching SIGMETs to annotate PIREPs...
Fetching SIGMETs from IEM for february 2019...
URL params: sts=2019-02-01T00:00:00Z, ets=2019-03-01T00:00:00Z
Response status: 200
Response was 190.3 KB
Loaded 1685 raw SIGMET records
Dropped 0 rows with missing time/geometry
Processed 1685 valid SIGMET records
SIGMETs found for 38 PIREPs
Writing 750 pireps with altitude and turbulence to csv
Writing csv to output file: /cluster/tufts/capstone25skyblue/scleme01/SatelliteTurbulencePrediction/src/../pireps/2019/02_turb_pireps.csv
Finished writing csv output
