Razzle Dazzle Rose
Spring 2026

MOST RECENT AND SUCCESSFUL TRAINING OF THE SAT CONV3D MODEL


Resetting environment
Deactivating conda environment (if any)
Purging all modules
Done! Environment has been torn down
Allocating resources with slurm...
Loading cuda and miniforge...
Activating conda environment...
Redirecting into the satellite repo...
Done! Environment has now been set up
Fri Apr 17 12:00:04 2026       
+-----------------------------------------------------------------------------------------+
| NVIDIA-SMI 575.57.08              Driver Version: 575.57.08      CUDA Version: 12.9     |
|-----------------------------------------+------------------------+----------------------+
| GPU  Name                 Persistence-M | Bus-Id          Disp.A | Volatile Uncorr. ECC |
| Fan  Temp   Perf          Pwr:Usage/Cap |           Memory-Usage | GPU-Util  Compute M. |
|                                         |                        |               MIG M. |
|=========================================+========================+======================|
|   0  NVIDIA L40S                    On  |   00000000:3F:00.0 Off |                    0 |
| N/A   34C    P8             35W /  350W |       0MiB /  46068MiB |      0%      Default |
|                                         |                        |                  N/A |
+-----------------------------------------+------------------------+----------------------+
                                                                                         
+-----------------------------------------------------------------------------------------+
| Processes:                                                                              |
|  GPU   GI   CI              PID   Type   Process name                        GPU Memory |
|        ID   ID                                                               Usage      |
|=========================================================================================|
|  No running processes found                                                             |
+-----------------------------------------------------------------------------------------+
About to train the conv3d model with seed 42
Using device: cuda (1 GPU(s))
Model type: conv3d
Thresholds for test eval: [0.3, 0.4, 0.5]
Number of EPOCHS: 20
Data directory: /cluster/tufts/capstone25skyblue/scleme01/SatelliteTurbulencePrediction/model_inputs
SatelliteDataLoader: found 46181 samples
Dataset size: 46181

=== STARTUP DIAGNOSTICS ===
Label distribution (first 500 samples): class 0 = 247 (49.4%), class 1 = 253 (50.6%)
Sample weights — min: 0.6000, max: 1.0000, mean: 0.7148, std: 0.1167
Metadata shape: (500, 4)
  Feature 0: min=-2.4403, max=3.6271, mean=0.0000, std=1.0000
  Feature 1: min=-2.6574, max=9.1359, mean=-0.0000, std=1.0000
  Feature 2: min=-1.5342, max=5.2074, mean=0.0000, std=1.0000
  Feature 3: min=-0.2196, max=4.5537, mean=-0.0000, std=0.9999
=== END DIAGNOSTICS ===


L2 alpha = 0.003
  Fold 0
    Epoch 0: train_loss=0.4758, val_loss=0.4396
Checkpoint saved: l2_idx=0, fold=0, epoch=0
    Epoch 1: train_loss=0.4396, val_loss=0.4346
Checkpoint saved: l2_idx=0, fold=0, epoch=1
    Epoch 2: train_loss=0.4387, val_loss=0.4299
Checkpoint saved: l2_idx=0, fold=0, epoch=2
    Epoch 3: train_loss=0.4292, val_loss=0.4276
Checkpoint saved: l2_idx=0, fold=0, epoch=3
    Epoch 4: train_loss=0.4258, val_loss=0.4225
Checkpoint saved: l2_idx=0, fold=0, epoch=4
    Epoch 5: train_loss=0.4233, val_loss=0.4195
Checkpoint saved: l2_idx=0, fold=0, epoch=5
    Epoch 6: train_loss=0.4231, val_loss=0.4200
Checkpoint saved: l2_idx=0, fold=0, epoch=6
    Epoch 7: train_loss=0.4522, val_loss=0.4204
Checkpoint saved: l2_idx=0, fold=0, epoch=7
    Epoch 8: train_loss=0.5057, val_loss=0.4255
Checkpoint saved: l2_idx=0, fold=0, epoch=8
    Epoch 9: train_loss=0.4290, val_loss=0.4229
Checkpoint saved: l2_idx=0, fold=0, epoch=9
    Epoch 10: train_loss=0.4235, val_loss=0.4204
Checkpoint saved: l2_idx=0, fold=0, epoch=10
    Epoch 11: train_loss=0.4222, val_loss=0.4186
Checkpoint saved: l2_idx=0, fold=0, epoch=11
    Epoch 12: train_loss=0.4220, val_loss=0.4173
Checkpoint saved: l2_idx=0, fold=0, epoch=12
    Epoch 13: train_loss=0.4312, val_loss=0.4189
Checkpoint saved: l2_idx=0, fold=0, epoch=13
    Epoch 14: train_loss=0.4219, val_loss=0.4177
Checkpoint saved: l2_idx=0, fold=0, epoch=14
    Epoch 15: train_loss=0.4333, val_loss=0.4183
Checkpoint saved: l2_idx=0, fold=0, epoch=15
    Epoch 16: train_loss=0.4212, val_loss=0.4190
Checkpoint saved: l2_idx=0, fold=0, epoch=16
    Epoch 17: train_loss=0.4478, val_loss=0.4202
Checkpoint saved: l2_idx=0, fold=0, epoch=17
    Epoch 18: train_loss=0.4192, val_loss=0.4200
Checkpoint saved: l2_idx=0, fold=0, epoch=18
    Epoch 19: train_loss=0.4680, val_loss=0.4171
Checkpoint saved: l2_idx=0, fold=0, epoch=19
  Fold 0 final val_loss: 0.4171
  Fold 1
    Epoch 0: train_loss=0.4792, val_loss=0.4378
Checkpoint saved: l2_idx=0, fold=1, epoch=0
    Epoch 1: train_loss=0.4368, val_loss=0.4334
Checkpoint saved: l2_idx=0, fold=1, epoch=1
    Epoch 2: train_loss=0.4329, val_loss=0.4271
Checkpoint saved: l2_idx=0, fold=1, epoch=2
    Epoch 3: train_loss=0.4301, val_loss=0.4249
Checkpoint saved: l2_idx=0, fold=1, epoch=3
    Epoch 4: train_loss=0.4270, val_loss=0.4211
Checkpoint saved: l2_idx=0, fold=1, epoch=4
    Epoch 5: train_loss=0.4331, val_loss=0.4214
Checkpoint saved: l2_idx=0, fold=1, epoch=5
    Epoch 6: train_loss=0.4260, val_loss=0.4210
Checkpoint saved: l2_idx=0, fold=1, epoch=6
    Epoch 7: train_loss=0.4359, val_loss=0.4211
Checkpoint saved: l2_idx=0, fold=1, epoch=7
    Epoch 8: train_loss=0.4337, val_loss=0.4244
Checkpoint saved: l2_idx=0, fold=1, epoch=8
    Epoch 9: train_loss=0.4245, val_loss=0.4193
Checkpoint saved: l2_idx=0, fold=1, epoch=9
    Epoch 10: train_loss=0.4796, val_loss=0.4195
Checkpoint saved: l2_idx=0, fold=1, epoch=10
    Epoch 11: train_loss=0.4236, val_loss=0.4208
Checkpoint saved: l2_idx=0, fold=1, epoch=11
    Epoch 12: train_loss=0.4230, val_loss=0.4168
Checkpoint saved: l2_idx=0, fold=1, epoch=12
    Epoch 13: train_loss=0.4231, val_loss=0.4159
Checkpoint saved: l2_idx=0, fold=1, epoch=13
    Epoch 14: train_loss=0.4227, val_loss=0.4164
Checkpoint saved: l2_idx=0, fold=1, epoch=14
    Epoch 15: train_loss=0.4212, val_loss=4.3501
Checkpoint saved: l2_idx=0, fold=1, epoch=15
    Epoch 16: train_loss=0.5157, val_loss=0.4173
Checkpoint saved: l2_idx=0, fold=1, epoch=16
    Epoch 17: train_loss=0.4245, val_loss=0.4190
Checkpoint saved: l2_idx=0, fold=1, epoch=17
    Epoch 18: train_loss=0.4203, val_loss=0.4155
Checkpoint saved: l2_idx=0, fold=1, epoch=18
    Epoch 19: train_loss=0.4722, val_loss=0.4168
Checkpoint saved: l2_idx=0, fold=1, epoch=19
  Fold 1 final val_loss: 0.4168
  Fold 2
    Epoch 0: train_loss=0.4801, val_loss=0.4357
Checkpoint saved: l2_idx=0, fold=2, epoch=0
    Epoch 1: train_loss=0.4588, val_loss=0.4305
Checkpoint saved: l2_idx=0, fold=2, epoch=1
    Epoch 2: train_loss=0.4331, val_loss=0.4261
Checkpoint saved: l2_idx=0, fold=2, epoch=2
    Epoch 3: train_loss=0.5113, val_loss=0.4263
Checkpoint saved: l2_idx=0, fold=2, epoch=3
    Epoch 4: train_loss=0.4299, val_loss=0.4229
Checkpoint saved: l2_idx=0, fold=2, epoch=4
    Epoch 5: train_loss=0.4266, val_loss=0.4223
Checkpoint saved: l2_idx=0, fold=2, epoch=5
    Epoch 6: train_loss=0.4242, val_loss=0.4193
Checkpoint saved: l2_idx=0, fold=2, epoch=6
    Epoch 7: train_loss=0.4596, val_loss=0.4251
Checkpoint saved: l2_idx=0, fold=2, epoch=7
    Epoch 8: train_loss=0.4360, val_loss=0.4200
Checkpoint saved: l2_idx=0, fold=2, epoch=8
    Epoch 9: train_loss=0.4288, val_loss=0.4204
Checkpoint saved: l2_idx=0, fold=2, epoch=9
    Epoch 10: train_loss=0.4214, val_loss=0.4178
Checkpoint saved: l2_idx=0, fold=2, epoch=10
    Epoch 11: train_loss=0.4385, val_loss=0.4187
Checkpoint saved: l2_idx=0, fold=2, epoch=11
    Epoch 12: train_loss=0.4460, val_loss=0.4152
Checkpoint saved: l2_idx=0, fold=2, epoch=12
    Epoch 13: train_loss=0.4219, val_loss=0.4155
Checkpoint saved: l2_idx=0, fold=2, epoch=13
    Epoch 14: train_loss=0.5313, val_loss=0.4169
Checkpoint saved: l2_idx=0, fold=2, epoch=14
    Epoch 15: train_loss=0.4230, val_loss=0.4144
Checkpoint saved: l2_idx=0, fold=2, epoch=15
    Epoch 16: train_loss=0.4576, val_loss=0.4177
Checkpoint saved: l2_idx=0, fold=2, epoch=16
    Epoch 17: train_loss=0.4257, val_loss=0.4185
Checkpoint saved: l2_idx=0, fold=2, epoch=17
    Epoch 18: train_loss=0.4409, val_loss=0.4191
Checkpoint saved: l2_idx=0, fold=2, epoch=18
    Epoch 19: train_loss=0.4266, val_loss=0.4185
Checkpoint saved: l2_idx=0, fold=2, epoch=19
  Fold 2 final val_loss: 0.4185
  Average CV loss for l2=0.003: 0.4174

L2 alpha = 0.001
  Fold 0
    Epoch 0: train_loss=0.4640, val_loss=0.4398
Checkpoint saved: l2_idx=1, fold=0, epoch=0
    Epoch 1: train_loss=0.4375, val_loss=0.4449
Checkpoint saved: l2_idx=1, fold=0, epoch=1
    Epoch 2: train_loss=0.4469, val_loss=0.4190
Checkpoint saved: l2_idx=1, fold=0, epoch=2
    Epoch 3: train_loss=0.4200, val_loss=0.4126
Checkpoint saved: l2_idx=1, fold=0, epoch=3
    Epoch 4: train_loss=0.4158, val_loss=0.4088
Checkpoint saved: l2_idx=1, fold=0, epoch=4
    Epoch 5: train_loss=0.4130, val_loss=0.4088
Checkpoint saved: l2_idx=1, fold=0, epoch=5
    Epoch 6: train_loss=0.4122, val_loss=0.4072
Checkpoint saved: l2_idx=1, fold=0, epoch=6
    Epoch 7: train_loss=0.4332, val_loss=0.4050
Checkpoint saved: l2_idx=1, fold=0, epoch=7
    Epoch 8: train_loss=0.4106, val_loss=0.4054
Checkpoint saved: l2_idx=1, fold=0, epoch=8
    Epoch 9: train_loss=0.4105, val_loss=0.4029
Checkpoint saved: l2_idx=1, fold=0, epoch=9
    Epoch 10: train_loss=0.4150, val_loss=0.4033
Checkpoint saved: l2_idx=1, fold=0, epoch=10
    Epoch 11: train_loss=0.4143, val_loss=0.4062
Checkpoint saved: l2_idx=1, fold=0, epoch=11
    Epoch 12: train_loss=0.4641, val_loss=0.4052
Checkpoint saved: l2_idx=1, fold=0, epoch=12
    Epoch 13: train_loss=0.4105, val_loss=0.4051
Checkpoint saved: l2_idx=1, fold=0, epoch=13
    Epoch 14: train_loss=0.4219, val_loss=0.4025
Checkpoint saved: l2_idx=1, fold=0, epoch=14
    Epoch 15: train_loss=0.4105, val_loss=0.4101
Checkpoint saved: l2_idx=1, fold=0, epoch=15
    Epoch 16: train_loss=0.4296, val_loss=0.4036
Checkpoint saved: l2_idx=1, fold=0, epoch=16
    Epoch 17: train_loss=0.4102, val_loss=0.4031
Checkpoint saved: l2_idx=1, fold=0, epoch=17
    Epoch 18: train_loss=0.4183, val_loss=0.4055
Checkpoint saved: l2_idx=1, fold=0, epoch=18
    Epoch 19: train_loss=0.4106, val_loss=0.4014
Checkpoint saved: l2_idx=1, fold=0, epoch=19
  Fold 0 final val_loss: 0.4014
  Fold 1
    Epoch 0: train_loss=0.4963, val_loss=0.4368
Checkpoint saved: l2_idx=1, fold=1, epoch=0
    Epoch 1: train_loss=0.4331, val_loss=0.4292
Checkpoint saved: l2_idx=1, fold=1, epoch=1
    Epoch 2: train_loss=0.4279, val_loss=0.4173
Checkpoint saved: l2_idx=1, fold=1, epoch=2
    Epoch 3: train_loss=0.4228, val_loss=0.4161
Checkpoint saved: l2_idx=1, fold=1, epoch=3
    Epoch 4: train_loss=0.4193, val_loss=0.4097
Checkpoint saved: l2_idx=1, fold=1, epoch=4
    Epoch 5: train_loss=0.4176, val_loss=0.4049
Checkpoint saved: l2_idx=1, fold=1, epoch=5
    Epoch 6: train_loss=0.4148, val_loss=0.4071
Checkpoint saved: l2_idx=1, fold=1, epoch=6
    Epoch 7: train_loss=0.4225, val_loss=0.4057
Checkpoint saved: l2_idx=1, fold=1, epoch=7
    Epoch 8: train_loss=0.4349, val_loss=0.4062
Checkpoint saved: l2_idx=1, fold=1, epoch=8
    Epoch 9: train_loss=0.4148, val_loss=0.4047
Checkpoint saved: l2_idx=1, fold=1, epoch=9
    Epoch 10: train_loss=0.4195, val_loss=0.4077
Checkpoint saved: l2_idx=1, fold=1, epoch=10
    Epoch 11: train_loss=0.4426, val_loss=0.4035
Checkpoint saved: l2_idx=1, fold=1, epoch=11
    Epoch 12: train_loss=0.4263, val_loss=0.4019
Checkpoint saved: l2_idx=1, fold=1, epoch=12
    Epoch 13: train_loss=0.4130, val_loss=0.4011
Checkpoint saved: l2_idx=1, fold=1, epoch=13
    Epoch 14: train_loss=0.4721, val_loss=0.4053
Checkpoint saved: l2_idx=1, fold=1, epoch=14
    Epoch 15: train_loss=0.4149, val_loss=0.4038
Checkpoint saved: l2_idx=1, fold=1, epoch=15
    Epoch 16: train_loss=0.4148, val_loss=0.4005
Checkpoint saved: l2_idx=1, fold=1, epoch=16
    Epoch 17: train_loss=0.4130, val_loss=0.4012
Checkpoint saved: l2_idx=1, fold=1, epoch=17
    Epoch 18: train_loss=0.4834, val_loss=0.4006
Checkpoint saved: l2_idx=1, fold=1, epoch=18
    Epoch 19: train_loss=0.4100, val_loss=0.4067
Checkpoint saved: l2_idx=1, fold=1, epoch=19
  Fold 1 final val_loss: 0.4067
  Fold 2
    Epoch 0: train_loss=0.4653, val_loss=0.4326
Checkpoint saved: l2_idx=1, fold=2, epoch=0
    Epoch 1: train_loss=0.4405, val_loss=0.4229
Checkpoint saved: l2_idx=1, fold=2, epoch=1
    Epoch 2: train_loss=0.4270, val_loss=0.4139
Checkpoint saved: l2_idx=1, fold=2, epoch=2
    Epoch 3: train_loss=0.4195, val_loss=0.4105
Checkpoint saved: l2_idx=1, fold=2, epoch=3
    Epoch 4: train_loss=0.4161, val_loss=0.4080
Checkpoint saved: l2_idx=1, fold=2, epoch=4
    Epoch 5: train_loss=0.4345, val_loss=0.4132
Checkpoint saved: l2_idx=1, fold=2, epoch=5
    Epoch 6: train_loss=0.4117, val_loss=0.4075
Checkpoint saved: l2_idx=1, fold=2, epoch=6
    Epoch 7: train_loss=0.4206, val_loss=0.4045
Checkpoint saved: l2_idx=1, fold=2, epoch=7
    Epoch 8: train_loss=0.4409, val_loss=0.4062
Checkpoint saved: l2_idx=1, fold=2, epoch=8
    Epoch 9: train_loss=0.4122, val_loss=0.4027
Checkpoint saved: l2_idx=1, fold=2, epoch=9
    Epoch 10: train_loss=0.4206, val_loss=0.4022
Checkpoint saved: l2_idx=1, fold=2, epoch=10
    Epoch 11: train_loss=0.4144, val_loss=0.4054
Checkpoint saved: l2_idx=1, fold=2, epoch=11
    Epoch 12: train_loss=0.4106, val_loss=0.4022
Checkpoint saved: l2_idx=1, fold=2, epoch=12
    Epoch 13: train_loss=0.4098, val_loss=0.4031
Checkpoint saved: l2_idx=1, fold=2, epoch=13
    Epoch 14: train_loss=0.4197, val_loss=0.4061
Checkpoint saved: l2_idx=1, fold=2, epoch=14
    Epoch 15: train_loss=0.4121, val_loss=0.4026
Checkpoint saved: l2_idx=1, fold=2, epoch=15
    Epoch 16: train_loss=0.4275, val_loss=0.4016
Checkpoint saved: l2_idx=1, fold=2, epoch=16
    Epoch 17: train_loss=0.4160, val_loss=0.4035
Checkpoint saved: l2_idx=1, fold=2, epoch=17
    Epoch 18: train_loss=0.4289, val_loss=0.4035
Checkpoint saved: l2_idx=1, fold=2, epoch=18
    Epoch 19: train_loss=0.4157, val_loss=0.4041
Checkpoint saved: l2_idx=1, fold=2, epoch=19
  Fold 2 final val_loss: 0.4041
  Average CV loss for l2=0.001: 0.4041

L2 alpha = 0.0003
  Fold 0
    Epoch 0: train_loss=0.4747, val_loss=0.4361
Checkpoint saved: l2_idx=2, fold=0, epoch=0
    Epoch 1: train_loss=0.4395, val_loss=0.4228
Checkpoint saved: l2_idx=2, fold=0, epoch=1
    Epoch 2: train_loss=0.4208, val_loss=0.4139
Checkpoint saved: l2_idx=2, fold=0, epoch=2
    Epoch 3: train_loss=0.4185, val_loss=0.4070
Checkpoint saved: l2_idx=2, fold=0, epoch=3
    Epoch 4: train_loss=0.4128, val_loss=0.4041
Checkpoint saved: l2_idx=2, fold=0, epoch=4
    Epoch 5: train_loss=0.4196, val_loss=0.4033
Checkpoint saved: l2_idx=2, fold=0, epoch=5
    Epoch 6: train_loss=0.4117, val_loss=0.4015
Checkpoint saved: l2_idx=2, fold=0, epoch=6
    Epoch 7: train_loss=0.4085, val_loss=0.4033
Checkpoint saved: l2_idx=2, fold=0, epoch=7
    Epoch 8: train_loss=0.4107, val_loss=0.3998
Checkpoint saved: l2_idx=2, fold=0, epoch=8
    Epoch 9: train_loss=0.4071, val_loss=0.3998
Checkpoint saved: l2_idx=2, fold=0, epoch=9
    Epoch 10: train_loss=0.4079, val_loss=0.3975
Checkpoint saved: l2_idx=2, fold=0, epoch=10
    Epoch 11: train_loss=0.4044, val_loss=0.3998
Checkpoint saved: l2_idx=2, fold=0, epoch=11
    Epoch 12: train_loss=0.4065, val_loss=0.3976
Checkpoint saved: l2_idx=2, fold=0, epoch=12
    Epoch 13: train_loss=0.4053, val_loss=0.3976
Checkpoint saved: l2_idx=2, fold=0, epoch=13
    Epoch 14: train_loss=0.4226, val_loss=0.3959
Checkpoint saved: l2_idx=2, fold=0, epoch=14
    Epoch 15: train_loss=0.4055, val_loss=0.3970
Checkpoint saved: l2_idx=2, fold=0, epoch=15
    Epoch 16: train_loss=0.4060, val_loss=0.3949
Checkpoint saved: l2_idx=2, fold=0, epoch=16
    Epoch 17: train_loss=0.4068, val_loss=0.3993
Checkpoint saved: l2_idx=2, fold=0, epoch=17
    Epoch 18: train_loss=0.4056, val_loss=0.3958
Checkpoint saved: l2_idx=2, fold=0, epoch=18
    Epoch 19: train_loss=0.4062, val_loss=0.3939
Checkpoint saved: l2_idx=2, fold=0, epoch=19
  Fold 0 final val_loss: 0.3939
  Fold 1
    Epoch 0: train_loss=0.4791, val_loss=0.4374
Checkpoint saved: l2_idx=2, fold=1, epoch=0
    Epoch 1: train_loss=0.4331, val_loss=0.4229
Checkpoint saved: l2_idx=2, fold=1, epoch=1
    Epoch 2: train_loss=0.4235, val_loss=0.4124
Checkpoint saved: l2_idx=2, fold=1, epoch=2
    Epoch 3: train_loss=0.4174, val_loss=0.4046
Checkpoint saved: l2_idx=2, fold=1, epoch=3
    Epoch 4: train_loss=0.4145, val_loss=0.4034
Checkpoint saved: l2_idx=2, fold=1, epoch=4
    Epoch 5: train_loss=0.4134, val_loss=0.4011
Checkpoint saved: l2_idx=2, fold=1, epoch=5
    Epoch 6: train_loss=0.4113, val_loss=0.4005
Checkpoint saved: l2_idx=2, fold=1, epoch=6
    Epoch 7: train_loss=0.4103, val_loss=0.4003
Checkpoint saved: l2_idx=2, fold=1, epoch=7
    Epoch 8: train_loss=0.4086, val_loss=0.3965
Checkpoint saved: l2_idx=2, fold=1, epoch=8
    Epoch 9: train_loss=0.4157, val_loss=0.3966
Checkpoint saved: l2_idx=2, fold=1, epoch=9
    Epoch 10: train_loss=0.4093, val_loss=0.3976
Checkpoint saved: l2_idx=2, fold=1, epoch=10
    Epoch 11: train_loss=0.4083, val_loss=0.3944
Checkpoint saved: l2_idx=2, fold=1, epoch=11
    Epoch 12: train_loss=0.4142, val_loss=0.3983
Checkpoint saved: l2_idx=2, fold=1, epoch=12
    Epoch 13: train_loss=0.4274, val_loss=0.4026
Checkpoint saved: l2_idx=2, fold=1, epoch=13
    Epoch 14: train_loss=0.4075, val_loss=0.3950
Checkpoint saved: l2_idx=2, fold=1, epoch=14
    Epoch 15: train_loss=0.4082, val_loss=0.3974
Checkpoint saved: l2_idx=2, fold=1, epoch=15
    Epoch 16: train_loss=0.4086, val_loss=0.3933
Checkpoint saved: l2_idx=2, fold=1, epoch=16
    Epoch 17: train_loss=0.4071, val_loss=0.3957
Checkpoint saved: l2_idx=2, fold=1, epoch=17
    Epoch 18: train_loss=0.4065, val_loss=0.4006
Checkpoint saved: l2_idx=2, fold=1, epoch=18
    Epoch 19: train_loss=0.4053, val_loss=0.3983
Checkpoint saved: l2_idx=2, fold=1, epoch=19
  Fold 1 final val_loss: 0.3983
  Fold 2
    Epoch 0: train_loss=0.5007, val_loss=0.4303
Checkpoint saved: l2_idx=2, fold=2, epoch=0
    Epoch 1: train_loss=0.4323, val_loss=0.4209
Checkpoint saved: l2_idx=2, fold=2, epoch=1
    Epoch 2: train_loss=0.4229, val_loss=0.4118
Checkpoint saved: l2_idx=2, fold=2, epoch=2
    Epoch 3: train_loss=0.4226, val_loss=0.4074
Checkpoint saved: l2_idx=2, fold=2, epoch=3
    Epoch 4: train_loss=0.4179, val_loss=0.4142
Checkpoint saved: l2_idx=2, fold=2, epoch=4
    Epoch 5: train_loss=0.4133, val_loss=0.4050
Checkpoint saved: l2_idx=2, fold=2, epoch=5
    Epoch 6: train_loss=0.4151, val_loss=0.4000
Checkpoint saved: l2_idx=2, fold=2, epoch=6
    Epoch 7: train_loss=0.4087, val_loss=0.4010
Checkpoint saved: l2_idx=2, fold=2, epoch=7
    Epoch 8: train_loss=0.4094, val_loss=0.3997
Checkpoint saved: l2_idx=2, fold=2, epoch=8
    Epoch 9: train_loss=0.4093, val_loss=0.3979
Checkpoint saved: l2_idx=2, fold=2, epoch=9
    Epoch 10: train_loss=0.4077, val_loss=0.4013
Checkpoint saved: l2_idx=2, fold=2, epoch=10
    Epoch 11: train_loss=0.4068, val_loss=0.3984
Checkpoint saved: l2_idx=2, fold=2, epoch=11
    Epoch 12: train_loss=0.4081, val_loss=0.4030
Checkpoint saved: l2_idx=2, fold=2, epoch=12
    Epoch 13: train_loss=0.4052, val_loss=0.3921
Checkpoint saved: l2_idx=2, fold=2, epoch=13
    Epoch 14: train_loss=0.4077, val_loss=0.3957
Checkpoint saved: l2_idx=2, fold=2, epoch=14
    Epoch 15: train_loss=0.4068, val_loss=0.3961
Checkpoint saved: l2_idx=2, fold=2, epoch=15
    Epoch 16: train_loss=0.4065, val_loss=0.3940
Checkpoint saved: l2_idx=2, fold=2, epoch=16
    Epoch 17: train_loss=0.4062, val_loss=0.3971
Checkpoint saved: l2_idx=2, fold=2, epoch=17
    Epoch 18: train_loss=0.4075, val_loss=0.3937
Checkpoint saved: l2_idx=2, fold=2, epoch=18
    Epoch 19: train_loss=0.4048, val_loss=0.4026
Checkpoint saved: l2_idx=2, fold=2, epoch=19
  Fold 2 final val_loss: 0.4026
  Average CV loss for l2=0.0003: 0.3983

Best L2 alpha: 0.0003 (loss: 0.3983)
Retraining on full training set...
  Retrain epoch 0: loss=0.4530
  Retrain epoch 1: loss=0.4678
  Retrain epoch 2: loss=0.4578
  Retrain epoch 3: loss=0.4182
  Retrain epoch 4: loss=0.4109
  Retrain epoch 5: loss=0.4095
  Retrain epoch 6: loss=0.4084
  Retrain epoch 7: loss=0.4070
  Retrain epoch 8: loss=0.4141
  Retrain epoch 9: loss=0.4142
  Retrain epoch 10: loss=0.4070
  Retrain epoch 11: loss=0.4082
  Retrain epoch 12: loss=0.4092
  Retrain epoch 13: loss=0.4054
  Retrain epoch 14: loss=0.4069
  Retrain epoch 15: loss=0.4069
  Retrain epoch 16: loss=0.4052
  Retrain epoch 17: loss=0.4051
  Retrain epoch 18: loss=0.4480
  Retrain epoch 19: loss=0.4058

Evaluating on test set...

=== DATA / MODEL DIAGNOSTICS ===
True positive rate in dataset: 0.4914
Average predicted probability: 0.4737

Threshold = 0.3
Accuracy: 4711/6927 (68.01%)
Precision: 0.6242
Recall: 0.8772
F1 Score: 0.7294
Confusion matrix: TP=2986, FP=1798, TN=1725, FN=418
Predicted positive rate: 0.6906
Avg prob (true positives): 0.6417
Avg prob (true negatives): 0.2029

Threshold = 0.4
Accuracy: 4895/6927 (70.67%)
Precision: 0.6764
Recall: 0.7726
F1 Score: 0.7213
Confusion matrix: TP=2630, FP=1258, TN=2265, FN=774
Predicted positive rate: 0.5613
Avg prob (true positives): 0.6809
Avg prob (true negatives): 0.2381

Threshold = 0.5
Accuracy: 4963/6927 (71.65%)
Precision: 0.7378
Recall: 0.6563
F1 Score: 0.6947
Confusion matrix: TP=2234, FP=794, TN=2729, FN=1170
Predicted positive rate: 0.4371
Avg prob (true positives): 0.7214
Avg prob (true negatives): 0.2735
Model saved to /cluster/tufts/capstone25skyblue/scleme01/SatelliteTurbulencePrediction/src/trained_model_outputs/2026_04_18_01_00_conv3d_seed_42.pth
Checkpoint removed (training complete)
Finished training and testing the model!
Deactivating conda environment (if any)
Purging all modules
Done! Environment has been torn down
All done!
