Resetting environment
Deactivating conda environment (if any)
Purging all modules
Done! Environment has been torn down
Allocating resources with slurm...
Loading cuda and miniforge...
Activating conda environment...
Redirecting into the satellite repo...
Done! Environment has now been set up
Mon Apr  6 17:00:26 2026       
+-----------------------------------------------------------------------------------------+
| NVIDIA-SMI 575.57.08              Driver Version: 575.57.08      CUDA Version: 12.9     |
|-----------------------------------------+------------------------+----------------------+
| GPU  Name                 Persistence-M | Bus-Id          Disp.A | Volatile Uncorr. ECC |
| Fan  Temp   Perf          Pwr:Usage/Cap |           Memory-Usage | GPU-Util  Compute M. |
|                                         |                        |               MIG M. |
|=========================================+========================+======================|
|   0  NVIDIA L40                     On  |   00000000:CA:00.0 Off |                    0 |
| N/A   32C    P8             35W /  300W |       0MiB /  46068MiB |      0%      Default |
|                                         |                        |                  N/A |
+-----------------------------------------+------------------------+----------------------+
                                                                                         
+-----------------------------------------------------------------------------------------+
| Processes:                                                                              |
|  GPU   GI   CI              PID   Type   Process name                        GPU Memory |
|        ID   ID                                                               Usage      |
|=========================================================================================|
|  No running processes found                                                             |
+-----------------------------------------------------------------------------------------+
About to train the conv3d model with seed 42
Using device: cuda (1 GPU(s))
Model type: conv3d
Data directory: /cluster/tufts/capstone25skyblue/scleme01/SatelliteTurbulencePrediction/model_inputs
SatelliteDataLoader: found 10120 samples
Dataset size: 10120

L2 alpha = 0.1
  Fold 0
    Epoch 0: train_loss=0.4668, val_loss=0.5602
Checkpoint saved: l2_idx=0, fold=0, epoch=0
    Epoch 1: train_loss=0.4682, val_loss=0.4633
Checkpoint saved: l2_idx=0, fold=0, epoch=1
    Epoch 2: train_loss=0.4690, val_loss=0.4618
Checkpoint saved: l2_idx=0, fold=0, epoch=2
    Epoch 3: train_loss=0.4708, val_loss=0.4646
Checkpoint saved: l2_idx=0, fold=0, epoch=3
    Epoch 4: train_loss=0.4707, val_loss=0.4641
Checkpoint saved: l2_idx=0, fold=0, epoch=4
    Epoch 5: train_loss=0.4702, val_loss=0.4647
Checkpoint saved: l2_idx=0, fold=0, epoch=5
    Epoch 6: train_loss=0.4706, val_loss=0.4646
Checkpoint saved: l2_idx=0, fold=0, epoch=6
    Epoch 7: train_loss=0.4706, val_loss=0.4640
Checkpoint saved: l2_idx=0, fold=0, epoch=7
    Epoch 8: train_loss=0.4704, val_loss=0.4644
Checkpoint saved: l2_idx=0, fold=0, epoch=8
    Epoch 9: train_loss=0.4704, val_loss=0.4648
Checkpoint saved: l2_idx=0, fold=0, epoch=9
    Epoch 10: train_loss=0.4704, val_loss=0.4651
Checkpoint saved: l2_idx=0, fold=0, epoch=10
    Epoch 11: train_loss=0.4707, val_loss=0.4642
Checkpoint saved: l2_idx=0, fold=0, epoch=11
    Epoch 12: train_loss=0.4701, val_loss=0.4653
Checkpoint saved: l2_idx=0, fold=0, epoch=12
    Epoch 13: train_loss=0.4706, val_loss=0.4649
Checkpoint saved: l2_idx=0, fold=0, epoch=13
    Epoch 14: train_loss=0.4705, val_loss=0.4646
Checkpoint saved: l2_idx=0, fold=0, epoch=14
    Epoch 15: train_loss=0.4706, val_loss=0.4647
Checkpoint saved: l2_idx=0, fold=0, epoch=15
    Epoch 16: train_loss=0.4706, val_loss=0.4642
Checkpoint saved: l2_idx=0, fold=0, epoch=16
    Epoch 17: train_loss=0.4703, val_loss=0.4647
Checkpoint saved: l2_idx=0, fold=0, epoch=17
    Epoch 18: train_loss=0.4706, val_loss=0.4644
Checkpoint saved: l2_idx=0, fold=0, epoch=18
    Epoch 19: train_loss=0.4704, val_loss=0.4645
Checkpoint saved: l2_idx=0, fold=0, epoch=19
  Fold 0 final val_loss: 0.4645
  Fold 1
    Epoch 0: train_loss=0.4672, val_loss=0.4746
Checkpoint saved: l2_idx=0, fold=1, epoch=0
    Epoch 1: train_loss=0.4663, val_loss=0.4686
Checkpoint saved: l2_idx=0, fold=1, epoch=1
    Epoch 2: train_loss=0.4678, val_loss=0.4693
Checkpoint saved: l2_idx=0, fold=1, epoch=2
    Epoch 3: train_loss=0.4705, val_loss=0.4675
Checkpoint saved: l2_idx=0, fold=1, epoch=3
    Epoch 4: train_loss=0.4696, val_loss=0.4676
Checkpoint saved: l2_idx=0, fold=1, epoch=4
    Epoch 5: train_loss=0.4696, val_loss=0.4680
Checkpoint saved: l2_idx=0, fold=1, epoch=5
    Epoch 6: train_loss=0.4699, val_loss=0.4675
Checkpoint saved: l2_idx=0, fold=1, epoch=6
    Epoch 7: train_loss=0.4695, val_loss=0.4681
Checkpoint saved: l2_idx=0, fold=1, epoch=7
    Epoch 8: train_loss=0.4699, val_loss=0.4676
Checkpoint saved: l2_idx=0, fold=1, epoch=8
    Epoch 9: train_loss=0.4696, val_loss=0.4679
Checkpoint saved: l2_idx=0, fold=1, epoch=9
    Epoch 10: train_loss=0.4697, val_loss=0.4679
Checkpoint saved: l2_idx=0, fold=1, epoch=10
    Epoch 11: train_loss=0.4699, val_loss=0.4675
Checkpoint saved: l2_idx=0, fold=1, epoch=11
    Epoch 12: train_loss=0.4697, val_loss=0.4676
Checkpoint saved: l2_idx=0, fold=1, epoch=12
    Epoch 13: train_loss=0.4696, val_loss=0.4682
Checkpoint saved: l2_idx=0, fold=1, epoch=13
    Epoch 14: train_loss=0.4699, val_loss=0.4678
Checkpoint saved: l2_idx=0, fold=1, epoch=14
    Epoch 15: train_loss=0.4698, val_loss=0.4675
Checkpoint saved: l2_idx=0, fold=1, epoch=15
    Epoch 16: train_loss=0.4695, val_loss=0.4679
Checkpoint saved: l2_idx=0, fold=1, epoch=16
    Epoch 17: train_loss=0.4699, val_loss=0.4675
Checkpoint saved: l2_idx=0, fold=1, epoch=17
    Epoch 18: train_loss=0.4696, val_loss=0.4678
Checkpoint saved: l2_idx=0, fold=1, epoch=18
    Epoch 19: train_loss=0.4699, val_loss=0.4675
Checkpoint saved: l2_idx=0, fold=1, epoch=19
  Fold 1 final val_loss: 0.4675
  Fold 2
    Epoch 0: train_loss=0.4669, val_loss=0.4676
Checkpoint saved: l2_idx=0, fold=2, epoch=0
    Epoch 1: train_loss=0.4669, val_loss=0.4665
Checkpoint saved: l2_idx=0, fold=2, epoch=1
    Epoch 2: train_loss=0.4683, val_loss=0.4682
Checkpoint saved: l2_idx=0, fold=2, epoch=2
    Epoch 3: train_loss=0.4701, val_loss=0.4687
Checkpoint saved: l2_idx=0, fold=2, epoch=3
    Epoch 4: train_loss=0.4695, val_loss=0.4689
Checkpoint saved: l2_idx=0, fold=2, epoch=4
    Epoch 5: train_loss=0.4695, val_loss=0.4690
Checkpoint saved: l2_idx=0, fold=2, epoch=5
    Epoch 6: train_loss=0.4698, val_loss=0.4688
Checkpoint saved: l2_idx=0, fold=2, epoch=6
    Epoch 7: train_loss=0.4696, val_loss=0.4683
Checkpoint saved: l2_idx=0, fold=2, epoch=7
    Epoch 8: train_loss=0.4694, val_loss=0.4687
Checkpoint saved: l2_idx=0, fold=2, epoch=8
    Epoch 9: train_loss=0.4697, val_loss=0.4685
Checkpoint saved: l2_idx=0, fold=2, epoch=9
    Epoch 10: train_loss=0.4694, val_loss=0.4688
Checkpoint saved: l2_idx=0, fold=2, epoch=10
    Epoch 11: train_loss=0.4695, val_loss=0.4689
Checkpoint saved: l2_idx=0, fold=2, epoch=11
    Epoch 12: train_loss=0.4695, val_loss=0.4687
Checkpoint saved: l2_idx=0, fold=2, epoch=12
    Epoch 13: train_loss=0.4697, val_loss=0.4685
Checkpoint saved: l2_idx=0, fold=2, epoch=13
    Epoch 14: train_loss=0.4693, val_loss=0.4689
Checkpoint saved: l2_idx=0, fold=2, epoch=14
    Epoch 15: train_loss=0.4697, val_loss=0.4685
Checkpoint saved: l2_idx=0, fold=2, epoch=15
    Epoch 16: train_loss=0.4694, val_loss=0.4688
Checkpoint saved: l2_idx=0, fold=2, epoch=16
    Epoch 17: train_loss=0.4694, val_loss=0.4691
Checkpoint saved: l2_idx=0, fold=2, epoch=17
    Epoch 18: train_loss=0.4698, val_loss=0.4684
Checkpoint saved: l2_idx=0, fold=2, epoch=18
    Epoch 19: train_loss=0.4695, val_loss=0.4683
Checkpoint saved: l2_idx=0, fold=2, epoch=19
  Fold 2 final val_loss: 0.4683
  Fold 3
    Epoch 0: train_loss=0.4655, val_loss=0.5485
Checkpoint saved: l2_idx=0, fold=3, epoch=0
    Epoch 1: train_loss=0.4643, val_loss=0.4718
Checkpoint saved: l2_idx=0, fold=3, epoch=1
    Epoch 2: train_loss=0.4671, val_loss=0.4719
Checkpoint saved: l2_idx=0, fold=3, epoch=2
    Epoch 3: train_loss=0.4693, val_loss=0.4715
Checkpoint saved: l2_idx=0, fold=3, epoch=3
    Epoch 4: train_loss=0.4688, val_loss=0.4715
Checkpoint saved: l2_idx=0, fold=3, epoch=4
    Epoch 5: train_loss=0.4686, val_loss=0.4717
Checkpoint saved: l2_idx=0, fold=3, epoch=5
    Epoch 6: train_loss=0.4687, val_loss=0.4718
Checkpoint saved: l2_idx=0, fold=3, epoch=6
    Epoch 7: train_loss=0.4688, val_loss=0.4718
Checkpoint saved: l2_idx=0, fold=3, epoch=7
    Epoch 8: train_loss=0.4690, val_loss=0.4714
Checkpoint saved: l2_idx=0, fold=3, epoch=8
    Epoch 9: train_loss=0.4688, val_loss=0.4713
Checkpoint saved: l2_idx=0, fold=3, epoch=9
    Epoch 10: train_loss=0.4686, val_loss=0.4715
Checkpoint saved: l2_idx=0, fold=3, epoch=10
    Epoch 11: train_loss=0.4689, val_loss=0.4715
Checkpoint saved: l2_idx=0, fold=3, epoch=11
    Epoch 12: train_loss=0.4686, val_loss=0.4716
Checkpoint saved: l2_idx=0, fold=3, epoch=12
    Epoch 13: train_loss=0.4688, val_loss=0.4716
Checkpoint saved: l2_idx=0, fold=3, epoch=13
    Epoch 14: train_loss=0.4688, val_loss=0.4715
Checkpoint saved: l2_idx=0, fold=3, epoch=14
    Epoch 15: train_loss=0.4690, val_loss=0.4714
Checkpoint saved: l2_idx=0, fold=3, epoch=15
    Epoch 16: train_loss=0.4688, val_loss=0.4711
Checkpoint saved: l2_idx=0, fold=3, epoch=16
    Epoch 17: train_loss=0.4685, val_loss=0.4714
Checkpoint saved: l2_idx=0, fold=3, epoch=17
    Epoch 18: train_loss=0.4689, val_loss=0.4714
Checkpoint saved: l2_idx=0, fold=3, epoch=18
    Epoch 19: train_loss=0.4688, val_loss=0.4716
Checkpoint saved: l2_idx=0, fold=3, epoch=19
  Fold 3 final val_loss: 0.4716
  Fold 4
    Epoch 0: train_loss=0.4666, val_loss=0.4680
Checkpoint saved: l2_idx=0, fold=4, epoch=0
    Epoch 1: train_loss=0.4663, val_loss=0.4663
Checkpoint saved: l2_idx=0, fold=4, epoch=1
    Epoch 2: train_loss=0.4698, val_loss=0.4690
Checkpoint saved: l2_idx=0, fold=4, epoch=2
    Epoch 3: train_loss=0.4700, val_loss=0.4684
Checkpoint saved: l2_idx=0, fold=4, epoch=3
    Epoch 4: train_loss=0.4688, val_loss=0.4691
Checkpoint saved: l2_idx=0, fold=4, epoch=4
    Epoch 5: train_loss=0.4702, val_loss=0.4687
Checkpoint saved: l2_idx=0, fold=4, epoch=5
    Epoch 6: train_loss=0.4691, val_loss=0.4690
Checkpoint saved: l2_idx=0, fold=4, epoch=6
    Epoch 7: train_loss=0.4702, val_loss=0.4686
Checkpoint saved: l2_idx=0, fold=4, epoch=7
    Epoch 8: train_loss=0.4692, val_loss=0.4684
Checkpoint saved: l2_idx=0, fold=4, epoch=8
    Epoch 9: train_loss=0.4695, val_loss=0.4686
Checkpoint saved: l2_idx=0, fold=4, epoch=9
    Epoch 10: train_loss=0.4702, val_loss=0.4682
Checkpoint saved: l2_idx=0, fold=4, epoch=10
    Epoch 11: train_loss=0.4689, val_loss=0.4689
Checkpoint saved: l2_idx=0, fold=4, epoch=11
    Epoch 12: train_loss=0.4690, val_loss=0.4688
Checkpoint saved: l2_idx=0, fold=4, epoch=12
    Epoch 13: train_loss=0.4702, val_loss=0.4683
Checkpoint saved: l2_idx=0, fold=4, epoch=13
    Epoch 14: train_loss=0.4689, val_loss=0.4692
Checkpoint saved: l2_idx=0, fold=4, epoch=14
    Epoch 15: train_loss=0.4694, val_loss=0.4682
Checkpoint saved: l2_idx=0, fold=4, epoch=15
    Epoch 16: train_loss=0.4700, val_loss=0.4682
Checkpoint saved: l2_idx=0, fold=4, epoch=16
    Epoch 17: train_loss=0.4690, val_loss=0.4685
Checkpoint saved: l2_idx=0, fold=4, epoch=17
    Epoch 18: train_loss=0.4695, val_loss=0.4689
Checkpoint saved: l2_idx=0, fold=4, epoch=18
    Epoch 19: train_loss=0.4696, val_loss=0.4683
Checkpoint saved: l2_idx=0, fold=4, epoch=19
  Fold 4 final val_loss: 0.4683
  Fold 5
    Epoch 0: train_loss=0.4633, val_loss=0.5088
Checkpoint saved: l2_idx=0, fold=5, epoch=0
    Epoch 1: train_loss=0.4649, val_loss=0.4970
Checkpoint saved: l2_idx=0, fold=5, epoch=1
    Epoch 2: train_loss=0.4678, val_loss=0.4749
Checkpoint saved: l2_idx=0, fold=5, epoch=2
    Epoch 3: train_loss=0.4680, val_loss=0.4749
Checkpoint saved: l2_idx=0, fold=5, epoch=3
    Epoch 4: train_loss=0.4679, val_loss=0.4749
Checkpoint saved: l2_idx=0, fold=5, epoch=4
    Epoch 5: train_loss=0.4686, val_loss=0.4749
Checkpoint saved: l2_idx=0, fold=5, epoch=5
    Epoch 6: train_loss=0.4675, val_loss=0.4749
Checkpoint saved: l2_idx=0, fold=5, epoch=6
    Epoch 7: train_loss=0.4678, val_loss=0.4749
Checkpoint saved: l2_idx=0, fold=5, epoch=7
    Epoch 8: train_loss=0.4683, val_loss=0.4750
Checkpoint saved: l2_idx=0, fold=5, epoch=8
    Epoch 9: train_loss=0.4676, val_loss=0.4750
Checkpoint saved: l2_idx=0, fold=5, epoch=9
    Epoch 10: train_loss=0.4684, val_loss=0.4749
Checkpoint saved: l2_idx=0, fold=5, epoch=10
    Epoch 11: train_loss=0.4686, val_loss=0.4749
Checkpoint saved: l2_idx=0, fold=5, epoch=11
    Epoch 12: train_loss=0.4684, val_loss=0.4749
Checkpoint saved: l2_idx=0, fold=5, epoch=12
    Epoch 13: train_loss=0.4678, val_loss=0.4749
Checkpoint saved: l2_idx=0, fold=5, epoch=13
    Epoch 14: train_loss=0.4677, val_loss=0.4749
Checkpoint saved: l2_idx=0, fold=5, epoch=14
    Epoch 15: train_loss=0.4679, val_loss=0.4749
Checkpoint saved: l2_idx=0, fold=5, epoch=15
    Epoch 16: train_loss=0.4675, val_loss=0.4749
Checkpoint saved: l2_idx=0, fold=5, epoch=16
    Epoch 17: train_loss=0.4675, val_loss=0.4749
Checkpoint saved: l2_idx=0, fold=5, epoch=17
    Epoch 18: train_loss=0.4678, val_loss=0.4749
Checkpoint saved: l2_idx=0, fold=5, epoch=18
    Epoch 19: train_loss=0.4682, val_loss=0.4749
Checkpoint saved: l2_idx=0, fold=5, epoch=19
  Fold 5 final val_loss: 0.4749
  Average CV loss for l2=0.1: 0.4692

L2 alpha = 0.01
  Fold 0
    Epoch 0: train_loss=0.4655, val_loss=0.4695
Checkpoint saved: l2_idx=1, fold=0, epoch=0
    Epoch 1: train_loss=0.4629, val_loss=1.3309
Checkpoint saved: l2_idx=1, fold=0, epoch=1
    Epoch 2: train_loss=0.4623, val_loss=0.4649
Checkpoint saved: l2_idx=1, fold=0, epoch=2
    Epoch 3: train_loss=0.4635, val_loss=0.4572
Checkpoint saved: l2_idx=1, fold=0, epoch=3
    Epoch 4: train_loss=0.4662, val_loss=0.4584
Checkpoint saved: l2_idx=1, fold=0, epoch=4
    Epoch 5: train_loss=0.4664, val_loss=0.4634
Checkpoint saved: l2_idx=1, fold=0, epoch=5
    Epoch 6: train_loss=0.4634, val_loss=0.4629
Checkpoint saved: l2_idx=1, fold=0, epoch=6
    Epoch 7: train_loss=0.4690, val_loss=0.4618
Checkpoint saved: l2_idx=1, fold=0, epoch=7
    Epoch 8: train_loss=0.4689, val_loss=0.4617
Checkpoint saved: l2_idx=1, fold=0, epoch=8
    Epoch 9: train_loss=0.4688, val_loss=0.4624
Checkpoint saved: l2_idx=1, fold=0, epoch=9
    Epoch 10: train_loss=0.4687, val_loss=0.4626
Checkpoint saved: l2_idx=1, fold=0, epoch=10
    Epoch 11: train_loss=0.4684, val_loss=0.4616
Checkpoint saved: l2_idx=1, fold=0, epoch=11
    Epoch 12: train_loss=0.4685, val_loss=0.4618
Checkpoint saved: l2_idx=1, fold=0, epoch=12
    Epoch 13: train_loss=0.4682, val_loss=0.4608
Checkpoint saved: l2_idx=1, fold=0, epoch=13
    Epoch 14: train_loss=0.4680, val_loss=0.4614
Checkpoint saved: l2_idx=1, fold=0, epoch=14
    Epoch 15: train_loss=0.4675, val_loss=0.4597
Checkpoint saved: l2_idx=1, fold=0, epoch=15
    Epoch 16: train_loss=0.4673, val_loss=0.4613
Checkpoint saved: l2_idx=1, fold=0, epoch=16
    Epoch 17: train_loss=0.4672, val_loss=0.4610
Checkpoint saved: l2_idx=1, fold=0, epoch=17
    Epoch 18: train_loss=0.4666, val_loss=0.4708
Checkpoint saved: l2_idx=1, fold=0, epoch=18
    Epoch 19: train_loss=0.4654, val_loss=0.4578
Checkpoint saved: l2_idx=1, fold=0, epoch=19
  Fold 0 final val_loss: 0.4578
  Fold 1
    Epoch 0: train_loss=0.4625, val_loss=0.4791
Checkpoint saved: l2_idx=1, fold=1, epoch=0
    Epoch 1: train_loss=0.4596, val_loss=0.4538
Checkpoint saved: l2_idx=1, fold=1, epoch=1
    Epoch 2: train_loss=0.4652, val_loss=0.4686
Checkpoint saved: l2_idx=1, fold=1, epoch=2
    Epoch 3: train_loss=0.4630, val_loss=0.4668
Checkpoint saved: l2_idx=1, fold=1, epoch=3
    Epoch 4: train_loss=0.4639, val_loss=0.4683
Checkpoint saved: l2_idx=1, fold=1, epoch=4
    Epoch 5: train_loss=0.4629, val_loss=0.4584
Checkpoint saved: l2_idx=1, fold=1, epoch=5
    Epoch 6: train_loss=0.4667, val_loss=0.4622
Checkpoint saved: l2_idx=1, fold=1, epoch=6
    Epoch 7: train_loss=0.4652, val_loss=0.5579
Checkpoint saved: l2_idx=1, fold=1, epoch=7
    Epoch 8: train_loss=0.4632, val_loss=0.4676
Checkpoint saved: l2_idx=1, fold=1, epoch=8
    Epoch 9: train_loss=0.4610, val_loss=0.5008
Checkpoint saved: l2_idx=1, fold=1, epoch=9
    Epoch 10: train_loss=0.4619, val_loss=0.4821
Checkpoint saved: l2_idx=1, fold=1, epoch=10
    Epoch 11: train_loss=0.4606, val_loss=3.4400
Checkpoint saved: l2_idx=1, fold=1, epoch=11
    Epoch 12: train_loss=0.4614, val_loss=0.4687
Checkpoint saved: l2_idx=1, fold=1, epoch=12
    Epoch 13: train_loss=0.4592, val_loss=0.4554
Checkpoint saved: l2_idx=1, fold=1, epoch=13
    Epoch 14: train_loss=0.4584, val_loss=1.1156
Checkpoint saved: l2_idx=1, fold=1, epoch=14
    Epoch 15: train_loss=0.4518, val_loss=0.4518
Checkpoint saved: l2_idx=1, fold=1, epoch=15
    Epoch 16: train_loss=0.4529, val_loss=0.7032
Checkpoint saved: l2_idx=1, fold=1, epoch=16
    Epoch 17: train_loss=0.4549, val_loss=0.4722
Checkpoint saved: l2_idx=1, fold=1, epoch=17
    Epoch 18: train_loss=0.4494, val_loss=0.4774
Checkpoint saved: l2_idx=1, fold=1, epoch=18
    Epoch 19: train_loss=0.4502, val_loss=0.4756
Checkpoint saved: l2_idx=1, fold=1, epoch=19
  Fold 1 final val_loss: 0.4756
  Fold 2
    Epoch 0: train_loss=0.4626, val_loss=0.4731
Checkpoint saved: l2_idx=1, fold=2, epoch=0
    Epoch 1: train_loss=0.4635, val_loss=0.4641
Checkpoint saved: l2_idx=1, fold=2, epoch=1
    Epoch 2: train_loss=0.4621, val_loss=0.4678
Checkpoint saved: l2_idx=1, fold=2, epoch=2
    Epoch 3: train_loss=0.4627, val_loss=0.4684
Checkpoint saved: l2_idx=1, fold=2, epoch=3
    Epoch 4: train_loss=0.4622, val_loss=0.4699
Checkpoint saved: l2_idx=1, fold=2, epoch=4
    Epoch 5: train_loss=0.4644, val_loss=0.4673
Checkpoint saved: l2_idx=1, fold=2, epoch=5
    Epoch 6: train_loss=0.4670, val_loss=0.4648
Checkpoint saved: l2_idx=1, fold=2, epoch=6
    Epoch 7: train_loss=0.4648, val_loss=0.4668
Checkpoint saved: l2_idx=1, fold=2, epoch=7
    Epoch 8: train_loss=0.4683, val_loss=0.4669
Checkpoint saved: l2_idx=1, fold=2, epoch=8
    Epoch 9: train_loss=0.4682, val_loss=0.4672
Checkpoint saved: l2_idx=1, fold=2, epoch=9
    Epoch 10: train_loss=0.4683, val_loss=0.4669
Checkpoint saved: l2_idx=1, fold=2, epoch=10
    Epoch 11: train_loss=0.4683, val_loss=0.4669
Checkpoint saved: l2_idx=1, fold=2, epoch=11
    Epoch 12: train_loss=0.4683, val_loss=0.4667
Checkpoint saved: l2_idx=1, fold=2, epoch=12
    Epoch 13: train_loss=0.4682, val_loss=0.4667
Checkpoint saved: l2_idx=1, fold=2, epoch=13
    Epoch 14: train_loss=0.4682, val_loss=0.4668
Checkpoint saved: l2_idx=1, fold=2, epoch=14
    Epoch 15: train_loss=0.4682, val_loss=0.4668
Checkpoint saved: l2_idx=1, fold=2, epoch=15
    Epoch 16: train_loss=0.4682, val_loss=0.4667
Checkpoint saved: l2_idx=1, fold=2, epoch=16
    Epoch 17: train_loss=0.4683, val_loss=0.4667
Checkpoint saved: l2_idx=1, fold=2, epoch=17
    Epoch 18: train_loss=0.4682, val_loss=0.4667
Checkpoint saved: l2_idx=1, fold=2, epoch=18
    Epoch 19: train_loss=0.4682, val_loss=0.4667
Checkpoint saved: l2_idx=1, fold=2, epoch=19
  Fold 2 final val_loss: 0.4667
  Fold 3
    Epoch 0: train_loss=0.4650, val_loss=0.6007
Checkpoint saved: l2_idx=1, fold=3, epoch=0
    Epoch 1: train_loss=0.4633, val_loss=0.4703
Checkpoint saved: l2_idx=1, fold=3, epoch=1
    Epoch 2: train_loss=0.4618, val_loss=0.5284
Checkpoint saved: l2_idx=1, fold=3, epoch=2
    Epoch 3: train_loss=0.4639, val_loss=0.4670
Checkpoint saved: l2_idx=1, fold=3, epoch=3
    Epoch 4: train_loss=0.4635, val_loss=0.4704
Checkpoint saved: l2_idx=1, fold=3, epoch=4
    Epoch 5: train_loss=0.4644, val_loss=0.4728
Checkpoint saved: l2_idx=1, fold=3, epoch=5
    Epoch 6: train_loss=0.4663, val_loss=0.4671
Checkpoint saved: l2_idx=1, fold=3, epoch=6
    Epoch 7: train_loss=0.4636, val_loss=0.4706
Checkpoint saved: l2_idx=1, fold=3, epoch=7
    Epoch 8: train_loss=0.4673, val_loss=0.4703
Checkpoint saved: l2_idx=1, fold=3, epoch=8
    Epoch 9: train_loss=0.4667, val_loss=0.4702
Checkpoint saved: l2_idx=1, fold=3, epoch=9
    Epoch 10: train_loss=0.4672, val_loss=0.4706
Checkpoint saved: l2_idx=1, fold=3, epoch=10
    Epoch 11: train_loss=0.4673, val_loss=0.4707
Checkpoint saved: l2_idx=1, fold=3, epoch=11
    Epoch 12: train_loss=0.4675, val_loss=0.4707
Checkpoint saved: l2_idx=1, fold=3, epoch=12
    Epoch 13: train_loss=0.4673, val_loss=0.4707
Checkpoint saved: l2_idx=1, fold=3, epoch=13
    Epoch 14: train_loss=0.4673, val_loss=0.4708
Checkpoint saved: l2_idx=1, fold=3, epoch=14
    Epoch 15: train_loss=0.4675, val_loss=0.4707
Checkpoint saved: l2_idx=1, fold=3, epoch=15
    Epoch 16: train_loss=0.4673, val_loss=0.4707
Checkpoint saved: l2_idx=1, fold=3, epoch=16
    Epoch 17: train_loss=0.4674, val_loss=0.4707
Checkpoint saved: l2_idx=1, fold=3, epoch=17
    Epoch 18: train_loss=0.4674, val_loss=0.4707
Checkpoint saved: l2_idx=1, fold=3, epoch=18
    Epoch 19: train_loss=0.4674, val_loss=0.4707
Checkpoint saved: l2_idx=1, fold=3, epoch=19
  Fold 3 final val_loss: 0.4707
  Fold 4
    Epoch 0: train_loss=0.4613, val_loss=1.0960
Checkpoint saved: l2_idx=1, fold=4, epoch=0
    Epoch 1: train_loss=0.4635, val_loss=0.4604
Checkpoint saved: l2_idx=1, fold=4, epoch=1
    Epoch 2: train_loss=0.4597, val_loss=0.4556
Checkpoint saved: l2_idx=1, fold=4, epoch=2
    Epoch 3: train_loss=0.4593, val_loss=0.7609
Checkpoint saved: l2_idx=1, fold=4, epoch=3
    Epoch 4: train_loss=0.4571, val_loss=0.7462
Checkpoint saved: l2_idx=1, fold=4, epoch=4
    Epoch 5: train_loss=0.4579, val_loss=0.4690
Checkpoint saved: l2_idx=1, fold=4, epoch=5
    Epoch 6: train_loss=0.4599, val_loss=0.7405
Checkpoint saved: l2_idx=1, fold=4, epoch=6
    Epoch 7: train_loss=0.4592, val_loss=0.4814
Checkpoint saved: l2_idx=1, fold=4, epoch=7
    Epoch 8: train_loss=0.4601, val_loss=0.5243
Checkpoint saved: l2_idx=1, fold=4, epoch=8
    Epoch 9: train_loss=0.4576, val_loss=0.7676
Checkpoint saved: l2_idx=1, fold=4, epoch=9
    Epoch 10: train_loss=0.4570, val_loss=0.4627
Checkpoint saved: l2_idx=1, fold=4, epoch=10
    Epoch 11: train_loss=0.4621, val_loss=0.4672
Checkpoint saved: l2_idx=1, fold=4, epoch=11
    Epoch 12: train_loss=0.4680, val_loss=0.4668
Checkpoint saved: l2_idx=1, fold=4, epoch=12
    Epoch 13: train_loss=0.4689, val_loss=0.4668
Checkpoint saved: l2_idx=1, fold=4, epoch=13
    Epoch 14: train_loss=0.4678, val_loss=0.4669
Checkpoint saved: l2_idx=1, fold=4, epoch=14
    Epoch 15: train_loss=0.4683, val_loss=0.4670
Checkpoint saved: l2_idx=1, fold=4, epoch=15
    Epoch 16: train_loss=0.4678, val_loss=0.4668
Checkpoint saved: l2_idx=1, fold=4, epoch=16
    Epoch 17: train_loss=0.4679, val_loss=0.4666
Checkpoint saved: l2_idx=1, fold=4, epoch=17
    Epoch 18: train_loss=0.4678, val_loss=0.4666
Checkpoint saved: l2_idx=1, fold=4, epoch=18
    Epoch 19: train_loss=0.4679, val_loss=0.4670
Checkpoint saved: l2_idx=1, fold=4, epoch=19
  Fold 4 final val_loss: 0.4670
  Fold 5
    Epoch 0: train_loss=0.4627, val_loss=0.4907
Checkpoint saved: l2_idx=1, fold=5, epoch=0
    Epoch 1: train_loss=0.4600, val_loss=0.5012
Checkpoint saved: l2_idx=1, fold=5, epoch=1
    Epoch 2: train_loss=0.4610, val_loss=0.4775
Checkpoint saved: l2_idx=1, fold=5, epoch=2
    Epoch 3: train_loss=0.4612, val_loss=0.4731
Checkpoint saved: l2_idx=1, fold=5, epoch=3
    Epoch 4: train_loss=0.4600, val_loss=2.3818
Checkpoint saved: l2_idx=1, fold=5, epoch=4
    Epoch 5: train_loss=0.4623, val_loss=0.4704
Checkpoint saved: l2_idx=1, fold=5, epoch=5
    Epoch 6: train_loss=0.4611, val_loss=0.9430
Checkpoint saved: l2_idx=1, fold=5, epoch=6
    Epoch 7: train_loss=0.4598, val_loss=0.4812
Checkpoint saved: l2_idx=1, fold=5, epoch=7
    Epoch 8: train_loss=0.4625, val_loss=0.4797
Checkpoint saved: l2_idx=1, fold=5, epoch=8
    Epoch 9: train_loss=0.4590, val_loss=0.5786
Checkpoint saved: l2_idx=1, fold=5, epoch=9
    Epoch 10: train_loss=0.4586, val_loss=0.9565
Checkpoint saved: l2_idx=1, fold=5, epoch=10
    Epoch 11: train_loss=0.4579, val_loss=0.6604
Checkpoint saved: l2_idx=1, fold=5, epoch=11
    Epoch 12: train_loss=0.4562, val_loss=0.4697
Checkpoint saved: l2_idx=1, fold=5, epoch=12
    Epoch 13: train_loss=0.4572, val_loss=0.5800
Checkpoint saved: l2_idx=1, fold=5, epoch=13
    Epoch 14: train_loss=0.4558, val_loss=0.4747
Checkpoint saved: l2_idx=1, fold=5, epoch=14
    Epoch 15: train_loss=0.4552, val_loss=0.6309
Checkpoint saved: l2_idx=1, fold=5, epoch=15
    Epoch 16: train_loss=0.4560, val_loss=0.4739
Checkpoint saved: l2_idx=1, fold=5, epoch=16
    Epoch 17: train_loss=0.4537, val_loss=0.5830
Checkpoint saved: l2_idx=1, fold=5, epoch=17
    Epoch 18: train_loss=0.4510, val_loss=0.4774
Checkpoint saved: l2_idx=1, fold=5, epoch=18
    Epoch 19: train_loss=0.4511, val_loss=1.0331
Checkpoint saved: l2_idx=1, fold=5, epoch=19
  Fold 5 final val_loss: 1.0331
  Average CV loss for l2=0.01: 0.5618

L2 alpha = 0.001
  Fold 0
    Epoch 0: train_loss=0.4590, val_loss=0.4908
Checkpoint saved: l2_idx=2, fold=0, epoch=0
    Epoch 1: train_loss=0.4514, val_loss=0.4515
Checkpoint saved: l2_idx=2, fold=0, epoch=1
    Epoch 2: train_loss=0.4551, val_loss=1.1156
Checkpoint saved: l2_idx=2, fold=0, epoch=2
    Epoch 3: train_loss=0.4481, val_loss=0.4742
Checkpoint saved: l2_idx=2, fold=0, epoch=3
    Epoch 4: train_loss=0.4464, val_loss=0.9760
Checkpoint saved: l2_idx=2, fold=0, epoch=4
    Epoch 5: train_loss=0.4476, val_loss=0.6047
Checkpoint saved: l2_idx=2, fold=0, epoch=5
    Epoch 6: train_loss=0.4484, val_loss=0.4846
Checkpoint saved: l2_idx=2, fold=0, epoch=6
    Epoch 7: train_loss=0.4466, val_loss=0.4831
Checkpoint saved: l2_idx=2, fold=0, epoch=7
    Epoch 8: train_loss=0.4436, val_loss=0.6237
Checkpoint saved: l2_idx=2, fold=0, epoch=8
    Epoch 9: train_loss=0.4398, val_loss=0.4420
Checkpoint saved: l2_idx=2, fold=0, epoch=9
    Epoch 10: train_loss=0.4404, val_loss=0.7084
Checkpoint saved: l2_idx=2, fold=0, epoch=10
    Epoch 11: train_loss=0.4411, val_loss=0.5192
Checkpoint saved: l2_idx=2, fold=0, epoch=11
    Epoch 12: train_loss=0.4382, val_loss=0.4500
Checkpoint saved: l2_idx=2, fold=0, epoch=12
    Epoch 13: train_loss=0.4375, val_loss=0.4488
Checkpoint saved: l2_idx=2, fold=0, epoch=13
    Epoch 14: train_loss=0.4372, val_loss=0.4585
Checkpoint saved: l2_idx=2, fold=0, epoch=14
    Epoch 15: train_loss=0.4364, val_loss=0.4716
Checkpoint saved: l2_idx=2, fold=0, epoch=15
    Epoch 16: train_loss=0.4358, val_loss=0.8731
Checkpoint saved: l2_idx=2, fold=0, epoch=16
    Epoch 17: train_loss=0.4345, val_loss=0.4633
Checkpoint saved: l2_idx=2, fold=0, epoch=17
    Epoch 18: train_loss=0.4353, val_loss=1.9218
Checkpoint saved: l2_idx=2, fold=0, epoch=18
    Epoch 19: train_loss=0.4331, val_loss=0.4355
Checkpoint saved: l2_idx=2, fold=0, epoch=19
  Fold 0 final val_loss: 0.4355
  Fold 1
    Epoch 0: train_loss=0.4652, val_loss=0.4708
Checkpoint saved: l2_idx=2, fold=1, epoch=0
    Epoch 1: train_loss=0.4578, val_loss=0.5807
Checkpoint saved: l2_idx=2, fold=1, epoch=1
    Epoch 2: train_loss=0.4542, val_loss=0.4385
Checkpoint saved: l2_idx=2, fold=1, epoch=2
    Epoch 3: train_loss=0.4536, val_loss=0.4991
Checkpoint saved: l2_idx=2, fold=1, epoch=3
    Epoch 4: train_loss=0.4518, val_loss=0.4510
Checkpoint saved: l2_idx=2, fold=1, epoch=4
    Epoch 5: train_loss=0.4489, val_loss=0.5580
Checkpoint saved: l2_idx=2, fold=1, epoch=5
    Epoch 6: train_loss=0.4437, val_loss=0.8192
Checkpoint saved: l2_idx=2, fold=1, epoch=6
    Epoch 7: train_loss=0.4436, val_loss=0.5034
Checkpoint saved: l2_idx=2, fold=1, epoch=7
    Epoch 8: train_loss=0.4416, val_loss=0.4829
Checkpoint saved: l2_idx=2, fold=1, epoch=8
    Epoch 9: train_loss=0.4388, val_loss=0.4742
Checkpoint saved: l2_idx=2, fold=1, epoch=9
    Epoch 10: train_loss=0.4379, val_loss=0.4514
Checkpoint saved: l2_idx=2, fold=1, epoch=10
    Epoch 11: train_loss=0.4357, val_loss=0.4397
Checkpoint saved: l2_idx=2, fold=1, epoch=11
    Epoch 12: train_loss=0.4361, val_loss=0.4828
Checkpoint saved: l2_idx=2, fold=1, epoch=12
    Epoch 13: train_loss=0.4344, val_loss=0.5811
Checkpoint saved: l2_idx=2, fold=1, epoch=13
    Epoch 14: train_loss=0.4330, val_loss=0.4793
Checkpoint saved: l2_idx=2, fold=1, epoch=14
    Epoch 15: train_loss=0.4319, val_loss=0.5091
Checkpoint saved: l2_idx=2, fold=1, epoch=15
    Epoch 16: train_loss=0.4316, val_loss=0.4773
Checkpoint saved: l2_idx=2, fold=1, epoch=16
    Epoch 17: train_loss=0.4301, val_loss=0.5739
Checkpoint saved: l2_idx=2, fold=1, epoch=17
    Epoch 18: train_loss=0.4274, val_loss=0.4477
Checkpoint saved: l2_idx=2, fold=1, epoch=18
    Epoch 19: train_loss=0.4234, val_loss=0.4773
Checkpoint saved: l2_idx=2, fold=1, epoch=19
  Fold 1 final val_loss: 0.4773
  Fold 2
    Epoch 0: train_loss=0.4572, val_loss=0.8521
Checkpoint saved: l2_idx=2, fold=2, epoch=0
    Epoch 1: train_loss=0.4527, val_loss=0.4422
Checkpoint saved: l2_idx=2, fold=2, epoch=1
    Epoch 2: train_loss=0.4519, val_loss=0.6010
Checkpoint saved: l2_idx=2, fold=2, epoch=2
    Epoch 3: train_loss=0.4500, val_loss=0.4646
Checkpoint saved: l2_idx=2, fold=2, epoch=3
    Epoch 4: train_loss=0.4474, val_loss=0.5884
Checkpoint saved: l2_idx=2, fold=2, epoch=4
    Epoch 5: train_loss=0.4466, val_loss=0.5333
Checkpoint saved: l2_idx=2, fold=2, epoch=5
    Epoch 6: train_loss=0.4445, val_loss=0.4928
Checkpoint saved: l2_idx=2, fold=2, epoch=6
    Epoch 7: train_loss=0.4433, val_loss=0.4498
Checkpoint saved: l2_idx=2, fold=2, epoch=7
    Epoch 8: train_loss=0.4451, val_loss=1.0441
Checkpoint saved: l2_idx=2, fold=2, epoch=8
    Epoch 9: train_loss=0.4403, val_loss=0.4590
Checkpoint saved: l2_idx=2, fold=2, epoch=9
    Epoch 10: train_loss=0.4401, val_loss=0.5506
Checkpoint saved: l2_idx=2, fold=2, epoch=10
    Epoch 11: train_loss=0.4389, val_loss=0.4562
Checkpoint saved: l2_idx=2, fold=2, epoch=11
    Epoch 12: train_loss=0.4402, val_loss=0.4644
Checkpoint saved: l2_idx=2, fold=2, epoch=12
    Epoch 13: train_loss=0.4363, val_loss=0.5267
Checkpoint saved: l2_idx=2, fold=2, epoch=13
    Epoch 14: train_loss=0.4375, val_loss=0.5078
Checkpoint saved: l2_idx=2, fold=2, epoch=14
    Epoch 15: train_loss=0.4368, val_loss=0.4775
Checkpoint saved: l2_idx=2, fold=2, epoch=15
    Epoch 16: train_loss=0.4367, val_loss=0.5379
Checkpoint saved: l2_idx=2, fold=2, epoch=16
    Epoch 17: train_loss=0.4309, val_loss=0.5210
Checkpoint saved: l2_idx=2, fold=2, epoch=17
    Epoch 18: train_loss=0.4323, val_loss=0.4413
Checkpoint saved: l2_idx=2, fold=2, epoch=18
    Epoch 19: train_loss=0.4358, val_loss=0.4340
Checkpoint saved: l2_idx=2, fold=2, epoch=19
  Fold 2 final val_loss: 0.4340
  Fold 3
    Epoch 0: train_loss=0.4629, val_loss=0.4649
Checkpoint saved: l2_idx=2, fold=3, epoch=0
    Epoch 1: train_loss=0.4535, val_loss=0.5105
Checkpoint saved: l2_idx=2, fold=3, epoch=1
    Epoch 2: train_loss=0.4501, val_loss=1.6892
Checkpoint saved: l2_idx=2, fold=3, epoch=2
    Epoch 3: train_loss=0.4486, val_loss=1.3957
Checkpoint saved: l2_idx=2, fold=3, epoch=3
    Epoch 4: train_loss=0.4479, val_loss=0.5246
Checkpoint saved: l2_idx=2, fold=3, epoch=4
    Epoch 5: train_loss=0.4498, val_loss=0.5482
Checkpoint saved: l2_idx=2, fold=3, epoch=5
    Epoch 6: train_loss=0.4475, val_loss=0.4782
Checkpoint saved: l2_idx=2, fold=3, epoch=6
    Epoch 7: train_loss=0.4430, val_loss=0.7013
Checkpoint saved: l2_idx=2, fold=3, epoch=7
    Epoch 8: train_loss=0.4444, val_loss=0.4726
Checkpoint saved: l2_idx=2, fold=3, epoch=8
    Epoch 9: train_loss=0.4443, val_loss=0.4489
Checkpoint saved: l2_idx=2, fold=3, epoch=9
    Epoch 10: train_loss=0.4424, val_loss=0.4424
Checkpoint saved: l2_idx=2, fold=3, epoch=10
    Epoch 11: train_loss=0.4420, val_loss=0.4531
Checkpoint saved: l2_idx=2, fold=3, epoch=11
    Epoch 12: train_loss=0.4392, val_loss=0.5090
Checkpoint saved: l2_idx=2, fold=3, epoch=12
    Epoch 13: train_loss=0.4381, val_loss=0.4517
Checkpoint saved: l2_idx=2, fold=3, epoch=13
    Epoch 14: train_loss=0.4376, val_loss=0.4913
Checkpoint saved: l2_idx=2, fold=3, epoch=14
    Epoch 15: train_loss=0.4369, val_loss=1.2420
Checkpoint saved: l2_idx=2, fold=3, epoch=15
    Epoch 16: train_loss=0.4359, val_loss=0.5955
Checkpoint saved: l2_idx=2, fold=3, epoch=16
    Epoch 17: train_loss=0.4380, val_loss=0.6983
Checkpoint saved: l2_idx=2, fold=3, epoch=17
    Epoch 18: train_loss=0.4341, val_loss=0.7207
Checkpoint saved: l2_idx=2, fold=3, epoch=18
    Epoch 19: train_loss=0.4351, val_loss=0.4424
Checkpoint saved: l2_idx=2, fold=3, epoch=19
  Fold 3 final val_loss: 0.4424
  Fold 4
    Epoch 0: train_loss=0.4631, val_loss=0.4685
Checkpoint saved: l2_idx=2, fold=4, epoch=0
    Epoch 1: train_loss=0.4537, val_loss=0.4691
Checkpoint saved: l2_idx=2, fold=4, epoch=1
    Epoch 2: train_loss=0.4516, val_loss=0.4556
Checkpoint saved: l2_idx=2, fold=4, epoch=2
    Epoch 3: train_loss=0.4485, val_loss=0.5290
Checkpoint saved: l2_idx=2, fold=4, epoch=3
    Epoch 4: train_loss=0.4457, val_loss=0.4674
Checkpoint saved: l2_idx=2, fold=4, epoch=4
    Epoch 5: train_loss=0.4458, val_loss=0.6842
Checkpoint saved: l2_idx=2, fold=4, epoch=5
    Epoch 6: train_loss=0.4423, val_loss=0.4399
Checkpoint saved: l2_idx=2, fold=4, epoch=6
    Epoch 7: train_loss=0.4443, val_loss=0.4753
Checkpoint saved: l2_idx=2, fold=4, epoch=7
    Epoch 8: train_loss=0.4438, val_loss=0.4391
Checkpoint saved: l2_idx=2, fold=4, epoch=8
    Epoch 9: train_loss=0.4399, val_loss=0.4622
Checkpoint saved: l2_idx=2, fold=4, epoch=9
    Epoch 10: train_loss=0.4408, val_loss=0.4649
Checkpoint saved: l2_idx=2, fold=4, epoch=10
    Epoch 11: train_loss=0.4395, val_loss=0.4625
Checkpoint saved: l2_idx=2, fold=4, epoch=11
    Epoch 12: train_loss=0.4386, val_loss=0.4917
Checkpoint saved: l2_idx=2, fold=4, epoch=12
    Epoch 13: train_loss=0.4363, val_loss=0.5219
Checkpoint saved: l2_idx=2, fold=4, epoch=13
    Epoch 14: train_loss=0.4364, val_loss=0.5103
Checkpoint saved: l2_idx=2, fold=4, epoch=14
    Epoch 15: train_loss=0.4373, val_loss=0.4915
Checkpoint saved: l2_idx=2, fold=4, epoch=15
    Epoch 16: train_loss=0.4340, val_loss=0.4915
Checkpoint saved: l2_idx=2, fold=4, epoch=16
    Epoch 17: train_loss=0.4361, val_loss=1.2674
Checkpoint saved: l2_idx=2, fold=4, epoch=17
    Epoch 18: train_loss=0.4373, val_loss=0.4426
Checkpoint saved: l2_idx=2, fold=4, epoch=18
    Epoch 19: train_loss=0.4326, val_loss=0.4514
Checkpoint saved: l2_idx=2, fold=4, epoch=19
  Fold 4 final val_loss: 0.4514
  Fold 5
    Epoch 0: train_loss=0.4595, val_loss=1.1361
Checkpoint saved: l2_idx=2, fold=5, epoch=0
    Epoch 1: train_loss=0.4548, val_loss=0.7756
Checkpoint saved: l2_idx=2, fold=5, epoch=1
    Epoch 2: train_loss=0.4505, val_loss=0.5032
Checkpoint saved: l2_idx=2, fold=5, epoch=2
    Epoch 3: train_loss=0.4489, val_loss=0.4889
Checkpoint saved: l2_idx=2, fold=5, epoch=3
    Epoch 4: train_loss=0.4452, val_loss=0.4729
Checkpoint saved: l2_idx=2, fold=5, epoch=4
    Epoch 5: train_loss=0.4440, val_loss=0.4629
Checkpoint saved: l2_idx=2, fold=5, epoch=5
    Epoch 6: train_loss=0.4412, val_loss=0.4463
Checkpoint saved: l2_idx=2, fold=5, epoch=6
    Epoch 7: train_loss=0.4410, val_loss=0.5127
Checkpoint saved: l2_idx=2, fold=5, epoch=7
    Epoch 8: train_loss=0.4410, val_loss=0.4753
Checkpoint saved: l2_idx=2, fold=5, epoch=8
    Epoch 9: train_loss=0.4385, val_loss=0.4460
Checkpoint saved: l2_idx=2, fold=5, epoch=9
    Epoch 10: train_loss=0.4367, val_loss=0.4445
Checkpoint saved: l2_idx=2, fold=5, epoch=10
    Epoch 11: train_loss=0.4363, val_loss=0.5536
Checkpoint saved: l2_idx=2, fold=5, epoch=11
    Epoch 12: train_loss=0.4369, val_loss=0.9231
Checkpoint saved: l2_idx=2, fold=5, epoch=12
    Epoch 13: train_loss=0.4371, val_loss=0.4730
Checkpoint saved: l2_idx=2, fold=5, epoch=13
    Epoch 14: train_loss=0.4360, val_loss=0.4846
Checkpoint saved: l2_idx=2, fold=5, epoch=14
    Epoch 15: train_loss=0.4335, val_loss=0.4888
Checkpoint saved: l2_idx=2, fold=5, epoch=15
    Epoch 16: train_loss=0.4344, val_loss=0.4384
Checkpoint saved: l2_idx=2, fold=5, epoch=16
    Epoch 17: train_loss=0.4365, val_loss=0.4759
Checkpoint saved: l2_idx=2, fold=5, epoch=17
    Epoch 18: train_loss=0.4340, val_loss=0.4765
Checkpoint saved: l2_idx=2, fold=5, epoch=18
    Epoch 19: train_loss=0.4325, val_loss=0.4632
Checkpoint saved: l2_idx=2, fold=5, epoch=19
  Fold 5 final val_loss: 0.4632
  Average CV loss for l2=0.001: 0.4507

L2 alpha = 0
  Fold 0
    Epoch 0: train_loss=0.4629, val_loss=0.4736
Checkpoint saved: l2_idx=3, fold=0, epoch=0
    Epoch 1: train_loss=0.4566, val_loss=0.4867
Checkpoint saved: l2_idx=3, fold=0, epoch=1
    Epoch 2: train_loss=0.4479, val_loss=0.5279
Checkpoint saved: l2_idx=3, fold=0, epoch=2
    Epoch 3: train_loss=0.4420, val_loss=0.4717
Checkpoint saved: l2_idx=3, fold=0, epoch=3
    Epoch 4: train_loss=0.4409, val_loss=0.5112
Checkpoint saved: l2_idx=3, fold=0, epoch=4
    Epoch 5: train_loss=0.4375, val_loss=0.4593
Checkpoint saved: l2_idx=3, fold=0, epoch=5
    Epoch 6: train_loss=0.4400, val_loss=0.5933
Checkpoint saved: l2_idx=3, fold=0, epoch=6
    Epoch 7: train_loss=0.4387, val_loss=0.5001
Checkpoint saved: l2_idx=3, fold=0, epoch=7
    Epoch 8: train_loss=0.4342, val_loss=0.4437
Checkpoint saved: l2_idx=3, fold=0, epoch=8
    Epoch 9: train_loss=0.4351, val_loss=0.4602
Checkpoint saved: l2_idx=3, fold=0, epoch=9
    Epoch 10: train_loss=0.4331, val_loss=0.5678
Checkpoint saved: l2_idx=3, fold=0, epoch=10
    Epoch 11: train_loss=0.4308, val_loss=0.5391
Checkpoint saved: l2_idx=3, fold=0, epoch=11
    Epoch 12: train_loss=0.4303, val_loss=1.4427
Checkpoint saved: l2_idx=3, fold=0, epoch=12
    Epoch 13: train_loss=0.4300, val_loss=0.4723
Checkpoint saved: l2_idx=3, fold=0, epoch=13
    Epoch 14: train_loss=0.4276, val_loss=0.6396
Checkpoint saved: l2_idx=3, fold=0, epoch=14
    Epoch 15: train_loss=0.4273, val_loss=0.4576
Checkpoint saved: l2_idx=3, fold=0, epoch=15
    Epoch 16: train_loss=0.4253, val_loss=0.9308
Checkpoint saved: l2_idx=3, fold=0, epoch=16
    Epoch 17: train_loss=0.4261, val_loss=0.6905
Checkpoint saved: l2_idx=3, fold=0, epoch=17
    Epoch 18: train_loss=0.4227, val_loss=2.5257
Checkpoint saved: l2_idx=3, fold=0, epoch=18
    Epoch 19: train_loss=0.4237, val_loss=0.4722
Checkpoint saved: l2_idx=3, fold=0, epoch=19
  Fold 0 final val_loss: 0.4722
  Fold 1
    Epoch 0: train_loss=0.4608, val_loss=0.4734
Checkpoint saved: l2_idx=3, fold=1, epoch=0
    Epoch 1: train_loss=0.4507, val_loss=0.4568
Checkpoint saved: l2_idx=3, fold=1, epoch=1
    Epoch 2: train_loss=0.4462, val_loss=0.4548
Checkpoint saved: l2_idx=3, fold=1, epoch=2
    Epoch 3: train_loss=0.4442, val_loss=0.4880
Checkpoint saved: l2_idx=3, fold=1, epoch=3
    Epoch 4: train_loss=0.4391, val_loss=0.4405
Checkpoint saved: l2_idx=3, fold=1, epoch=4
    Epoch 5: train_loss=0.4372, val_loss=0.4329
Checkpoint saved: l2_idx=3, fold=1, epoch=5
    Epoch 6: train_loss=0.4367, val_loss=0.4388
Checkpoint saved: l2_idx=3, fold=1, epoch=6
    Epoch 7: train_loss=0.4359, val_loss=0.8295
Checkpoint saved: l2_idx=3, fold=1, epoch=7
    Epoch 8: train_loss=0.4346, val_loss=0.6317
Checkpoint saved: l2_idx=3, fold=1, epoch=8
    Epoch 9: train_loss=0.4325, val_loss=0.4704
Checkpoint saved: l2_idx=3, fold=1, epoch=9
    Epoch 10: train_loss=0.4317, val_loss=0.5335
Checkpoint saved: l2_idx=3, fold=1, epoch=10
    Epoch 11: train_loss=0.4311, val_loss=0.4661
Checkpoint saved: l2_idx=3, fold=1, epoch=11
    Epoch 12: train_loss=0.4323, val_loss=0.4398
Checkpoint saved: l2_idx=3, fold=1, epoch=12
    Epoch 13: train_loss=0.4299, val_loss=0.5370
Checkpoint saved: l2_idx=3, fold=1, epoch=13
    Epoch 14: train_loss=0.4283, val_loss=0.4246
Checkpoint saved: l2_idx=3, fold=1, epoch=14
    Epoch 15: train_loss=0.4280, val_loss=0.4437
Checkpoint saved: l2_idx=3, fold=1, epoch=15
    Epoch 16: train_loss=0.4236, val_loss=0.4385
Checkpoint saved: l2_idx=3, fold=1, epoch=16
    Epoch 17: train_loss=0.4229, val_loss=0.4285
Checkpoint saved: l2_idx=3, fold=1, epoch=17
    Epoch 18: train_loss=0.4226, val_loss=0.5549
Checkpoint saved: l2_idx=3, fold=1, epoch=18
    Epoch 19: train_loss=0.4232, val_loss=0.7239
Checkpoint saved: l2_idx=3, fold=1, epoch=19
  Fold 1 final val_loss: 0.7239
  Fold 2
    Epoch 0: train_loss=0.4627, val_loss=0.4784
Checkpoint saved: l2_idx=3, fold=2, epoch=0
    Epoch 1: train_loss=0.4510, val_loss=1.2776
Checkpoint saved: l2_idx=3, fold=2, epoch=1
    Epoch 2: train_loss=0.4473, val_loss=0.4304
Checkpoint saved: l2_idx=3, fold=2, epoch=2
    Epoch 3: train_loss=0.4427, val_loss=0.4564
Checkpoint saved: l2_idx=3, fold=2, epoch=3
    Epoch 4: train_loss=0.4412, val_loss=0.4491
Checkpoint saved: l2_idx=3, fold=2, epoch=4
    Epoch 5: train_loss=0.4419, val_loss=0.4427
Checkpoint saved: l2_idx=3, fold=2, epoch=5
    Epoch 6: train_loss=0.4388, val_loss=0.4943
Checkpoint saved: l2_idx=3, fold=2, epoch=6
    Epoch 7: train_loss=0.4390, val_loss=0.8733
Checkpoint saved: l2_idx=3, fold=2, epoch=7
    Epoch 8: train_loss=0.4367, val_loss=0.6375
Checkpoint saved: l2_idx=3, fold=2, epoch=8
    Epoch 9: train_loss=0.4348, val_loss=0.4579
Checkpoint saved: l2_idx=3, fold=2, epoch=9
    Epoch 10: train_loss=0.4350, val_loss=0.4317
Checkpoint saved: l2_idx=3, fold=2, epoch=10
    Epoch 11: train_loss=0.4329, val_loss=0.4625
Checkpoint saved: l2_idx=3, fold=2, epoch=11
    Epoch 12: train_loss=0.4330, val_loss=0.4330
Checkpoint saved: l2_idx=3, fold=2, epoch=12
    Epoch 13: train_loss=0.4319, val_loss=0.5807
Checkpoint saved: l2_idx=3, fold=2, epoch=13
    Epoch 14: train_loss=0.4320, val_loss=0.8130
Checkpoint saved: l2_idx=3, fold=2, epoch=14
    Epoch 15: train_loss=0.4290, val_loss=0.5130
Checkpoint saved: l2_idx=3, fold=2, epoch=15
    Epoch 16: train_loss=0.4301, val_loss=0.4465
Checkpoint saved: l2_idx=3, fold=2, epoch=16
    Epoch 17: train_loss=0.4262, val_loss=0.4522
Checkpoint saved: l2_idx=3, fold=2, epoch=17
    Epoch 18: train_loss=0.4281, val_loss=0.5028
Checkpoint saved: l2_idx=3, fold=2, epoch=18
    Epoch 19: train_loss=0.4244, val_loss=0.5038
Checkpoint saved: l2_idx=3, fold=2, epoch=19
  Fold 2 final val_loss: 0.5038
  Fold 3
    Epoch 0: train_loss=0.4579, val_loss=0.5004
Checkpoint saved: l2_idx=3, fold=3, epoch=0
    Epoch 1: train_loss=0.4498, val_loss=0.4575
Checkpoint saved: l2_idx=3, fold=3, epoch=1
    Epoch 2: train_loss=0.4464, val_loss=0.4636
Checkpoint saved: l2_idx=3, fold=3, epoch=2
    Epoch 3: train_loss=0.4421, val_loss=0.4714
Checkpoint saved: l2_idx=3, fold=3, epoch=3
    Epoch 4: train_loss=0.4384, val_loss=0.5083
Checkpoint saved: l2_idx=3, fold=3, epoch=4
    Epoch 5: train_loss=0.4376, val_loss=0.4832
Checkpoint saved: l2_idx=3, fold=3, epoch=5
    Epoch 6: train_loss=0.4349, val_loss=1.7452
Checkpoint saved: l2_idx=3, fold=3, epoch=6
    Epoch 7: train_loss=0.4363, val_loss=0.4671
Checkpoint saved: l2_idx=3, fold=3, epoch=7
    Epoch 8: train_loss=0.4332, val_loss=0.5025
Checkpoint saved: l2_idx=3, fold=3, epoch=8
    Epoch 9: train_loss=0.4324, val_loss=0.9975
Checkpoint saved: l2_idx=3, fold=3, epoch=9
    Epoch 10: train_loss=0.4333, val_loss=0.4626
Checkpoint saved: l2_idx=3, fold=3, epoch=10
    Epoch 11: train_loss=0.4317, val_loss=0.5244
Checkpoint saved: l2_idx=3, fold=3, epoch=11
    Epoch 12: train_loss=0.4289, val_loss=0.4623
Checkpoint saved: l2_idx=3, fold=3, epoch=12
    Epoch 13: train_loss=0.4279, val_loss=0.4690
Checkpoint saved: l2_idx=3, fold=3, epoch=13
    Epoch 14: train_loss=0.4299, val_loss=0.4365
Checkpoint saved: l2_idx=3, fold=3, epoch=14
    Epoch 15: train_loss=0.4249, val_loss=0.6136
Checkpoint saved: l2_idx=3, fold=3, epoch=15
    Epoch 16: train_loss=0.4246, val_loss=0.4594
Checkpoint saved: l2_idx=3, fold=3, epoch=16
    Epoch 17: train_loss=0.4220, val_loss=1.0082
Checkpoint saved: l2_idx=3, fold=3, epoch=17
    Epoch 18: train_loss=0.4217, val_loss=0.4935
Checkpoint saved: l2_idx=3, fold=3, epoch=18
    Epoch 19: train_loss=0.4213, val_loss=0.8781
Checkpoint saved: l2_idx=3, fold=3, epoch=19
  Fold 3 final val_loss: 0.8781
  Fold 4
    Epoch 0: train_loss=0.4577, val_loss=0.4650
Checkpoint saved: l2_idx=3, fold=4, epoch=0
    Epoch 1: train_loss=0.4442, val_loss=1.0672
Checkpoint saved: l2_idx=3, fold=4, epoch=1
    Epoch 2: train_loss=0.4424, val_loss=0.4691
Checkpoint saved: l2_idx=3, fold=4, epoch=2
    Epoch 3: train_loss=0.4411, val_loss=0.4512
Checkpoint saved: l2_idx=3, fold=4, epoch=3
    Epoch 4: train_loss=0.4373, val_loss=0.4883
Checkpoint saved: l2_idx=3, fold=4, epoch=4
    Epoch 5: train_loss=0.4366, val_loss=0.4728
Checkpoint saved: l2_idx=3, fold=4, epoch=5
    Epoch 6: train_loss=0.4340, val_loss=0.4321
Checkpoint saved: l2_idx=3, fold=4, epoch=6
    Epoch 7: train_loss=0.4318, val_loss=0.4718
Checkpoint saved: l2_idx=3, fold=4, epoch=7
    Epoch 8: train_loss=0.4359, val_loss=0.4449
Checkpoint saved: l2_idx=3, fold=4, epoch=8
    Epoch 9: train_loss=0.4304, val_loss=0.4877
Checkpoint saved: l2_idx=3, fold=4, epoch=9
    Epoch 10: train_loss=0.4308, val_loss=1.1328
Checkpoint saved: l2_idx=3, fold=4, epoch=10
    Epoch 11: train_loss=0.4312, val_loss=0.5429
Checkpoint saved: l2_idx=3, fold=4, epoch=11
    Epoch 12: train_loss=0.4281, val_loss=0.4812
Checkpoint saved: l2_idx=3, fold=4, epoch=12
    Epoch 13: train_loss=0.4287, val_loss=0.4356
Checkpoint saved: l2_idx=3, fold=4, epoch=13
    Epoch 14: train_loss=0.4237, val_loss=0.7834
Checkpoint saved: l2_idx=3, fold=4, epoch=14
    Epoch 15: train_loss=0.4232, val_loss=0.4311
Checkpoint saved: l2_idx=3, fold=4, epoch=15
    Epoch 16: train_loss=0.4223, val_loss=0.5414
Checkpoint saved: l2_idx=3, fold=4, epoch=16
    Epoch 17: train_loss=0.4221, val_loss=0.9896
Checkpoint saved: l2_idx=3, fold=4, epoch=17
    Epoch 18: train_loss=0.4232, val_loss=0.4349
Checkpoint saved: l2_idx=3, fold=4, epoch=18
    Epoch 19: train_loss=0.4167, val_loss=0.4385
Checkpoint saved: l2_idx=3, fold=4, epoch=19
  Fold 4 final val_loss: 0.4385
  Fold 5
    Epoch 0: train_loss=0.4553, val_loss=0.4691
Checkpoint saved: l2_idx=3, fold=5, epoch=0
    Epoch 1: train_loss=0.4471, val_loss=0.6171
Checkpoint saved: l2_idx=3, fold=5, epoch=1
    Epoch 2: train_loss=0.4438, val_loss=0.4619
Checkpoint saved: l2_idx=3, fold=5, epoch=2
    Epoch 3: train_loss=0.4421, val_loss=0.4764
Checkpoint saved: l2_idx=3, fold=5, epoch=3
    Epoch 4: train_loss=0.4396, val_loss=0.4774
Checkpoint saved: l2_idx=3, fold=5, epoch=4
    Epoch 5: train_loss=0.4364, val_loss=0.4410
Checkpoint saved: l2_idx=3, fold=5, epoch=5
    Epoch 6: train_loss=0.4335, val_loss=0.4727
Checkpoint saved: l2_idx=3, fold=5, epoch=6
    Epoch 7: train_loss=0.4336, val_loss=0.4419
Checkpoint saved: l2_idx=3, fold=5, epoch=7
    Epoch 8: train_loss=0.4341, val_loss=0.4582
Checkpoint saved: l2_idx=3, fold=5, epoch=8
    Epoch 9: train_loss=0.4324, val_loss=0.4701
Checkpoint saved: l2_idx=3, fold=5, epoch=9
    Epoch 10: train_loss=0.4308, val_loss=0.6571
Checkpoint saved: l2_idx=3, fold=5, epoch=10
    Epoch 11: train_loss=0.4323, val_loss=0.7107
Checkpoint saved: l2_idx=3, fold=5, epoch=11
    Epoch 12: train_loss=0.4301, val_loss=0.7523
Checkpoint saved: l2_idx=3, fold=5, epoch=12
    Epoch 13: train_loss=0.4293, val_loss=0.4472
Checkpoint saved: l2_idx=3, fold=5, epoch=13
    Epoch 14: train_loss=0.4325, val_loss=0.4585
Checkpoint saved: l2_idx=3, fold=5, epoch=14
    Epoch 15: train_loss=0.4269, val_loss=0.8536
Checkpoint saved: l2_idx=3, fold=5, epoch=15
    Epoch 16: train_loss=0.4267, val_loss=0.4436
Checkpoint saved: l2_idx=3, fold=5, epoch=16
    Epoch 17: train_loss=0.4237, val_loss=0.6316
Checkpoint saved: l2_idx=3, fold=5, epoch=17
    Epoch 18: train_loss=0.4230, val_loss=0.4611
Checkpoint saved: l2_idx=3, fold=5, epoch=18
    Epoch 19: train_loss=0.4241, val_loss=0.4620
Checkpoint saved: l2_idx=3, fold=5, epoch=19
  Fold 5 final val_loss: 0.4620
  Average CV loss for l2=0: 0.5797

Best L2 alpha: 0.001 (loss: 0.4507)
Retraining on full training set...
  Retrain epoch 0: loss=0.4592
  Retrain epoch 1: loss=0.4540
  Retrain epoch 2: loss=0.4511
  Retrain epoch 3: loss=0.4503
  Retrain epoch 4: loss=0.4468
  Retrain epoch 5: loss=0.4441
  Retrain epoch 6: loss=0.4427
  Retrain epoch 7: loss=0.4418
  Retrain epoch 8: loss=0.4415
  Retrain epoch 9: loss=0.4418
  Retrain epoch 10: loss=0.4378
  Retrain epoch 11: loss=0.4379
  Retrain epoch 12: loss=0.4351
  Retrain epoch 13: loss=0.4364
  Retrain epoch 14: loss=0.4324
  Retrain epoch 15: loss=0.4345
  Retrain epoch 16: loss=0.4333
  Retrain epoch 17: loss=0.4330
  Retrain epoch 18: loss=0.4294
  Retrain epoch 19: loss=0.4293

Evaluating on test set...
Accuracy: 643/1518 (42.36%)
Precision: 0.8867
Recall: 0.1342
F1 Score: 0.2331
Confusion matrix: TP=133, FP=17, TN=510, FN=858
Model saved to /cluster/tufts/capstone25skyblue/scleme01/SatelliteTurbulencePrediction/src/trained_model_outputs/2026_04_07_01_03_conv3d_seed_42.pth
Checkpoint removed (training complete)
Finished training and testing the model!
Deactivating conda environment (if any)
Purging all modules
Done! Environment has been torn down
All done!
