Resetting environment
Deactivating conda environment (if any)
Purging all modules
Done! Environment has been torn down
Loading cuda and miniforge...
Activating conda environment...
Redirecting into the satellite repo...
Done! Environment has now been set up
Processing 2018/11 chunk [0:110]
Fetching satellite data for PIREPs in /cluster/tufts/capstone25skyblue/scleme01/SatelliteTurbulencePrediction/pireps/2018/11_turb_pireps.csv
Processing chunk [0:110] (110 PIREPs) from /cluster/tufts/capstone25skyblue/scleme01/SatelliteTurbulencePrediction/pireps/2018/11_turb_pireps.csv
[1/110] PIREP at (25.06, -99.37) FL40000 2018-11-01 00:19:00 (cache: 0 images)
  SAVED /cluster/tufts/capstone25skyblue/scleme01/SatelliteTurbulencePrediction/model_inputs/2018_11/0000542.npz (1728.0s total | fetch=1697.2s project=2.1s smooth=21.4s | cache hits=0 misses=15)
[2/110] SKIPPING /cluster/tufts/capstone25skyblue/scleme01/SatelliteTurbulencePrediction/model_inputs/2018_11/0000000.npz (already exists)
[3/110] SKIPPING /cluster/tufts/capstone25skyblue/scleme01/SatelliteTurbulencePrediction/model_inputs/2018_11/0000001.npz (already exists)
[4/110] SKIPPING /cluster/tufts/capstone25skyblue/scleme01/SatelliteTurbulencePrediction/model_inputs/2018_11/0000002.npz (already exists)
[5/110] SKIPPING /cluster/tufts/capstone25skyblue/scleme01/SatelliteTurbulencePrediction/model_inputs/2018_11/0000003.npz (already exists)
[6/110] SKIPPING /cluster/tufts/capstone25skyblue/scleme01/SatelliteTurbulencePrediction/model_inputs/2018_11/0000004.npz (already exists)
[7/110] SKIPPING /cluster/tufts/capstone25skyblue/scleme01/SatelliteTurbulencePrediction/model_inputs/2018_11/0000005.npz (already exists)
[8/110] SKIPPING /cluster/tufts/capstone25skyblue/scleme01/SatelliteTurbulencePrediction/model_inputs/2018_11/0000006.npz (already exists)
[9/110] SKIPPING /cluster/tufts/capstone25skyblue/scleme01/SatelliteTurbulencePrediction/model_inputs/2018_11/0000007.npz (already exists)
[10/110] PIREP at (41.53, -93.65) FL36000 2018-11-01 11:39:00 (cache: 15 images)
  SAVED /cluster/tufts/capstone25skyblue/scleme01/SatelliteTurbulencePrediction/model_inputs/2018_11/0000556.npz (189.7s total | fetch=159.3s project=2.0s smooth=21.2s | cache hits=0 misses=15)
[11/110] PIREP at (40.55, -111.86) FL14000 2018-11-01 12:15:00 (cache: 30 images)
  SAVED /cluster/tufts/capstone25skyblue/scleme01/SatelliteTurbulencePrediction/model_inputs/2018_11/0000537.npz (1054.1s total | fetch=1037.7s project=1.1s smooth=11.3s | cache hits=7 misses=8)
[12/110] SKIPPING /cluster/tufts/capstone25skyblue/scleme01/SatelliteTurbulencePrediction/model_inputs/2018_11/0000008.npz (already exists)
[13/110] SKIPPING /cluster/tufts/capstone25skyblue/scleme01/SatelliteTurbulencePrediction/model_inputs/2018_11/0000009.npz (already exists)
[14/110] PIREP at (35.82, -76.90) FL38000 2018-11-01 13:30:00 (cache: 38 images)
  SAVED /cluster/tufts/capstone25skyblue/scleme01/SatelliteTurbulencePrediction/model_inputs/2018_11/0000415.npz (13776.9s total | fetch=13746.4s project=2.1s smooth=21.2s | cache hits=0 misses=15)
[15/110] PIREP at (39.84, -89.47) FL26000 2018-11-01 13:39:00 (cache: 53 images)
  SAVED /cluster/tufts/capstone25skyblue/scleme01/SatelliteTurbulencePrediction/model_inputs/2018_11/0000347.npz (1141.9s total | fetch=1139.7s project=0.1s smooth=1.4s | cache hits=14 misses=1)
[16/110] PIREP at (31.45, -87.35) FL35000 2018-11-01 14:13:00 (cache: 54 images)
  SAVED /cluster/tufts/capstone25skyblue/scleme01/SatelliteTurbulencePrediction/model_inputs/2018_11/0000338.npz (7942.7s total | fetch=7928.4s project=1.0s smooth=9.9s | cache hits=8 misses=7)
[17/110] PIREP at (40.88, -78.53) FL28000 2018-11-01 15:08:00 (cache: 61 images)
  SAVED /cluster/tufts/capstone25skyblue/scleme01/SatelliteTurbulencePrediction/model_inputs/2018_11/0000493.npz (13221.5s total | fetch=13199.1s project=1.5s smooth=15.5s | cache hits=4 misses=11)
[18/110] SKIPPING /cluster/tufts/capstone25skyblue/scleme01/SatelliteTurbulencePrediction/model_inputs/2018_11/0000010.npz (already exists)
[19/110] SKIPPING /cluster/tufts/capstone25skyblue/scleme01/SatelliteTurbulencePrediction/model_inputs/2018_11/0000011.npz (already exists)
[20/110] PIREP at (37.76, -90.43) FL34000 2018-11-01 15:28:00 (cache: 72 images)
  SAVED /cluster/tufts/capstone25skyblue/scleme01/SatelliteTurbulencePrediction/model_inputs/2018_11/0000414.npz (4680.9s total | fetch=4672.6s project=0.5s smooth=5.6s | cache hits=11 misses=4)
[21/110] PIREP at (43.06, -84.90) FL3500 2018-11-01 15:45:00 (cache: 76 images)
  SAVED /cluster/tufts/capstone25skyblue/scleme01/SatelliteTurbulencePrediction/model_inputs/2018_11/0000451.npz (4925.3s total | fetch=4917.0s project=0.5s smooth=5.7s | cache hits=11 misses=4)
[22/110] PIREP at (38.70, -120.31) FL36000 2018-11-01 16:57:00 (cache: 80 images)
  SAVED /cluster/tufts/capstone25skyblue/scleme01/SatelliteTurbulencePrediction/model_inputs/2018_11/0000386.npz (16847.9s total | fetch=16819.3s project=1.9s smooth=19.8s | cache hits=1 misses=14)
[23/110] SKIPPING /cluster/tufts/capstone25skyblue/scleme01/SatelliteTurbulencePrediction/model_inputs/2018_11/0000012.npz (already exists)
[24/110] PIREP at (28.67, -77.38) FL39000 2018-11-01 17:02:00 (cache: 94 images)
  SAVED /cluster/tufts/capstone25skyblue/scleme01/SatelliteTurbulencePrediction/model_inputs/2018_11/0000574.npz (984.6s total | fetch=982.3s project=0.1s smooth=1.4s | cache hits=14 misses=1)
[25/110] SKIPPING /cluster/tufts/capstone25skyblue/scleme01/SatelliteTurbulencePrediction/model_inputs/2018_11/0000013.npz (already exists)
[26/110] PIREP at (43.12, -87.59) FL35000 2018-11-01 18:29:00 (cache: 95 images)
  SAVED /cluster/tufts/capstone25skyblue/scleme01/SatelliteTurbulencePrediction/model_inputs/2018_11/0000466.npz (14399.6s total | fetch=14369.1s project=2.0s smooth=21.2s | cache hits=0 misses=15)
[27/110] SKIPPING /cluster/tufts/capstone25skyblue/scleme01/SatelliteTurbulencePrediction/model_inputs/2018_11/0000014.npz (already exists)
[28/110] PIREP at (41.97, -83.69) FL3000 2018-11-01 19:20:00 (cache: 110 images)
