Resetting environment
Deactivating conda environment (if any)
Purging all modules
Done! Environment has been torn down
Loading cuda and miniforge...
Activating conda environment...
Redirecting into the satellite repo...
Done! Environment has now been set up
Processing 2022/12 chunk [0:110]
Fetching satellite data for PIREPs in /cluster/tufts/capstone25skyblue/scleme01/SatelliteTurbulencePrediction/pireps/2022/12_turb_pireps.csv
Processing chunk [0:110] (110 PIREPs) from /cluster/tufts/capstone25skyblue/scleme01/SatelliteTurbulencePrediction/pireps/2022/12_turb_pireps.csv
[1/110] PIREP at (22.57, -73.29) FL38000 2022-12-01 01:41:00 (cache: 0 images)
  SAVED /cluster/tufts/capstone25skyblue/scleme01/SatelliteTurbulencePrediction/model_inputs/2022_12/0000290.npz (146.6s total | fetch=113.1s project=2.4s smooth=23.9s | cache hits=0 misses=15)
[2/110] SKIPPING /cluster/tufts/capstone25skyblue/scleme01/SatelliteTurbulencePrediction/model_inputs/2022_12/0000000.npz (already exists)
[3/110] SKIPPING /cluster/tufts/capstone25skyblue/scleme01/SatelliteTurbulencePrediction/model_inputs/2022_12/0000001.npz (already exists)
[4/110] SKIPPING /cluster/tufts/capstone25skyblue/scleme01/SatelliteTurbulencePrediction/model_inputs/2022_12/0000002.npz (already exists)
[5/110] PIREP at (38.17, -85.88) FL5500 2022-12-01 12:54:00 (cache: 15 images)
  SAVED /cluster/tufts/capstone25skyblue/scleme01/SatelliteTurbulencePrediction/model_inputs/2022_12/0000317.npz (1444.2s total | fetch=1411.4s project=2.4s smooth=23.3s | cache hits=0 misses=15)
[6/110] SKIPPING /cluster/tufts/capstone25skyblue/scleme01/SatelliteTurbulencePrediction/model_inputs/2022_12/0000003.npz (already exists)
[7/110] SKIPPING /cluster/tufts/capstone25skyblue/scleme01/SatelliteTurbulencePrediction/model_inputs/2022_12/0000004.npz (already exists)
[8/110] PIREP at (33.53, -112.30) FL3500 2022-12-01 16:30:00 (cache: 30 images)
  SAVED /cluster/tufts/capstone25skyblue/scleme01/SatelliteTurbulencePrediction/model_inputs/2022_12/0000510.npz (12623.0s total | fetch=12590.4s project=2.4s smooth=23.1s | cache hits=0 misses=15)
[9/110] SKIPPING /cluster/tufts/capstone25skyblue/scleme01/SatelliteTurbulencePrediction/model_inputs/2022_12/0000005.npz (already exists)
[10/110] PIREP at (34.29, -101.55) FL34000 2022-12-01 17:02:00 (cache: 45 images)
  SAVED /cluster/tufts/capstone25skyblue/scleme01/SatelliteTurbulencePrediction/model_inputs/2022_12/0000437.npz (4912.1s total | fetch=4898.9s project=1.0s smooth=9.3s | cache hits=9 misses=6)
[11/110] SKIPPING /cluster/tufts/capstone25skyblue/scleme01/SatelliteTurbulencePrediction/model_inputs/2022_12/0000006.npz (already exists)
[12/110] PIREP at (38.92, -85.90) FL22000 2022-12-01 18:06:00 (cache: 51 images)
