Resetting environment
Deactivating conda environment (if any)
Purging all modules
Done! Environment has been torn down
Loading cuda and miniforge...
Activating conda environment...
Redirecting into the satellite repo...
Done! Environment has now been set up
Processing 2018/12 chunk [0:110]
Fetching satellite data for PIREPs in /cluster/tufts/capstone25skyblue/scleme01/SatelliteTurbulencePrediction/pireps/2018/12_turb_pireps.csv
Processing chunk [0:110] (110 PIREPs) from /cluster/tufts/capstone25skyblue/scleme01/SatelliteTurbulencePrediction/pireps/2018/12_turb_pireps.csv
[1/110] PIREP at (32.45, -78.41) FL36000 2018-12-01 00:18:00 (cache: 0 images)
  SAVED /cluster/tufts/capstone25skyblue/scleme01/SatelliteTurbulencePrediction/model_inputs/2018_12/0000748.npz (157.2s total | fetch=126.7s project=2.0s smooth=21.2s | cache hits=0 misses=15)
[2/110] PIREP at (35.08, -112.09) FL34000 2018-12-01 02:34:00 (cache: 15 images)
  SAVED /cluster/tufts/capstone25skyblue/scleme01/SatelliteTurbulencePrediction/model_inputs/2018_12/0000508.npz (125.2s total | fetch=94.8s project=2.0s smooth=21.3s | cache hits=0 misses=15)
[3/110] SKIPPING /cluster/tufts/capstone25skyblue/scleme01/SatelliteTurbulencePrediction/model_inputs/2018_12/0000000.npz (already exists)
[4/110] PIREP at (40.00, -122.71) FL27000 2018-12-01 05:18:00 (cache: 30 images)
  SAVED /cluster/tufts/capstone25skyblue/scleme01/SatelliteTurbulencePrediction/model_inputs/2018_12/0000609.npz (136.6s total | fetch=106.2s project=2.0s smooth=21.3s | cache hits=0 misses=15)
[5/110] SKIPPING /cluster/tufts/capstone25skyblue/scleme01/SatelliteTurbulencePrediction/model_inputs/2018_12/0000001.npz (already exists)
[6/110] PIREP at (68.53, -146.17) FL41000 2018-12-01 06:10:00 (cache: 45 images)
  SAVED /cluster/tufts/capstone25skyblue/scleme01/SatelliteTurbulencePrediction/model_inputs/2018_12/0000443.npz (76.2s total | fetch=53.9s project=1.4s smooth=15.6s | cache hits=4 misses=11)
[7/110] PIREP at (39.64, -84.22) FL4000 2018-12-01 13:27:00 (cache: 56 images)
  SAVED /cluster/tufts/capstone25skyblue/scleme01/SatelliteTurbulencePrediction/model_inputs/2018_12/0000537.npz (4779.1s total | fetch=4748.5s project=2.1s smooth=21.5s | cache hits=0 misses=15)
[8/110] PIREP at (39.44, -81.37) FL32000 2018-12-01 13:38:00 (cache: 71 images)
  SAVED /cluster/tufts/capstone25skyblue/scleme01/SatelliteTurbulencePrediction/model_inputs/2018_12/0000563.npz (1835.1s total | fetch=1830.1s project=0.4s smooth=3.3s | cache hits=13 misses=2)
[9/110] PIREP at (32.49, -96.31) FL40000 2018-12-01 16:48:00 (cache: 73 images)
  SAVED /cluster/tufts/capstone25skyblue/scleme01/SatelliteTurbulencePrediction/model_inputs/2018_12/0000810.npz (14287.8s total | fetch=14251.5s project=3.0s smooth=24.7s | cache hits=0 misses=15)
[10/110] PIREP at (34.85, -95.58) FL37000 2018-12-01 16:55:00 (cache: 88 images)
  SAVED /cluster/tufts/capstone25skyblue/scleme01/SatelliteTurbulencePrediction/model_inputs/2018_12/0000813.npz (2364.7s total | fetch=2360.4s project=0.3s smooth=2.9s | cache hits=13 misses=2)
[11/110] SKIPPING /cluster/tufts/capstone25skyblue/scleme01/SatelliteTurbulencePrediction/model_inputs/2018_12/0000003.npz (already exists)
[12/110] SKIPPING /cluster/tufts/capstone25skyblue/scleme01/SatelliteTurbulencePrediction/model_inputs/2018_12/0000002.npz (already exists)
[13/110] PIREP at (46.93, -96.81) FL31000 2018-12-01 17:53:00 (cache: 90 images)
  SAVED /cluster/tufts/capstone25skyblue/scleme01/SatelliteTurbulencePrediction/model_inputs/2018_12/0000522.npz (11603.0s total | fetch=11572.1s project=2.9s smooth=20.6s | cache hits=4 misses=11)
[14/110] PIREP at (43.14, -89.35) FL34000 2018-12-01 18:03:00 (cache: 101 images)
  SAVED /cluster/tufts/capstone25skyblue/scleme01/SatelliteTurbulencePrediction/model_inputs/2018_12/0000620.npz (2323.2s total | fetch=2317.4s project=0.5s smooth=3.7s | cache hits=13 misses=2)
[15/110] SKIPPING /cluster/tufts/capstone25skyblue/scleme01/SatelliteTurbulencePrediction/model_inputs/2018_12/0000004.npz (already exists)
[16/110] PIREP at (34.31, -80.10) FL16000 2018-12-01 19:14:00 (cache: 103 images)
  SAVED /cluster/tufts/capstone25skyblue/scleme01/SatelliteTurbulencePrediction/model_inputs/2018_12/0000523.npz (15316.9s total | fetch=15281.6s project=3.0s smooth=23.8s | cache hits=1 misses=14)
[17/110] PIREP at (41.89, -83.54) FL28000 2018-12-01 19:30:00 (cache: 117 images)
  SAVED /cluster/tufts/capstone25skyblue/scleme01/SatelliteTurbulencePrediction/model_inputs/2018_12/0000412.npz (4178.8s total | fetch=4167.4s project=1.1s smooth=7.5s | cache hits=11 misses=4)
[18/110] PIREP at (44.39, -98.23) FL34000 2018-12-01 20:53:00 (cache: 121 images)
  SAVED /cluster/tufts/capstone25skyblue/scleme01/SatelliteTurbulencePrediction/model_inputs/2018_12/0000455.npz (15419.3s total | fetch=15386.1s project=2.5s smooth=22.9s | cache hits=0 misses=15)
[19/110] PIREP at (32.48, -99.20) FL38000 2018-12-01 20:58:00 (cache: 136 images)
  SAVED /cluster/tufts/capstone25skyblue/scleme01/SatelliteTurbulencePrediction/model_inputs/2018_12/0000502.npz (1030.5s total | fetch=1028.3s project=0.1s smooth=1.4s | cache hits=14 misses=1)
[20/110] PIREP at (38.71, -92.05) FL36000 2018-12-01 21:00:00 (cache: 137 images)
  SAVED /cluster/tufts/capstone25skyblue/scleme01/SatelliteTurbulencePrediction/model_inputs/2018_12/0000532.npz (984.2s total | fetch=982.0s project=0.1s smooth=1.4s | cache hits=14 misses=1)
[21/110] PIREP at (36.49, -104.87) FL35000 2018-12-01 21:32:00 (cache: 138 images)
  SAVED /cluster/tufts/capstone25skyblue/scleme01/SatelliteTurbulencePrediction/model_inputs/2018_12/0000618.npz (5518.7s total | fetch=5506.4s project=0.8s smooth=8.5s | cache hits=9 misses=6)
[22/110] SKIPPING /cluster/tufts/capstone25skyblue/scleme01/SatelliteTurbulencePrediction/model_inputs/2018_12/0000005.npz (already exists)
[23/110] SKIPPING /cluster/tufts/capstone25skyblue/scleme01/SatelliteTurbulencePrediction/model_inputs/2018_12/0000006.npz (already exists)
[24/110] SKIPPING /cluster/tufts/capstone25skyblue/scleme01/SatelliteTurbulencePrediction/model_inputs/2018_12/0000007.npz (already exists)
[25/110] PIREP at (37.83, -118.14) FL39000 2018-12-01 22:18:00 (cache: 144 images)
  SAVED /cluster/tufts/capstone25skyblue/scleme01/SatelliteTurbulencePrediction/model_inputs/2018_12/0000795.npz (7568.3s total | fetch=7545.3s project=2.0s smooth=15.5s | cache hits=6 misses=9)
[26/110] PIREP at (35.22, -80.14) FL32000 2018-12-01 22:44:00 (cache: 153 images)
  SAVED /cluster/tufts/capstone25skyblue/scleme01/SatelliteTurbulencePrediction/model_inputs/2018_12/0000433.npz (78.1s total | fetch=63.9s project=1.3s smooth=9.4s | cache hits=10 misses=5)
[27/110] PIREP at (60.98, -150.32) FL8000 2018-12-01 23:00:00 (cache: 158 images)
  SAVED /cluster/tufts/capstone25skyblue/scleme01/SatelliteTurbulencePrediction/model_inputs/2018_12/0000779.npz (26.0s total | fetch=14.7s project=1.1s smooth=7.5s | cache hits=11 misses=4)
[28/110] SKIPPING /cluster/tufts/capstone25skyblue/scleme01/SatelliteTurbulencePrediction/model_inputs/2018_12/0000008.npz (already exists)
[29/110] SKIPPING /cluster/tufts/capstone25skyblue/scleme01/SatelliteTurbulencePrediction/model_inputs/2018_12/0000009.npz (already exists)
[30/110] SKIPPING /cluster/tufts/capstone25skyblue/scleme01/SatelliteTurbulencePrediction/model_inputs/2018_12/0000010.npz (already exists)
[31/110] SKIPPING /cluster/tufts/capstone25skyblue/scleme01/SatelliteTurbulencePrediction/model_inputs/2018_12/0000011.npz (already exists)
[32/110] SKIPPING /cluster/tufts/capstone25skyblue/scleme01/SatelliteTurbulencePrediction/model_inputs/2018_12/0000012.npz (already exists)
[33/110] SKIPPING /cluster/tufts/capstone25skyblue/scleme01/SatelliteTurbulencePrediction/model_inputs/2018_12/0000013.npz (already exists)
[34/110] SKIPPING /cluster/tufts/capstone25skyblue/scleme01/SatelliteTurbulencePrediction/model_inputs/2018_12/0000014.npz (already exists)
[35/110] SKIPPING /cluster/tufts/capstone25skyblue/scleme01/SatelliteTurbulencePrediction/model_inputs/2018_12/0000015.npz (already exists)
[36/110] SKIPPING /cluster/tufts/capstone25skyblue/scleme01/SatelliteTurbulencePrediction/model_inputs/2018_12/0000017.npz (already exists)
[37/110] SKIPPING /cluster/tufts/capstone25skyblue/scleme01/SatelliteTurbulencePrediction/model_inputs/2018_12/0000016.npz (already exists)
[38/110] PIREP at (36.04, -119.70) FL37000 2018-12-02 01:28:00 (cache: 162 images)
  SAVED /cluster/tufts/capstone25skyblue/scleme01/SatelliteTurbulencePrediction/model_inputs/2018_12/0000604.npz (169.8s total | fetch=127.5s project=4.0s smooth=28.3s | cache hits=0 misses=15)
[39/110] PIREP at (40.53, -73.59) FL8000 2018-12-02 02:33:00 (cache: 177 images)
  SAVED /cluster/tufts/capstone25skyblue/scleme01/SatelliteTurbulencePrediction/model_inputs/2018_12/0000636.npz (112.9s total | fetch=76.2s project=3.5s smooth=24.6s | cache hits=2 misses=13)
[40/110] PIREP at (21.15, -157.09) FL6000 2018-12-02 04:03:00 (cache: 190 images)
  SAVED /cluster/tufts/capstone25skyblue/scleme01/SatelliteTurbulencePrediction/model_inputs/2018_12/0000743.npz (219.0s total | fetch=177.0s project=4.0s smooth=28.3s | cache hits=0 misses=15)
[41/110] SKIPPING /cluster/tufts/capstone25skyblue/scleme01/SatelliteTurbulencePrediction/model_inputs/2018_12/0000018.npz (already exists)
[42/110] PIREP at (42.39, -95.93) FL13500 2018-12-02 15:02:00 (cache: 205 images)
