Resetting environment
Deactivating conda environment (if any)
Purging all modules
Done! Environment has been torn down
Loading cuda and miniforge...
Activating conda environment...
Redirecting into the satellite repo...
Done! Environment has now been set up
Processing 2021/12 chunk [110:220]
Fetching satellite data for PIREPs in /cluster/tufts/capstone25skyblue/scleme01/SatelliteTurbulencePrediction/pireps/2021/12_turb_pireps.csv
Processing chunk [110:220] (110 PIREPs) from /cluster/tufts/capstone25skyblue/scleme01/SatelliteTurbulencePrediction/pireps/2021/12_turb_pireps.csv
[1/110] PIREP at (41.25, -80.67) FL7000 2021-12-06 14:48:00 (cache: 0 images)
  SAVED /cluster/tufts/capstone25skyblue/scleme01/SatelliteTurbulencePrediction/model_inputs/2021_12/0000473.npz (10468.6s total | fetch=10443.4s project=2.2s smooth=16.1s | cache hits=0 misses=15)
[2/110] PIREP at (37.09, -84.08) FL43000 2021-12-06 15:05:00 (cache: 15 images)
  SAVED /cluster/tufts/capstone25skyblue/scleme01/SatelliteTurbulencePrediction/model_inputs/2021_12/0000585.npz (3141.0s total | fetch=3134.2s project=0.6s smooth=4.3s | cache hits=11 misses=4)
[3/110] PIREP at (33.05, -89.79) FL38000 2021-12-06 15:35:00 (cache: 19 images)
  SAVED /cluster/tufts/capstone25skyblue/scleme01/SatelliteTurbulencePrediction/model_inputs/2021_12/0000052.npz (4436.8s total | fetch=4426.5s project=0.9s smooth=6.5s | cache hits=9 misses=6)
[4/110] PIREP at (39.53, -81.32) FL4000 2021-12-06 17:09:00 (cache: 25 images)
  SAVED /cluster/tufts/capstone25skyblue/scleme01/SatelliteTurbulencePrediction/model_inputs/2021_12/0000053.npz (12996.7s total | fetch=12971.3s project=2.1s smooth=16.2s | cache hits=0 misses=15)
[5/110] PIREP at (40.74, -99.89) FL33000 2021-12-06 17:44:00 (cache: 40 images)
  SAVED /cluster/tufts/capstone25skyblue/scleme01/SatelliteTurbulencePrediction/model_inputs/2021_12/0000054.npz (5356.1s total | fetch=5344.2s project=1.0s smooth=7.5s | cache hits=8 misses=7)
[6/110] PIREP at (43.63, -72.30) FL3500 2021-12-06 18:50:00 (cache: 47 images)
  SAVED /cluster/tufts/capstone25skyblue/scleme01/SatelliteTurbulencePrediction/model_inputs/2021_12/0000422.npz (11374.5s total | fetch=11350.9s project=2.0s smooth=14.9s | cache hits=1 misses=14)
[7/110] PIREP at (33.63, -84.44) FL14000 2021-12-06 19:05:00 (cache: 61 images)
  SAVED /cluster/tufts/capstone25skyblue/scleme01/SatelliteTurbulencePrediction/model_inputs/2021_12/0000055.npz (2191.7s total | fetch=2186.6s project=0.4s smooth=3.2s | cache hits=12 misses=3)
[8/110] PIREP at (33.47, -84.41) FL14000 2021-12-06 19:05:00 (cache: 64 images)
  SAVED /cluster/tufts/capstone25skyblue/scleme01/SatelliteTurbulencePrediction/model_inputs/2021_12/0000056.npz (0.1s total | fetch=0.0s project=0.0s smooth=0.0s | cache hits=15 misses=0)
[9/110] PIREP at (40.83, -74.49) FL3000 2021-12-06 19:39:00 (cache: 64 images)
  SAVED /cluster/tufts/capstone25skyblue/scleme01/SatelliteTurbulencePrediction/model_inputs/2021_12/0000057.npz (4226.8s total | fetch=4216.6s project=0.8s smooth=6.4s | cache hits=9 misses=6)
[10/110] PIREP at (64.34, -147.85) FL7500 2021-12-06 20:00:00 (cache: 70 images)
  SAVED /cluster/tufts/capstone25skyblue/scleme01/SatelliteTurbulencePrediction/model_inputs/2021_12/0000058.npz (3666.0s total | fetch=3657.6s project=0.7s smooth=5.3s | cache hits=10 misses=5)
[11/110] PIREP at (64.34, -147.85) FL7500 2021-12-06 20:00:00 (cache: 75 images)
  SAVED /cluster/tufts/capstone25skyblue/scleme01/SatelliteTurbulencePrediction/model_inputs/2021_12/0000059.npz (0.1s total | fetch=0.0s project=0.0s smooth=0.0s | cache hits=15 misses=0)
[12/110] PIREP at (64.34, -147.85) FL7500 2021-12-06 20:00:00 (cache: 75 images)
  SAVED /cluster/tufts/capstone25skyblue/scleme01/SatelliteTurbulencePrediction/model_inputs/2021_12/0000060.npz (0.1s total | fetch=0.0s project=0.0s smooth=0.0s | cache hits=15 misses=0)
[13/110] PIREP at (64.34, -147.85) FL7500 2021-12-06 20:00:00 (cache: 75 images)
  SAVED /cluster/tufts/capstone25skyblue/scleme01/SatelliteTurbulencePrediction/model_inputs/2021_12/0000061.npz (0.1s total | fetch=0.0s project=0.0s smooth=0.0s | cache hits=15 misses=0)
[14/110] PIREP at (40.70, -96.21) FL10000 2021-12-06 20:49:00 (cache: 75 images)
