Resetting environment
Deactivating conda environment (if any)
Purging all modules
Done! Environment has been torn down
Loading cuda and miniforge...
Activating conda environment...
Redirecting into the satellite repo...
Done! Environment has now been set up
Processing 2019/10 chunk [440:550]
Fetching satellite data for PIREPs in /cluster/tufts/capstone25skyblue/scleme01/SatelliteTurbulencePrediction/pireps/2019/10_turb_pireps.csv
Processing chunk [440:550] (110 PIREPs) from /cluster/tufts/capstone25skyblue/scleme01/SatelliteTurbulencePrediction/pireps/2019/10_turb_pireps.csv
[1/110] PIREP at (38.28, -94.34) FL25000 2019-10-25 22:38:00 (cache: 0 images)
  SAVED /cluster/tufts/capstone25skyblue/scleme01/SatelliteTurbulencePrediction/model_inputs/2019_10/0000209.npz (14227.6s total | fetch=14197.3s project=2.0s smooth=21.1s | cache hits=0 misses=15)
[2/110] PIREP at (38.05, -93.17) FL23000 2019-10-26 00:49:00 (cache: 15 images)
  SAVED /cluster/tufts/capstone25skyblue/scleme01/SatelliteTurbulencePrediction/model_inputs/2019_10/0000210.npz (197.0s total | fetch=166.8s project=2.0s smooth=21.0s | cache hits=0 misses=15)
[3/110] PIREP at (38.02, -93.03) FL19000 2019-10-26 00:52:00 (cache: 30 images)
  SAVED /cluster/tufts/capstone25skyblue/scleme01/SatelliteTurbulencePrediction/model_inputs/2019_10/0000211.npz (8.7s total | fetch=6.5s project=0.1s smooth=1.4s | cache hits=14 misses=1)
[4/110] PIREP at (44.88, -121.87) FL38000 2019-10-26 00:53:00 (cache: 31 images)
  SAVED /cluster/tufts/capstone25skyblue/scleme01/SatelliteTurbulencePrediction/model_inputs/2019_10/0000505.npz (0.2s total | fetch=0.0s project=0.0s smooth=0.0s | cache hits=15 misses=0)
[5/110] PIREP at (45.62, -121.17) FL6500 2019-10-26 03:53:00 (cache: 31 images)
  SAVED /cluster/tufts/capstone25skyblue/scleme01/SatelliteTurbulencePrediction/model_inputs/2019_10/0000212.npz (219.2s total | fetch=189.0s project=2.0s smooth=21.1s | cache hits=0 misses=15)
[6/110] PIREP at (40.92, -94.32) FL45000 2019-10-26 03:58:00 (cache: 46 images)
  SAVED /cluster/tufts/capstone25skyblue/scleme01/SatelliteTurbulencePrediction/model_inputs/2019_10/0000280.npz (11.6s total | fetch=9.4s project=0.1s smooth=1.4s | cache hits=14 misses=1)
[7/110] PIREP at (43.56, -98.02) FL37000 2019-10-26 03:58:00 (cache: 47 images)
  SAVED /cluster/tufts/capstone25skyblue/scleme01/SatelliteTurbulencePrediction/model_inputs/2019_10/0000498.npz (0.2s total | fetch=0.0s project=0.0s smooth=0.0s | cache hits=15 misses=0)
[8/110] PIREP at (36.57, -95.33) FL26000 2019-10-26 05:23:00 (cache: 47 images)
  SAVED /cluster/tufts/capstone25skyblue/scleme01/SatelliteTurbulencePrediction/model_inputs/2019_10/0000213.npz (223.6s total | fetch=193.3s project=2.0s smooth=21.1s | cache hits=0 misses=15)
[9/110] PIREP at (28.01, -80.80) FL8000 2019-10-26 12:58:00 (cache: 62 images)
  SAVED /cluster/tufts/capstone25skyblue/scleme01/SatelliteTurbulencePrediction/model_inputs/2019_10/0000365.npz (12443.4s total | fetch=12413.1s project=2.0s smooth=21.1s | cache hits=0 misses=15)
[10/110] PIREP at (39.40, -87.52) FL41000 2019-10-26 13:22:00 (cache: 77 images)
  SAVED /cluster/tufts/capstone25skyblue/scleme01/SatelliteTurbulencePrediction/model_inputs/2019_10/0000291.npz (5572.5s total | fetch=5562.3s project=0.7s smooth=7.0s | cache hits=10 misses=5)
[11/110] PIREP at (32.32, -90.08) FL3000 2019-10-26 13:30:00 (cache: 82 images)
  SAVED /cluster/tufts/capstone25skyblue/scleme01/SatelliteTurbulencePrediction/model_inputs/2019_10/0000214.npz (2312.5s total | fetch=2308.3s project=0.3s smooth=2.8s | cache hits=13 misses=2)
[12/110] PIREP at (61.87, -40.83) FL29000 2019-10-26 15:28:00 (cache: 84 images)
  SAVED /cluster/tufts/capstone25skyblue/scleme01/SatelliteTurbulencePrediction/model_inputs/2019_10/0000215.npz (17057.7s total | fetch=17027.6s project=2.0s smooth=21.0s | cache hits=0 misses=15)
[13/110] PIREP at (40.60, -93.97) FL27500 2019-10-26 15:47:00 (cache: 99 images)
  SAVED /cluster/tufts/capstone25skyblue/scleme01/SatelliteTurbulencePrediction/model_inputs/2019_10/0000216.npz (4408.1s total | fetch=4399.8s project=0.5s smooth=5.6s | cache hits=11 misses=4)
[14/110] PIREP at (40.60, -94.12) FL27500 2019-10-26 15:50:00 (cache: 103 images)
  SAVED /cluster/tufts/capstone25skyblue/scleme01/SatelliteTurbulencePrediction/model_inputs/2019_10/0000217.npz (1244.3s total | fetch=1242.1s project=0.1s smooth=1.4s | cache hits=14 misses=1)
[15/110] PIREP at (35.52, -83.62) FL7700 2019-10-26 16:06:00 (cache: 104 images)
  SAVED /cluster/tufts/capstone25skyblue/scleme01/SatelliteTurbulencePrediction/model_inputs/2019_10/0000218.npz (3546.2s total | fetch=3539.9s project=0.4s smooth=4.2s | cache hits=12 misses=3)
[16/110] PIREP at (41.53, -93.65) FL39000 2019-10-26 16:48:00 (cache: 107 images)
  SAVED /cluster/tufts/capstone25skyblue/scleme01/SatelliteTurbulencePrediction/model_inputs/2019_10/0000219.npz (9378.5s total | fetch=9362.2s project=1.1s smooth=11.3s | cache hits=7 misses=8)
[17/110] PIREP at (45.12, -91.18) FL25000 2019-10-26 18:23:00 (cache: 115 images)
  SAVED /cluster/tufts/capstone25skyblue/scleme01/SatelliteTurbulencePrediction/model_inputs/2019_10/0000220.npz (15401.2s total | fetch=15370.9s project=2.0s smooth=21.1s | cache hits=0 misses=15)
[18/110] PIREP at (41.10, -102.98) FL39500 2019-10-26 20:34:00 (cache: 130 images)
