Resetting environment
Deactivating conda environment (if any)
Purging all modules
Done! Environment has been torn down
Loading cuda and miniforge...
Activating conda environment...
Redirecting into the satellite repo...
Done! Environment has now been set up
Processing 2023/02 chunk [440:550]
Fetching satellite data for PIREPs in /cluster/tufts/capstone25skyblue/scleme01/SatelliteTurbulencePrediction/pireps/2023/02_turb_pireps.csv
Processing chunk [440:550] (110 PIREPs) from /cluster/tufts/capstone25skyblue/scleme01/SatelliteTurbulencePrediction/pireps/2023/02_turb_pireps.csv
[1/110] PIREP at (39.89, -103.64) FL25000 2023-02-20 04:10:00 (cache: 0 images)
  SAVED /cluster/tufts/capstone25skyblue/scleme01/SatelliteTurbulencePrediction/model_inputs/2023_02/0000193.npz (268.8s total | fetch=238.6s project=2.0s smooth=21.0s | cache hits=0 misses=15)
[2/110] PIREP at (36.40, -106.23) FL24000 2023-02-20 05:19:00 (cache: 15 images)
  SAVED /cluster/tufts/capstone25skyblue/scleme01/SatelliteTurbulencePrediction/model_inputs/2023_02/0000195.npz (178.1s total | fetch=151.9s project=1.8s smooth=18.2s | cache hits=2 misses=13)
[3/110] PIREP at (34.01, -111.57) FL25000 2023-02-20 05:20:00 (cache: 28 images)
  SAVED /cluster/tufts/capstone25skyblue/scleme01/SatelliteTurbulencePrediction/model_inputs/2023_02/0000629.npz (19.7s total | fetch=17.6s project=0.1s smooth=1.4s | cache hits=14 misses=1)
[4/110] PIREP at (39.81, -85.61) FL17000 2023-02-20 10:41:00 (cache: 29 images)
  SAVED /cluster/tufts/capstone25skyblue/scleme01/SatelliteTurbulencePrediction/model_inputs/2023_02/0000597.npz (166.9s total | fetch=136.6s project=2.0s smooth=21.0s | cache hits=0 misses=15)
[5/110] PIREP at (40.45, -105.01) FL1000 2023-02-20 11:50:00 (cache: 44 images)
  SAVED /cluster/tufts/capstone25skyblue/scleme01/SatelliteTurbulencePrediction/model_inputs/2023_02/0000196.npz (221.6s total | fetch=193.3s project=1.9s smooth=19.7s | cache hits=1 misses=14)
[6/110] PIREP at (39.82, -82.67) FL36000 2023-02-20 13:20:00 (cache: 58 images)
  SAVED /cluster/tufts/capstone25skyblue/scleme01/SatelliteTurbulencePrediction/model_inputs/2023_02/0000479.npz (5664.1s total | fetch=5634.0s project=2.0s smooth=21.0s | cache hits=0 misses=15)
[7/110] PIREP at (40.02, -105.09) FL7000 2023-02-20 13:30:00 (cache: 73 images)
  SAVED /cluster/tufts/capstone25skyblue/scleme01/SatelliteTurbulencePrediction/model_inputs/2023_02/0000197.npz (1989.0s total | fetch=1984.8s project=0.3s smooth=2.8s | cache hits=13 misses=2)
[8/110] PIREP at (39.89, -105.12) FL7000 2023-02-20 13:35:00 (cache: 75 images)
  SAVED /cluster/tufts/capstone25skyblue/scleme01/SatelliteTurbulencePrediction/model_inputs/2023_02/0000198.npz (969.0s total | fetch=966.8s project=0.1s smooth=1.4s | cache hits=14 misses=1)
[9/110] PIREP at (39.91, -105.03) FL6500 2023-02-20 13:45:00 (cache: 76 images)
  SAVED /cluster/tufts/capstone25skyblue/scleme01/SatelliteTurbulencePrediction/model_inputs/2023_02/0000199.npz (2123.9s total | fetch=2119.7s project=0.3s smooth=2.8s | cache hits=13 misses=2)
[10/110] PIREP at (39.54, -105.06) FL12000 2023-02-20 14:25:00 (cache: 78 images)
  SAVED /cluster/tufts/capstone25skyblue/scleme01/SatelliteTurbulencePrediction/model_inputs/2023_02/0000200.npz (8587.7s total | fetch=8571.4s project=1.1s smooth=11.2s | cache hits=7 misses=8)
[11/110] PIREP at (35.44, -104.53) FL25000 2023-02-20 15:32:00 (cache: 86 images)
  SAVED /cluster/tufts/capstone25skyblue/scleme01/SatelliteTurbulencePrediction/model_inputs/2023_02/0000201.npz (14709.3s total | fetch=14683.1s project=1.8s smooth=18.2s | cache hits=2 misses=13)
[12/110] PIREP at (39.81, -86.70) FL33000 2023-02-20 15:39:00 (cache: 99 images)
