Resetting environment
Deactivating conda environment (if any)
Purging all modules
Done! Environment has been torn down
Allocating resources with slurm...
Loading cuda and miniforge...
Activating conda environment...
Redirecting into the satellite repo...
Done! Environment has now been set up
Processing 2019/06 chunk [150:300]
Fetching satellite data for PIREPs in /cluster/tufts/capstone25skyblue/scleme01/SatelliteTurbulencePrediction/pireps/2019/06_turb_pireps.csv
Processing chunk [150:300] (150 PIREPs) from /cluster/tufts/capstone25skyblue/scleme01/SatelliteTurbulencePrediction/pireps/2019/06_turb_pireps.csv
[1/150] PIREP at (41.67, -93.02) FL40000 2019-06-13 20:24:00 (cache: 0 images)
  SAVED /cluster/tufts/capstone25skyblue/scleme01/SatelliteTurbulencePrediction/model_inputs/2019_06/0000227.npz (8510.0s total | fetch=8482.2s project=1.8s smooth=19.4s | cache hits=0 misses=15)
[2/150] PIREP at (26.06, -80.08) FL1800 2019-06-13 20:50:00 (cache: 15 images)
  SAVED /cluster/tufts/capstone25skyblue/scleme01/SatelliteTurbulencePrediction/model_inputs/2019_06/0000308.npz (3378.5s total | fetch=3367.3s project=0.7s smooth=7.7s | cache hits=9 misses=6)
[3/150] PIREP at (41.08, -82.80) FL6000 2019-06-13 21:33:00 (cache: 21 images)
  SAVED /cluster/tufts/capstone25skyblue/scleme01/SatelliteTurbulencePrediction/model_inputs/2019_06/0000341.npz (4530.6s total | fetch=4515.8s project=1.0s smooth=10.3s | cache hits=7 misses=8)
[4/150] PIREP at (44.52, -117.65) FL34000 2019-06-13 22:45:00 (cache: 29 images)
  SAVED /cluster/tufts/capstone25skyblue/scleme01/SatelliteTurbulencePrediction/model_inputs/2019_06/0000064.npz (9989.4s total | fetch=9961.8s project=1.8s smooth=19.3s | cache hits=0 misses=15)
[5/150] PIREP at (38.92, -112.93) FL10000 2019-06-14 02:05:00 (cache: 44 images)
  SAVED /cluster/tufts/capstone25skyblue/scleme01/SatelliteTurbulencePrediction/model_inputs/2019_06/0000065.npz (4183.0s total | fetch=4155.4s project=1.8s smooth=19.4s | cache hits=0 misses=15)
[6/150] PIREP at (40.00, -105.03) FL37000 2019-06-14 04:09:00 (cache: 59 images)
  SAVED /cluster/tufts/capstone25skyblue/scleme01/SatelliteTurbulencePrediction/model_inputs/2019_06/0000066.npz (150.1s total | fetch=122.5s project=1.8s smooth=19.3s | cache hits=0 misses=15)
[7/150] PIREP at (41.82, 167.73) FL32000 2019-06-14 10:12:00 (cache: 74 images)
  SAVED /cluster/tufts/capstone25skyblue/scleme01/SatelliteTurbulencePrediction/model_inputs/2019_06/0000068.npz (143.5s total | fetch=115.9s project=1.8s smooth=19.3s | cache hits=0 misses=15)
[8/150] PIREP at (41.82, 167.73) FL32000 2019-06-14 10:12:00 (cache: 89 images)
  SAVED /cluster/tufts/capstone25skyblue/scleme01/SatelliteTurbulencePrediction/model_inputs/2019_06/0000067.npz (0.2s total | fetch=0.0s project=0.0s smooth=0.0s | cache hits=15 misses=0)
[9/150] PIREP at (41.82, 167.73) FL33000 2019-06-14 10:13:00 (cache: 89 images)
  SAVED /cluster/tufts/capstone25skyblue/scleme01/SatelliteTurbulencePrediction/model_inputs/2019_06/0000069.npz (0.2s total | fetch=0.0s project=0.0s smooth=0.0s | cache hits=15 misses=0)
[10/150] PIREP at (41.82, 167.73) FL33000 2019-06-14 10:13:00 (cache: 89 images)
  SAVED /cluster/tufts/capstone25skyblue/scleme01/SatelliteTurbulencePrediction/model_inputs/2019_06/0000070.npz (0.2s total | fetch=0.0s project=0.0s smooth=0.0s | cache hits=15 misses=0)
[11/150] PIREP at (42.10, -72.72) FL32000 2019-06-14 10:17:00 (cache: 89 images)
  SAVED /cluster/tufts/capstone25skyblue/scleme01/SatelliteTurbulencePrediction/model_inputs/2019_06/0000226.npz (12.9s total | fetch=10.9s project=0.1s smooth=1.3s | cache hits=14 misses=1)
[12/150] PIREP at (42.00, 168.00) FL33000 2019-06-14 10:25:00 (cache: 90 images)
  SAVED /cluster/tufts/capstone25skyblue/scleme01/SatelliteTurbulencePrediction/model_inputs/2019_06/0000071.npz (21.4s total | fetch=17.6s project=0.2s smooth=2.6s | cache hits=13 misses=2)
[13/150] PIREP at (42.00, 168.00) FL33000 2019-06-14 10:25:00 (cache: 92 images)
  SAVED /cluster/tufts/capstone25skyblue/scleme01/SatelliteTurbulencePrediction/model_inputs/2019_06/0000072.npz (0.2s total | fetch=0.0s project=0.0s smooth=0.0s | cache hits=15 misses=0)
[14/150] PIREP at (36.73, -79.27) FL36000 2019-06-14 10:55:00 (cache: 92 images)
  SAVED /cluster/tufts/capstone25skyblue/scleme01/SatelliteTurbulencePrediction/model_inputs/2019_06/0000348.npz (3484.5s total | fetch=3473.2s project=0.7s smooth=7.7s | cache hits=9 misses=6)
[15/150] PIREP at (33.78, -79.61) FL33000 2019-06-14 11:08:00 (cache: 98 images)
  SAVED /cluster/tufts/capstone25skyblue/scleme01/SatelliteTurbulencePrediction/model_inputs/2019_06/0000291.npz (1250.3s total | fetch=1246.4s project=0.2s smooth=2.6s | cache hits=13 misses=2)
[16/150] PIREP at (42.93, -71.44) FL18500 2019-06-14 12:46:00 (cache: 100 images)
  SAVED /cluster/tufts/capstone25skyblue/scleme01/SatelliteTurbulencePrediction/model_inputs/2019_06/0000262.npz (11775.4s total | fetch=11747.7s project=1.8s smooth=19.3s | cache hits=0 misses=15)
[17/150] PIREP at (50.60, -44.68) FL31000 2019-06-14 14:00:00 (cache: 115 images)
  SAVED /cluster/tufts/capstone25skyblue/scleme01/SatelliteTurbulencePrediction/model_inputs/2019_06/0000073.npz (14552.5s total | fetch=14524.9s project=1.8s smooth=19.3s | cache hits=0 misses=15)
[18/150] PIREP at (39.98, -105.26) FL39000 2019-06-14 14:31:00 (cache: 130 images)
