Resetting environment
Deactivating conda environment (if any)
Purging all modules
Done! Environment has been torn down
Loading cuda and miniforge...
Activating conda environment...
Redirecting into the satellite repo...
Done! Environment has now been set up
Processing 2020/03 chunk [110:220]
Fetching satellite data for PIREPs in /cluster/tufts/capstone25skyblue/scleme01/SatelliteTurbulencePrediction/pireps/2020/03_turb_pireps.csv
Processing chunk [110:220] (110 PIREPs) from /cluster/tufts/capstone25skyblue/scleme01/SatelliteTurbulencePrediction/pireps/2020/03_turb_pireps.csv
[1/110] PIREP at (33.00, -100.38) FL40000 2020-03-03 22:59:00 (cache: 0 images)
  SAVED /cluster/tufts/capstone25skyblue/scleme01/SatelliteTurbulencePrediction/model_inputs/2020_03/0000500.npz (11494.5s total | fetch=11470.1s project=1.6s smooth=16.9s | cache hits=0 misses=15)
[2/110] PIREP at (31.36, -95.69) FL8000 2020-03-04 00:54:00 (cache: 15 images)
  SAVED /cluster/tufts/capstone25skyblue/scleme01/SatelliteTurbulencePrediction/model_inputs/2020_03/0000064.npz (252.8s total | fetch=228.8s project=1.6s smooth=16.8s | cache hits=0 misses=15)
[3/110] PIREP at (31.36, -95.69) FL8000 2020-03-04 00:54:00 (cache: 30 images)
  SAVED /cluster/tufts/capstone25skyblue/scleme01/SatelliteTurbulencePrediction/model_inputs/2020_03/0000065.npz (0.1s total | fetch=0.0s project=0.0s smooth=0.0s | cache hits=15 misses=0)
[4/110] PIREP at (36.76, -96.01) FL32000 2020-03-04 01:00:00 (cache: 30 images)
  SAVED /cluster/tufts/capstone25skyblue/scleme01/SatelliteTurbulencePrediction/model_inputs/2020_03/0000446.npz (28.3s total | fetch=25.0s project=0.2s smooth=2.2s | cache hits=13 misses=2)
[5/110] PIREP at (30.39, -84.35) FL37000 2020-03-04 01:22:00 (cache: 32 images)
  SAVED /cluster/tufts/capstone25skyblue/scleme01/SatelliteTurbulencePrediction/model_inputs/2020_03/0000545.npz (45.5s total | fetch=38.9s project=0.4s smooth=4.5s | cache hits=11 misses=4)
[6/110] PIREP at (38.64, -82.66) FL6000 2020-03-04 02:30:00 (cache: 36 images)
  SAVED /cluster/tufts/capstone25skyblue/scleme01/SatelliteTurbulencePrediction/model_inputs/2020_03/0000448.npz (156.4s total | fetch=134.0s project=1.5s smooth=15.6s | cache hits=1 misses=14)
[7/110] PIREP at (33.58, -102.78) FL34000 2020-03-04 03:29:00 (cache: 50 images)
  SAVED /cluster/tufts/capstone25skyblue/scleme01/SatelliteTurbulencePrediction/model_inputs/2020_03/0000598.npz (98.1s total | fetch=80.4s project=1.2s smooth=12.3s | cache hits=4 misses=11)
[8/110] PIREP at (40.57, -73.83) FL2000 2020-03-04 03:30:00 (cache: 61 images)
  SAVED /cluster/tufts/capstone25skyblue/scleme01/SatelliteTurbulencePrediction/model_inputs/2020_03/0000066.npz (6.9s total | fetch=5.2s project=0.1s smooth=1.1s | cache hits=14 misses=1)
[9/110] PIREP at (32.98, -112.10) FL5500 2020-03-04 04:13:00 (cache: 62 images)
  SAVED /cluster/tufts/capstone25skyblue/scleme01/SatelliteTurbulencePrediction/model_inputs/2020_03/0000067.npz (72.0s total | fetch=59.1s project=0.8s smooth=8.9s | cache hits=7 misses=8)
[10/110] PIREP at (39.98, -73.50) FL22000 2020-03-04 04:23:00 (cache: 70 images)
  SAVED /cluster/tufts/capstone25skyblue/scleme01/SatelliteTurbulencePrediction/model_inputs/2020_03/0000068.npz (11.8s total | fetch=8.4s project=0.2s smooth=2.2s | cache hits=13 misses=2)
[11/110] PIREP at (44.27, -86.25) FL28000 2020-03-04 12:41:00 (cache: 72 images)
  SAVED /cluster/tufts/capstone25skyblue/scleme01/SatelliteTurbulencePrediction/model_inputs/2020_03/0000406.npz (204.0s total | fetch=179.9s project=1.6s smooth=16.8s | cache hits=0 misses=15)
[12/110] PIREP at (31.62, -97.52) FL10000 2020-03-04 13:16:00 (cache: 87 images)
  SAVED /cluster/tufts/capstone25skyblue/scleme01/SatelliteTurbulencePrediction/model_inputs/2020_03/0000069.npz (3786.8s total | fetch=3775.5s project=0.8s smooth=7.9s | cache hits=8 misses=7)
[13/110] PIREP at (42.69, -77.84) FL34000 2020-03-04 13:20:00 (cache: 94 images)
  SAVED /cluster/tufts/capstone25skyblue/scleme01/SatelliteTurbulencePrediction/model_inputs/2020_03/0000415.npz (738.4s total | fetch=736.7s project=0.1s smooth=1.1s | cache hits=14 misses=1)
[14/110] PIREP at (40.62, -87.18) FL2600 2020-03-04 13:43:00 (cache: 95 images)
  SAVED /cluster/tufts/capstone25skyblue/scleme01/SatelliteTurbulencePrediction/model_inputs/2020_03/0000642.npz (3005.8s total | fetch=2999.2s project=0.4s smooth=4.5s | cache hits=11 misses=4)
[15/110] PIREP at (32.13, -81.79) FL36000 2020-03-04 15:12:00 (cache: 99 images)
  SAVED /cluster/tufts/capstone25skyblue/scleme01/SatelliteTurbulencePrediction/model_inputs/2020_03/0000070.npz (13727.8s total | fetch=13703.4s project=1.6s smooth=16.9s | cache hits=0 misses=15)
[16/110] PIREP at (31.92, -81.63) FL37000 2020-03-04 15:45:00 (cache: 114 images)
  SAVED /cluster/tufts/capstone25skyblue/scleme01/SatelliteTurbulencePrediction/model_inputs/2020_03/0000071.npz (5978.9s total | fetch=5967.5s project=0.7s smooth=7.8s | cache hits=8 misses=7)
[17/110] PIREP at (32.00, -97.31) FL10000 2020-03-04 15:58:00 (cache: 121 images)
  SAVED /cluster/tufts/capstone25skyblue/scleme01/SatelliteTurbulencePrediction/model_inputs/2020_03/0000072.npz (2184.4s total | fetch=2181.0s project=0.2s smooth=2.2s | cache hits=13 misses=2)
[18/110] PIREP at (31.79, -81.20) FL36000 2020-03-04 16:00:00 (cache: 123 images)
  SAVED /cluster/tufts/capstone25skyblue/scleme01/SatelliteTurbulencePrediction/model_inputs/2020_03/0000073.npz (972.4s total | fetch=970.7s project=0.1s smooth=1.1s | cache hits=14 misses=1)
[19/110] PIREP at (34.80, -50.93) FL37000 2020-03-04 16:02:00 (cache: 124 images)
  SAVED /cluster/tufts/capstone25skyblue/scleme01/SatelliteTurbulencePrediction/model_inputs/2020_03/0000074.npz (0.2s total | fetch=0.0s project=0.0s smooth=0.0s | cache hits=15 misses=0)
[20/110] PIREP at (32.13, -81.20) FL41000 2020-03-04 16:06:00 (cache: 124 images)
  SAVED /cluster/tufts/capstone25skyblue/scleme01/SatelliteTurbulencePrediction/model_inputs/2020_03/0000075.npz (927.5s total | fetch=925.7s project=0.1s smooth=1.1s | cache hits=14 misses=1)
[21/110] PIREP at (31.28, -83.94) FL4000 2020-03-04 16:09:00 (cache: 125 images)
  SAVED /cluster/tufts/capstone25skyblue/scleme01/SatelliteTurbulencePrediction/model_inputs/2020_03/0000076.npz (0.2s total | fetch=0.0s project=0.0s smooth=0.0s | cache hits=15 misses=0)
[22/110] PIREP at (42.53, -71.50) FL8000 2020-03-04 16:10:00 (cache: 125 images)
  SAVED /cluster/tufts/capstone25skyblue/scleme01/SatelliteTurbulencePrediction/model_inputs/2020_03/0000077.npz (1055.9s total | fetch=1054.2s project=0.1s smooth=1.1s | cache hits=14 misses=1)
[23/110] PIREP at (32.13, -80.81) FL39000 2020-03-04 16:14:00 (cache: 126 images)
  SAVED /cluster/tufts/capstone25skyblue/scleme01/SatelliteTurbulencePrediction/model_inputs/2020_03/0000079.npz (0.1s total | fetch=0.0s project=0.0s smooth=0.0s | cache hits=15 misses=0)
[24/110] PIREP at (44.20, -72.61) FL3000 2020-03-04 16:14:00 (cache: 126 images)
  SAVED /cluster/tufts/capstone25skyblue/scleme01/SatelliteTurbulencePrediction/model_inputs/2020_03/0000078.npz (0.1s total | fetch=0.0s project=0.0s smooth=0.0s | cache hits=15 misses=0)
[25/110] PIREP at (33.01, -96.33) FL17000 2020-03-04 16:33:00 (cache: 126 images)
  SAVED /cluster/tufts/capstone25skyblue/scleme01/SatelliteTurbulencePrediction/model_inputs/2020_03/0000496.npz (3817.3s total | fetch=3810.7s project=0.4s smooth=4.5s | cache hits=11 misses=4)
[26/110] PIREP at (36.84, -84.18) FL39000 2020-03-04 16:35:00 (cache: 130 images)
  SAVED /cluster/tufts/capstone25skyblue/scleme01/SatelliteTurbulencePrediction/model_inputs/2020_03/0000676.npz (954.5s total | fetch=952.7s project=0.1s smooth=1.1s | cache hits=14 misses=1)
[27/110] PIREP at (32.77, -89.05) FL37000 2020-03-04 16:46:00 (cache: 131 images)
  SAVED /cluster/tufts/capstone25skyblue/scleme01/SatelliteTurbulencePrediction/model_inputs/2020_03/0000080.npz (1732.2s total | fetch=1728.8s project=0.2s smooth=2.2s | cache hits=13 misses=2)
[28/110] PIREP at (48.56, -94.61) FL2500 2020-03-04 16:49:00 (cache: 133 images)
  SAVED /cluster/tufts/capstone25skyblue/scleme01/SatelliteTurbulencePrediction/model_inputs/2020_03/0000374.npz (0.1s total | fetch=0.0s project=0.0s smooth=0.0s | cache hits=15 misses=0)
[29/110] PIREP at (45.86, -112.17) FL38000 2020-03-04 16:50:00 (cache: 133 images)
  SAVED /cluster/tufts/capstone25skyblue/scleme01/SatelliteTurbulencePrediction/model_inputs/2020_03/0000438.npz (943.7s total | fetch=941.9s project=0.1s smooth=1.1s | cache hits=14 misses=1)
[30/110] PIREP at (34.98, -94.80) FL9000 2020-03-04 17:04:00 (cache: 134 images)
  SAVED /cluster/tufts/capstone25skyblue/scleme01/SatelliteTurbulencePrediction/model_inputs/2020_03/0000082.npz (1921.1s total | fetch=1917.8s project=0.2s smooth=2.2s | cache hits=13 misses=2)
[31/110] PIREP at (34.98, -94.80) FL9000 2020-03-04 17:04:00 (cache: 136 images)
  SAVED /cluster/tufts/capstone25skyblue/scleme01/SatelliteTurbulencePrediction/model_inputs/2020_03/0000081.npz (0.1s total | fetch=0.0s project=0.0s smooth=0.0s | cache hits=15 misses=0)
[32/110] PIREP at (41.91, -90.83) FL36000 2020-03-04 17:09:00 (cache: 136 images)
  SAVED /cluster/tufts/capstone25skyblue/scleme01/SatelliteTurbulencePrediction/model_inputs/2020_03/0000569.npz (6.0s total | fetch=4.3s project=0.1s smooth=1.1s | cache hits=14 misses=1)
[33/110] PIREP at (31.10, -84.49) FL3000 2020-03-04 17:43:00 (cache: 137 images)
  SAVED /cluster/tufts/capstone25skyblue/scleme01/SatelliteTurbulencePrediction/model_inputs/2020_03/0000083.npz (6025.1s total | fetch=6013.8s project=0.7s smooth=7.8s | cache hits=8 misses=7)
[34/110] PIREP at (31.61, -91.69) FL31000 2020-03-04 18:10:00 (cache: 144 images)
  SAVED /cluster/tufts/capstone25skyblue/scleme01/SatelliteTurbulencePrediction/model_inputs/2020_03/0000084.npz (5893.3s total | fetch=5883.6s project=0.6s smooth=6.6s | cache hits=9 misses=6)
[35/110] PIREP at (39.37, -74.58) FL5500 2020-03-04 18:15:00 (cache: 150 images)
  SAVED /cluster/tufts/capstone25skyblue/scleme01/SatelliteTurbulencePrediction/model_inputs/2020_03/0000085.npz (714.5s total | fetch=712.8s project=0.1s smooth=1.1s | cache hits=14 misses=1)
[36/110] PIREP at (32.14, -88.94) FL8000 2020-03-04 18:35:00 (cache: 151 images)
  SAVED /cluster/tufts/capstone25skyblue/scleme01/SatelliteTurbulencePrediction/model_inputs/2020_03/0000086.npz (3748.2s total | fetch=3741.6s project=0.4s smooth=4.5s | cache hits=11 misses=4)
[37/110] PIREP at (40.13, -74.15) FL18000 2020-03-04 19:20:00 (cache: 155 images)
  SAVED /cluster/tufts/capstone25skyblue/scleme01/SatelliteTurbulencePrediction/model_inputs/2020_03/0000087.npz (8076.7s total | fetch=8062.1s project=1.0s smooth=10.1s | cache hits=6 misses=9)
[38/110] PIREP at (39.82, -73.45) FL17000 2020-03-04 19:25:00 (cache: 164 images)
  SAVED /cluster/tufts/capstone25skyblue/scleme01/SatelliteTurbulencePrediction/model_inputs/2020_03/0000088.npz (790.0s total | fetch=788.2s project=0.1s smooth=1.1s | cache hits=14 misses=1)
[39/110] PIREP at (40.00, -105.30) FL16000 2020-03-04 20:50:00 (cache: 165 images)
