Resetting environment
Deactivating conda environment (if any)
Purging all modules
Done! Environment has been torn down
Loading cuda and miniforge...
Activating conda environment...
Redirecting into the satellite repo...
Done! Environment has now been set up
Processing 2018/09 chunk [150:300]
Fetching satellite data for PIREPs in /cluster/tufts/capstone25skyblue/scleme01/SatelliteTurbulencePrediction/pireps/2018/09_turb_pireps.csv
Processing chunk [150:300] (150 PIREPs) from /cluster/tufts/capstone25skyblue/scleme01/SatelliteTurbulencePrediction/pireps/2018/09_turb_pireps.csv
[1/150] PIREP at (40.67, -89.68) FL33000 2018-09-18 19:37:00 (cache: 0 images)
  SAVED /cluster/tufts/capstone25skyblue/scleme01/SatelliteTurbulencePrediction/model_inputs/2018_09/0000187.npz (7011.3s total | fetch=6986.5s project=1.6s smooth=17.3s | cache hits=0 misses=15)
[2/150] PIREP at (39.58, -104.66) FL10000 2018-09-18 19:59:00 (cache: 15 images)
  SAVED /cluster/tufts/capstone25skyblue/scleme01/SatelliteTurbulencePrediction/model_inputs/2018_09/0000071.npz (2083.9s total | fetch=2077.1s project=0.4s smooth=4.7s | cache hits=11 misses=4)
[3/150] PIREP at (42.06, -84.77) FL37000 2018-09-18 21:38:00 (cache: 19 images)
  SAVED /cluster/tufts/capstone25skyblue/scleme01/SatelliteTurbulencePrediction/model_inputs/2018_09/0000158.npz (7399.2s total | fetch=7374.4s project=1.6s smooth=17.4s | cache hits=0 misses=15)
[4/150] PIREP at (41.15, -91.27) FL32000 2018-09-18 21:40:00 (cache: 34 images)
  SAVED /cluster/tufts/capstone25skyblue/scleme01/SatelliteTurbulencePrediction/model_inputs/2018_09/0000268.npz (424.2s total | fetch=422.4s project=0.1s smooth=1.2s | cache hits=14 misses=1)
[5/150] PIREP at (46.67, -73.54) FL34000 2018-09-18 21:55:00 (cache: 35 images)
  SAVED /cluster/tufts/capstone25skyblue/scleme01/SatelliteTurbulencePrediction/model_inputs/2018_09/0000072.npz (1626.2s total | fetch=1621.2s project=0.3s smooth=3.5s | cache hits=12 misses=3)
[6/150] PIREP at (39.35, -81.44) FL28000 2018-09-18 23:43:00 (cache: 38 images)
  SAVED /cluster/tufts/capstone25skyblue/scleme01/SatelliteTurbulencePrediction/model_inputs/2018_09/0000286.npz (7716.1s total | fetch=7691.3s project=1.6s smooth=17.4s | cache hits=0 misses=15)
[7/150] PIREP at (69.93, -147.68) FL1500 2018-09-19 00:20:00 (cache: 53 images)
  SAVED /cluster/tufts/capstone25skyblue/scleme01/SatelliteTurbulencePrediction/model_inputs/2018_09/0000265.npz (3577.2s total | fetch=3564.2s project=0.9s smooth=9.1s | cache hits=7 misses=8)
[8/150] PIREP at (39.94, -91.19) FL38000 2018-09-19 10:52:00 (cache: 61 images)
  SAVED /cluster/tufts/capstone25skyblue/scleme01/SatelliteTurbulencePrediction/model_inputs/2018_09/0000197.npz (112.3s total | fetch=88.0s project=1.6s smooth=17.0s | cache hits=0 misses=15)
[9/150] PIREP at (42.43, -73.88) FL3300 2018-09-19 14:05:00 (cache: 76 images)
  SAVED /cluster/tufts/capstone25skyblue/scleme01/SatelliteTurbulencePrediction/model_inputs/2018_09/0000169.npz (9078.8s total | fetch=9054.1s project=1.6s smooth=17.2s | cache hits=0 misses=15)
[10/150] PIREP at (45.35, -96.80) FL14000 2018-09-19 14:50:00 (cache: 91 images)
  SAVED /cluster/tufts/capstone25skyblue/scleme01/SatelliteTurbulencePrediction/model_inputs/2018_09/0000073.npz (6351.0s total | fetch=6336.3s project=1.0s smooth=10.2s | cache hits=6 misses=9)
[11/150] PIREP at (41.15, -122.25) FL10500 2018-09-19 15:00:00 (cache: 100 images)
  SAVED /cluster/tufts/capstone25skyblue/scleme01/SatelliteTurbulencePrediction/model_inputs/2018_09/0000172.npz (1484.4s total | fetch=1481.1s project=0.2s smooth=2.2s | cache hits=13 misses=2)
[12/150] PIREP at (29.57, -82.14) FL11000 2018-09-19 15:13:00 (cache: 102 images)
  SAVED /cluster/tufts/capstone25skyblue/scleme01/SatelliteTurbulencePrediction/model_inputs/2018_09/0000264.npz (1575.9s total | fetch=1572.4s project=0.2s smooth=2.3s | cache hits=13 misses=2)
[13/150] PIREP at (25.80, -79.06) FL11000 2018-09-19 21:20:00 (cache: 104 images)
  SAVED /cluster/tufts/capstone25skyblue/scleme01/SatelliteTurbulencePrediction/model_inputs/2018_09/0000239.npz (12890.5s total | fetch=12866.2s project=1.6s smooth=16.9s | cache hits=0 misses=15)
[14/150] PIREP at (37.27, -103.60) FL13000 2018-09-19 21:59:00 (cache: 119 images)
