Resetting environment
Deactivating conda environment (if any)
Purging all modules
Done! Environment has been torn down
Loading cuda and miniforge...
Activating conda environment...
Redirecting into the satellite repo...
Done! Environment has now been set up
Processing 2023/04 chunk [0:110]
Fetching satellite data for PIREPs in /cluster/tufts/capstone25skyblue/scleme01/SatelliteTurbulencePrediction/pireps/2023/04_turb_pireps.csv
Processing chunk [0:110] (110 PIREPs) from /cluster/tufts/capstone25skyblue/scleme01/SatelliteTurbulencePrediction/pireps/2023/04_turb_pireps.csv
[1/110] SKIPPING /cluster/tufts/capstone25skyblue/scleme01/SatelliteTurbulencePrediction/model_inputs/2023_04/0000000.npz (already exists)
[2/110] SKIPPING /cluster/tufts/capstone25skyblue/scleme01/SatelliteTurbulencePrediction/model_inputs/2023_04/0000001.npz (already exists)
[3/110] SKIPPING /cluster/tufts/capstone25skyblue/scleme01/SatelliteTurbulencePrediction/model_inputs/2023_04/0000002.npz (already exists)
[4/110] SKIPPING /cluster/tufts/capstone25skyblue/scleme01/SatelliteTurbulencePrediction/model_inputs/2023_04/0000003.npz (already exists)
[5/110] SKIPPING /cluster/tufts/capstone25skyblue/scleme01/SatelliteTurbulencePrediction/model_inputs/2023_04/0000004.npz (already exists)
[6/110] PIREP at (34.99, -81.46) FL32000 2023-04-01 11:00:00 (cache: 0 images)
  SAVED /cluster/tufts/capstone25skyblue/scleme01/SatelliteTurbulencePrediction/model_inputs/2023_04/0000558.npz (215.7s total | fetch=185.8s project=1.9s smooth=20.9s | cache hits=0 misses=15)
[7/110] PIREP at (42.99, -73.34) FL36000 2023-04-01 11:02:00 (cache: 15 images)
  SAVED /cluster/tufts/capstone25skyblue/scleme01/SatelliteTurbulencePrediction/model_inputs/2023_04/0000475.npz (0.2s total | fetch=0.0s project=0.0s smooth=0.0s | cache hits=15 misses=0)
[8/110] PIREP at (41.59, -83.80) FL28000 2023-04-01 12:05:00 (cache: 15 images)
  SAVED /cluster/tufts/capstone25skyblue/scleme01/SatelliteTurbulencePrediction/model_inputs/2023_04/0000635.npz (1981.7s total | fetch=1955.8s project=1.7s smooth=18.1s | cache hits=2 misses=13)
[9/110] PIREP at (28.06, -86.79) FL41000 2023-04-01 12:34:00 (cache: 28 images)
  SAVED /cluster/tufts/capstone25skyblue/scleme01/SatelliteTurbulencePrediction/model_inputs/2023_04/0000353.npz (4817.2s total | fetch=4807.1s project=0.6s smooth=6.9s | cache hits=10 misses=5)
[10/110] PIREP at (35.59, -77.35) FL36000 2023-04-01 12:44:00 (cache: 33 images)
  SAVED /cluster/tufts/capstone25skyblue/scleme01/SatelliteTurbulencePrediction/model_inputs/2023_04/0000346.npz (2089.8s total | fetch=2085.6s project=0.3s smooth=2.8s | cache hits=13 misses=2)
[11/110] SKIPPING /cluster/tufts/capstone25skyblue/scleme01/SatelliteTurbulencePrediction/model_inputs/2023_04/0000005.npz (already exists)
[12/110] PIREP at (38.99, -89.37) FL34000 2023-04-01 13:52:00 (cache: 35 images)
