Resetting environment
Deactivating conda environment (if any)
Purging all modules
Done! Environment has been torn down
Loading cuda and miniforge...
Activating conda environment...
Redirecting into the satellite repo...
Done! Environment has now been set up
Processing 2019/02 chunk [660:770]
Fetching satellite data for PIREPs in /cluster/tufts/capstone25skyblue/scleme01/SatelliteTurbulencePrediction/pireps/2019/02_turb_pireps.csv
Processing chunk [660:770] (90 PIREPs) from /cluster/tufts/capstone25skyblue/scleme01/SatelliteTurbulencePrediction/pireps/2019/02_turb_pireps.csv
[1/90] PIREP at (38.41, -80.15) FL7000 2019-02-25 16:34:00 (cache: 0 images)
  WARNING: Failed to fetch image at 2019-02-25 16:34:00: noaa-goes16/ABI-L2-MCMIPC/2019/056/16
  WARNING: Failed to fetch image at 2019-02-25 16:29:00: noaa-goes16/ABI-L2-MCMIPC/2019/056/16
  WARNING: Failed to fetch image at 2019-02-25 16:24:00: noaa-goes16/ABI-L2-MCMIPC/2019/056/16
  WARNING: Failed to fetch image at 2019-02-25 16:19:00: noaa-goes16/ABI-L2-MCMIPC/2019/056/16
  WARNING: Failed to fetch image at 2019-02-25 16:14:00: noaa-goes16/ABI-L2-MCMIPC/2019/056/16
  WARNING: Failed to fetch image at 2019-02-25 16:09:00: noaa-goes16/ABI-L2-MCMIPC/2019/056/16
  WARNING: Failed to fetch image at 2019-02-25 16:04:00: noaa-goes16/ABI-L2-MCMIPC/2019/056/16
  WARNING: Failed to fetch image at 2019-02-25 15:59:00: noaa-goes16/ABI-L2-MCMIPC/2019/056/16
  WARNING: Failed to fetch image at 2019-02-25 15:54:00: noaa-goes16/ABI-L2-MCMIPC/2019/056/16
  WARNING: Failed to fetch image at 2019-02-25 15:49:00: noaa-goes16/ABI-L2-MCMIPC/2019/056/16
  WARNING: Failed to fetch image at 2019-02-25 15:44:00: noaa-goes16/ABI-L2-MCMIPC/2019/056/16
  WARNING: Failed to fetch image at 2019-02-25 15:39:00: noaa-goes16/ABI-L2-MCMIPC/2019/056/16
  WARNING: Failed to fetch image at 2019-02-25 15:34:00: noaa-goes16/ABI-L2-MCMIPC/2019/056/16
  WARNING: Failed to fetch image at 2019-02-25 15:29:00: noaa-goes16/ABI-L2-MCMIPC/2019/056/16
  WARNING: Failed to fetch image at 2019-02-25 15:24:00: noaa-goes16/ABI-L2-MCMIPC/2019/056/16
  SKIPPED: no frames fetched
[2/90] PIREP at (33.63, -84.44) FL34000 2019-02-25 17:06:00 (cache: 15 images)
  WARNING: Failed to fetch image at 2019-02-25 17:06:00: noaa-goes16/ABI-L2-MCMIPC/2019/056/16
  WARNING: Failed to fetch image at 2019-02-25 17:01:00: noaa-goes16/ABI-L2-MCMIPC/2019/056/16
  WARNING: Failed to fetch image at 2019-02-25 16:56:00: noaa-goes16/ABI-L2-MCMIPC/2019/056/16
  WARNING: Failed to fetch image at 2019-02-25 16:51:00: noaa-goes16/ABI-L2-MCMIPC/2019/056/16
  WARNING: Failed to fetch image at 2019-02-25 16:46:00: noaa-goes16/ABI-L2-MCMIPC/2019/056/16
  WARNING: Failed to fetch image at 2019-02-25 16:41:00: noaa-goes16/ABI-L2-MCMIPC/2019/056/16
  WARNING: Failed to fetch image at 2019-02-25 16:36:00: noaa-goes16/ABI-L2-MCMIPC/2019/056/16
  SKIPPED: no frames fetched
[3/90] PIREP at (53.40, -58.72) FL34000 2019-02-25 18:01:00 (cache: 22 images)
  WARNING: Failed to fetch image at 2019-02-25 18:01:00: noaa-goes16/ABI-L2-MCMIPC/2019/056/17
  WARNING: Failed to fetch image at 2019-02-25 17:56:00: noaa-goes16/ABI-L2-MCMIPC/2019/056/16
  WARNING: Failed to fetch image at 2019-02-25 17:51:00: noaa-goes16/ABI-L2-MCMIPC/2019/056/16
  WARNING: Failed to fetch image at 2019-02-25 17:46:00: noaa-goes16/ABI-L2-MCMIPC/2019/056/16
  WARNING: Failed to fetch image at 2019-02-25 17:41:00: noaa-goes16/ABI-L2-MCMIPC/2019/056/16
  WARNING: Failed to fetch image at 2019-02-25 17:36:00: noaa-goes16/ABI-L2-MCMIPC/2019/056/16
  WARNING: Failed to fetch image at 2019-02-25 17:31:00: noaa-goes16/ABI-L2-MCMIPC/2019/056/16
  WARNING: Failed to fetch image at 2019-02-25 17:26:00: noaa-goes16/ABI-L2-MCMIPC/2019/056/16
  WARNING: Failed to fetch image at 2019-02-25 17:21:00: noaa-goes16/ABI-L2-MCMIPC/2019/056/16
  WARNING: Failed to fetch image at 2019-02-25 17:16:00: noaa-goes16/ABI-L2-MCMIPC/2019/056/16
  WARNING: Failed to fetch image at 2019-02-25 17:11:00: noaa-goes16/ABI-L2-MCMIPC/2019/056/16
  SKIPPED: no frames fetched
[4/90] PIREP at (52.97, -59.92) FL34000 2019-02-25 18:05:00 (cache: 33 images)
  WARNING: Failed to fetch image at 2019-02-25 18:05:00: noaa-goes16/ABI-L2-MCMIPC/2019/056/17
  SKIPPED: no frames fetched
[5/90] PIREP at (35.27, -96.68) FL19000 2019-02-25 19:01:00 (cache: 34 images)
  WARNING: Failed to fetch image at 2019-02-25 19:01:00: noaa-goes16/ABI-L2-MCMIPC/2019/056/18
  WARNING: Failed to fetch image at 2019-02-25 18:56:00: noaa-goes16/ABI-L2-MCMIPC/2019/056/17
  WARNING: Failed to fetch image at 2019-02-25 18:51:00: noaa-goes16/ABI-L2-MCMIPC/2019/056/17
  WARNING: Failed to fetch image at 2019-02-25 18:46:00: noaa-goes16/ABI-L2-MCMIPC/2019/056/17
  WARNING: Failed to fetch image at 2019-02-25 18:41:00: noaa-goes16/ABI-L2-MCMIPC/2019/056/17
  WARNING: Failed to fetch image at 2019-02-25 18:36:00: noaa-goes16/ABI-L2-MCMIPC/2019/056/17
  WARNING: Failed to fetch image at 2019-02-25 18:31:00: noaa-goes16/ABI-L2-MCMIPC/2019/056/17
  WARNING: Failed to fetch image at 2019-02-25 18:26:00: noaa-goes16/ABI-L2-MCMIPC/2019/056/17
  WARNING: Failed to fetch image at 2019-02-25 18:21:00: noaa-goes16/ABI-L2-MCMIPC/2019/056/17
  WARNING: Failed to fetch image at 2019-02-25 18:16:00: noaa-goes16/ABI-L2-MCMIPC/2019/056/17
  WARNING: Failed to fetch image at 2019-02-25 18:11:00: noaa-goes16/ABI-L2-MCMIPC/2019/056/17
  SKIPPED: no frames fetched
[6/90] PIREP at (38.72, -77.18) FL5000 2019-02-25 19:40:00 (cache: 45 images)
  WARNING: Failed to fetch image at 2019-02-25 19:40:00: noaa-goes16/ABI-L2-MCMIPC/2019/056/18
  WARNING: Failed to fetch image at 2019-02-25 19:35:00: noaa-goes16/ABI-L2-MCMIPC/2019/056/18
  WARNING: Failed to fetch image at 2019-02-25 19:30:00: noaa-goes16/ABI-L2-MCMIPC/2019/056/18
  WARNING: Failed to fetch image at 2019-02-25 19:25:00: noaa-goes16/ABI-L2-MCMIPC/2019/056/18
  WARNING: Failed to fetch image at 2019-02-25 19:20:00: noaa-goes16/ABI-L2-MCMIPC/2019/056/18
  WARNING: Failed to fetch image at 2019-02-25 19:15:00: noaa-goes16/ABI-L2-MCMIPC/2019/056/18
  WARNING: Failed to fetch image at 2019-02-25 19:10:00: noaa-goes16/ABI-L2-MCMIPC/2019/056/18
  WARNING: Failed to fetch image at 2019-02-25 19:05:00: noaa-goes16/ABI-L2-MCMIPC/2019/056/18
  SKIPPED: no frames fetched
[7/90] PIREP at (39.00, -119.75) FL10000 2019-02-25 20:04:00 (cache: 53 images)
  WARNING: Failed to fetch image at 2019-02-25 19:59:00: noaa-goes16/ABI-L2-MCMIPC/2019/056/18
  WARNING: Failed to fetch image at 2019-02-25 19:54:00: noaa-goes16/ABI-L2-MCMIPC/2019/056/18
  WARNING: Failed to fetch image at 2019-02-25 19:49:00: noaa-goes16/ABI-L2-MCMIPC/2019/056/18
  SAVED /cluster/tufts/capstone25skyblue/scleme01/SatelliteTurbulencePrediction/model_inputs/2019_02/0000334.npz (471.7s total | fetch=469.5s project=0.1s smooth=1.3s | cache hits=48 misses=1)
[8/90] PIREP at (32.30, -86.39) FL34000 2019-02-25 20:28:00 (cache: 57 images)
  SAVED /cluster/tufts/capstone25skyblue/scleme01/SatelliteTurbulencePrediction/model_inputs/2019_02/0000482.npz (3688.5s total | fetch=3679.2s project=0.6s smooth=6.5s | cache hits=10 misses=5)
[9/90] PIREP at (39.46, -119.60) FL10000 2019-02-25 20:41:00 (cache: 62 images)
  SAVED /cluster/tufts/capstone25skyblue/scleme01/SatelliteTurbulencePrediction/model_inputs/2019_02/0000335.npz (2854.7s total | fetch=2849.1s project=0.4s smooth=3.8s | cache hits=12 misses=3)
[10/90] PIREP at (39.43, -119.64) FL9000 2019-02-25 20:52:00 (cache: 65 images)
  SAVED /cluster/tufts/capstone25skyblue/scleme01/SatelliteTurbulencePrediction/model_inputs/2019_02/0000336.npz (1941.7s total | fetch=1938.0s project=0.2s smooth=2.6s | cache hits=13 misses=2)
[11/90] PIREP at (38.70, -117.89) FL35000 2019-02-25 21:11:00 (cache: 67 images)
  SAVED /cluster/tufts/capstone25skyblue/scleme01/SatelliteTurbulencePrediction/model_inputs/2019_02/0000585.npz (4047.5s total | fetch=4040.0s project=0.5s smooth=5.1s | cache hits=11 misses=4)
[12/90] PIREP at (38.10, -119.40) FL36000 2019-02-25 22:09:00 (cache: 71 images)
  SAVED /cluster/tufts/capstone25skyblue/scleme01/SatelliteTurbulencePrediction/model_inputs/2019_02/0000337.npz (11265.2s total | fetch=11245.0s project=1.3s smooth=14.1s | cache hits=4 misses=11)
[13/90] PIREP at (38.40, -119.45) FL36000 2019-02-25 22:11:00 (cache: 82 images)
  SAVED /cluster/tufts/capstone25skyblue/scleme01/SatelliteTurbulencePrediction/model_inputs/2019_02/0000338.npz (1172.4s total | fetch=1170.4s project=0.1s smooth=1.3s | cache hits=14 misses=1)
[14/90] PIREP at (39.83, -104.66) FL11000 2019-02-25 22:36:00 (cache: 83 images)
  SAVED /cluster/tufts/capstone25skyblue/scleme01/SatelliteTurbulencePrediction/model_inputs/2019_02/0000339.npz (4822.8s total | fetch=4813.5s project=0.6s smooth=6.4s | cache hits=10 misses=5)
[15/90] PIREP at (39.41, -119.73) FL100 2019-02-25 23:08:00 (cache: 88 images)
  SAVED /cluster/tufts/capstone25skyblue/scleme01/SatelliteTurbulencePrediction/model_inputs/2019_02/0000340.npz (6246.6s total | fetch=6235.5s project=0.7s smooth=7.7s | cache hits=9 misses=6)
[16/90] PIREP at (39.52, -119.78) FL6400 2019-02-25 23:32:00 (cache: 94 images)
  SAVED /cluster/tufts/capstone25skyblue/scleme01/SatelliteTurbulencePrediction/model_inputs/2019_02/0000341.npz (3255.3s total | fetch=3246.1s project=0.6s smooth=6.4s | cache hits=10 misses=5)
[17/90] PIREP at (39.52, -119.78) FL64000 2019-02-25 23:32:00 (cache: 99 images)
  SAVED /cluster/tufts/capstone25skyblue/scleme01/SatelliteTurbulencePrediction/model_inputs/2019_02/0000343.npz (0.2s total | fetch=0.0s project=0.0s smooth=0.0s | cache hits=15 misses=0)
[18/90] PIREP at (39.52, -119.78) FL6400 2019-02-25 23:32:00 (cache: 99 images)
  SAVED /cluster/tufts/capstone25skyblue/scleme01/SatelliteTurbulencePrediction/model_inputs/2019_02/0000342.npz (0.2s total | fetch=0.0s project=0.0s smooth=0.0s | cache hits=15 misses=0)
[19/90] PIREP at (39.59, -76.67) FL5000 2019-02-26 01:18:00 (cache: 99 images)
  SAVED /cluster/tufts/capstone25skyblue/scleme01/SatelliteTurbulencePrediction/model_inputs/2019_02/0000508.npz (217.6s total | fetch=190.2s project=1.8s smooth=19.1s | cache hits=0 misses=15)
[20/90] PIREP at (50.50, -42.67) FL36000 2019-02-26 02:16:00 (cache: 114 images)
  SAVED /cluster/tufts/capstone25skyblue/scleme01/SatelliteTurbulencePrediction/model_inputs/2019_02/0000344.npz (241.5s total | fetch=219.6s project=1.5s smooth=15.3s | cache hits=3 misses=12)
[21/90] PIREP at (37.38, -118.78) FL36000 2019-02-26 03:03:00 (cache: 126 images)
  SAVED /cluster/tufts/capstone25skyblue/scleme01/SatelliteTurbulencePrediction/model_inputs/2019_02/0000345.npz (143.2s total | fetch=126.6s project=1.1s smooth=11.5s | cache hits=6 misses=9)
[22/90] PIREP at (42.48, -108.54) FL35000 2019-02-26 03:28:00 (cache: 135 images)
  SAVED /cluster/tufts/capstone25skyblue/scleme01/SatelliteTurbulencePrediction/model_inputs/2019_02/0000346.npz (96.8s total | fetch=87.5s project=0.6s smooth=6.4s | cache hits=10 misses=5)
[23/90] PIREP at (39.48, -119.77) FL11000 2019-02-26 04:25:00 (cache: 140 images)
  SAVED /cluster/tufts/capstone25skyblue/scleme01/SatelliteTurbulencePrediction/model_inputs/2019_02/0000347.npz (214.3s total | fetch=192.1s project=1.5s smooth=15.4s | cache hits=3 misses=12)
[24/90] PIREP at (39.48, -119.77) FL11000 2019-02-26 04:34:00 (cache: 152 images)
  SAVED /cluster/tufts/capstone25skyblue/scleme01/SatelliteTurbulencePrediction/model_inputs/2019_02/0000348.npz (24.9s total | fetch=22.9s project=0.1s smooth=1.3s | cache hits=14 misses=1)
[25/90] PIREP at (42.75, -108.62) FL33000 2019-02-26 06:15:00 (cache: 153 images)
  SAVED /cluster/tufts/capstone25skyblue/scleme01/SatelliteTurbulencePrediction/model_inputs/2019_02/0000349.npz (210.7s total | fetch=183.2s project=1.8s smooth=19.2s | cache hits=0 misses=15)
[26/90] PIREP at (39.40, -77.98) FL36000 2019-02-26 13:07:00 (cache: 168 images)
  SAVED /cluster/tufts/capstone25skyblue/scleme01/SatelliteTurbulencePrediction/model_inputs/2019_02/0000532.npz (4196.8s total | fetch=4169.3s project=1.8s smooth=19.2s | cache hits=0 misses=15)
[27/90] PIREP at (38.62, -75.45) FL3500 2019-02-26 15:00:00 (cache: 183 images)
  SAVED /cluster/tufts/capstone25skyblue/scleme01/SatelliteTurbulencePrediction/model_inputs/2019_02/0000654.npz (16583.6s total | fetch=16556.1s project=1.8s smooth=19.2s | cache hits=0 misses=15)
[28/90] PIREP at (29.33, -82.22) FL11000 2019-02-26 15:20:00 (cache: 198 images)
  SAVED /cluster/tufts/capstone25skyblue/scleme01/SatelliteTurbulencePrediction/model_inputs/2019_02/0000351.npz (4562.4s total | fetch=4555.0s project=0.5s smooth=5.1s | cache hits=11 misses=4)
[29/90] PIREP at (55.77, -112.83) FL33000 2019-02-26 15:20:00 (cache: 202 images)
  SAVED /cluster/tufts/capstone25skyblue/scleme01/SatelliteTurbulencePrediction/model_inputs/2019_02/0000350.npz (0.1s total | fetch=0.0s project=0.0s smooth=0.0s | cache hits=15 misses=0)
[30/90] PIREP at (37.23, -89.57) FL30000 2019-02-26 15:34:00 (cache: 202 images)
  SAVED /cluster/tufts/capstone25skyblue/scleme01/SatelliteTurbulencePrediction/model_inputs/2019_02/0000690.npz (2358.3s total | fetch=2354.4s project=0.2s smooth=2.6s | cache hits=13 misses=2)
[31/90] PIREP at (29.28, -81.28) FL4500 2019-02-26 15:46:00 (cache: 204 images)
  SAVED /cluster/tufts/capstone25skyblue/scleme01/SatelliteTurbulencePrediction/model_inputs/2019_02/0000388.npz (3134.7s total | fetch=3129.1s project=0.4s smooth=3.8s | cache hits=12 misses=3)
[32/90] PIREP at (43.81, -95.66) FL30000 2019-02-26 15:53:00 (cache: 207 images)
  SAVED /cluster/tufts/capstone25skyblue/scleme01/SatelliteTurbulencePrediction/model_inputs/2019_02/0000688.npz (1039.0s total | fetch=1037.0s project=0.1s smooth=1.3s | cache hits=14 misses=1)
[33/90] PIREP at (36.90, -76.19) FL36000 2019-02-26 16:19:00 (cache: 208 images)
  SAVED /cluster/tufts/capstone25skyblue/scleme01/SatelliteTurbulencePrediction/model_inputs/2019_02/0000410.npz (4953.0s total | fetch=4943.6s project=0.6s smooth=6.4s | cache hits=10 misses=5)
[34/90] PIREP at (36.32, -105.40) FL20000 2019-02-26 17:20:00 (cache: 213 images)
