Resetting environment
Deactivating conda environment (if any)
Purging all modules
Done! Environment has been torn down
Loading cuda and miniforge...
Activating conda environment...
Redirecting into the satellite repo...
Done! Environment has now been set up
Processing 2018/02 chunk [220:330]
Fetching satellite data for PIREPs in /cluster/tufts/capstone25skyblue/scleme01/SatelliteTurbulencePrediction/pireps/2018/02_turb_pireps.csv
Processing chunk [220:330] (110 PIREPs) from /cluster/tufts/capstone25skyblue/scleme01/SatelliteTurbulencePrediction/pireps/2018/02_turb_pireps.csv
[1/110] PIREP at (35.86, -80.05) FL16000 2018-02-16 19:59:00 (cache: 0 images)
  SAVED /cluster/tufts/capstone25skyblue/scleme01/SatelliteTurbulencePrediction/model_inputs/2018_02/0000105.npz (13827.2s total | fetch=13797.0s project=2.0s smooth=21.0s | cache hits=0 misses=15)
[2/110] PIREP at (40.92, -74.87) FL16000 2018-02-16 20:20:00 (cache: 15 images)
  SAVED /cluster/tufts/capstone25skyblue/scleme01/SatelliteTurbulencePrediction/model_inputs/2018_02/0000106.npz (5128.3s total | fetch=5117.9s project=0.7s smooth=7.0s | cache hits=10 misses=5)
[3/110] PIREP at (39.04, -114.85) FL27000 2018-02-16 20:22:00 (cache: 20 images)
  SAVED /cluster/tufts/capstone25skyblue/scleme01/SatelliteTurbulencePrediction/model_inputs/2018_02/0000107.npz (0.8s total | fetch=0.0s project=0.0s smooth=0.0s | cache hits=15 misses=0)
[4/110] PIREP at (39.04, -114.85) FL27000 2018-02-16 20:22:00 (cache: 20 images)
  SAVED /cluster/tufts/capstone25skyblue/scleme01/SatelliteTurbulencePrediction/model_inputs/2018_02/0000108.npz (0.2s total | fetch=0.0s project=0.0s smooth=0.0s | cache hits=15 misses=0)
[5/110] PIREP at (47.57, -94.45) FL16000 2018-02-16 20:43:00 (cache: 20 images)
  SAVED /cluster/tufts/capstone25skyblue/scleme01/SatelliteTurbulencePrediction/model_inputs/2018_02/0000325.npz (4835.7s total | fetch=4827.6s project=0.5s smooth=5.6s | cache hits=11 misses=4)
[6/110] PIREP at (35.78, -80.08) FL14000 2018-02-16 20:56:00 (cache: 24 images)
  SAVED /cluster/tufts/capstone25skyblue/scleme01/SatelliteTurbulencePrediction/model_inputs/2018_02/0000109.npz (3293.1s total | fetch=3286.9s project=0.4s smooth=4.2s | cache hits=12 misses=3)
[7/110] PIREP at (36.99, -76.03) FL5000 2018-02-16 23:44:00 (cache: 27 images)
  SAVED /cluster/tufts/capstone25skyblue/scleme01/SatelliteTurbulencePrediction/model_inputs/2018_02/0000110.npz (7460.5s total | fetch=7430.4s project=2.0s smooth=21.0s | cache hits=0 misses=15)
[8/110] PIREP at (44.38, -73.84) FL8000 2018-02-17 00:43:00 (cache: 42 images)
  SAVED /cluster/tufts/capstone25skyblue/scleme01/SatelliteTurbulencePrediction/model_inputs/2018_02/0000111.npz (169.0s total | fetch=145.0s project=1.6s smooth=16.8s | cache hits=3 misses=12)
[9/110] PIREP at (37.90, -79.11) FL14000 2018-02-17 00:53:00 (cache: 54 images)
  SAVED /cluster/tufts/capstone25skyblue/scleme01/SatelliteTurbulencePrediction/model_inputs/2018_02/0000247.npz (36.6s total | fetch=32.4s project=0.3s smooth=2.8s | cache hits=13 misses=2)
[10/110] PIREP at (43.58, -96.75) FL500 2018-02-17 02:10:00 (cache: 56 images)
  SAVED /cluster/tufts/capstone25skyblue/scleme01/SatelliteTurbulencePrediction/model_inputs/2018_02/0000291.npz (148.7s total | fetch=118.7s project=2.0s smooth=20.9s | cache hits=0 misses=15)
[11/110] PIREP at (30.49, -81.11) FL45000 2018-02-17 04:10:00 (cache: 71 images)
  SAVED /cluster/tufts/capstone25skyblue/scleme01/SatelliteTurbulencePrediction/model_inputs/2018_02/0000413.npz (157.2s total | fetch=127.1s project=2.0s smooth=21.0s | cache hits=0 misses=15)
[12/110] PIREP at (58.35, -134.57) FL10000 2018-02-17 06:31:00 (cache: 86 images)
  SAVED /cluster/tufts/capstone25skyblue/scleme01/SatelliteTurbulencePrediction/model_inputs/2018_02/0000309.npz (214.0s total | fetch=184.0s project=2.0s smooth=21.0s | cache hits=0 misses=15)
[13/110] PIREP at (39.85, -105.44) FL31000 2018-02-17 09:27:00 (cache: 101 images)
  SAVED /cluster/tufts/capstone25skyblue/scleme01/SatelliteTurbulencePrediction/model_inputs/2018_02/0000112.npz (295.7s total | fetch=265.7s project=2.0s smooth=20.9s | cache hits=0 misses=15)
[14/110] PIREP at (39.62, -105.33) FL39000 2018-02-17 09:50:00 (cache: 116 images)
  SAVED /cluster/tufts/capstone25skyblue/scleme01/SatelliteTurbulencePrediction/model_inputs/2018_02/0000113.npz (93.1s total | fetch=83.0s project=0.7s smooth=7.0s | cache hits=10 misses=5)
[15/110] PIREP at (20.78, -156.95) FL15000 2018-02-17 12:33:00 (cache: 121 images)
  SAVED /cluster/tufts/capstone25skyblue/scleme01/SatelliteTurbulencePrediction/model_inputs/2018_02/0000372.npz (242.1s total | fetch=212.2s project=2.0s smooth=21.0s | cache hits=0 misses=15)
[16/110] PIREP at (42.40, -91.16) FL37000 2018-02-17 13:31:00 (cache: 136 images)
  SAVED /cluster/tufts/capstone25skyblue/scleme01/SatelliteTurbulencePrediction/model_inputs/2018_02/0000371.npz (4216.6s total | fetch=4192.5s project=1.6s smooth=16.8s | cache hits=3 misses=12)
[17/110] PIREP at (38.98, -82.58) FL3000 2018-02-17 15:05:00 (cache: 148 images)
  SAVED /cluster/tufts/capstone25skyblue/scleme01/SatelliteTurbulencePrediction/model_inputs/2018_02/0000254.npz (16892.5s total | fetch=16862.3s project=2.0s smooth=21.0s | cache hits=0 misses=15)
[18/110] PIREP at (39.83, -104.66) FL16000 2018-02-17 16:11:00 (cache: 163 images)
  SAVED /cluster/tufts/capstone25skyblue/scleme01/SatelliteTurbulencePrediction/model_inputs/2018_02/0000114.npz (14136.6s total | fetch=14110.5s project=1.7s smooth=18.2s | cache hits=2 misses=13)
[19/110] PIREP at (35.66, -85.98) FL12000 2018-02-17 16:12:00 (cache: 176 images)
  SAVED /cluster/tufts/capstone25skyblue/scleme01/SatelliteTurbulencePrediction/model_inputs/2018_02/0000115.npz (0.2s total | fetch=0.0s project=0.0s smooth=0.0s | cache hits=15 misses=0)
[20/110] PIREP at (39.80, -104.46) FL6800 2018-02-17 16:34:00 (cache: 176 images)
  SAVED /cluster/tufts/capstone25skyblue/scleme01/SatelliteTurbulencePrediction/model_inputs/2018_02/0000116.npz (4424.0s total | fetch=4415.7s project=0.5s smooth=5.7s | cache hits=11 misses=4)
[21/110] PIREP at (39.80, -104.46) FL8000 2018-02-17 16:34:00 (cache: 180 images)
  SAVED /cluster/tufts/capstone25skyblue/scleme01/SatelliteTurbulencePrediction/model_inputs/2018_02/0000117.npz (0.2s total | fetch=0.0s project=0.0s smooth=0.0s | cache hits=15 misses=0)
[22/110] PIREP at (64.81, -147.85) FL38000 2018-02-17 16:59:00 (cache: 180 images)
  SAVED /cluster/tufts/capstone25skyblue/scleme01/SatelliteTurbulencePrediction/model_inputs/2018_02/0000268.npz (4816.1s total | fetch=4806.0s project=0.7s smooth=7.0s | cache hits=10 misses=5)
[23/110] PIREP at (31.95, -102.21) FL40000 2018-02-17 17:39:00 (cache: 185 images)
  SAVED /cluster/tufts/capstone25skyblue/scleme01/SatelliteTurbulencePrediction/model_inputs/2018_02/0000241.npz (8037.3s total | fetch=8021.1s project=1.1s smooth=11.2s | cache hits=7 misses=8)
[24/110] PIREP at (34.70, -112.48) FL31000 2018-02-17 18:15:00 (cache: 193 images)
