Resetting environment
Deactivating conda environment (if any)
Purging all modules
Done! Environment has been torn down
Loading cuda and miniforge...
Activating conda environment...
Redirecting into the satellite repo...
Done! Environment has now been set up
Processing 2025/03 chunk [220:330]
Fetching satellite data for PIREPs in /cluster/tufts/capstone25skyblue/scleme01/SatelliteTurbulencePrediction/pireps/2025/03_turb_pireps.csv
Processing chunk [220:330] (110 PIREPs) from /cluster/tufts/capstone25skyblue/scleme01/SatelliteTurbulencePrediction/pireps/2025/03_turb_pireps.csv
[1/110] PIREP at (39.57, -104.85) FL7200 2025-03-08 20:55:00 (cache: 0 images)
  SAVED /cluster/tufts/capstone25skyblue/scleme01/SatelliteTurbulencePrediction/model_inputs/2025_03/0000110.npz (6653.7s total | fetch=6628.2s project=2.3s smooth=16.6s | cache hits=0 misses=15)
[2/110] PIREP at (31.72, -99.69) FL32000 2025-03-08 21:16:00 (cache: 15 images)
  SAVED /cluster/tufts/capstone25skyblue/scleme01/SatelliteTurbulencePrediction/model_inputs/2025_03/0000519.npz (43.8s total | fetch=37.2s project=0.6s smooth=4.4s | cache hits=11 misses=4)
[3/110] PIREP at (46.82, -118.99) FL4500 2025-03-08 21:18:00 (cache: 19 images)
  SAVED /cluster/tufts/capstone25skyblue/scleme01/SatelliteTurbulencePrediction/model_inputs/2025_03/0000111.npz (0.1s total | fetch=0.0s project=0.0s smooth=0.0s | cache hits=15 misses=0)
[4/110] PIREP at (34.92, -81.96) FL16000 2025-03-08 21:18:00 (cache: 19 images)
  SAVED /cluster/tufts/capstone25skyblue/scleme01/SatelliteTurbulencePrediction/model_inputs/2025_03/0000713.npz (0.2s total | fetch=0.0s project=0.0s smooth=0.0s | cache hits=15 misses=0)
[5/110] PIREP at (41.27, -87.79) FL7000 2025-03-08 23:16:00 (cache: 19 images)
  SAVED /cluster/tufts/capstone25skyblue/scleme01/SatelliteTurbulencePrediction/model_inputs/2025_03/0000635.npz (164.6s total | fetch=140.3s project=2.3s smooth=16.4s | cache hits=0 misses=15)
[6/110] PIREP at (32.77, -93.81) FL7000 2025-03-09 00:42:00 (cache: 34 images)
  SAVED /cluster/tufts/capstone25skyblue/scleme01/SatelliteTurbulencePrediction/model_inputs/2025_03/0000112.npz (71.0s total | fetch=46.5s project=2.3s smooth=16.6s | cache hits=0 misses=15)
[7/110] PIREP at (40.00, -97.22) FL34000 2025-03-09 00:44:00 (cache: 49 images)
  SAVED /cluster/tufts/capstone25skyblue/scleme01/SatelliteTurbulencePrediction/model_inputs/2025_03/0000471.npz (0.2s total | fetch=0.0s project=0.0s smooth=0.0s | cache hits=15 misses=0)
[8/110] PIREP at (53.89, -166.54) FL3000 2025-03-09 00:48:00 (cache: 49 images)
  SAVED /cluster/tufts/capstone25skyblue/scleme01/SatelliteTurbulencePrediction/model_inputs/2025_03/0000113.npz (11.9s total | fetch=10.1s project=0.2s smooth=1.1s | cache hits=14 misses=1)
[9/110] PIREP at (30.08, -96.70) FL15000 2025-03-09 01:48:00 (cache: 50 images)
  SAVED /cluster/tufts/capstone25skyblue/scleme01/SatelliteTurbulencePrediction/model_inputs/2025_03/0000114.npz (120.2s total | fetch=100.2s project=1.9s smooth=13.5s | cache hits=3 misses=12)
[10/110] PIREP at (30.08, -96.70) FL13000 2025-03-09 01:52:00 (cache: 62 images)
  SAVED /cluster/tufts/capstone25skyblue/scleme01/SatelliteTurbulencePrediction/model_inputs/2025_03/0000115.npz (8.4s total | fetch=6.6s project=0.2s smooth=1.1s | cache hits=14 misses=1)
[11/110] PIREP at (29.96, -96.75) FL16500 2025-03-09 03:15:00 (cache: 63 images)
  SAVED /cluster/tufts/capstone25skyblue/scleme01/SatelliteTurbulencePrediction/model_inputs/2025_03/0000116.npz (139.1s total | fetch=114.6s project=2.3s smooth=16.6s | cache hits=0 misses=15)
[12/110] PIREP at (29.08, -95.85) FL12000 2025-03-09 03:51:00 (cache: 78 images)
  SAVED /cluster/tufts/capstone25skyblue/scleme01/SatelliteTurbulencePrediction/model_inputs/2025_03/0000117.npz (66.6s total | fetch=55.1s project=1.1s smooth=7.7s | cache hits=8 misses=7)
[13/110] PIREP at (33.98, -98.49) FL24000 2025-03-09 04:07:00 (cache: 85 images)
  SAVED /cluster/tufts/capstone25skyblue/scleme01/SatelliteTurbulencePrediction/model_inputs/2025_03/0000118.npz (22.1s total | fetch=17.1s project=0.5s smooth=3.3s | cache hits=12 misses=3)
[14/110] PIREP at (41.40, -87.97) FL17000 2025-03-09 04:47:00 (cache: 88 images)
  SAVED /cluster/tufts/capstone25skyblue/scleme01/SatelliteTurbulencePrediction/model_inputs/2025_03/0000850.npz (77.3s total | fetch=64.4s project=1.2s smooth=8.7s | cache hits=7 misses=8)
[15/110] PIREP at (43.37, -87.69) FL36000 2025-03-09 13:00:00 (cache: 96 images)
  SAVED /cluster/tufts/capstone25skyblue/scleme01/SatelliteTurbulencePrediction/model_inputs/2025_03/0000520.npz (131.6s total | fetch=107.3s project=2.3s smooth=16.4s | cache hits=0 misses=15)
[16/110] PIREP at (50.52, -114.96) FL14500 2025-03-09 14:45:00 (cache: 111 images)
  SAVED /cluster/tufts/capstone25skyblue/scleme01/SatelliteTurbulencePrediction/model_inputs/2025_03/0000119.npz (157.3s total | fetch=133.3s project=2.2s smooth=16.4s | cache hits=0 misses=15)
[17/110] PIREP at (33.78, -83.67) FL20000 2025-03-09 15:39:00 (cache: 126 images)
  SAVED /cluster/tufts/capstone25skyblue/scleme01/SatelliteTurbulencePrediction/model_inputs/2025_03/0000780.npz (82.5s total | fetch=66.1s project=1.5s smooth=11.2s | cache hits=5 misses=10)
[18/110] PIREP at (39.77, -86.24) FL24000 2025-03-09 16:05:00 (cache: 136 images)
  SAVED /cluster/tufts/capstone25skyblue/scleme01/SatelliteTurbulencePrediction/model_inputs/2025_03/0000467.npz (635.3s total | fetch=624.9s project=0.9s smooth=6.9s | cache hits=9 misses=6)
[19/110] PIREP at (39.20, -85.50) FL36000 2025-03-09 16:19:00 (cache: 142 images)
  SAVED /cluster/tufts/capstone25skyblue/scleme01/SatelliteTurbulencePrediction/model_inputs/2025_03/0000792.npz (1226.4s total | fetch=1222.9s project=0.3s smooth=2.1s | cache hits=13 misses=2)
[20/110] PIREP at (39.99, -82.88) FL36000 2025-03-09 16:47:00 (cache: 144 images)
  SAVED /cluster/tufts/capstone25skyblue/scleme01/SatelliteTurbulencePrediction/model_inputs/2025_03/0000652.npz (3859.5s total | fetch=3849.0s project=0.9s smooth=6.6s | cache hits=9 misses=6)
[21/110] PIREP at (43.11, -71.57) FL4000 2025-03-09 16:52:00 (cache: 150 images)
  SAVED /cluster/tufts/capstone25skyblue/scleme01/SatelliteTurbulencePrediction/model_inputs/2025_03/0000120.npz (567.8s total | fetch=565.9s project=0.2s smooth=1.1s | cache hits=14 misses=1)
[22/110] PIREP at (44.36, -84.67) FL6100 2025-03-09 17:13:00 (cache: 151 images)
