Resetting environment
Deactivating conda environment (if any)
Purging all modules
Done! Environment has been torn down
Loading cuda and miniforge...
Activating conda environment...
Redirecting into the satellite repo...
Done! Environment has now been set up
Processing 2018/03 chunk [330:440]
Fetching satellite data for PIREPs in /cluster/tufts/capstone25skyblue/scleme01/SatelliteTurbulencePrediction/pireps/2018/03_turb_pireps.csv
Processing chunk [330:440] (110 PIREPs) from /cluster/tufts/capstone25skyblue/scleme01/SatelliteTurbulencePrediction/pireps/2018/03_turb_pireps.csv
[1/110] PIREP at (35.47, -81.87) FL9000 2018-03-15 17:46:00 (cache: 0 images)
  SAVED /cluster/tufts/capstone25skyblue/scleme01/SatelliteTurbulencePrediction/model_inputs/2018_03/0000184.npz (15032.2s total | fetch=15001.7s project=2.1s smooth=21.2s | cache hits=0 misses=15)
[2/110] PIREP at (37.26, -79.28) FL7000 2018-03-15 17:52:00 (cache: 15 images)
  SAVED /cluster/tufts/capstone25skyblue/scleme01/SatelliteTurbulencePrediction/model_inputs/2018_03/0000185.npz (1353.2s total | fetch=1350.9s project=0.2s smooth=1.4s | cache hits=14 misses=1)
[3/110] PIREP at (35.81, -79.30) FL4000 2018-03-15 17:53:00 (cache: 16 images)
  SAVED /cluster/tufts/capstone25skyblue/scleme01/SatelliteTurbulencePrediction/model_inputs/2018_03/0000186.npz (0.2s total | fetch=0.0s project=0.0s smooth=0.0s | cache hits=15 misses=0)
[4/110] PIREP at (35.58, -81.92) FL10000 2018-03-15 18:16:00 (cache: 16 images)
  SAVED /cluster/tufts/capstone25skyblue/scleme01/SatelliteTurbulencePrediction/model_inputs/2018_03/0000187.npz (5732.7s total | fetch=5722.3s project=0.7s smooth=7.1s | cache hits=10 misses=5)
[5/110] PIREP at (25.95, -81.35) FL4500 2018-03-15 18:18:00 (cache: 21 images)
  SAVED /cluster/tufts/capstone25skyblue/scleme01/SatelliteTurbulencePrediction/model_inputs/2018_03/0000606.npz (0.2s total | fetch=0.0s project=0.0s smooth=0.0s | cache hits=15 misses=0)
[6/110] PIREP at (35.74, -81.39) FL11000 2018-03-15 19:08:00 (cache: 21 images)
  SAVED /cluster/tufts/capstone25skyblue/scleme01/SatelliteTurbulencePrediction/model_inputs/2018_03/0000188.npz (12256.1s total | fetch=12235.7s project=1.4s smooth=14.2s | cache hits=5 misses=10)
[7/110] PIREP at (35.98, -77.29) FL8000 2018-03-15 19:14:00 (cache: 31 images)
  SAVED /cluster/tufts/capstone25skyblue/scleme01/SatelliteTurbulencePrediction/model_inputs/2018_03/0000189.npz (1110.1s total | fetch=1107.9s project=0.1s smooth=1.4s | cache hits=14 misses=1)
[8/110] PIREP at (36.21, -111.56) FL38000 2018-03-15 19:55:00 (cache: 32 images)
  SAVED /cluster/tufts/capstone25skyblue/scleme01/SatelliteTurbulencePrediction/model_inputs/2018_03/0000520.npz (11003.9s total | fetch=10985.6s project=1.2s smooth=12.7s | cache hits=6 misses=9)
[9/110] PIREP at (40.92, -81.44) FL4000 2018-03-15 20:15:00 (cache: 41 images)
  SAVED /cluster/tufts/capstone25skyblue/scleme01/SatelliteTurbulencePrediction/model_inputs/2018_03/0000656.npz (4619.3s total | fetch=4611.1s project=0.5s smooth=5.6s | cache hits=11 misses=4)
[10/110] PIREP at (25.68, -92.12) FL39000 2018-03-15 20:48:00 (cache: 45 images)
  SAVED /cluster/tufts/capstone25skyblue/scleme01/SatelliteTurbulencePrediction/model_inputs/2018_03/0000597.npz (7003.9s total | fetch=6991.6s project=0.8s smooth=8.5s | cache hits=9 misses=6)
[11/110] PIREP at (58.02, -139.15) FL36000 2018-03-15 21:33:00 (cache: 51 images)
  SAVED /cluster/tufts/capstone25skyblue/scleme01/SatelliteTurbulencePrediction/model_inputs/2018_03/0000662.npz (10524.5s total | fetch=10506.2s project=1.2s smooth=12.8s | cache hits=6 misses=9)
[12/110] PIREP at (42.74, -106.46) FL12000 2018-03-15 23:10:00 (cache: 60 images)
  SAVED /cluster/tufts/capstone25skyblue/scleme01/SatelliteTurbulencePrediction/model_inputs/2018_03/0000437.npz (14726.3s total | fetch=14695.7s project=2.0s smooth=21.4s | cache hits=0 misses=15)
[13/110] PIREP at (40.30, -111.84) FL14000 2018-03-15 23:13:00 (cache: 75 images)
  SAVED /cluster/tufts/capstone25skyblue/scleme01/SatelliteTurbulencePrediction/model_inputs/2018_03/0000190.npz (0.2s total | fetch=0.0s project=0.0s smooth=0.0s | cache hits=15 misses=0)
[14/110] PIREP at (47.50, -38.00) FL37000 2018-03-15 23:36:00 (cache: 75 images)
  SAVED /cluster/tufts/capstone25skyblue/scleme01/SatelliteTurbulencePrediction/model_inputs/2018_03/0000191.npz (4282.8s total | fetch=4272.4s project=0.7s smooth=7.2s | cache hits=10 misses=5)
[15/110] PIREP at (47.50, -38.00) FL37000 2018-03-15 23:36:00 (cache: 80 images)
  SAVED /cluster/tufts/capstone25skyblue/scleme01/SatelliteTurbulencePrediction/model_inputs/2018_03/0000192.npz (0.2s total | fetch=0.0s project=0.0s smooth=0.0s | cache hits=15 misses=0)
[16/110] PIREP at (40.18, -103.22) FL9000 2018-03-16 02:02:00 (cache: 80 images)
  SAVED /cluster/tufts/capstone25skyblue/scleme01/SatelliteTurbulencePrediction/model_inputs/2018_03/0000193.npz (163.7s total | fetch=133.1s project=2.0s smooth=21.5s | cache hits=0 misses=15)
[17/110] PIREP at (35.74, -82.34) FL9000 2018-03-16 03:48:00 (cache: 95 images)
  SAVED /cluster/tufts/capstone25skyblue/scleme01/SatelliteTurbulencePrediction/model_inputs/2018_03/0000194.npz (180.5s total | fetch=149.8s project=2.0s smooth=21.4s | cache hits=0 misses=15)
[18/110] PIREP at (33.50, -85.33) FL33000 2018-03-16 12:02:00 (cache: 110 images)
  SAVED /cluster/tufts/capstone25skyblue/scleme01/SatelliteTurbulencePrediction/model_inputs/2018_03/0000532.npz (217.9s total | fetch=187.3s project=2.0s smooth=21.4s | cache hits=0 misses=15)
[19/110] PIREP at (36.42, -105.36) FL38000 2018-03-16 12:19:00 (cache: 125 images)
  SAVED /cluster/tufts/capstone25skyblue/scleme01/SatelliteTurbulencePrediction/model_inputs/2018_03/0000195.npz (41.0s total | fetch=34.8s project=0.4s smooth=4.3s | cache hits=12 misses=3)
[20/110] PIREP at (40.66, -95.17) FL21000 2018-03-16 12:25:00 (cache: 128 images)
  SAVED /cluster/tufts/capstone25skyblue/scleme01/SatelliteTurbulencePrediction/model_inputs/2018_03/0000645.npz (907.7s total | fetch=903.5s project=0.3s smooth=2.9s | cache hits=13 misses=2)
[21/110] PIREP at (39.52, -92.08) FL35000 2018-03-16 12:26:00 (cache: 130 images)
  SAVED /cluster/tufts/capstone25skyblue/scleme01/SatelliteTurbulencePrediction/model_inputs/2018_03/0000355.npz (0.2s total | fetch=0.0s project=0.0s smooth=0.0s | cache hits=15 misses=0)
[22/110] PIREP at (41.97, -89.52) FL22000 2018-03-16 12:27:00 (cache: 130 images)
  SAVED /cluster/tufts/capstone25skyblue/scleme01/SatelliteTurbulencePrediction/model_inputs/2018_03/0000538.npz (0.2s total | fetch=0.0s project=0.0s smooth=0.0s | cache hits=15 misses=0)
[23/110] PIREP at (37.32, -79.21) FL5000 2018-03-16 13:15:00 (cache: 130 images)
