Resetting environment
Deactivating conda environment (if any)
Purging all modules
Done! Environment has been torn down
Allocating resources with slurm...
Loading cuda and miniforge...
Activating conda environment...
Redirecting into the satellite repo...
Done! Environment has now been set up
Processing 2019/07 chunk [0:150]
Fetching satellite data for PIREPs in /cluster/tufts/capstone25skyblue/scleme01/SatelliteTurbulencePrediction/pireps/2019/07_turb_pireps.csv
Processing chunk [0:150] (150 PIREPs) from /cluster/tufts/capstone25skyblue/scleme01/SatelliteTurbulencePrediction/pireps/2019/07_turb_pireps.csv
[1/150] PIREP at (42.24, -97.84) FL39000 2019-07-01 00:14:00 (cache: 0 images)
  SAVED /cluster/tufts/capstone25skyblue/scleme01/SatelliteTurbulencePrediction/model_inputs/2019_07/0000236.npz (7196.1s total | fetch=7164.8s project=2.2s smooth=21.9s | cache hits=0 misses=15)
[2/150] SKIPPING /cluster/tufts/capstone25skyblue/scleme01/SatelliteTurbulencePrediction/model_inputs/2019_07/0000000.npz (already exists)
[3/150] PIREP at (38.63, -118.07) FL35000 2019-07-01 13:54:00 (cache: 15 images)
  SAVED /cluster/tufts/capstone25skyblue/scleme01/SatelliteTurbulencePrediction/model_inputs/2019_07/0000196.npz (8360.7s total | fetch=8329.4s project=2.2s smooth=21.8s | cache hits=0 misses=15)
[4/150] PIREP at (32.48, -83.95) FL39000 2019-07-01 17:56:00 (cache: 30 images)
  SAVED /cluster/tufts/capstone25skyblue/scleme01/SatelliteTurbulencePrediction/model_inputs/2019_07/0000157.npz (9491.9s total | fetch=9460.7s project=2.1s smooth=21.6s | cache hits=0 misses=15)
[5/150] SKIPPING /cluster/tufts/capstone25skyblue/scleme01/SatelliteTurbulencePrediction/model_inputs/2019_07/0000001.npz (already exists)
[6/150] SKIPPING /cluster/tufts/capstone25skyblue/scleme01/SatelliteTurbulencePrediction/model_inputs/2019_07/0000002.npz (already exists)
[7/150] PIREP at (42.47, -98.69) FL41000 2019-07-01 21:23:00 (cache: 45 images)
  SAVED /cluster/tufts/capstone25skyblue/scleme01/SatelliteTurbulencePrediction/model_inputs/2019_07/0000228.npz (10945.4s total | fetch=10915.3s project=2.0s smooth=20.9s | cache hits=0 misses=15)
[8/150] PIREP at (42.50, -92.85) FL33000 2019-07-01 22:39:00 (cache: 60 images)
  SAVED /cluster/tufts/capstone25skyblue/scleme01/SatelliteTurbulencePrediction/model_inputs/2019_07/0000192.npz (12838.9s total | fetch=12808.8s project=2.0s smooth=20.9s | cache hits=0 misses=15)
[9/150] PIREP at (37.95, -87.40) FL9500 2019-07-01 23:40:00 (cache: 75 images)
  SAVED /cluster/tufts/capstone25skyblue/scleme01/SatelliteTurbulencePrediction/model_inputs/2019_07/0000179.npz (12891.2s total | fetch=12865.1s project=1.7s smooth=18.0s | cache hits=2 misses=13)
[10/150] PIREP at (34.46, -84.94) FL3500 2019-07-02 00:13:00 (cache: 88 images)
