Resetting environment
Deactivating conda environment (if any)
Purging all modules
Done! Environment has been torn down
Allocating resources with slurm...
Loading cuda and miniforge...
Activating conda environment...
Redirecting into the satellite repo...
Done! Environment has now been set up
Processing 2020/10 chunk [300:450]
Fetching satellite data for PIREPs in /cluster/tufts/capstone25skyblue/scleme01/SatelliteTurbulencePrediction/pireps/2020/10_turb_pireps.csv
Processing chunk [300:450] (104 PIREPs) from /cluster/tufts/capstone25skyblue/scleme01/SatelliteTurbulencePrediction/pireps/2020/10_turb_pireps.csv
[1/104] PIREP at (38.73, -93.55) FL31000 2020-10-26 11:43:00 (cache: 0 images)
  SAVED /cluster/tufts/capstone25skyblue/scleme01/SatelliteTurbulencePrediction/model_inputs/2020_10/0000402.npz (168.2s total | fetch=126.2s project=4.0s smooth=28.1s | cache hits=0 misses=15)
[2/104] PIREP at (34.34, -118.24) FL9000 2020-10-26 13:28:00 (cache: 15 images)
  SAVED /cluster/tufts/capstone25skyblue/scleme01/SatelliteTurbulencePrediction/model_inputs/2020_10/0000144.npz (10006.1s total | fetch=9965.1s project=3.8s smooth=27.5s | cache hits=0 misses=15)
[3/104] PIREP at (44.78, -89.67) FL35000 2020-10-26 14:13:00 (cache: 30 images)
  SAVED /cluster/tufts/capstone25skyblue/scleme01/SatelliteTurbulencePrediction/model_inputs/2020_10/0000268.npz (7486.0s total | fetch=7468.1s project=1.2s smooth=12.3s | cache hits=6 misses=9)
[4/104] PIREP at (38.56, -120.68) FL12800 2020-10-26 15:10:00 (cache: 39 images)
  SAVED /cluster/tufts/capstone25skyblue/scleme01/SatelliteTurbulencePrediction/model_inputs/2020_10/0000145.npz (11509.5s total | fetch=11485.7s project=1.6s smooth=16.5s | cache hits=3 misses=12)
[5/104] PIREP at (38.56, -120.68) FL12800 2020-10-26 15:10:00 (cache: 51 images)
  SAVED /cluster/tufts/capstone25skyblue/scleme01/SatelliteTurbulencePrediction/model_inputs/2020_10/0000146.npz (0.2s total | fetch=0.0s project=0.0s smooth=0.0s | cache hits=15 misses=0)
[6/104] PIREP at (33.58, -117.57) FL6000 2020-10-26 16:03:00 (cache: 51 images)
