Resetting environment
Deactivating conda environment (if any)
Purging all modules
Done! Environment has been torn down
Allocating resources with slurm...
Loading cuda and miniforge...
Activating conda environment...
Redirecting into the satellite repo...
Done! Environment has now been set up
Processing 2021/01 chunk [150:300]
Fetching satellite data for PIREPs in /cluster/tufts/capstone25skyblue/scleme01/SatelliteTurbulencePrediction/pireps/2021/01_turb_pireps.csv
Processing chunk [150:300] (150 PIREPs) from /cluster/tufts/capstone25skyblue/scleme01/SatelliteTurbulencePrediction/pireps/2021/01_turb_pireps.csv
[1/150] PIREP at (46.76, -114.05) FL12000 2021-01-13 18:45:00 (cache: 0 images)
  SAVED /cluster/tufts/capstone25skyblue/scleme01/SatelliteTurbulencePrediction/model_inputs/2021_01/0000059.npz (9902.7s total | fetch=9866.7s project=2.7s smooth=25.5s | cache hits=0 misses=15)
[2/150] PIREP at (36.83, -81.56) FL34000 2021-01-13 19:04:00 (cache: 15 images)
  SAVED /cluster/tufts/capstone25skyblue/scleme01/SatelliteTurbulencePrediction/model_inputs/2021_01/0000272.npz (2368.6s total | fetch=2361.2s project=0.5s smooth=5.1s | cache hits=12 misses=3)
[3/150] PIREP at (48.30, -114.26) FL12000 2021-01-13 19:18:00 (cache: 18 images)
  SAVED /cluster/tufts/capstone25skyblue/scleme01/SatelliteTurbulencePrediction/model_inputs/2021_01/0000060.npz (2250.1s total | fetch=2242.8s project=0.6s smooth=4.9s | cache hits=12 misses=3)
[4/150] PIREP at (48.10, -113.18) FL1200 2021-01-13 19:18:00 (cache: 21 images)
  SAVED /cluster/tufts/capstone25skyblue/scleme01/SatelliteTurbulencePrediction/model_inputs/2021_01/0000061.npz (0.2s total | fetch=0.0s project=0.0s smooth=0.0s | cache hits=15 misses=0)
[5/150] PIREP at (43.61, -110.74) FL9500 2021-01-13 20:05:00 (cache: 21 images)
  SAVED /cluster/tufts/capstone25skyblue/scleme01/SatelliteTurbulencePrediction/model_inputs/2021_01/0000062.npz (7898.3s total | fetch=7873.5s project=1.8s smooth=17.5s | cache hits=5 misses=10)
[6/150] PIREP at (44.38, -100.29) FL31000 2021-01-13 21:28:00 (cache: 31 images)
