Resetting environment
Deactivating conda environment (if any)
Purging all modules
Done! Environment has been torn down
Loading cuda and miniforge...
Activating conda environment...
Redirecting into the satellite repo...
Done! Environment has now been set up
Processing 2017/11 chunk [150:300]
Fetching satellite data for PIREPs in /cluster/tufts/capstone25skyblue/scleme01/SatelliteTurbulencePrediction/pireps/2017/11_turb_pireps.csv
Processing chunk [150:300] (150 PIREPs) from /cluster/tufts/capstone25skyblue/scleme01/SatelliteTurbulencePrediction/pireps/2017/11_turb_pireps.csv
[1/150] PIREP at (39.08, -77.56) FL1500 2017-11-16 22:05:00 (cache: 0 images)
  SAVED /cluster/tufts/capstone25skyblue/scleme01/SatelliteTurbulencePrediction/model_inputs/2017_11/0000065.npz (4982.8s total | fetch=4958.2s project=2.3s smooth=16.3s | cache hits=0 misses=15)
[2/150] PIREP at (34.74, -118.22) FL45000 2017-11-16 23:49:00 (cache: 15 images)
  SAVED /cluster/tufts/capstone25skyblue/scleme01/SatelliteTurbulencePrediction/model_inputs/2017_11/0000066.npz (946.0s total | fetch=922.4s project=2.4s smooth=16.4s | cache hits=0 misses=15)
[3/150] PIREP at (34.74, -118.22) FL45000 2017-11-16 23:49:00 (cache: 30 images)
  SAVED /cluster/tufts/capstone25skyblue/scleme01/SatelliteTurbulencePrediction/model_inputs/2017_11/0000067.npz (0.2s total | fetch=0.0s project=0.0s smooth=0.0s | cache hits=15 misses=0)
[4/150] PIREP at (34.31, -97.24) FL36000 2017-11-16 23:55:00 (cache: 30 images)
  SAVED /cluster/tufts/capstone25skyblue/scleme01/SatelliteTurbulencePrediction/model_inputs/2017_11/0000352.npz (13.2s total | fetch=10.0s project=0.3s smooth=2.2s | cache hits=13 misses=2)
[5/150] PIREP at (36.20, -95.89) FL30000 2017-11-17 00:47:00 (cache: 32 images)
  SAVED /cluster/tufts/capstone25skyblue/scleme01/SatelliteTurbulencePrediction/model_inputs/2017_11/0000266.npz (73.9s total | fetch=58.5s project=1.5s smooth=10.7s | cache hits=5 misses=10)
[6/150] PIREP at (35.23, -111.07) FL32000 2017-11-17 01:11:00 (cache: 42 images)
  SAVED /cluster/tufts/capstone25skyblue/scleme01/SatelliteTurbulencePrediction/model_inputs/2017_11/0000207.npz (45.3s total | fetch=37.5s project=0.7s smooth=5.4s | cache hits=10 misses=5)
[7/150] PIREP at (40.46, -81.25) FL19000 2017-11-17 01:25:00 (cache: 47 images)
  SAVED /cluster/tufts/capstone25skyblue/scleme01/SatelliteTurbulencePrediction/model_inputs/2017_11/0000252.npz (13.2s total | fetch=8.4s project=0.5s smooth=3.3s | cache hits=12 misses=3)
[8/150] PIREP at (56.44, -152.76) FL40000 2017-11-17 07:08:00 (cache: 50 images)
  SAVED /cluster/tufts/capstone25skyblue/scleme01/SatelliteTurbulencePrediction/model_inputs/2017_11/0000068.npz (105.1s total | fetch=82.0s project=2.3s smooth=16.3s | cache hits=0 misses=15)
[9/150] PIREP at (52.36, -177.98) FL34000 2017-11-17 12:06:00 (cache: 65 images)
  WARNING: Failed to fetch image at 2017-11-17 12:06:00: noaa-goes16/ABI-L2-MCMIPC/2017/321/12
  WARNING: Failed to fetch image at 2017-11-17 12:01:00: noaa-goes16/ABI-L2-MCMIPC/2017/321/12
  WARNING: Failed to fetch image at 2017-11-17 11:56:00: noaa-goes16/ABI-L2-MCMIPC/2017/321/12
  WARNING: Failed to fetch image at 2017-11-17 11:51:00: noaa-goes16/ABI-L2-MCMIPC/2017/321/12
  WARNING: Failed to fetch image at 2017-11-17 11:46:00: noaa-goes16/ABI-L2-MCMIPC/2017/321/12
  WARNING: Failed to fetch image at 2017-11-17 11:41:00: noaa-goes16/ABI-L2-MCMIPC/2017/321/12
  WARNING: Failed to fetch image at 2017-11-17 11:36:00: noaa-goes16/ABI-L2-MCMIPC/2017/321/12
  WARNING: Failed to fetch image at 2017-11-17 11:31:00: noaa-goes16/ABI-L2-MCMIPC/2017/321/12
  WARNING: Failed to fetch image at 2017-11-17 11:26:00: noaa-goes16/ABI-L2-MCMIPC/2017/321/12
  WARNING: Failed to fetch image at 2017-11-17 11:21:00: noaa-goes16/ABI-L2-MCMIPC/2017/321/12
  WARNING: Failed to fetch image at 2017-11-17 11:16:00: noaa-goes16/ABI-L2-MCMIPC/2017/321/12
  WARNING: Failed to fetch image at 2017-11-17 11:11:00: noaa-goes16/ABI-L2-MCMIPC/2017/321/12
  WARNING: Failed to fetch image at 2017-11-17 11:06:00: noaa-goes16/ABI-L2-MCMIPC/2017/321/12
  WARNING: Failed to fetch image at 2017-11-17 11:01:00: noaa-goes16/ABI-L2-MCMIPC/2017/321/12
  SAVED /cluster/tufts/capstone25skyblue/scleme01/SatelliteTurbulencePrediction/model_inputs/2017_11/0000343.npz (9.6s total | fetch=5.0s project=0.2s smooth=1.1s | cache hits=0 misses=1)
[10/150] PIREP at (45.75, -50.90) FL36000 2017-11-17 14:42:00 (cache: 80 images)
  WARNING: Failed to fetch image at 2017-11-17 13:57:00: noaa-goes16/ABI-L2-MCMIPC/2017/321/12
  WARNING: Failed to fetch image at 2017-11-17 13:52:00: noaa-goes16/ABI-L2-MCMIPC/2017/321/12
  WARNING: Failed to fetch image at 2017-11-17 13:47:00: noaa-goes16/ABI-L2-MCMIPC/2017/321/12
  WARNING: Failed to fetch image at 2017-11-17 13:42:00: noaa-goes16/ABI-L2-MCMIPC/2017/321/12
  WARNING: Failed to fetch image at 2017-11-17 13:37:00: noaa-goes16/ABI-L2-MCMIPC/2017/321/12
  WARNING: Failed to fetch image at 2017-11-17 13:32:00: noaa-goes16/ABI-L2-MCMIPC/2017/321/12
  SAVED /cluster/tufts/capstone25skyblue/scleme01/SatelliteTurbulencePrediction/model_inputs/2017_11/0000069.npz (2799.7s total | fetch=2784.3s project=1.4s smooth=9.8s | cache hits=0 misses=9)
[11/150] PIREP at (36.14, -115.28) FL4000 2017-11-17 16:36:00 (cache: 95 images)
  SAVED /cluster/tufts/capstone25skyblue/scleme01/SatelliteTurbulencePrediction/model_inputs/2017_11/0000070.npz (6395.7s total | fetch=6370.8s project=2.4s smooth=16.5s | cache hits=0 misses=15)
[12/150] PIREP at (50.50, -52.00) FL39000 2017-11-17 20:02:00 (cache: 110 images)
  SAVED /cluster/tufts/capstone25skyblue/scleme01/SatelliteTurbulencePrediction/model_inputs/2017_11/0000071.npz (6211.9s total | fetch=6187.1s project=2.3s smooth=16.5s | cache hits=0 misses=15)
[13/150] PIREP at (30.56, -83.79) FL35000 2017-11-17 20:10:00 (cache: 125 images)
  SAVED /cluster/tufts/capstone25skyblue/scleme01/SatelliteTurbulencePrediction/model_inputs/2017_11/0000240.npz (983.1s total | fetch=979.6s project=0.3s smooth=2.2s | cache hits=13 misses=2)
[14/150] PIREP at (32.45, -93.82) FL9500 2017-11-17 20:48:00 (cache: 127 images)
  SAVED /cluster/tufts/capstone25skyblue/scleme01/SatelliteTurbulencePrediction/model_inputs/2017_11/0000290.npz (3022.2s total | fetch=3010.4s project=1.1s smooth=7.7s | cache hits=8 misses=7)
[15/150] PIREP at (40.48, -104.17) FL13000 2017-11-18 00:16:00 (cache: 134 images)
  SAVED /cluster/tufts/capstone25skyblue/scleme01/SatelliteTurbulencePrediction/model_inputs/2017_11/0000072.npz (136.9s total | fetch=113.5s project=2.3s smooth=16.3s | cache hits=0 misses=15)
[16/150] PIREP at (35.52, -110.72) FL34000 2017-11-18 00:48:00 (cache: 149 images)
  SAVED /cluster/tufts/capstone25skyblue/scleme01/SatelliteTurbulencePrediction/model_inputs/2017_11/0000355.npz (33.9s total | fetch=24.5s project=0.9s smooth=6.6s | cache hits=9 misses=6)
[17/150] PIREP at (41.33, -86.66) FL26000 2017-11-18 02:11:00 (cache: 155 images)
  SAVED /cluster/tufts/capstone25skyblue/scleme01/SatelliteTurbulencePrediction/model_inputs/2017_11/0000244.npz (124.3s total | fetch=101.1s project=2.3s smooth=16.2s | cache hits=0 misses=15)
[18/150] PIREP at (48.55, -65.67) FL38000 2017-11-18 10:10:00 (cache: 170 images)
  SAVED /cluster/tufts/capstone25skyblue/scleme01/SatelliteTurbulencePrediction/model_inputs/2017_11/0000073.npz (102.0s total | fetch=79.0s project=2.2s smooth=16.2s | cache hits=0 misses=15)
[19/150] PIREP at (37.94, -97.06) FL16000 2017-11-18 13:44:00 (cache: 185 images)
  SAVED /cluster/tufts/capstone25skyblue/scleme01/SatelliteTurbulencePrediction/model_inputs/2017_11/0000298.npz (3271.9s total | fetch=3247.8s project=2.3s smooth=16.4s | cache hits=0 misses=15)
[20/150] PIREP at (48.60, 161.86) FL35000 2017-11-18 15:38:00 (cache: 200 images)
  SAVED /cluster/tufts/capstone25skyblue/scleme01/SatelliteTurbulencePrediction/model_inputs/2017_11/0000074.npz (6896.3s total | fetch=6871.3s project=2.4s smooth=16.5s | cache hits=0 misses=15)
[21/150] PIREP at (38.09, -81.38) FL5000 2017-11-18 16:55:00 (cache: 215 images)
  SAVED /cluster/tufts/capstone25skyblue/scleme01/SatelliteTurbulencePrediction/model_inputs/2017_11/0000277.npz (7874.8s total | fetch=7849.9s project=2.4s smooth=16.4s | cache hits=0 misses=15)
[22/150] PIREP at (51.02, 169.46) FL33000 2017-11-18 17:49:00 (cache: 230 images)
  SAVED /cluster/tufts/capstone25skyblue/scleme01/SatelliteTurbulencePrediction/model_inputs/2017_11/0000075.npz (6049.2s total | fetch=6032.7s project=1.6s smooth=10.9s | cache hits=5 misses=10)
[23/150] PIREP at (50.95, 169.63) FL32000 2017-11-18 17:55:00 (cache: 240 images)
  SAVED /cluster/tufts/capstone25skyblue/scleme01/SatelliteTurbulencePrediction/model_inputs/2017_11/0000076.npz (1113.5s total | fetch=1110.1s project=0.3s smooth=2.2s | cache hits=13 misses=2)
[24/150] PIREP at (34.10, -117.28) FL2000 2017-11-18 19:23:00 (cache: 242 images)
  SAVED /cluster/tufts/capstone25skyblue/scleme01/SatelliteTurbulencePrediction/model_inputs/2017_11/0000077.npz (10220.1s total | fetch=10195.4s project=2.4s smooth=16.2s | cache hits=0 misses=15)
[25/150] PIREP at (37.42, -89.01) FL33000 2017-11-18 19:26:00 (cache: 257 images)
  SAVED /cluster/tufts/capstone25skyblue/scleme01/SatelliteTurbulencePrediction/model_inputs/2017_11/0000078.npz (774.1s total | fetch=772.4s project=0.2s smooth=1.1s | cache hits=14 misses=1)
[26/150] PIREP at (38.25, -86.95) FL37000 2017-11-18 19:45:00 (cache: 258 images)
