Resetting environment
Deactivating conda environment (if any)
Purging all modules
Done! Environment has been torn down
Loading cuda and miniforge...
Activating conda environment...
Redirecting into the satellite repo...
Done! Environment has now been set up
Processing 2021/12 chunk [660:770]
Fetching satellite data for PIREPs in /cluster/tufts/capstone25skyblue/scleme01/SatelliteTurbulencePrediction/pireps/2021/12_turb_pireps.csv
Processing chunk [660:770] (64 PIREPs) from /cluster/tufts/capstone25skyblue/scleme01/SatelliteTurbulencePrediction/pireps/2021/12_turb_pireps.csv
[1/64] PIREP at (48.87, -70.42) FL27000 2021-12-28 23:20:00 (cache: 0 images)
  SAVED /cluster/tufts/capstone25skyblue/scleme01/SatelliteTurbulencePrediction/model_inputs/2021_12/0000334.npz (992.1s total | fetch=961.6s project=2.0s smooth=21.3s | cache hits=0 misses=15)
[2/64] PIREP at (41.53, -93.65) FL29000 2021-12-29 00:23:00 (cache: 15 images)
  SAVED /cluster/tufts/capstone25skyblue/scleme01/SatelliteTurbulencePrediction/model_inputs/2021_12/0000583.npz (194.6s total | fetch=169.3s project=1.8s smooth=17.5s | cache hits=3 misses=12)
[3/64] PIREP at (42.00, -60.00) FL39000 2021-12-29 00:30:00 (cache: 27 images)
  SAVED /cluster/tufts/capstone25skyblue/scleme01/SatelliteTurbulencePrediction/model_inputs/2021_12/0000490.npz (23.0s total | fetch=18.8s project=0.3s smooth=2.8s | cache hits=13 misses=2)
[4/64] PIREP at (41.17, -95.52) FL39000 2021-12-29 02:39:00 (cache: 29 images)
  SAVED /cluster/tufts/capstone25skyblue/scleme01/SatelliteTurbulencePrediction/model_inputs/2021_12/0000495.npz (199.0s total | fetch=168.6s project=2.1s smooth=21.2s | cache hits=0 misses=15)
[5/64] PIREP at (40.25, -55.55) FL43000 2021-12-29 04:25:00 (cache: 44 images)
  SAVED /cluster/tufts/capstone25skyblue/scleme01/SatelliteTurbulencePrediction/model_inputs/2021_12/0000335.npz (204.0s total | fetch=173.7s project=2.0s smooth=21.2s | cache hits=0 misses=15)
[6/64] PIREP at (36.58, -85.17) FL35000 2021-12-29 13:00:00 (cache: 59 images)
  SAVED /cluster/tufts/capstone25skyblue/scleme01/SatelliteTurbulencePrediction/model_inputs/2021_12/0000664.npz (238.0s total | fetch=207.5s project=2.0s smooth=21.3s | cache hits=0 misses=15)
[7/64] PIREP at (61.40, -148.69) FL16000 2021-12-29 14:15:00 (cache: 74 images)
