Resetting environment
Deactivating conda environment (if any)
Purging all modules
Done! Environment has been torn down
Allocating resources with slurm...
Loading cuda and miniforge...
Activating conda environment...
Redirecting into the satellite repo...
Done! Environment has now been set up
Processing 2020/07 chunk [150:300]
Fetching satellite data for PIREPs in /cluster/tufts/capstone25skyblue/scleme01/SatelliteTurbulencePrediction/pireps/2020/07_turb_pireps.csv
Processing chunk [150:300] (30 PIREPs) from /cluster/tufts/capstone25skyblue/scleme01/SatelliteTurbulencePrediction/pireps/2020/07_turb_pireps.csv
[1/30] PIREP at (42.38, -90.05) FL7000 2020-07-26 22:29:00 (cache: 0 images)
  WARNING: Failed to fetch image at 2020-07-26 22:29:00: noaa-goes16/ABI-L2-MCMIPC/2020/208/21
  WARNING: Failed to fetch image at 2020-07-26 22:24:00: noaa-goes16/ABI-L2-MCMIPC/2020/208/21
  WARNING: Failed to fetch image at 2020-07-26 22:19:00: noaa-goes16/ABI-L2-MCMIPC/2020/208/21
  WARNING: Failed to fetch image at 2020-07-26 22:14:00: noaa-goes16/ABI-L2-MCMIPC/2020/208/21
  WARNING: Failed to fetch image at 2020-07-26 22:09:00: noaa-goes16/ABI-L2-MCMIPC/2020/208/21
  WARNING: Failed to fetch image at 2020-07-26 22:04:00: noaa-goes16/ABI-L2-MCMIPC/2020/208/21
  WARNING: Failed to fetch image at 2020-07-26 21:59:00: noaa-goes16/ABI-L2-MCMIPC/2020/208/21
  WARNING: Failed to fetch image at 2020-07-26 21:54:00: noaa-goes16/ABI-L2-MCMIPC/2020/208/21
  WARNING: Failed to fetch image at 2020-07-26 21:49:00: noaa-goes16/ABI-L2-MCMIPC/2020/208/21
  WARNING: Failed to fetch image at 2020-07-26 21:44:00: noaa-goes16/ABI-L2-MCMIPC/2020/208/21
  WARNING: Failed to fetch image at 2020-07-26 21:39:00: noaa-goes16/ABI-L2-MCMIPC/2020/208/21
  WARNING: Failed to fetch image at 2020-07-26 21:34:00: noaa-goes16/ABI-L2-MCMIPC/2020/208/21
  WARNING: Failed to fetch image at 2020-07-26 21:29:00: noaa-goes16/ABI-L2-MCMIPC/2020/208/21
  WARNING: Failed to fetch image at 2020-07-26 21:24:00: noaa-goes16/ABI-L2-MCMIPC/2020/208/21
  WARNING: Failed to fetch image at 2020-07-26 21:19:00: noaa-goes16/ABI-L2-MCMIPC/2020/208/21
  SKIPPED: no frames fetched
[2/30] PIREP at (41.75, -121.63) FL9500 2020-07-26 22:42:00 (cache: 15 images)
  WARNING: Failed to fetch image at 2020-07-26 22:42:00: noaa-goes16/ABI-L2-MCMIPC/2020/208/21
  WARNING: Failed to fetch image at 2020-07-26 22:37:00: noaa-goes16/ABI-L2-MCMIPC/2020/208/21
  WARNING: Failed to fetch image at 2020-07-26 22:32:00: noaa-goes16/ABI-L2-MCMIPC/2020/208/21
  SKIPPED: no frames fetched
[3/30] PIREP at (41.66, -87.85) FL5000 2020-07-27 02:04:00 (cache: 18 images)
  WARNING: Failed to fetch image at 2020-07-27 02:04:00: noaa-goes16/ABI-L2-MCMIPC/2020/209/01
  WARNING: Failed to fetch image at 2020-07-27 01:59:00: noaa-goes16/ABI-L2-MCMIPC/2020/209/00
  WARNING: Failed to fetch image at 2020-07-27 01:54:00: noaa-goes16/ABI-L2-MCMIPC/2020/209/00
  WARNING: Failed to fetch image at 2020-07-27 01:49:00: noaa-goes16/ABI-L2-MCMIPC/2020/209/00
  WARNING: Failed to fetch image at 2020-07-27 01:44:00: noaa-goes16/ABI-L2-MCMIPC/2020/209/00
  WARNING: Failed to fetch image at 2020-07-27 01:39:00: noaa-goes16/ABI-L2-MCMIPC/2020/209/00
  WARNING: Failed to fetch image at 2020-07-27 01:34:00: noaa-goes16/ABI-L2-MCMIPC/2020/209/00
  WARNING: Failed to fetch image at 2020-07-27 01:29:00: noaa-goes16/ABI-L2-MCMIPC/2020/209/00
  WARNING: Failed to fetch image at 2020-07-27 01:24:00: noaa-goes16/ABI-L2-MCMIPC/2020/209/00
  WARNING: Failed to fetch image at 2020-07-27 01:19:00: noaa-goes16/ABI-L2-MCMIPC/2020/209/00
  WARNING: Failed to fetch image at 2020-07-27 01:14:00: noaa-goes16/ABI-L2-MCMIPC/2020/209/00
  WARNING: Failed to fetch image at 2020-07-27 01:09:00: noaa-goes16/ABI-L2-MCMIPC/2020/209/00
  WARNING: Failed to fetch image at 2020-07-27 01:04:00: noaa-goes16/ABI-L2-MCMIPC/2020/209/00
  WARNING: Failed to fetch image at 2020-07-27 00:59:00: noaa-goes16/ABI-L2-MCMIPC/2020/208/23
  WARNING: Failed to fetch image at 2020-07-27 00:54:00: noaa-goes16/ABI-L2-MCMIPC/2020/208/23
  SKIPPED: no frames fetched
[4/30] PIREP at (41.65, -87.93) FL5000 2020-07-27 02:06:00 (cache: 33 images)
  WARNING: Failed to fetch image at 2020-07-27 02:06:00: noaa-goes16/ABI-L2-MCMIPC/2020/209/01
  SKIPPED: no frames fetched
[5/30] PIREP at (46.70, -97.09) FL4500 2020-07-27 02:09:00 (cache: 34 images)
  SKIPPED: no frames fetched
[6/30] PIREP at (41.01, -112.06) FL6500 2020-07-28 01:00:00 (cache: 34 images)
  SAVED /cluster/tufts/capstone25skyblue/scleme01/SatelliteTurbulencePrediction/model_inputs/2020_07/0000080.npz (6942.3s total | fetch=6915.8s project=2.3s smooth=17.3s | cache hits=41 misses=15)
[7/30] PIREP at (42.76, -70.98) FL9000 2020-07-28 16:16:00 (cache: 49 images)
  SAVED /cluster/tufts/capstone25skyblue/scleme01/SatelliteTurbulencePrediction/model_inputs/2020_07/0000139.npz (8364.1s total | fetch=8337.8s project=2.3s smooth=17.2s | cache hits=0 misses=15)
[8/30] PIREP at (26.20, -80.17) FL1000 2020-07-28 19:31:00 (cache: 64 images)
  SAVED /cluster/tufts/capstone25skyblue/scleme01/SatelliteTurbulencePrediction/model_inputs/2020_07/0000090.npz (9829.1s total | fetch=9802.8s project=2.3s smooth=17.1s | cache hits=0 misses=15)
[9/30] PIREP at (34.75, -112.35) FL7300 2020-07-28 19:48:00 (cache: 79 images)
  SAVED /cluster/tufts/capstone25skyblue/scleme01/SatelliteTurbulencePrediction/model_inputs/2020_07/0000081.npz (2195.8s total | fetch=2190.3s project=0.5s smooth=3.4s | cache hits=12 misses=3)
[10/30] PIREP at (34.75, -112.35) FL7300 2020-07-28 19:48:00 (cache: 82 images)
  SAVED /cluster/tufts/capstone25skyblue/scleme01/SatelliteTurbulencePrediction/model_inputs/2020_07/0000082.npz (0.2s total | fetch=0.0s project=0.0s smooth=0.0s | cache hits=15 misses=0)
[11/30] PIREP at (42.54, -89.04) FL18000 2020-07-28 21:18:00 (cache: 82 images)
