Resetting environment
Deactivating conda environment (if any)
Purging all modules
Done! Environment has been torn down
Loading cuda and miniforge...
Activating conda environment...
Redirecting into the satellite repo...
Done! Environment has now been set up
Processing 2017/12 chunk [450:600]
Fetching satellite data for PIREPs in /cluster/tufts/capstone25skyblue/scleme01/SatelliteTurbulencePrediction/pireps/2017/12_turb_pireps.csv
Processing chunk [450:600] (150 PIREPs) from /cluster/tufts/capstone25skyblue/scleme01/SatelliteTurbulencePrediction/pireps/2017/12_turb_pireps.csv
[1/150] SKIPPING /cluster/tufts/capstone25skyblue/scleme01/SatelliteTurbulencePrediction/model_inputs/2017_12/0000228.npz (already exists)
[2/150] SKIPPING /cluster/tufts/capstone25skyblue/scleme01/SatelliteTurbulencePrediction/model_inputs/2017_12/0000229.npz (already exists)
[3/150] SKIPPING /cluster/tufts/capstone25skyblue/scleme01/SatelliteTurbulencePrediction/model_inputs/2017_12/0000507.npz (already exists)
[4/150] SKIPPING /cluster/tufts/capstone25skyblue/scleme01/SatelliteTurbulencePrediction/model_inputs/2017_12/0000608.npz (already exists)
[5/150] SKIPPING /cluster/tufts/capstone25skyblue/scleme01/SatelliteTurbulencePrediction/model_inputs/2017_12/0000419.npz (already exists)
[6/150] SKIPPING /cluster/tufts/capstone25skyblue/scleme01/SatelliteTurbulencePrediction/model_inputs/2017_12/0000230.npz (already exists)
[7/150] SKIPPING /cluster/tufts/capstone25skyblue/scleme01/SatelliteTurbulencePrediction/model_inputs/2017_12/0000231.npz (already exists)
[8/150] SKIPPING /cluster/tufts/capstone25skyblue/scleme01/SatelliteTurbulencePrediction/model_inputs/2017_12/0000483.npz (already exists)
[9/150] SKIPPING /cluster/tufts/capstone25skyblue/scleme01/SatelliteTurbulencePrediction/model_inputs/2017_12/0000631.npz (already exists)
[10/150] SKIPPING /cluster/tufts/capstone25skyblue/scleme01/SatelliteTurbulencePrediction/model_inputs/2017_12/0000473.npz (already exists)
[11/150] SKIPPING /cluster/tufts/capstone25skyblue/scleme01/SatelliteTurbulencePrediction/model_inputs/2017_12/0000681.npz (already exists)
[12/150] SKIPPING /cluster/tufts/capstone25skyblue/scleme01/SatelliteTurbulencePrediction/model_inputs/2017_12/0000500.npz (already exists)
[13/150] SKIPPING /cluster/tufts/capstone25skyblue/scleme01/SatelliteTurbulencePrediction/model_inputs/2017_12/0000454.npz (already exists)
[14/150] SKIPPING /cluster/tufts/capstone25skyblue/scleme01/SatelliteTurbulencePrediction/model_inputs/2017_12/0000639.npz (already exists)
[15/150] SKIPPING /cluster/tufts/capstone25skyblue/scleme01/SatelliteTurbulencePrediction/model_inputs/2017_12/0000388.npz (already exists)
[16/150] PIREP at (63.00, -28.00) FL40000 2017-12-18 11:26:00 (cache: 0 images)
  SAVED /cluster/tufts/capstone25skyblue/scleme01/SatelliteTurbulencePrediction/model_inputs/2017_12/0000700.npz (60.5s total | fetch=36.2s project=2.1s smooth=16.8s | cache hits=0 misses=15)
[17/150] PIREP at (40.07, -86.65) FL39000 2017-12-18 12:30:00 (cache: 15 images)
  SAVED /cluster/tufts/capstone25skyblue/scleme01/SatelliteTurbulencePrediction/model_inputs/2017_12/0000510.npz (59.6s total | fetch=38.7s project=1.7s smooth=14.4s | cache hits=2 misses=13)
[18/150] PIREP at (38.13, -91.77) FL5000 2017-12-18 13:47:00 (cache: 28 images)
  SAVED /cluster/tufts/capstone25skyblue/scleme01/SatelliteTurbulencePrediction/model_inputs/2017_12/0000630.npz (3387.5s total | fetch=3362.1s project=2.1s smooth=17.0s | cache hits=0 misses=15)
[19/150] PIREP at (41.47, -73.14) FL22000 2017-12-18 14:09:00 (cache: 43 images)
  SAVED /cluster/tufts/capstone25skyblue/scleme01/SatelliteTurbulencePrediction/model_inputs/2017_12/0000563.npz (1574.9s total | fetch=1567.8s project=0.6s smooth=4.6s | cache hits=11 misses=4)
[20/150] SKIPPING /cluster/tufts/capstone25skyblue/scleme01/SatelliteTurbulencePrediction/model_inputs/2017_12/0000232.npz (already exists)
[21/150] PIREP at (34.85, -103.60) FL37000 2017-12-18 15:06:00 (cache: 47 images)
  SAVED /cluster/tufts/capstone25skyblue/scleme01/SatelliteTurbulencePrediction/model_inputs/2017_12/0000402.npz (4495.2s total | fetch=4474.3s project=1.7s smooth=13.6s | cache hits=3 misses=12)
[22/150] PIREP at (45.79, -110.44) FL33000 2017-12-18 15:56:00 (cache: 59 images)
  SAVED /cluster/tufts/capstone25skyblue/scleme01/SatelliteTurbulencePrediction/model_inputs/2017_12/0000233.npz (3569.8s total | fetch=3552.4s project=1.5s smooth=11.4s | cache hits=5 misses=10)
[23/150] PIREP at (33.00, -108.12) FL37000 2017-12-18 16:24:00 (cache: 69 images)
  SAVED /cluster/tufts/capstone25skyblue/scleme01/SatelliteTurbulencePrediction/model_inputs/2017_12/0000725.npz (2095.5s total | fetch=2086.7s project=0.8s smooth=5.6s | cache hits=10 misses=5)
[24/150] PIREP at (19.28, -62.25) FL16500 2017-12-18 18:44:00 (cache: 74 images)
  SAVED /cluster/tufts/capstone25skyblue/scleme01/SatelliteTurbulencePrediction/model_inputs/2017_12/0000604.npz (6242.8s total | fetch=6216.5s project=2.3s smooth=17.0s | cache hits=0 misses=15)
[25/150] PIREP at (36.44, -82.13) FL37000 2017-12-18 18:58:00 (cache: 89 images)
  SAVED /cluster/tufts/capstone25skyblue/scleme01/SatelliteTurbulencePrediction/model_inputs/2017_12/0000499.npz (1443.4s total | fetch=1438.1s project=0.5s smooth=3.4s | cache hits=12 misses=3)
[26/150] PIREP at (39.70, -102.61) FL6000 2017-12-18 19:11:00 (cache: 92 images)
  SAVED /cluster/tufts/capstone25skyblue/scleme01/SatelliteTurbulencePrediction/model_inputs/2017_12/0000575.npz (1384.4s total | fetch=1379.1s project=0.5s smooth=3.4s | cache hits=12 misses=3)
[27/150] PIREP at (39.30, -96.68) FL31000 2017-12-18 19:54:00 (cache: 95 images)
  SAVED /cluster/tufts/capstone25skyblue/scleme01/SatelliteTurbulencePrediction/model_inputs/2017_12/0000646.npz (3727.5s total | fetch=3713.4s project=1.2s smooth=9.1s | cache hits=7 misses=8)
[28/150] PIREP at (34.43, -84.28) FL4500 2017-12-18 20:21:00 (cache: 103 images)
  SAVED /cluster/tufts/capstone25skyblue/scleme01/SatelliteTurbulencePrediction/model_inputs/2017_12/0000467.npz (2831.2s total | fetch=2820.6s project=0.9s smooth=6.8s | cache hits=9 misses=6)
[29/150] PIREP at (41.25, -70.06) FL1000 2017-12-18 22:40:00 (cache: 109 images)
  SAVED /cluster/tufts/capstone25skyblue/scleme01/SatelliteTurbulencePrediction/model_inputs/2017_12/0000719.npz (6510.5s total | fetch=6484.2s project=2.3s smooth=17.1s | cache hits=0 misses=15)
[30/150] PIREP at (34.09, -118.03) FL4500 2017-12-19 00:31:00 (cache: 124 images)
  SAVED /cluster/tufts/capstone25skyblue/scleme01/SatelliteTurbulencePrediction/model_inputs/2017_12/0000584.npz (107.2s total | fetch=82.1s project=2.2s smooth=17.3s | cache hits=0 misses=15)
[31/150] PIREP at (37.91, -93.01) FL37000 2017-12-19 01:46:00 (cache: 139 images)
  SAVED /cluster/tufts/capstone25skyblue/scleme01/SatelliteTurbulencePrediction/model_inputs/2017_12/0000582.npz (72.7s total | fetch=47.5s project=2.3s smooth=17.4s | cache hits=0 misses=15)
[32/150] PIREP at (43.64, -94.42) FL35000 2017-12-19 01:48:00 (cache: 154 images)
  SAVED /cluster/tufts/capstone25skyblue/scleme01/SatelliteTurbulencePrediction/model_inputs/2017_12/0000565.npz (0.1s total | fetch=0.0s project=0.0s smooth=0.0s | cache hits=15 misses=0)
[33/150] PIREP at (45.47, -73.74) FL3000 2017-12-19 10:17:00 (cache: 154 images)
  SAVED /cluster/tufts/capstone25skyblue/scleme01/SatelliteTurbulencePrediction/model_inputs/2017_12/0000234.npz (87.9s total | fetch=63.1s project=2.2s smooth=17.1s | cache hits=0 misses=15)
[34/150] PIREP at (34.14, -83.14) FL7000 2017-12-19 12:41:00 (cache: 169 images)
  SAVED /cluster/tufts/capstone25skyblue/scleme01/SatelliteTurbulencePrediction/model_inputs/2017_12/0000492.npz (121.8s total | fetch=97.2s project=2.1s smooth=17.0s | cache hits=0 misses=15)
[35/150] PIREP at (40.85, -77.85) FL3800 2017-12-19 13:02:00 (cache: 184 images)
  SAVED /cluster/tufts/capstone25skyblue/scleme01/SatelliteTurbulencePrediction/model_inputs/2017_12/0000235.npz (20.1s total | fetch=13.4s project=0.6s smooth=4.5s | cache hits=11 misses=4)
[36/150] PIREP at (34.60, -112.76) FL30000 2017-12-19 14:40:00 (cache: 188 images)
  SAVED /cluster/tufts/capstone25skyblue/scleme01/SatelliteTurbulencePrediction/model_inputs/2017_12/0000579.npz (6866.4s total | fetch=6840.3s project=2.2s smooth=17.1s | cache hits=0 misses=15)
[37/150] PIREP at (34.50, -102.84) FL41000 2017-12-19 15:32:00 (cache: 203 images)
  SAVED /cluster/tufts/capstone25skyblue/scleme01/SatelliteTurbulencePrediction/model_inputs/2017_12/0000417.npz (5223.3s total | fetch=5205.9s project=1.5s smooth=11.3s | cache hits=5 misses=10)
[38/150] PIREP at (42.15, -79.26) FL3800 2017-12-19 15:58:00 (cache: 213 images)
  SAVED /cluster/tufts/capstone25skyblue/scleme01/SatelliteTurbulencePrediction/model_inputs/2017_12/0000434.npz (2960.1s total | fetch=2951.3s project=0.8s smooth=5.6s | cache hits=10 misses=5)
[39/150] PIREP at (38.94, -104.63) FL37000 2017-12-19 16:30:00 (cache: 218 images)
  SAVED /cluster/tufts/capstone25skyblue/scleme01/SatelliteTurbulencePrediction/model_inputs/2017_12/0000547.npz (4794.5s total | fetch=4782.3s project=1.0s smooth=7.8s | cache hits=8 misses=7)
[40/150] PIREP at (20.38, -156.02) FL19000 2017-12-19 18:40:00 (cache: 225 images)
