Resetting environment
Deactivating conda environment (if any)
Purging all modules
Done! Environment has been torn down
Loading cuda and miniforge...
Activating conda environment...
Redirecting into the satellite repo...
Done! Environment has now been set up
Processing 2020/08 chunk [0:110]
Fetching satellite data for PIREPs in /cluster/tufts/capstone25skyblue/scleme01/SatelliteTurbulencePrediction/pireps/2020/08_turb_pireps.csv
Processing chunk [0:110] (110 PIREPs) from /cluster/tufts/capstone25skyblue/scleme01/SatelliteTurbulencePrediction/pireps/2020/08_turb_pireps.csv
[1/110] PIREP at (41.06, -85.50) FL16400 2020-08-01 00:22:00 (cache: 0 images)
  SAVED /cluster/tufts/capstone25skyblue/scleme01/SatelliteTurbulencePrediction/model_inputs/2020_08/0000214.npz (12129.3s total | fetch=12105.0s project=1.6s smooth=16.9s | cache hits=0 misses=15)
[2/110] SKIPPING /cluster/tufts/capstone25skyblue/scleme01/SatelliteTurbulencePrediction/model_inputs/2020_08/0000000.npz (already exists)
[3/110] SKIPPING /cluster/tufts/capstone25skyblue/scleme01/SatelliteTurbulencePrediction/model_inputs/2020_08/0000001.npz (already exists)
[4/110] PIREP at (40.63, -93.90) FL32000 2020-08-01 10:37:00 (cache: 15 images)
  SAVED /cluster/tufts/capstone25skyblue/scleme01/SatelliteTurbulencePrediction/model_inputs/2020_08/0000179.npz (164.9s total | fetch=140.9s project=1.6s smooth=16.8s | cache hits=0 misses=15)
[5/110] PIREP at (43.40, -95.28) FL19000 2020-08-01 11:29:00 (cache: 30 images)
  SAVED /cluster/tufts/capstone25skyblue/scleme01/SatelliteTurbulencePrediction/model_inputs/2020_08/0000183.npz (6116.7s total | fetch=6100.6s project=1.1s smooth=11.2s | cache hits=5 misses=10)
[6/110] SKIPPING /cluster/tufts/capstone25skyblue/scleme01/SatelliteTurbulencePrediction/model_inputs/2020_08/0000002.npz (already exists)
[7/110] PIREP at (41.53, -93.65) FL39000 2020-08-01 13:55:00 (cache: 40 images)
  SAVED /cluster/tufts/capstone25skyblue/scleme01/SatelliteTurbulencePrediction/model_inputs/2020_08/0000162.npz (13268.6s total | fetch=13244.3s project=1.6s smooth=16.9s | cache hits=0 misses=15)
[8/110] PIREP at (43.17, -95.21) FL34000 2020-08-01 15:08:00 (cache: 55 images)
  SAVED /cluster/tufts/capstone25skyblue/scleme01/SatelliteTurbulencePrediction/model_inputs/2020_08/0000212.npz (14578.8s total | fetch=14556.3s project=1.5s smooth=15.6s | cache hits=1 misses=14)
[9/110] PIREP at (41.53, -85.79) FL36000 2020-08-01 15:31:00 (cache: 69 images)
  SAVED /cluster/tufts/capstone25skyblue/scleme01/SatelliteTurbulencePrediction/model_inputs/2020_08/0000153.npz (5253.3s total | fetch=5245.1s project=0.5s smooth=5.6s | cache hits=10 misses=5)
[10/110] PIREP at (39.25, -106.89) FL8000 2020-08-01 20:57:00 (cache: 74 images)
  SAVED /cluster/tufts/capstone25skyblue/scleme01/SatelliteTurbulencePrediction/model_inputs/2020_08/0000235.npz (15038.3s total | fetch=15014.3s project=1.6s smooth=16.7s | cache hits=0 misses=15)
[11/110] PIREP at (44.97, -123.34) FL3500 2020-08-01 23:02:00 (cache: 89 images)
  SAVED /cluster/tufts/capstone25skyblue/scleme01/SatelliteTurbulencePrediction/model_inputs/2020_08/0000219.npz (13419.8s total | fetch=13395.7s project=1.6s smooth=16.8s | cache hits=0 misses=15)
[12/110] PIREP at (40.49, -85.68) FL29000 2020-08-02 01:56:00 (cache: 104 images)
  SAVED /cluster/tufts/capstone25skyblue/scleme01/SatelliteTurbulencePrediction/model_inputs/2020_08/0000234.npz (5124.5s total | fetch=5100.5s project=1.6s smooth=16.7s | cache hits=0 misses=15)
[13/110] SKIPPING /cluster/tufts/capstone25skyblue/scleme01/SatelliteTurbulencePrediction/model_inputs/2020_08/0000003.npz (already exists)
[14/110] PIREP at (42.55, -92.40) FL41000 2020-08-02 19:34:00 (cache: 119 images)
