Resetting environment
Deactivating conda environment (if any)
Purging all modules
Done! Environment has been torn down
Loading cuda and miniforge...
Activating conda environment...
Redirecting into the satellite repo...
Done! Environment has now been set up
Processing 2022/04 chunk [440:550]
Fetching satellite data for PIREPs in /cluster/tufts/capstone25skyblue/scleme01/SatelliteTurbulencePrediction/pireps/2022/04_turb_pireps.csv
Processing chunk [440:550] (110 PIREPs) from /cluster/tufts/capstone25skyblue/scleme01/SatelliteTurbulencePrediction/pireps/2022/04_turb_pireps.csv
[1/110] PIREP at (46.63, -62.88) FL37000 2022-04-19 00:52:00 (cache: 0 images)
  SAVED /cluster/tufts/capstone25skyblue/scleme01/SatelliteTurbulencePrediction/model_inputs/2022_04/0000224.npz (4029.5s total | fetch=3996.6s project=2.4s smooth=23.5s | cache hits=0 misses=15)
[2/110] PIREP at (46.00, -63.00) FL39000 2022-04-19 00:55:00 (cache: 15 images)
  SAVED /cluster/tufts/capstone25skyblue/scleme01/SatelliteTurbulencePrediction/model_inputs/2022_04/0000225.npz (8.6s total | fetch=6.3s project=0.2s smooth=1.6s | cache hits=14 misses=1)
[3/110] PIREP at (47.33, -62.62) FL39000 2022-04-19 02:20:00 (cache: 16 images)
  SAVED /cluster/tufts/capstone25skyblue/scleme01/SatelliteTurbulencePrediction/model_inputs/2022_04/0000226.npz (178.4s total | fetch=145.8s project=2.4s smooth=23.3s | cache hits=0 misses=15)
[4/110] PIREP at (45.67, -59.48) FL35000 2022-04-19 03:00:00 (cache: 31 images)
  SAVED /cluster/tufts/capstone25skyblue/scleme01/SatelliteTurbulencePrediction/model_inputs/2022_04/0000227.npz (93.6s total | fetch=76.0s project=1.3s smooth=12.5s | cache hits=7 misses=8)
[5/110] PIREP at (44.14, -73.15) FL6000 2022-04-19 12:15:00 (cache: 39 images)
