Resetting environment
Deactivating conda environment (if any)
Purging all modules
Done! Environment has been torn down
Loading cuda and miniforge...
Activating conda environment...
Redirecting into the satellite repo...
Done! Environment has now been set up
Processing 2023/03 chunk [330:440]
Fetching satellite data for PIREPs in /cluster/tufts/capstone25skyblue/scleme01/SatelliteTurbulencePrediction/pireps/2023/03_turb_pireps.csv
Processing chunk [330:440] (110 PIREPs) from /cluster/tufts/capstone25skyblue/scleme01/SatelliteTurbulencePrediction/pireps/2023/03_turb_pireps.csv
[1/110] PIREP at (37.56, -80.43) FL8000 2023-03-10 18:51:00 (cache: 0 images)
  SAVED /cluster/tufts/capstone25skyblue/scleme01/SatelliteTurbulencePrediction/model_inputs/2023_03/0000181.npz (18607.1s total | fetch=18574.0s project=2.5s smooth=22.9s | cache hits=0 misses=15)
[2/110] PIREP at (39.25, -83.82) FL19000 2023-03-10 19:08:00 (cache: 15 images)
  SAVED /cluster/tufts/capstone25skyblue/scleme01/SatelliteTurbulencePrediction/model_inputs/2023_03/0000432.npz (3515.5s total | fetch=3509.3s project=0.4s smooth=4.2s | cache hits=12 misses=3)
[3/110] PIREP at (38.98, -104.47) FL9000 2023-03-10 19:10:00 (cache: 18 images)
  SAVED /cluster/tufts/capstone25skyblue/scleme01/SatelliteTurbulencePrediction/model_inputs/2023_03/0000182.npz (1237.6s total | fetch=1235.4s project=0.1s smooth=1.4s | cache hits=14 misses=1)
[4/110] PIREP at (36.27, -115.32) FL6000 2023-03-10 19:10:00 (cache: 19 images)
  SAVED /cluster/tufts/capstone25skyblue/scleme01/SatelliteTurbulencePrediction/model_inputs/2023_03/0000183.npz (0.2s total | fetch=0.0s project=0.0s smooth=0.0s | cache hits=15 misses=0)
[5/110] PIREP at (37.58, -84.77) FL34000 2023-03-10 19:25:00 (cache: 19 images)
  SAVED /cluster/tufts/capstone25skyblue/scleme01/SatelliteTurbulencePrediction/model_inputs/2023_03/0000442.npz (3817.9s total | fetch=3811.6s project=0.4s smooth=4.2s | cache hits=12 misses=3)
[6/110] PIREP at (36.17, -115.25) FL10000 2023-03-10 19:25:00 (cache: 22 images)
  SAVED /cluster/tufts/capstone25skyblue/scleme01/SatelliteTurbulencePrediction/model_inputs/2023_03/0000185.npz (0.2s total | fetch=0.0s project=0.0s smooth=0.0s | cache hits=15 misses=0)
[7/110] PIREP at (36.14, -115.28) FL10000 2023-03-10 19:25:00 (cache: 22 images)
  SAVED /cluster/tufts/capstone25skyblue/scleme01/SatelliteTurbulencePrediction/model_inputs/2023_03/0000184.npz (0.2s total | fetch=0.0s project=0.0s smooth=0.0s | cache hits=15 misses=0)
[8/110] PIREP at (41.28, -88.06) FL18000 2023-03-10 20:01:00 (cache: 22 images)
  SAVED /cluster/tufts/capstone25skyblue/scleme01/SatelliteTurbulencePrediction/model_inputs/2023_03/0000787.npz (7711.1s total | fetch=7696.9s project=0.9s smooth=9.9s | cache hits=8 misses=7)
[9/110] PIREP at (44.65, -91.93) FL22500 2023-03-10 20:10:00 (cache: 29 images)
