Resetting environment
Deactivating conda environment (if any)
Purging all modules
Done! Environment has been torn down
Loading cuda and miniforge...
Activating conda environment...
Redirecting into the satellite repo...
Done! Environment has now been set up
Processing 2025/01 chunk [220:330]
Fetching satellite data for PIREPs in /cluster/tufts/capstone25skyblue/scleme01/SatelliteTurbulencePrediction/pireps/2025/01_turb_pireps.csv
Processing chunk [220:330] (110 PIREPs) from /cluster/tufts/capstone25skyblue/scleme01/SatelliteTurbulencePrediction/pireps/2025/01_turb_pireps.csv
[1/110] PIREP at (39.16, -105.74) FL24000 2025-01-10 21:32:00 (cache: 0 images)
  SAVED /cluster/tufts/capstone25skyblue/scleme01/SatelliteTurbulencePrediction/model_inputs/2025_01/0000527.npz (11887.0s total | fetch=11856.6s project=2.0s smooth=21.2s | cache hits=0 misses=15)
[2/110] PIREP at (34.35, -85.77) FL18000 2025-01-10 22:39:00 (cache: 15 images)
  SAVED /cluster/tufts/capstone25skyblue/scleme01/SatelliteTurbulencePrediction/model_inputs/2025_01/0000488.npz (207.9s total | fetch=181.1s project=1.8s smooth=18.7s | cache hits=2 misses=13)
[3/110] PIREP at (41.33, -75.72) FL27000 2025-01-11 01:12:00 (cache: 28 images)
  SAVED /cluster/tufts/capstone25skyblue/scleme01/SatelliteTurbulencePrediction/model_inputs/2025_01/0000120.npz (174.9s total | fetch=144.5s project=2.0s smooth=21.3s | cache hits=0 misses=15)
[4/110] PIREP at (41.84, -112.22) FL14000 2025-01-11 01:53:00 (cache: 43 images)
  SAVED /cluster/tufts/capstone25skyblue/scleme01/SatelliteTurbulencePrediction/model_inputs/2025_01/0000591.npz (85.8s total | fetch=69.4s project=1.1s smooth=11.4s | cache hits=7 misses=8)
[5/110] PIREP at (37.11, -77.83) FL35000 2025-01-11 02:30:00 (cache: 51 images)
  SAVED /cluster/tufts/capstone25skyblue/scleme01/SatelliteTurbulencePrediction/model_inputs/2025_01/0000121.npz (115.7s total | fetch=99.2s project=1.1s smooth=11.5s | cache hits=7 misses=8)
[6/110] PIREP at (38.67, -77.26) FL19000 2025-01-11 04:04:00 (cache: 59 images)
  SAVED /cluster/tufts/capstone25skyblue/scleme01/SatelliteTurbulencePrediction/model_inputs/2025_01/0000122.npz (195.3s total | fetch=164.5s project=2.1s smooth=21.5s | cache hits=0 misses=15)
[7/110] PIREP at (38.67, -77.26) FL19000 2025-01-11 04:04:00 (cache: 74 images)
  SAVED /cluster/tufts/capstone25skyblue/scleme01/SatelliteTurbulencePrediction/model_inputs/2025_01/0000123.npz (0.2s total | fetch=0.0s project=0.0s smooth=0.0s | cache hits=15 misses=0)
[8/110] PIREP at (33.95, -96.14) FL26000 2025-01-11 04:25:00 (cache: 74 images)
  SAVED /cluster/tufts/capstone25skyblue/scleme01/SatelliteTurbulencePrediction/model_inputs/2025_01/0000124.npz (66.3s total | fetch=55.9s project=0.7s smooth=7.2s | cache hits=10 misses=5)
[9/110] PIREP at (32.52, -97.71) FL29000 2025-01-11 04:27:00 (cache: 79 images)
  SAVED /cluster/tufts/capstone25skyblue/scleme01/SatelliteTurbulencePrediction/model_inputs/2025_01/0000125.npz (0.2s total | fetch=0.0s project=0.0s smooth=0.0s | cache hits=15 misses=0)
[10/110] PIREP at (28.94, -97.79) FL24000 2025-01-11 04:40:00 (cache: 79 images)
  SAVED /cluster/tufts/capstone25skyblue/scleme01/SatelliteTurbulencePrediction/model_inputs/2025_01/0000126.npz (45.2s total | fetch=39.0s project=0.4s smooth=4.3s | cache hits=12 misses=3)
[11/110] PIREP at (38.82, -119.77) FL14000 2025-01-11 04:55:00 (cache: 82 images)
  SAVED /cluster/tufts/capstone25skyblue/scleme01/SatelliteTurbulencePrediction/model_inputs/2025_01/0000127.npz (43.4s total | fetch=37.1s project=0.4s smooth=4.3s | cache hits=12 misses=3)
[12/110] PIREP at (40.49, -80.23) FL32000 2025-01-11 05:04:00 (cache: 85 images)
  SAVED /cluster/tufts/capstone25skyblue/scleme01/SatelliteTurbulencePrediction/model_inputs/2025_01/0000616.npz (13.5s total | fetch=11.2s project=0.1s smooth=1.4s | cache hits=14 misses=1)
[13/110] PIREP at (50.00, -30.00) FL37500 2025-01-11 07:03:00 (cache: 86 images)
  SAVED /cluster/tufts/capstone25skyblue/scleme01/SatelliteTurbulencePrediction/model_inputs/2025_01/0000128.npz (224.2s total | fetch=193.8s project=2.1s smooth=21.2s | cache hits=0 misses=15)
[14/110] PIREP at (39.46, -74.58) FL20000 2025-01-11 07:05:00 (cache: 101 images)
  SAVED /cluster/tufts/capstone25skyblue/scleme01/SatelliteTurbulencePrediction/model_inputs/2025_01/0000129.npz (19.1s total | fetch=16.8s project=0.1s smooth=1.4s | cache hits=14 misses=1)
[15/110] PIREP at (39.46, -74.58) FL20000 2025-01-11 07:08:00 (cache: 102 images)
  SAVED /cluster/tufts/capstone25skyblue/scleme01/SatelliteTurbulencePrediction/model_inputs/2025_01/0000130.npz (0.2s total | fetch=0.0s project=0.0s smooth=0.0s | cache hits=15 misses=0)
[16/110] PIREP at (31.96, -100.60) FL35000 2025-01-11 09:58:00 (cache: 102 images)
  SAVED /cluster/tufts/capstone25skyblue/scleme01/SatelliteTurbulencePrediction/model_inputs/2025_01/0000131.npz (104.4s total | fetch=74.0s project=2.0s smooth=21.2s | cache hits=0 misses=15)
[17/110] PIREP at (31.69, -100.50) FL35000 2025-01-11 10:30:00 (cache: 117 images)
  SAVED /cluster/tufts/capstone25skyblue/scleme01/SatelliteTurbulencePrediction/model_inputs/2025_01/0000132.npz (65.8s total | fetch=51.5s project=0.9s smooth=9.9s | cache hits=8 misses=7)
[18/110] PIREP at (41.67, -73.82) FL34000 2025-01-11 10:58:00 (cache: 124 images)
  SAVED /cluster/tufts/capstone25skyblue/scleme01/SatelliteTurbulencePrediction/model_inputs/2025_01/0000580.npz (48.4s total | fetch=38.1s project=0.7s smooth=7.1s | cache hits=10 misses=5)
[19/110] PIREP at (29.64, -83.10) FL38000 2025-01-11 12:27:00 (cache: 129 images)
  SAVED /cluster/tufts/capstone25skyblue/scleme01/SatelliteTurbulencePrediction/model_inputs/2025_01/0000643.npz (183.2s total | fetch=152.7s project=2.0s smooth=21.3s | cache hits=0 misses=15)
[20/110] PIREP at (42.28, -73.02) FL8000 2025-01-11 13:52:00 (cache: 144 images)
  SAVED /cluster/tufts/capstone25skyblue/scleme01/SatelliteTurbulencePrediction/model_inputs/2025_01/0000501.npz (199.7s total | fetch=169.3s project=2.0s smooth=21.3s | cache hits=0 misses=15)
[21/110] PIREP at (61.50, -160.53) FL35000 2025-01-11 14:22:00 (cache: 159 images)
  SAVED /cluster/tufts/capstone25skyblue/scleme01/SatelliteTurbulencePrediction/model_inputs/2025_01/0000640.npz (94.4s total | fetch=82.1s project=0.8s smooth=8.5s | cache hits=9 misses=6)
[22/110] PIREP at (44.47, -73.15) FL21000 2025-01-11 14:23:00 (cache: 165 images)
  SAVED /cluster/tufts/capstone25skyblue/scleme01/SatelliteTurbulencePrediction/model_inputs/2025_01/0000378.npz (0.2s total | fetch=0.0s project=0.0s smooth=0.0s | cache hits=15 misses=0)
[23/110] PIREP at (61.33, -140.00) FL38000 2025-01-11 14:45:00 (cache: 165 images)
  SAVED /cluster/tufts/capstone25skyblue/scleme01/SatelliteTurbulencePrediction/model_inputs/2025_01/0000133.npz (101.5s total | fetch=91.1s project=0.7s smooth=7.2s | cache hits=10 misses=5)
[24/110] PIREP at (61.07, -141.83) FL38000 2025-01-11 14:54:00 (cache: 170 images)
  SAVED /cluster/tufts/capstone25skyblue/scleme01/SatelliteTurbulencePrediction/model_inputs/2025_01/0000134.npz (13.3s total | fetch=11.1s project=0.1s smooth=1.4s | cache hits=14 misses=1)
[25/110] PIREP at (37.55, -82.12) FL37000 2025-01-11 15:12:00 (cache: 171 images)
