Resetting environment
Deactivating conda environment (if any)
Purging all modules
Done! Environment has been torn down
Loading cuda and miniforge...
Activating conda environment...
Redirecting into the satellite repo...
Done! Environment has now been set up
Processing 2020/02 chunk [660:770]
Fetching satellite data for PIREPs in /cluster/tufts/capstone25skyblue/scleme01/SatelliteTurbulencePrediction/pireps/2020/02_turb_pireps.csv
Processing chunk [660:770] (110 PIREPs) from /cluster/tufts/capstone25skyblue/scleme01/SatelliteTurbulencePrediction/pireps/2020/02_turb_pireps.csv
[1/110] PIREP at (32.31, -97.70) FL12000 2020-02-20 00:48:00 (cache: 0 images)
  SAVED /cluster/tufts/capstone25skyblue/scleme01/SatelliteTurbulencePrediction/model_inputs/2020_02/0000341.npz (153.8s total | fetch=129.0s project=1.7s smooth=17.3s | cache hits=0 misses=15)
[2/110] PIREP at (20.78, -156.48) FL3000 2020-02-20 01:18:00 (cache: 15 images)
  SAVED /cluster/tufts/capstone25skyblue/scleme01/SatelliteTurbulencePrediction/model_inputs/2020_02/0000862.npz (54.5s total | fetch=44.8s project=0.6s smooth=6.8s | cache hits=9 misses=6)
[3/110] PIREP at (71.28, -156.76) FL1200 2020-02-20 01:45:00 (cache: 21 images)
  SAVED /cluster/tufts/capstone25skyblue/scleme01/SatelliteTurbulencePrediction/model_inputs/2020_02/0000468.npz (35.9s total | fetch=26.0s project=0.7s smooth=6.8s | cache hits=9 misses=6)
[4/110] PIREP at (37.93, -87.76) FL31000 2020-02-20 01:48:00 (cache: 27 images)
  SAVED /cluster/tufts/capstone25skyblue/scleme01/SatelliteTurbulencePrediction/model_inputs/2020_02/0000674.npz (0.2s total | fetch=0.0s project=0.0s smooth=0.0s | cache hits=15 misses=0)
[5/110] PIREP at (59.75, -154.91) FL7500 2020-02-20 02:10:00 (cache: 27 images)
  SAVED /cluster/tufts/capstone25skyblue/scleme01/SatelliteTurbulencePrediction/model_inputs/2020_02/0000681.npz (44.4s total | fetch=36.0s project=0.6s smooth=5.8s | cache hits=10 misses=5)
[6/110] PIREP at (31.67, -140.33) FL36000 2020-02-20 02:32:00 (cache: 32 images)
  SAVED /cluster/tufts/capstone25skyblue/scleme01/SatelliteTurbulencePrediction/model_inputs/2020_02/0000801.npz (55.8s total | fetch=49.2s project=0.4s smooth=4.6s | cache hits=11 misses=4)
[7/110] PIREP at (63.81, -147.85) FL10000 2020-02-20 04:00:00 (cache: 36 images)
  SAVED /cluster/tufts/capstone25skyblue/scleme01/SatelliteTurbulencePrediction/model_inputs/2020_02/0000768.npz (150.6s total | fetch=126.1s project=1.6s smooth=17.2s | cache hits=0 misses=15)
[8/110] PIREP at (43.96, -86.41) FL27000 2020-02-20 12:50:00 (cache: 51 images)
  SAVED /cluster/tufts/capstone25skyblue/scleme01/SatelliteTurbulencePrediction/model_inputs/2020_02/0000628.npz (250.2s total | fetch=226.0s project=1.6s smooth=16.9s | cache hits=0 misses=15)
[9/110] PIREP at (44.91, -78.26) FL34000 2020-02-20 12:51:00 (cache: 66 images)
  SAVED /cluster/tufts/capstone25skyblue/scleme01/SatelliteTurbulencePrediction/model_inputs/2020_02/0000807.npz (0.1s total | fetch=0.0s project=0.0s smooth=0.0s | cache hits=15 misses=0)
[10/110] PIREP at (32.07, -94.94) FL24000 2020-02-20 13:19:00 (cache: 66 images)
  SAVED /cluster/tufts/capstone25skyblue/scleme01/SatelliteTurbulencePrediction/model_inputs/2020_02/0000782.npz (3093.3s total | fetch=3085.1s project=0.5s smooth=5.7s | cache hits=10 misses=5)
[11/110] PIREP at (35.64, -81.72) FL32000 2020-02-20 13:25:00 (cache: 71 images)
  SAVED /cluster/tufts/capstone25skyblue/scleme01/SatelliteTurbulencePrediction/model_inputs/2020_02/0000611.npz (1454.8s total | fetch=1451.4s project=0.2s smooth=2.3s | cache hits=13 misses=2)
[12/110] PIREP at (37.47, -85.87) FL33000 2020-02-20 13:48:00 (cache: 73 images)
  SAVED /cluster/tufts/capstone25skyblue/scleme01/SatelliteTurbulencePrediction/model_inputs/2020_02/0000605.npz (2493.8s total | fetch=2487.3s project=0.4s smooth=4.5s | cache hits=11 misses=4)
[13/110] PIREP at (31.39, -96.74) FL23000 2020-02-20 16:52:00 (cache: 77 images)
  SAVED /cluster/tufts/capstone25skyblue/scleme01/SatelliteTurbulencePrediction/model_inputs/2020_02/0000607.npz (12681.2s total | fetch=12657.0s project=1.6s smooth=16.7s | cache hits=0 misses=15)
[14/110] PIREP at (36.96, -91.50) FL31000 2020-02-20 17:03:00 (cache: 92 images)
  SAVED /cluster/tufts/capstone25skyblue/scleme01/SatelliteTurbulencePrediction/model_inputs/2020_02/0000658.npz (1577.9s total | fetch=1574.6s project=0.2s smooth=2.2s | cache hits=13 misses=2)
[15/110] PIREP at (42.47, -98.69) FL35000 2020-02-20 17:25:00 (cache: 94 images)
  SAVED /cluster/tufts/capstone25skyblue/scleme01/SatelliteTurbulencePrediction/model_inputs/2020_02/0000745.npz (4791.8s total | fetch=4783.6s project=0.5s smooth=5.6s | cache hits=10 misses=5)
[16/110] PIREP at (40.29, -83.38) FL32000 2020-02-20 18:51:00 (cache: 99 images)
  SAVED /cluster/tufts/capstone25skyblue/scleme01/SatelliteTurbulencePrediction/model_inputs/2020_02/0000620.npz (14288.7s total | fetch=14264.7s project=1.6s smooth=16.8s | cache hits=0 misses=15)
[17/110] PIREP at (34.21, -78.02) FL2000 2020-02-20 19:03:00 (cache: 114 images)
  SAVED /cluster/tufts/capstone25skyblue/scleme01/SatelliteTurbulencePrediction/model_inputs/2020_02/0000700.npz (2080.9s total | fetch=2077.6s project=0.2s smooth=2.2s | cache hits=13 misses=2)
[18/110] PIREP at (36.60, -82.14) FL4800 2020-02-20 19:05:00 (cache: 116 images)
  SAVED /cluster/tufts/capstone25skyblue/scleme01/SatelliteTurbulencePrediction/model_inputs/2020_02/0000774.npz (947.1s total | fetch=945.3s project=0.1s smooth=1.1s | cache hits=14 misses=1)
[19/110] PIREP at (28.78, -81.24) FL2500 2020-02-20 19:08:00 (cache: 117 images)
  SAVED /cluster/tufts/capstone25skyblue/scleme01/SatelliteTurbulencePrediction/model_inputs/2020_02/0000659.npz (0.2s total | fetch=0.0s project=0.0s smooth=0.0s | cache hits=15 misses=0)
[20/110] PIREP at (58.35, -134.57) FL5500 2020-02-20 19:35:00 (cache: 117 images)
  SAVED /cluster/tufts/capstone25skyblue/scleme01/SatelliteTurbulencePrediction/model_inputs/2020_02/0000515.npz (5911.7s total | fetch=5902.1s project=0.6s smooth=6.7s | cache hits=9 misses=6)
[21/110] PIREP at (53.58, -116.47) FL5500 2020-02-20 21:30:00 (cache: 123 images)
  SAVED /cluster/tufts/capstone25skyblue/scleme01/SatelliteTurbulencePrediction/model_inputs/2020_02/0000342.npz (13899.2s total | fetch=13875.4s project=1.6s smooth=16.6s | cache hits=0 misses=15)
[22/110] PIREP at (61.67, -149.08) FL1000 2020-02-20 21:34:00 (cache: 138 images)
  SAVED /cluster/tufts/capstone25skyblue/scleme01/SatelliteTurbulencePrediction/model_inputs/2020_02/0000441.npz (0.1s total | fetch=0.0s project=0.0s smooth=0.0s | cache hits=15 misses=0)
[23/110] PIREP at (60.93, -138.48) FL30000 2020-02-20 22:36:00 (cache: 138 images)
  SAVED /cluster/tufts/capstone25skyblue/scleme01/SatelliteTurbulencePrediction/model_inputs/2020_02/0000343.npz (9932.5s total | fetch=9911.7s project=1.4s smooth=14.5s | cache hits=2 misses=13)
[24/110] PIREP at (52.26, -114.11) FL5500 2020-02-20 22:40:00 (cache: 151 images)
  SAVED /cluster/tufts/capstone25skyblue/scleme01/SatelliteTurbulencePrediction/model_inputs/2020_02/0000344.npz (561.9s total | fetch=560.2s project=0.1s smooth=1.1s | cache hits=14 misses=1)
[25/110] PIREP at (38.25, -61.28) FL31000 2020-02-21 00:09:00 (cache: 152 images)
  SAVED /cluster/tufts/capstone25skyblue/scleme01/SatelliteTurbulencePrediction/model_inputs/2020_02/0000345.npz (189.2s total | fetch=165.2s project=1.6s smooth=16.8s | cache hits=0 misses=15)
[26/110] PIREP at (34.33, -63.83) FL38000 2020-02-21 06:01:00 (cache: 167 images)
  SAVED /cluster/tufts/capstone25skyblue/scleme01/SatelliteTurbulencePrediction/model_inputs/2020_02/0000346.npz (113.8s total | fetch=89.9s project=1.6s smooth=16.7s | cache hits=0 misses=15)
[27/110] PIREP at (28.39, -80.46) FL22000 2020-02-21 15:23:00 (cache: 182 images)
  SAVED /cluster/tufts/capstone25skyblue/scleme01/SatelliteTurbulencePrediction/model_inputs/2020_02/0000466.npz (11216.1s total | fetch=11191.9s project=1.6s smooth=16.8s | cache hits=0 misses=15)
[28/110] PIREP at (40.61, -112.35) FL9500 2020-02-21 16:53:00 (cache: 197 images)
