Resetting environment
Deactivating conda environment (if any)
Purging all modules
Done! Environment has been torn down
Loading cuda and miniforge...
Activating conda environment...
Redirecting into the satellite repo...
Done! Environment has now been set up
Processing 2023/11 chunk [330:440]
Fetching satellite data for PIREPs in /cluster/tufts/capstone25skyblue/scleme01/SatelliteTurbulencePrediction/pireps/2023/11_turb_pireps.csv
Processing chunk [330:440] (110 PIREPs) from /cluster/tufts/capstone25skyblue/scleme01/SatelliteTurbulencePrediction/pireps/2023/11_turb_pireps.csv
[1/110] PIREP at (34.18, -118.67) FL5000 2023-11-20 20:05:00 (cache: 0 images)
  SAVED /cluster/tufts/capstone25skyblue/scleme01/SatelliteTurbulencePrediction/model_inputs/2023_11/0000153.npz (16723.0s total | fetch=16692.9s project=2.0s smooth=21.0s | cache hits=0 misses=15)
[2/110] PIREP at (28.99, -82.87) FL8000 2023-11-20 20:13:00 (cache: 15 images)
  SAVED /cluster/tufts/capstone25skyblue/scleme01/SatelliteTurbulencePrediction/model_inputs/2023_11/0000312.npz (905.2s total | fetch=902.9s project=0.1s smooth=1.4s | cache hits=14 misses=1)
[3/110] PIREP at (35.73, -92.24) FL7000 2023-11-20 20:22:00 (cache: 16 images)
  SAVED /cluster/tufts/capstone25skyblue/scleme01/SatelliteTurbulencePrediction/model_inputs/2023_11/0000154.npz (1748.9s total | fetch=1744.6s project=0.3s smooth=2.8s | cache hits=13 misses=2)
[4/110] PIREP at (37.43, -121.92) FL2500 2023-11-20 20:25:00 (cache: 18 images)
  SAVED /cluster/tufts/capstone25skyblue/scleme01/SatelliteTurbulencePrediction/model_inputs/2023_11/0000155.npz (1050.5s total | fetch=1048.3s project=0.1s smooth=1.4s | cache hits=14 misses=1)
[5/110] PIREP at (60.97, -141.00) FL39000 2023-11-20 21:00:00 (cache: 19 images)
