Resetting environment
Deactivating conda environment (if any)
Purging all modules
Done! Environment has been torn down
Loading cuda and miniforge...
Activating conda environment...
Redirecting into the satellite repo...
Done! Environment has now been set up
Processing 2019/01 chunk [450:600]
Fetching satellite data for PIREPs in /cluster/tufts/capstone25skyblue/scleme01/SatelliteTurbulencePrediction/pireps/2019/01_turb_pireps.csv
Processing chunk [450:600] (150 PIREPs) from /cluster/tufts/capstone25skyblue/scleme01/SatelliteTurbulencePrediction/pireps/2019/01_turb_pireps.csv
[1/150] SKIPPING /cluster/tufts/capstone25skyblue/scleme01/SatelliteTurbulencePrediction/model_inputs/2019_01/0000202.npz (already exists)
[2/150] SKIPPING /cluster/tufts/capstone25skyblue/scleme01/SatelliteTurbulencePrediction/model_inputs/2019_01/0000203.npz (already exists)
[3/150] SKIPPING /cluster/tufts/capstone25skyblue/scleme01/SatelliteTurbulencePrediction/model_inputs/2019_01/0000519.npz (already exists)
[4/150] SKIPPING /cluster/tufts/capstone25skyblue/scleme01/SatelliteTurbulencePrediction/model_inputs/2019_01/0000617.npz (already exists)
[5/150] SKIPPING /cluster/tufts/capstone25skyblue/scleme01/SatelliteTurbulencePrediction/model_inputs/2019_01/0000698.npz (already exists)
[6/150] SKIPPING /cluster/tufts/capstone25skyblue/scleme01/SatelliteTurbulencePrediction/model_inputs/2019_01/0000204.npz (already exists)
[7/150] SKIPPING /cluster/tufts/capstone25skyblue/scleme01/SatelliteTurbulencePrediction/model_inputs/2019_01/0000396.npz (already exists)
[8/150] SKIPPING /cluster/tufts/capstone25skyblue/scleme01/SatelliteTurbulencePrediction/model_inputs/2019_01/0000205.npz (already exists)
[9/150] SKIPPING /cluster/tufts/capstone25skyblue/scleme01/SatelliteTurbulencePrediction/model_inputs/2019_01/0000572.npz (already exists)
[10/150] SKIPPING /cluster/tufts/capstone25skyblue/scleme01/SatelliteTurbulencePrediction/model_inputs/2019_01/0000714.npz (already exists)
[11/150] SKIPPING /cluster/tufts/capstone25skyblue/scleme01/SatelliteTurbulencePrediction/model_inputs/2019_01/0000207.npz (already exists)
[12/150] SKIPPING /cluster/tufts/capstone25skyblue/scleme01/SatelliteTurbulencePrediction/model_inputs/2019_01/0000206.npz (already exists)
[13/150] SKIPPING /cluster/tufts/capstone25skyblue/scleme01/SatelliteTurbulencePrediction/model_inputs/2019_01/0000671.npz (already exists)
[14/150] SKIPPING /cluster/tufts/capstone25skyblue/scleme01/SatelliteTurbulencePrediction/model_inputs/2019_01/0000490.npz (already exists)
[15/150] SKIPPING /cluster/tufts/capstone25skyblue/scleme01/SatelliteTurbulencePrediction/model_inputs/2019_01/0000208.npz (already exists)
[16/150] PIREP at (32.03, -82.38) FL25000 2019-01-20 20:37:00 (cache: 0 images)
  SAVED /cluster/tufts/capstone25skyblue/scleme01/SatelliteTurbulencePrediction/model_inputs/2019_01/0000544.npz (8225.5s total | fetch=8195.1s project=2.0s smooth=21.2s | cache hits=0 misses=15)
[17/150] PIREP at (46.11, -118.28) FL18000 2019-01-20 20:43:00 (cache: 15 images)
  SAVED /cluster/tufts/capstone25skyblue/scleme01/SatelliteTurbulencePrediction/model_inputs/2019_01/0000717.npz (552.2s total | fetch=550.1s project=0.1s smooth=1.4s | cache hits=14 misses=1)
[18/150] PIREP at (38.69, -90.97) FL38000 2019-01-20 22:02:00 (cache: 16 images)
  SAVED /cluster/tufts/capstone25skyblue/scleme01/SatelliteTurbulencePrediction/model_inputs/2019_01/0000574.npz (8398.5s total | fetch=8368.2s project=2.0s smooth=21.1s | cache hits=0 misses=15)
[19/150] PIREP at (39.83, -104.66) FL14000 2019-01-20 23:24:00 (cache: 31 images)
  SAVED /cluster/tufts/capstone25skyblue/scleme01/SatelliteTurbulencePrediction/model_inputs/2019_01/0000209.npz (7532.5s total | fetch=7502.2s project=2.0s smooth=21.2s | cache hits=0 misses=15)
[20/150] PIREP at (29.69, -82.66) FL27000 2019-01-20 23:47:00 (cache: 46 images)
  SAVED /cluster/tufts/capstone25skyblue/scleme01/SatelliteTurbulencePrediction/model_inputs/2019_01/0000479.npz (41.5s total | fetch=31.3s project=0.7s smooth=7.0s | cache hits=10 misses=5)
[21/150] PIREP at (33.98, -117.64) FL1400 2019-01-21 00:57:00 (cache: 51 images)
  SAVED /cluster/tufts/capstone25skyblue/scleme01/SatelliteTurbulencePrediction/model_inputs/2019_01/0000536.npz (136.6s total | fetch=108.1s project=1.9s smooth=19.9s | cache hits=1 misses=14)
[22/150] PIREP at (39.43, -119.69) FL10000 2019-01-21 01:20:00 (cache: 65 images)
  SAVED /cluster/tufts/capstone25skyblue/scleme01/SatelliteTurbulencePrediction/model_inputs/2019_01/0000210.npz (56.1s total | fetch=45.8s project=0.7s smooth=7.1s | cache hits=10 misses=5)
[23/150] PIREP at (39.43, -119.69) FL10000 2019-01-21 01:20:00 (cache: 70 images)
  SAVED /cluster/tufts/capstone25skyblue/scleme01/SatelliteTurbulencePrediction/model_inputs/2019_01/0000211.npz (0.2s total | fetch=0.0s project=0.0s smooth=0.0s | cache hits=15 misses=0)
[24/150] PIREP at (29.86, -80.97) FL38000 2019-01-21 01:44:00 (cache: 70 images)
  SAVED /cluster/tufts/capstone25skyblue/scleme01/SatelliteTurbulencePrediction/model_inputs/2019_01/0000212.npz (51.8s total | fetch=43.5s project=0.5s smooth=5.7s | cache hits=11 misses=4)
[25/150] PIREP at (38.20, -120.08) FL23000 2019-01-21 01:46:00 (cache: 74 images)
  SAVED /cluster/tufts/capstone25skyblue/scleme01/SatelliteTurbulencePrediction/model_inputs/2019_01/0000213.npz (10.0s total | fetch=7.8s project=0.1s smooth=1.4s | cache hits=14 misses=1)
[26/150] PIREP at (42.37, -63.70) FL39000 2019-01-21 03:55:00 (cache: 75 images)
  SAVED /cluster/tufts/capstone25skyblue/scleme01/SatelliteTurbulencePrediction/model_inputs/2019_01/0000214.npz (157.3s total | fetch=127.2s project=2.0s smooth=21.0s | cache hits=0 misses=15)
[27/150] PIREP at (42.59, -73.84) FL4000 2019-01-21 10:45:00 (cache: 90 images)
  SAVED /cluster/tufts/capstone25skyblue/scleme01/SatelliteTurbulencePrediction/model_inputs/2019_01/0000215.npz (168.2s total | fetch=138.1s project=2.0s smooth=21.1s | cache hits=0 misses=15)
[28/150] PIREP at (36.05, -88.24) FL37000 2019-01-21 12:45:00 (cache: 105 images)
  SAVED /cluster/tufts/capstone25skyblue/scleme01/SatelliteTurbulencePrediction/model_inputs/2019_01/0000637.npz (1016.0s total | fetch=985.8s project=2.0s smooth=21.1s | cache hits=0 misses=15)
[29/150] PIREP at (41.30, -73.24) FL4000 2019-01-21 13:50:00 (cache: 120 images)
  SAVED /cluster/tufts/capstone25skyblue/scleme01/SatelliteTurbulencePrediction/model_inputs/2019_01/0000438.npz (7576.2s total | fetch=7550.0s project=1.7s smooth=18.3s | cache hits=2 misses=13)
[30/150] PIREP at (38.75, -91.01) FL34000 2019-01-21 13:58:00 (cache: 133 images)
  SAVED /cluster/tufts/capstone25skyblue/scleme01/SatelliteTurbulencePrediction/model_inputs/2019_01/0000397.npz (755.5s total | fetch=753.3s project=0.1s smooth=1.4s | cache hits=14 misses=1)
[31/150] PIREP at (42.73, -91.53) FL36000 2019-01-21 14:11:00 (cache: 134 images)
  SAVED /cluster/tufts/capstone25skyblue/scleme01/SatelliteTurbulencePrediction/model_inputs/2019_01/0000460.npz (2139.0s total | fetch=2132.7s project=0.4s smooth=4.2s | cache hits=12 misses=3)
[32/150] PIREP at (37.67, -117.77) FL35000 2019-01-21 14:12:00 (cache: 137 images)
  SAVED /cluster/tufts/capstone25skyblue/scleme01/SatelliteTurbulencePrediction/model_inputs/2019_01/0000452.npz (0.2s total | fetch=0.0s project=0.0s smooth=0.0s | cache hits=15 misses=0)
[33/150] PIREP at (35.71, -113.94) FL35000 2019-01-21 14:36:00 (cache: 137 images)
  SAVED /cluster/tufts/capstone25skyblue/scleme01/SatelliteTurbulencePrediction/model_inputs/2019_01/0000744.npz (3488.3s total | fetch=3478.0s project=0.7s smooth=7.0s | cache hits=10 misses=5)
[34/150] PIREP at (33.81, -86.09) FL34000 2019-01-21 14:53:00 (cache: 142 images)
  SAVED /cluster/tufts/capstone25skyblue/scleme01/SatelliteTurbulencePrediction/model_inputs/2019_01/0000631.npz (2368.9s total | fetch=2362.6s project=0.4s smooth=4.2s | cache hits=12 misses=3)
[35/150] PIREP at (40.88, -74.28) FL3000 2019-01-21 15:18:00 (cache: 145 images)
  SAVED /cluster/tufts/capstone25skyblue/scleme01/SatelliteTurbulencePrediction/model_inputs/2019_01/0000216.npz (4163.0s total | fetch=4152.8s project=0.7s smooth=7.0s | cache hits=10 misses=5)
[36/150] PIREP at (40.98, -74.13) FL3000 2019-01-21 15:40:00 (cache: 150 images)
  SAVED /cluster/tufts/capstone25skyblue/scleme01/SatelliteTurbulencePrediction/model_inputs/2019_01/0000217.npz (5124.7s total | fetch=5114.5s project=0.7s smooth=7.0s | cache hits=10 misses=5)
[37/150] PIREP at (33.31, -79.95) FL17500 2019-01-21 17:25:00 (cache: 155 images)
