Resetting environment
Deactivating conda environment (if any)
Purging all modules
Done! Environment has been torn down
Loading cuda and miniforge...
Activating conda environment...
Redirecting into the satellite repo...
Done! Environment has now been set up
Processing 2017/11 chunk [0:150]
Fetching satellite data for PIREPs in /cluster/tufts/capstone25skyblue/scleme01/SatelliteTurbulencePrediction/pireps/2017/11_turb_pireps.csv
Processing chunk [0:150] (150 PIREPs) from /cluster/tufts/capstone25skyblue/scleme01/SatelliteTurbulencePrediction/pireps/2017/11_turb_pireps.csv
[1/150] SKIPPING /cluster/tufts/capstone25skyblue/scleme01/SatelliteTurbulencePrediction/model_inputs/2017_11/0000000.npz (already exists)
[2/150] SKIPPING /cluster/tufts/capstone25skyblue/scleme01/SatelliteTurbulencePrediction/model_inputs/2017_11/0000202.npz (already exists)
[3/150] SKIPPING /cluster/tufts/capstone25skyblue/scleme01/SatelliteTurbulencePrediction/model_inputs/2017_11/0000314.npz (already exists)
[4/150] SKIPPING /cluster/tufts/capstone25skyblue/scleme01/SatelliteTurbulencePrediction/model_inputs/2017_11/0000325.npz (already exists)
[5/150] SKIPPING /cluster/tufts/capstone25skyblue/scleme01/SatelliteTurbulencePrediction/model_inputs/2017_11/0000348.npz (already exists)
[6/150] SKIPPING /cluster/tufts/capstone25skyblue/scleme01/SatelliteTurbulencePrediction/model_inputs/2017_11/0000001.npz (already exists)
[7/150] SKIPPING /cluster/tufts/capstone25skyblue/scleme01/SatelliteTurbulencePrediction/model_inputs/2017_11/0000002.npz (already exists)
[8/150] SKIPPING /cluster/tufts/capstone25skyblue/scleme01/SatelliteTurbulencePrediction/model_inputs/2017_11/0000003.npz (already exists)
[9/150] SKIPPING /cluster/tufts/capstone25skyblue/scleme01/SatelliteTurbulencePrediction/model_inputs/2017_11/0000004.npz (already exists)
[10/150] SKIPPING /cluster/tufts/capstone25skyblue/scleme01/SatelliteTurbulencePrediction/model_inputs/2017_11/0000005.npz (already exists)
[11/150] SKIPPING /cluster/tufts/capstone25skyblue/scleme01/SatelliteTurbulencePrediction/model_inputs/2017_11/0000006.npz (already exists)
[12/150] SKIPPING /cluster/tufts/capstone25skyblue/scleme01/SatelliteTurbulencePrediction/model_inputs/2017_11/0000248.npz (already exists)
[13/150] SKIPPING /cluster/tufts/capstone25skyblue/scleme01/SatelliteTurbulencePrediction/model_inputs/2017_11/0000007.npz (already exists)
[14/150] SKIPPING /cluster/tufts/capstone25skyblue/scleme01/SatelliteTurbulencePrediction/model_inputs/2017_11/0000345.npz (already exists)
[15/150] SKIPPING /cluster/tufts/capstone25skyblue/scleme01/SatelliteTurbulencePrediction/model_inputs/2017_11/0000228.npz (already exists)
[16/150] SKIPPING /cluster/tufts/capstone25skyblue/scleme01/SatelliteTurbulencePrediction/model_inputs/2017_11/0000008.npz (already exists)
[17/150] SKIPPING /cluster/tufts/capstone25skyblue/scleme01/SatelliteTurbulencePrediction/model_inputs/2017_11/0000347.npz (already exists)
[18/150] SKIPPING /cluster/tufts/capstone25skyblue/scleme01/SatelliteTurbulencePrediction/model_inputs/2017_11/0000009.npz (already exists)
[19/150] SKIPPING /cluster/tufts/capstone25skyblue/scleme01/SatelliteTurbulencePrediction/model_inputs/2017_11/0000271.npz (already exists)
[20/150] SKIPPING /cluster/tufts/capstone25skyblue/scleme01/SatelliteTurbulencePrediction/model_inputs/2017_11/0000232.npz (already exists)
[21/150] PIREP at (42.05, -72.70) FL16000 2017-11-02 19:22:00 (cache: 0 images)
  SAVED /cluster/tufts/capstone25skyblue/scleme01/SatelliteTurbulencePrediction/model_inputs/2017_11/0000213.npz (5919.8s total | fetch=5895.3s project=2.3s smooth=16.3s | cache hits=0 misses=15)
[22/150] PIREP at (40.29, -84.04) FL34000 2017-11-03 11:17:00 (cache: 15 images)
  SAVED /cluster/tufts/capstone25skyblue/scleme01/SatelliteTurbulencePrediction/model_inputs/2017_11/0000327.npz (104.9s total | fetch=80.6s project=2.4s smooth=17.0s | cache hits=0 misses=15)
[23/150] PIREP at (35.98, -105.25) FL18000 2017-11-03 15:15:00 (cache: 30 images)
  SAVED /cluster/tufts/capstone25skyblue/scleme01/SatelliteTurbulencePrediction/model_inputs/2017_11/0000187.npz (5987.8s total | fetch=5962.7s project=2.3s smooth=16.6s | cache hits=0 misses=15)
[24/150] PIREP at (40.48, -88.92) FL3300 2017-11-03 17:24:00 (cache: 45 images)
  SAVED /cluster/tufts/capstone25skyblue/scleme01/SatelliteTurbulencePrediction/model_inputs/2017_11/0000313.npz (6388.4s total | fetch=6363.5s project=2.3s smooth=16.5s | cache hits=0 misses=15)
[25/150] PIREP at (43.43, -70.61) FL2800 2017-11-03 18:51:00 (cache: 60 images)
  SAVED /cluster/tufts/capstone25skyblue/scleme01/SatelliteTurbulencePrediction/model_inputs/2017_11/0000273.npz (7383.8s total | fetch=7358.8s project=2.4s smooth=16.4s | cache hits=0 misses=15)
[26/150] SKIPPING /cluster/tufts/capstone25skyblue/scleme01/SatelliteTurbulencePrediction/model_inputs/2017_11/0000010.npz (already exists)
[27/150] SKIPPING /cluster/tufts/capstone25skyblue/scleme01/SatelliteTurbulencePrediction/model_inputs/2017_11/0000011.npz (already exists)
[28/150] PIREP at (20.78, -156.95) FL3000 2017-11-04 02:01:00 (cache: 75 images)
  SAVED /cluster/tufts/capstone25skyblue/scleme01/SatelliteTurbulencePrediction/model_inputs/2017_11/0000254.npz (98.0s total | fetch=74.1s project=2.4s smooth=16.7s | cache hits=0 misses=15)
[29/150] PIREP at (36.08, -86.76) FL37000 2017-11-04 12:24:00 (cache: 90 images)
  SAVED /cluster/tufts/capstone25skyblue/scleme01/SatelliteTurbulencePrediction/model_inputs/2017_11/0000308.npz (130.5s total | fetch=106.6s project=2.3s smooth=16.6s | cache hits=0 misses=15)
[30/150] PIREP at (55.94, -136.10) FL35000 2017-11-04 13:09:00 (cache: 105 images)
  SAVED /cluster/tufts/capstone25skyblue/scleme01/SatelliteTurbulencePrediction/model_inputs/2017_11/0000258.npz (3216.3s total | fetch=3201.5s project=1.4s smooth=9.8s | cache hits=6 misses=9)
[31/150] PIREP at (39.38, -105.20) FL8500 2017-11-04 13:47:00 (cache: 114 images)
  SAVED /cluster/tufts/capstone25skyblue/scleme01/SatelliteTurbulencePrediction/model_inputs/2017_11/0000267.npz (3442.4s total | fetch=3429.2s project=1.3s smooth=8.7s | cache hits=7 misses=8)
[32/150] PIREP at (30.56, -84.37) FL32000 2017-11-04 13:59:00 (cache: 122 images)
  SAVED /cluster/tufts/capstone25skyblue/scleme01/SatelliteTurbulencePrediction/model_inputs/2017_11/0000278.npz (795.4s total | fetch=791.9s project=0.3s smooth=2.2s | cache hits=13 misses=2)
[33/150] PIREP at (38.40, -93.47) FL30000 2017-11-04 14:28:00 (cache: 124 images)
  SAVED /cluster/tufts/capstone25skyblue/scleme01/SatelliteTurbulencePrediction/model_inputs/2017_11/0000359.npz (2646.7s total | fetch=2636.6s project=1.0s smooth=6.6s | cache hits=9 misses=6)
[34/150] SKIPPING /cluster/tufts/capstone25skyblue/scleme01/SatelliteTurbulencePrediction/model_inputs/2017_11/0000012.npz (already exists)
[35/150] PIREP at (36.50, -81.83) FL39000 2017-11-04 19:59:00 (cache: 130 images)
  SAVED /cluster/tufts/capstone25skyblue/scleme01/SatelliteTurbulencePrediction/model_inputs/2017_11/0000245.npz (7991.2s total | fetch=7966.1s project=2.3s smooth=16.5s | cache hits=0 misses=15)
[36/150] PIREP at (28.73, -83.71) FL30000 2017-11-04 20:11:00 (cache: 145 images)
  SAVED /cluster/tufts/capstone25skyblue/scleme01/SatelliteTurbulencePrediction/model_inputs/2017_11/0000337.npz (1582.2s total | fetch=1577.0s project=0.4s smooth=3.3s | cache hits=12 misses=3)
[37/150] PIREP at (25.79, -80.32) FL500 2017-11-05 12:35:00 (cache: 148 images)
  SAVED /cluster/tufts/capstone25skyblue/scleme01/SatelliteTurbulencePrediction/model_inputs/2017_11/0000341.npz (1714.0s total | fetch=1690.1s project=2.4s smooth=16.3s | cache hits=0 misses=15)
[38/150] PIREP at (45.10, -90.30) FL7000 2017-11-05 14:29:00 (cache: 163 images)
  SAVED /cluster/tufts/capstone25skyblue/scleme01/SatelliteTurbulencePrediction/model_inputs/2017_11/0000189.npz (8950.9s total | fetch=8926.1s project=2.3s smooth=16.3s | cache hits=0 misses=15)
[39/150] PIREP at (41.64, -91.54) FL28000 2017-11-05 15:40:00 (cache: 178 images)
