Resetting environment
Deactivating conda environment (if any)
Purging all modules
Done! Environment has been torn down
Allocating resources with slurm...
Loading cuda and miniforge...
Activating conda environment...
Redirecting into the satellite repo...
Done! Environment has now been set up
Processing 2021/10 chunk [150:300]
Fetching satellite data for PIREPs in /cluster/tufts/capstone25skyblue/scleme01/SatelliteTurbulencePrediction/pireps/2021/10_turb_pireps.csv
Processing chunk [150:300] (150 PIREPs) from /cluster/tufts/capstone25skyblue/scleme01/SatelliteTurbulencePrediction/pireps/2021/10_turb_pireps.csv
[1/150] PIREP at (33.83, -116.51) FL17000 2021-10-11 23:45:00 (cache: 0 images)
  SAVED /cluster/tufts/capstone25skyblue/scleme01/SatelliteTurbulencePrediction/model_inputs/2021_10/0000065.npz (10448.7s total | fetch=10417.4s project=2.2s smooth=21.7s | cache hits=0 misses=15)
[2/150] PIREP at (33.83, -116.51) FL15000 2021-10-12 01:30:00 (cache: 15 images)
  SAVED /cluster/tufts/capstone25skyblue/scleme01/SatelliteTurbulencePrediction/model_inputs/2021_10/0000066.npz (155.6s total | fetch=124.1s project=2.2s smooth=21.8s | cache hits=0 misses=15)
[3/150] PIREP at (33.78, -118.46) FL10000 2021-10-12 01:56:00 (cache: 30 images)
  SAVED /cluster/tufts/capstone25skyblue/scleme01/SatelliteTurbulencePrediction/model_inputs/2021_10/0000067.npz (73.1s total | fetch=62.5s project=0.7s smooth=7.2s | cache hits=10 misses=5)
[4/150] PIREP at (36.21, -115.19) FL17000 2021-10-12 02:08:00 (cache: 35 images)
  SAVED /cluster/tufts/capstone25skyblue/scleme01/SatelliteTurbulencePrediction/model_inputs/2021_10/0000068.npz (32.9s total | fetch=28.5s project=0.3s smooth=2.9s | cache hits=13 misses=2)
[5/150] PIREP at (57.04, -135.36) FL3500 2021-10-12 03:26:00 (cache: 37 images)
  SAVED /cluster/tufts/capstone25skyblue/scleme01/SatelliteTurbulencePrediction/model_inputs/2021_10/0000070.npz (169.4s total | fetch=137.6s project=2.3s smooth=22.1s | cache hits=0 misses=15)
[6/150] PIREP at (57.04, -135.36) FL3500 2021-10-12 03:26:00 (cache: 52 images)
  SAVED /cluster/tufts/capstone25skyblue/scleme01/SatelliteTurbulencePrediction/model_inputs/2021_10/0000069.npz (0.1s total | fetch=0.0s project=0.0s smooth=0.0s | cache hits=15 misses=0)
[7/150] PIREP at (36.08, -115.15) FL3000 2021-10-12 03:40:00 (cache: 52 images)
  SAVED /cluster/tufts/capstone25skyblue/scleme01/SatelliteTurbulencePrediction/model_inputs/2021_10/0000071.npz (48.9s total | fetch=42.4s project=0.5s smooth=4.4s | cache hits=12 misses=3)
[8/150] PIREP at (36.08, -115.15) FL3000 2021-10-12 03:40:00 (cache: 55 images)
  SAVED /cluster/tufts/capstone25skyblue/scleme01/SatelliteTurbulencePrediction/model_inputs/2021_10/0000072.npz (0.2s total | fetch=0.0s project=0.0s smooth=0.0s | cache hits=15 misses=0)
[9/150] PIREP at (47.52, -98.79) FL14000 2021-10-12 04:33:00 (cache: 55 images)
  SAVED /cluster/tufts/capstone25skyblue/scleme01/SatelliteTurbulencePrediction/model_inputs/2021_10/0000408.npz (105.9s total | fetch=84.9s project=1.5s smooth=14.5s | cache hits=5 misses=10)
[10/150] PIREP at (58.35, -134.57) FL0 2021-10-12 05:01:00 (cache: 65 images)
  SAVED /cluster/tufts/capstone25skyblue/scleme01/SatelliteTurbulencePrediction/model_inputs/2021_10/0000339.npz (86.7s total | fetch=74.0s project=0.9s smooth=8.7s | cache hits=9 misses=6)
[11/150] PIREP at (33.96, -120.21) FL13000 2021-10-12 12:49:00 (cache: 71 images)
