Resetting environment
Deactivating conda environment (if any)
Purging all modules
Done! Environment has been torn down
Loading cuda and miniforge...
Activating conda environment...
Redirecting into the satellite repo...
Done! Environment has now been set up
Processing 2020/07 chunk [110:220]
Fetching satellite data for PIREPs in /cluster/tufts/capstone25skyblue/scleme01/SatelliteTurbulencePrediction/pireps/2020/07_turb_pireps.csv
Processing chunk [110:220] (70 PIREPs) from /cluster/tufts/capstone25skyblue/scleme01/SatelliteTurbulencePrediction/pireps/2020/07_turb_pireps.csv
[1/70] PIREP at (40.22, -111.72) FL8500 2020-07-21 13:23:00 (cache: 0 images)
  SAVED /cluster/tufts/capstone25skyblue/scleme01/SatelliteTurbulencePrediction/model_inputs/2020_07/0000166.npz (11028.9s total | fetch=11004.6s project=1.6s smooth=16.9s | cache hits=0 misses=15)
[2/70] PIREP at (37.69, -89.91) FL38000 2020-07-21 13:26:00 (cache: 15 images)
  SAVED /cluster/tufts/capstone25skyblue/scleme01/SatelliteTurbulencePrediction/model_inputs/2020_07/0000122.npz (811.1s total | fetch=809.3s project=0.1s smooth=1.1s | cache hits=14 misses=1)
[3/70] PIREP at (43.77, -87.85) FL45000 2020-07-21 17:42:00 (cache: 16 images)
  SAVED /cluster/tufts/capstone25skyblue/scleme01/SatelliteTurbulencePrediction/model_inputs/2020_07/0000179.npz (14730.5s total | fetch=14706.3s project=1.6s smooth=16.9s | cache hits=0 misses=15)
[4/70] PIREP at (33.66, -100.72) FL12000 2020-07-21 18:41:00 (cache: 31 images)
  SAVED /cluster/tufts/capstone25skyblue/scleme01/SatelliteTurbulencePrediction/model_inputs/2020_07/0000065.npz (11594.5s total | fetch=11575.1s project=1.3s smooth=13.4s | cache hits=3 misses=12)
[5/70] PIREP at (33.66, -100.72) FL12000 2020-07-21 18:41:00 (cache: 43 images)
  SAVED /cluster/tufts/capstone25skyblue/scleme01/SatelliteTurbulencePrediction/model_inputs/2020_07/0000064.npz (0.2s total | fetch=0.0s project=0.0s smooth=0.0s | cache hits=15 misses=0)
[6/70] PIREP at (40.01, -122.19) FL16000 2020-07-21 19:45:00 (cache: 43 images)
  SAVED /cluster/tufts/capstone25skyblue/scleme01/SatelliteTurbulencePrediction/model_inputs/2020_07/0000067.npz (13838.5s total | fetch=13817.6s project=1.4s smooth=14.5s | cache hits=2 misses=13)
[7/70] PIREP at (42.10, -92.07) FL16000 2020-07-21 19:45:00 (cache: 56 images)
  SAVED /cluster/tufts/capstone25skyblue/scleme01/SatelliteTurbulencePrediction/model_inputs/2020_07/0000066.npz (0.1s total | fetch=0.0s project=0.0s smooth=0.0s | cache hits=15 misses=0)
[8/70] PIREP at (42.43, -99.36) FL27000 2020-07-21 21:59:00 (cache: 56 images)
  SAVED /cluster/tufts/capstone25skyblue/scleme01/SatelliteTurbulencePrediction/model_inputs/2020_07/0000157.npz (14901.4s total | fetch=14877.4s project=1.6s smooth=16.6s | cache hits=0 misses=15)
[9/70] PIREP at (59.50, -139.66) FL6000 2020-07-22 11:58:00 (cache: 71 images)
  SAVED /cluster/tufts/capstone25skyblue/scleme01/SatelliteTurbulencePrediction/model_inputs/2020_07/0000174.npz (10003.9s total | fetch=9979.9s project=1.6s smooth=16.7s | cache hits=0 misses=15)
[10/70] PIREP at (27.16, -80.74) FL17000 2020-07-22 14:33:00 (cache: 86 images)
