Resetting environment
Deactivating conda environment (if any)
Purging all modules
Done! Environment has been torn down
Loading cuda and miniforge...
Activating conda environment...
Redirecting into the satellite repo...
Done! Environment has now been set up
Processing 2020/01 chunk [110:220]
Fetching satellite data for PIREPs in /cluster/tufts/capstone25skyblue/scleme01/SatelliteTurbulencePrediction/pireps/2020/01_turb_pireps.csv
Processing chunk [110:220] (110 PIREPs) from /cluster/tufts/capstone25skyblue/scleme01/SatelliteTurbulencePrediction/pireps/2020/01_turb_pireps.csv
[1/110] PIREP at (27.14, -90.95) FL4000 2020-01-03 19:17:00 (cache: 0 images)
  SAVED /cluster/tufts/capstone25skyblue/scleme01/SatelliteTurbulencePrediction/model_inputs/2020_01/0000063.npz (12744.0s total | fetch=12719.7s project=1.6s smooth=16.9s | cache hits=0 misses=15)
[2/110] PIREP at (38.57, -89.16) FL24000 2020-01-03 19:41:00 (cache: 15 images)
  SAVED /cluster/tufts/capstone25skyblue/scleme01/SatelliteTurbulencePrediction/model_inputs/2020_01/0000668.npz (4603.5s total | fetch=4595.4s project=0.5s smooth=5.6s | cache hits=10 misses=5)
[3/110] PIREP at (40.44, -74.70) FL6000 2020-01-03 19:46:00 (cache: 20 images)
  SAVED /cluster/tufts/capstone25skyblue/scleme01/SatelliteTurbulencePrediction/model_inputs/2020_01/0000455.npz (783.1s total | fetch=781.4s project=0.1s smooth=1.1s | cache hits=14 misses=1)
[4/110] PIREP at (33.64, -92.07) FL17000 2020-01-03 20:05:00 (cache: 21 images)
  SAVED /cluster/tufts/capstone25skyblue/scleme01/SatelliteTurbulencePrediction/model_inputs/2020_01/0000064.npz (3135.0s total | fetch=3128.5s project=0.4s smooth=4.4s | cache hits=11 misses=4)
[5/110] PIREP at (39.89, -99.01) FL13000 2020-01-03 20:08:00 (cache: 25 images)
  SAVED /cluster/tufts/capstone25skyblue/scleme01/SatelliteTurbulencePrediction/model_inputs/2020_01/0000793.npz (0.1s total | fetch=0.0s project=0.0s smooth=0.0s | cache hits=15 misses=0)
[6/110] PIREP at (38.88, -85.81) FL6000 2020-01-03 20:19:00 (cache: 25 images)
  SAVED /cluster/tufts/capstone25skyblue/scleme01/SatelliteTurbulencePrediction/model_inputs/2020_01/0000436.npz (1848.7s total | fetch=1845.3s project=0.2s smooth=2.2s | cache hits=13 misses=2)
[7/110] PIREP at (51.22, -114.56) FL6000 2020-01-03 20:30:00 (cache: 27 images)
  SAVED /cluster/tufts/capstone25skyblue/scleme01/SatelliteTurbulencePrediction/model_inputs/2020_01/0000065.npz (2523.7s total | fetch=2518.7s project=0.3s smooth=3.4s | cache hits=12 misses=3)
[8/110] PIREP at (41.28, -84.39) FL18000 2020-01-03 20:45:00 (cache: 30 images)
  SAVED /cluster/tufts/capstone25skyblue/scleme01/SatelliteTurbulencePrediction/model_inputs/2020_01/0000066.npz (2715.3s total | fetch=2710.3s project=0.3s smooth=3.4s | cache hits=12 misses=3)
[9/110] PIREP at (45.32, -76.38) FL20000 2020-01-03 21:05:00 (cache: 33 images)
  SAVED /cluster/tufts/capstone25skyblue/scleme01/SatelliteTurbulencePrediction/model_inputs/2020_01/0000067.npz (3928.6s total | fetch=3922.0s project=0.4s smooth=4.5s | cache hits=11 misses=4)
[10/110] PIREP at (39.59, -84.84) FL35000 2020-01-03 21:06:00 (cache: 37 images)
  SAVED /cluster/tufts/capstone25skyblue/scleme01/SatelliteTurbulencePrediction/model_inputs/2020_01/0000514.npz (0.1s total | fetch=0.0s project=0.0s smooth=0.0s | cache hits=15 misses=0)
[11/110] PIREP at (35.83, -103.93) FL28000 2020-01-03 21:35:00 (cache: 37 images)
  SAVED /cluster/tufts/capstone25skyblue/scleme01/SatelliteTurbulencePrediction/model_inputs/2020_01/0000460.npz (5858.9s total | fetch=5849.2s project=0.6s smooth=6.7s | cache hits=9 misses=6)
[12/110] PIREP at (40.86, -85.03) FL15800 2020-01-03 21:44:00 (cache: 43 images)
  SAVED /cluster/tufts/capstone25skyblue/scleme01/SatelliteTurbulencePrediction/model_inputs/2020_01/0000068.npz (645.8s total | fetch=644.1s project=0.1s smooth=1.1s | cache hits=14 misses=1)
[13/110] PIREP at (40.88, -85.10) FL15000 2020-01-03 21:45:00 (cache: 44 images)
  SAVED /cluster/tufts/capstone25skyblue/scleme01/SatelliteTurbulencePrediction/model_inputs/2020_01/0000069.npz (625.4s total | fetch=623.7s project=0.1s smooth=1.1s | cache hits=14 misses=1)
[14/110] PIREP at (46.26, -119.12) FL2500 2020-01-03 21:58:00 (cache: 45 images)
  SAVED /cluster/tufts/capstone25skyblue/scleme01/SatelliteTurbulencePrediction/model_inputs/2020_01/0000673.npz (1626.1s total | fetch=1622.9s project=0.2s smooth=2.2s | cache hits=13 misses=2)
[15/110] PIREP at (42.55, -92.40) FL23000 2020-01-03 22:06:00 (cache: 47 images)
  SAVED /cluster/tufts/capstone25skyblue/scleme01/SatelliteTurbulencePrediction/model_inputs/2020_01/0000713.npz (1524.9s total | fetch=1521.6s project=0.2s smooth=2.3s | cache hits=13 misses=2)
[16/110] PIREP at (34.94, -105.56) FL38000 2020-01-03 22:42:00 (cache: 49 images)
  SAVED /cluster/tufts/capstone25skyblue/scleme01/SatelliteTurbulencePrediction/model_inputs/2020_01/0000584.npz (5591.6s total | fetch=5580.4s project=0.7s smooth=7.8s | cache hits=8 misses=7)
[17/110] PIREP at (40.31, -73.76) FL10000 2020-01-03 22:43:00 (cache: 56 images)
  SAVED /cluster/tufts/capstone25skyblue/scleme01/SatelliteTurbulencePrediction/model_inputs/2020_01/0000070.npz (0.1s total | fetch=0.0s project=0.0s smooth=0.0s | cache hits=15 misses=0)
[18/110] PIREP at (33.29, -78.11) FL34000 2020-01-03 23:58:00 (cache: 56 images)
  SAVED /cluster/tufts/capstone25skyblue/scleme01/SatelliteTurbulencePrediction/model_inputs/2020_01/0000578.npz (937.6s total | fetch=913.9s project=1.6s smooth=16.6s | cache hits=0 misses=15)
[19/110] PIREP at (37.98, -97.43) FL29000 2020-01-04 00:42:00 (cache: 71 images)
  SAVED /cluster/tufts/capstone25skyblue/scleme01/SatelliteTurbulencePrediction/model_inputs/2020_01/0000071.npz (141.4s total | fetch=127.0s project=0.9s smooth=10.0s | cache hits=6 misses=9)
[20/110] PIREP at (38.93, -77.45) FL12000 2020-01-04 01:49:00 (cache: 80 images)
  SAVED /cluster/tufts/capstone25skyblue/scleme01/SatelliteTurbulencePrediction/model_inputs/2020_01/0000072.npz (137.6s total | fetch=116.9s project=1.3s smooth=14.4s | cache hits=2 misses=13)
[21/110] PIREP at (45.75, -72.23) FL25000 2020-01-04 02:16:00 (cache: 93 images)
  SAVED /cluster/tufts/capstone25skyblue/scleme01/SatelliteTurbulencePrediction/model_inputs/2020_01/0000073.npz (84.1s total | fetch=74.4s project=0.7s smooth=6.7s | cache hits=9 misses=6)
[22/110] PIREP at (40.32, -82.59) FL16500 2020-01-04 02:36:00 (cache: 99 images)
  SAVED /cluster/tufts/capstone25skyblue/scleme01/SatelliteTurbulencePrediction/model_inputs/2020_01/0000074.npz (38.5s total | fetch=32.0s project=0.4s smooth=4.4s | cache hits=11 misses=4)
[23/110] PIREP at (40.32, -82.59) FL16500 2020-01-04 02:36:00 (cache: 103 images)
  SAVED /cluster/tufts/capstone25skyblue/scleme01/SatelliteTurbulencePrediction/model_inputs/2020_01/0000075.npz (0.1s total | fetch=0.0s project=0.0s smooth=0.0s | cache hits=15 misses=0)
[24/110] PIREP at (40.85, -97.65) FL36000 2020-01-04 04:14:00 (cache: 103 images)
  SAVED /cluster/tufts/capstone25skyblue/scleme01/SatelliteTurbulencePrediction/model_inputs/2020_01/0000764.npz (156.3s total | fetch=132.5s project=1.6s smooth=16.7s | cache hits=0 misses=15)
[25/110] PIREP at (42.66, -79.27) FL22000 2020-01-04 04:30:00 (cache: 118 images)
  SAVED /cluster/tufts/capstone25skyblue/scleme01/SatelliteTurbulencePrediction/model_inputs/2020_01/0000076.npz (47.6s total | fetch=41.2s project=0.4s smooth=4.4s | cache hits=11 misses=4)
[26/110] PIREP at (40.60, -93.97) FL35000 2020-01-04 10:08:00 (cache: 122 images)
  SAVED /cluster/tufts/capstone25skyblue/scleme01/SatelliteTurbulencePrediction/model_inputs/2020_01/0000773.npz (119.9s total | fetch=96.2s project=1.5s smooth=16.5s | cache hits=0 misses=15)
[27/110] PIREP at (52.43, -114.90) FL30000 2020-01-04 10:15:00 (cache: 137 images)
  SAVED /cluster/tufts/capstone25skyblue/scleme01/SatelliteTurbulencePrediction/model_inputs/2020_01/0000077.npz (25.2s total | fetch=21.9s project=0.2s smooth=2.2s | cache hits=13 misses=2)
[28/110] PIREP at (37.80, -91.04) FL37000 2020-01-04 10:27:00 (cache: 139 images)
  SAVED /cluster/tufts/capstone25skyblue/scleme01/SatelliteTurbulencePrediction/model_inputs/2020_01/0000486.npz (23.5s total | fetch=20.1s project=0.2s smooth=2.2s | cache hits=13 misses=2)
[29/110] PIREP at (35.46, -81.37) FL7000 2020-01-04 12:32:00 (cache: 141 images)
  SAVED /cluster/tufts/capstone25skyblue/scleme01/SatelliteTurbulencePrediction/model_inputs/2020_01/0000078.npz (171.1s total | fetch=147.4s project=1.5s smooth=16.6s | cache hits=0 misses=15)
[30/110] PIREP at (42.49, -78.94) FL22000 2020-01-04 12:50:00 (cache: 156 images)
  SAVED /cluster/tufts/capstone25skyblue/scleme01/SatelliteTurbulencePrediction/model_inputs/2020_01/0000079.npz (53.5s total | fetch=47.1s project=0.4s smooth=4.4s | cache hits=11 misses=4)
[31/110] PIREP at (29.10, -96.66) FL27000 2020-01-04 12:57:00 (cache: 160 images)
  SAVED /cluster/tufts/capstone25skyblue/scleme01/SatelliteTurbulencePrediction/model_inputs/2020_01/0000080.npz (10.6s total | fetch=8.9s project=0.1s smooth=1.1s | cache hits=14 misses=1)
[32/110] PIREP at (29.10, -96.66) FL27000 2020-01-04 12:57:00 (cache: 161 images)
  SAVED /cluster/tufts/capstone25skyblue/scleme01/SatelliteTurbulencePrediction/model_inputs/2020_01/0000081.npz (0.2s total | fetch=0.0s project=0.0s smooth=0.0s | cache hits=15 misses=0)
[33/110] PIREP at (41.53, -94.54) FL34000 2020-01-04 15:48:00 (cache: 161 images)
  SAVED /cluster/tufts/capstone25skyblue/scleme01/SatelliteTurbulencePrediction/model_inputs/2020_01/0000464.npz (14012.6s total | fetch=13988.8s project=1.6s smooth=16.6s | cache hits=0 misses=15)
[34/110] PIREP at (39.37, -75.63) FL11000 2020-01-04 16:19:00 (cache: 176 images)
  SAVED /cluster/tufts/capstone25skyblue/scleme01/SatelliteTurbulencePrediction/model_inputs/2020_01/0000082.npz (5209.4s total | fetch=5199.7s project=0.6s smooth=6.7s | cache hits=9 misses=6)
[35/110] PIREP at (31.86, -94.17) FL28000 2020-01-04 16:25:00 (cache: 182 images)
  SAVED /cluster/tufts/capstone25skyblue/scleme01/SatelliteTurbulencePrediction/model_inputs/2020_01/0000084.npz (1547.1s total | fetch=1543.7s project=0.2s smooth=2.2s | cache hits=13 misses=2)
[36/110] PIREP at (31.86, -94.17) FL28000 2020-01-04 16:25:00 (cache: 184 images)
  SAVED /cluster/tufts/capstone25skyblue/scleme01/SatelliteTurbulencePrediction/model_inputs/2020_01/0000083.npz (0.2s total | fetch=0.0s project=0.0s smooth=0.0s | cache hits=15 misses=0)
[37/110] PIREP at (41.72, -71.66) FL16000 2020-01-04 16:31:00 (cache: 184 images)
  SAVED /cluster/tufts/capstone25skyblue/scleme01/SatelliteTurbulencePrediction/model_inputs/2020_01/0000085.npz (899.2s total | fetch=897.5s project=0.1s smooth=1.1s | cache hits=14 misses=1)
[38/110] PIREP at (41.56, -72.00) FL16000 2020-01-04 16:35:00 (cache: 185 images)
  SAVED /cluster/tufts/capstone25skyblue/scleme01/SatelliteTurbulencePrediction/model_inputs/2020_01/0000086.npz (958.7s total | fetch=956.9s project=0.1s smooth=1.1s | cache hits=14 misses=1)
[39/110] PIREP at (29.34, -93.63) FL28000 2020-01-04 17:00:00 (cache: 186 images)
  SAVED /cluster/tufts/capstone25skyblue/scleme01/SatelliteTurbulencePrediction/model_inputs/2020_01/0000088.npz (4141.8s total | fetch=4133.6s project=0.5s smooth=5.6s | cache hits=10 misses=5)
[40/110] PIREP at (29.34, -93.63) FL28000 2020-01-04 17:00:00 (cache: 191 images)
  SAVED /cluster/tufts/capstone25skyblue/scleme01/SatelliteTurbulencePrediction/model_inputs/2020_01/0000087.npz (0.2s total | fetch=0.0s project=0.0s smooth=0.0s | cache hits=15 misses=0)
[41/110] PIREP at (29.49, -92.37) FL24000 2020-01-04 18:00:00 (cache: 191 images)
  SAVED /cluster/tufts/capstone25skyblue/scleme01/SatelliteTurbulencePrediction/model_inputs/2020_01/0000089.npz (9758.0s total | fetch=9738.4s project=1.3s smooth=13.6s | cache hits=3 misses=12)
[42/110] PIREP at (29.49, -92.37) FL24000 2020-01-04 18:00:00 (cache: 203 images)
  SAVED /cluster/tufts/capstone25skyblue/scleme01/SatelliteTurbulencePrediction/model_inputs/2020_01/0000090.npz (0.2s total | fetch=0.0s project=0.0s smooth=0.0s | cache hits=15 misses=0)
[43/110] PIREP at (41.64, -91.54) FL41000 2020-01-04 18:08:00 (cache: 203 images)
  SAVED /cluster/tufts/capstone25skyblue/scleme01/SatelliteTurbulencePrediction/model_inputs/2020_01/0000680.npz (775.3s total | fetch=773.5s project=0.1s smooth=1.1s | cache hits=14 misses=1)
[44/110] PIREP at (36.10, -79.94) FL16000 2020-01-04 18:10:00 (cache: 204 images)
