Resetting environment
Deactivating conda environment (if any)
Purging all modules
Done! Environment has been torn down
Loading cuda and miniforge...
Activating conda environment...
Redirecting into the satellite repo...
Done! Environment has now been set up
Processing 2018/08 chunk [150:300]
Fetching satellite data for PIREPs in /cluster/tufts/capstone25skyblue/scleme01/SatelliteTurbulencePrediction/pireps/2018/08_turb_pireps.csv
Processing chunk [150:300] (150 PIREPs) from /cluster/tufts/capstone25skyblue/scleme01/SatelliteTurbulencePrediction/pireps/2018/08_turb_pireps.csv
[1/150] PIREP at (51.50, -35.00) FL37000 2018-08-15 08:20:00 (cache: 0 images)
  SAVED /cluster/tufts/capstone25skyblue/scleme01/SatelliteTurbulencePrediction/model_inputs/2018_08/0000080.npz (101.1s total | fetch=77.2s project=2.0s smooth=16.6s | cache hits=0 misses=15)
[2/150] PIREP at (42.79, -85.59) FL35000 2018-08-15 08:21:00 (cache: 15 images)
  SAVED /cluster/tufts/capstone25skyblue/scleme01/SatelliteTurbulencePrediction/model_inputs/2018_08/0000202.npz (0.1s total | fetch=0.0s project=0.0s smooth=0.0s | cache hits=15 misses=0)
[3/150] PIREP at (54.74, -133.27) FL36000 2018-08-15 09:02:00 (cache: 15 images)
  SAVED /cluster/tufts/capstone25skyblue/scleme01/SatelliteTurbulencePrediction/model_inputs/2018_08/0000226.npz (57.6s total | fetch=44.9s project=1.0s smooth=8.8s | cache hits=7 misses=8)
[4/150] PIREP at (61.99, -150.09) FL22000 2018-08-15 14:01:00 (cache: 23 images)
  SAVED /cluster/tufts/capstone25skyblue/scleme01/SatelliteTurbulencePrediction/model_inputs/2018_08/0000275.npz (5564.9s total | fetch=5538.6s project=2.2s smooth=17.2s | cache hits=0 misses=15)
[5/150] PIREP at (37.84, -87.46) FL11000 2018-08-15 17:32:00 (cache: 38 images)
  SAVED /cluster/tufts/capstone25skyblue/scleme01/SatelliteTurbulencePrediction/model_inputs/2018_08/0000081.npz (2472.2s total | fetch=2446.5s project=2.3s smooth=17.4s | cache hits=0 misses=15)
[6/150] PIREP at (62.84, -157.72) FL33000 2018-08-15 17:34:00 (cache: 53 images)
  SAVED /cluster/tufts/capstone25skyblue/scleme01/SatelliteTurbulencePrediction/model_inputs/2018_08/0000186.npz (0.1s total | fetch=0.0s project=0.0s smooth=0.0s | cache hits=15 misses=0)
[7/150] PIREP at (37.35, -85.58) FL38000 2018-08-15 19:23:00 (cache: 53 images)
  SAVED /cluster/tufts/capstone25skyblue/scleme01/SatelliteTurbulencePrediction/model_inputs/2018_08/0000185.npz (6608.9s total | fetch=6582.3s project=2.3s smooth=17.3s | cache hits=0 misses=15)
[8/150] PIREP at (31.81, -106.38) FL13000 2018-08-15 19:35:00 (cache: 68 images)
  SAVED /cluster/tufts/capstone25skyblue/scleme01/SatelliteTurbulencePrediction/model_inputs/2018_08/0000082.npz (1321.3s total | fetch=1315.8s project=0.5s smooth=3.5s | cache hits=12 misses=3)
[9/150] PIREP at (38.65, -84.31) FL34000 2018-08-15 19:43:00 (cache: 71 images)
  SAVED /cluster/tufts/capstone25skyblue/scleme01/SatelliteTurbulencePrediction/model_inputs/2018_08/0000254.npz (421.2s total | fetch=419.3s project=0.2s smooth=1.1s | cache hits=14 misses=1)
[10/150] PIREP at (34.29, -92.96) FL4500 2018-08-16 16:59:00 (cache: 72 images)
  SAVED /cluster/tufts/capstone25skyblue/scleme01/SatelliteTurbulencePrediction/model_inputs/2018_08/0000240.npz (6762.3s total | fetch=6735.8s project=2.3s smooth=17.2s | cache hits=0 misses=15)
[11/150] PIREP at (38.77, -116.19) FL33000 2018-08-17 04:36:00 (cache: 87 images)
  SAVED /cluster/tufts/capstone25skyblue/scleme01/SatelliteTurbulencePrediction/model_inputs/2018_08/0000287.npz (123.1s total | fetch=98.1s project=2.2s smooth=17.3s | cache hits=0 misses=15)
[12/150] PIREP at (43.88, -77.20) FL33000 2018-08-17 10:18:00 (cache: 102 images)
  SAVED /cluster/tufts/capstone25skyblue/scleme01/SatelliteTurbulencePrediction/model_inputs/2018_08/0000083.npz (105.1s total | fetch=80.1s project=2.2s smooth=17.3s | cache hits=0 misses=15)
[13/150] PIREP at (41.64, -91.54) FL30000 2018-08-17 11:50:00 (cache: 117 images)
  SAVED /cluster/tufts/capstone25skyblue/scleme01/SatelliteTurbulencePrediction/model_inputs/2018_08/0000278.npz (2942.8s total | fetch=2916.8s project=2.3s smooth=17.5s | cache hits=0 misses=15)
[14/150] PIREP at (33.29, -98.34) FL27000 2018-08-17 11:55:00 (cache: 132 images)
  SAVED /cluster/tufts/capstone25skyblue/scleme01/SatelliteTurbulencePrediction/model_inputs/2018_08/0000158.npz (445.5s total | fetch=443.7s project=0.2s smooth=1.1s | cache hits=14 misses=1)
[15/150] PIREP at (43.17, -86.24) FL25000 2018-08-17 17:03:00 (cache: 133 images)
  SAVED /cluster/tufts/capstone25skyblue/scleme01/SatelliteTurbulencePrediction/model_inputs/2018_08/0000192.npz (7085.5s total | fetch=7059.0s project=2.3s smooth=17.3s | cache hits=0 misses=15)
[16/150] PIREP at (71.28, -156.76) FL2000 2018-08-17 17:50:00 (cache: 148 images)
  SAVED /cluster/tufts/capstone25skyblue/scleme01/SatelliteTurbulencePrediction/model_inputs/2018_08/0000211.npz (5144.3s total | fetch=5126.7s project=1.5s smooth=11.5s | cache hits=5 misses=10)
[17/150] PIREP at (38.18, -90.43) FL12000 2018-08-17 20:08:00 (cache: 158 images)
  SAVED /cluster/tufts/capstone25skyblue/scleme01/SatelliteTurbulencePrediction/model_inputs/2018_08/0000084.npz (8765.8s total | fetch=8739.6s project=2.2s smooth=17.0s | cache hits=0 misses=15)
[18/150] PIREP at (43.77, -71.99) FL22000 2018-08-18 01:06:00 (cache: 173 images)
  SAVED /cluster/tufts/capstone25skyblue/scleme01/SatelliteTurbulencePrediction/model_inputs/2018_08/0000295.npz (7266.7s total | fetch=7240.4s project=2.3s smooth=17.3s | cache hits=0 misses=15)
[19/150] PIREP at (59.04, -159.15) FL1000 2018-08-18 17:50:00 (cache: 188 images)
