Resetting environment
Deactivating conda environment (if any)
Purging all modules
Done! Environment has been torn down
Loading cuda and miniforge...
Activating conda environment...
Redirecting into the satellite repo...
Done! Environment has now been set up
Processing 2023/11 chunk [220:330]
Fetching satellite data for PIREPs in /cluster/tufts/capstone25skyblue/scleme01/SatelliteTurbulencePrediction/pireps/2023/11_turb_pireps.csv
Processing chunk [220:330] (110 PIREPs) from /cluster/tufts/capstone25skyblue/scleme01/SatelliteTurbulencePrediction/pireps/2023/11_turb_pireps.csv
[1/110] PIREP at (33.79, -115.49) FL33000 2023-11-16 04:19:00 (cache: 0 images)
  SAVED /cluster/tufts/capstone25skyblue/scleme01/SatelliteTurbulencePrediction/model_inputs/2023_11/0000084.npz (212.3s total | fetch=181.9s project=2.0s smooth=21.2s | cache hits=0 misses=15)
[2/110] PIREP at (48.00, -48.00) FL36000 2023-11-16 05:31:00 (cache: 15 images)
  SAVED /cluster/tufts/capstone25skyblue/scleme01/SatelliteTurbulencePrediction/model_inputs/2023_11/0000085.npz (208.3s total | fetch=178.0s project=2.0s smooth=21.1s | cache hits=0 misses=15)
[3/110] PIREP at (41.33, -96.76) FL35000 2023-11-16 13:28:00 (cache: 30 images)
  SAVED /cluster/tufts/capstone25skyblue/scleme01/SatelliteTurbulencePrediction/model_inputs/2023_11/0000336.npz (1469.8s total | fetch=1439.7s project=2.0s smooth=20.9s | cache hits=0 misses=15)
[4/110] PIREP at (34.70, -85.93) FL31500 2023-11-16 15:22:00 (cache: 45 images)
  SAVED /cluster/tufts/capstone25skyblue/scleme01/SatelliteTurbulencePrediction/model_inputs/2023_11/0000316.npz (16466.9s total | fetch=16436.5s project=2.0s smooth=21.1s | cache hits=0 misses=15)
[5/110] PIREP at (26.20, -80.36) FL2000 2023-11-16 16:27:00 (cache: 60 images)
