Resetting environment
Deactivating conda environment (if any)
Purging all modules
Done! Environment has been torn down
Loading cuda and miniforge...
Activating conda environment...
Redirecting into the satellite repo...
Done! Environment has now been set up
Processing 2022/10 chunk [330:440]
Fetching satellite data for PIREPs in /cluster/tufts/capstone25skyblue/scleme01/SatelliteTurbulencePrediction/pireps/2022/10_turb_pireps.csv
Processing chunk [330:440] (52 PIREPs) from /cluster/tufts/capstone25skyblue/scleme01/SatelliteTurbulencePrediction/pireps/2022/10_turb_pireps.csv
[1/52] PIREP at (52.42, -108.58) FL41000 2022-10-28 02:05:00 (cache: 0 images)
  SAVED /cluster/tufts/capstone25skyblue/scleme01/SatelliteTurbulencePrediction/model_inputs/2022_10/0000173.npz (245.8s total | fetch=203.9s project=4.0s smooth=28.1s | cache hits=0 misses=15)
[2/52] PIREP at (29.72, -96.29) FL16000 2022-10-28 03:26:00 (cache: 15 images)
  SAVED /cluster/tufts/capstone25skyblue/scleme01/SatelliteTurbulencePrediction/model_inputs/2022_10/0000174.npz (140.3s total | fetch=98.2s project=4.0s smooth=28.1s | cache hits=0 misses=15)
[3/52] PIREP at (28.65, -80.87) FL34000 2022-10-28 10:41:00 (cache: 30 images)
  SAVED /cluster/tufts/capstone25skyblue/scleme01/SatelliteTurbulencePrediction/model_inputs/2022_10/0000248.npz (242.3s total | fetch=200.0s project=4.0s smooth=28.3s | cache hits=0 misses=15)
[4/52] PIREP at (26.83, -78.84) FL29000 2022-10-28 11:23:00 (cache: 45 images)
  SAVED /cluster/tufts/capstone25skyblue/scleme01/SatelliteTurbulencePrediction/model_inputs/2022_10/0000276.npz (85.2s total | fetch=62.5s project=2.1s smooth=15.1s | cache hits=7 misses=8)
[5/52] PIREP at (39.39, -86.61) FL34000 2022-10-28 11:46:00 (cache: 53 images)
  SAVED /cluster/tufts/capstone25skyblue/scleme01/SatelliteTurbulencePrediction/model_inputs/2022_10/0000376.npz (64.0s total | fetch=49.8s project=1.3s smooth=9.4s | cache hits=10 misses=5)
[6/52] PIREP at (35.74, -99.21) FL34000 2022-10-28 13:52:00 (cache: 58 images)
  SAVED /cluster/tufts/capstone25skyblue/scleme01/SatelliteTurbulencePrediction/model_inputs/2022_10/0000175.npz (15523.8s total | fetch=15482.6s project=3.9s smooth=27.7s | cache hits=0 misses=15)
[7/52] PIREP at (35.74, -99.21) FL34000 2022-10-28 13:52:00 (cache: 73 images)
  SAVED /cluster/tufts/capstone25skyblue/scleme01/SatelliteTurbulencePrediction/model_inputs/2022_10/0000176.npz (0.2s total | fetch=0.0s project=0.0s smooth=0.0s | cache hits=15 misses=0)
[8/52] PIREP at (33.45, -93.99) FL41000 2022-10-28 14:51:00 (cache: 73 images)
