Resetting environment
Deactivating conda environment (if any)
Purging all modules
Done! Environment has been torn down
Loading cuda and miniforge...
Activating conda environment...
Redirecting into the satellite repo...
Done! Environment has now been set up
Processing 2018/01 chunk [330:440]
Fetching satellite data for PIREPs in /cluster/tufts/capstone25skyblue/scleme01/SatelliteTurbulencePrediction/pireps/2018/01_turb_pireps.csv
Processing chunk [330:440] (110 PIREPs) from /cluster/tufts/capstone25skyblue/scleme01/SatelliteTurbulencePrediction/pireps/2018/01_turb_pireps.csv
[1/110] PIREP at (34.88, -85.45) FL27000 2018-01-25 16:25:00 (cache: 0 images)
  SAVED /cluster/tufts/capstone25skyblue/scleme01/SatelliteTurbulencePrediction/model_inputs/2018_01/0000157.npz (14345.6s total | fetch=14314.7s project=2.1s smooth=21.6s | cache hits=0 misses=15)
[2/110] PIREP at (42.93, -71.66) FL55000 2018-01-25 16:28:00 (cache: 15 images)
  SAVED /cluster/tufts/capstone25skyblue/scleme01/SatelliteTurbulencePrediction/model_inputs/2018_01/0000234.npz (0.2s total | fetch=0.0s project=0.0s smooth=0.0s | cache hits=15 misses=0)
[3/110] PIREP at (30.35, -83.18) FL9000 2018-01-25 19:18:00 (cache: 15 images)
  SAVED /cluster/tufts/capstone25skyblue/scleme01/SatelliteTurbulencePrediction/model_inputs/2018_01/0000351.npz (17513.6s total | fetch=17482.6s project=2.1s smooth=21.6s | cache hits=0 misses=15)
[4/110] PIREP at (42.62, -91.29) FL38000 2018-01-25 21:50:00 (cache: 30 images)
  SAVED /cluster/tufts/capstone25skyblue/scleme01/SatelliteTurbulencePrediction/model_inputs/2018_01/0000350.npz (14882.3s total | fetch=14851.3s project=2.1s smooth=21.6s | cache hits=0 misses=15)
[5/110] PIREP at (47.00, -45.00) FL29000 2018-01-25 22:15:00 (cache: 45 images)
  SAVED /cluster/tufts/capstone25skyblue/scleme01/SatelliteTurbulencePrediction/model_inputs/2018_01/0000158.npz (5397.1s total | fetch=5386.6s project=0.7s smooth=7.2s | cache hits=10 misses=5)
[6/110] PIREP at (46.35, -72.80) FL4500 2018-01-25 22:45:00 (cache: 50 images)
  SAVED /cluster/tufts/capstone25skyblue/scleme01/SatelliteTurbulencePrediction/model_inputs/2018_01/0000159.npz (6688.6s total | fetch=6676.1s project=0.8s smooth=8.6s | cache hits=9 misses=6)
[7/110] PIREP at (42.91, -106.46) FL8000 2018-01-26 00:25:00 (cache: 56 images)
  SAVED /cluster/tufts/capstone25skyblue/scleme01/SatelliteTurbulencePrediction/model_inputs/2018_01/0000250.npz (4560.6s total | fetch=4529.8s project=2.1s smooth=21.6s | cache hits=0 misses=15)
[8/110] PIREP at (38.82, -93.07) FL39000 2018-01-26 00:47:00 (cache: 71 images)
  SAVED /cluster/tufts/capstone25skyblue/scleme01/SatelliteTurbulencePrediction/model_inputs/2018_01/0000319.npz (64.6s total | fetch=56.2s project=0.5s smooth=5.7s | cache hits=11 misses=4)
[9/110] PIREP at (49.00, -37.00) FL37000 2018-01-26 01:20:00 (cache: 75 images)
  SAVED /cluster/tufts/capstone25skyblue/scleme01/SatelliteTurbulencePrediction/model_inputs/2018_01/0000160.npz (126.6s total | fetch=112.1s project=1.0s smooth=10.1s | cache hits=8 misses=7)
[10/110] PIREP at (34.41, -109.53) FL10000 2018-01-26 03:05:00 (cache: 82 images)
  SAVED /cluster/tufts/capstone25skyblue/scleme01/SatelliteTurbulencePrediction/model_inputs/2018_01/0000161.npz (215.3s total | fetch=184.4s project=2.0s smooth=21.6s | cache hits=0 misses=15)
[11/110] PIREP at (37.62, -105.23) FL28000 2018-01-26 06:04:00 (cache: 97 images)
  SAVED /cluster/tufts/capstone25skyblue/scleme01/SatelliteTurbulencePrediction/model_inputs/2018_01/0000162.npz (252.5s total | fetch=221.6s project=2.1s smooth=21.6s | cache hits=0 misses=15)
[12/110] PIREP at (40.64, -105.38) FL35000 2018-01-26 06:35:00 (cache: 112 images)
  SAVED /cluster/tufts/capstone25skyblue/scleme01/SatelliteTurbulencePrediction/model_inputs/2018_01/0000163.npz (81.9s total | fetch=67.4s project=1.0s smooth=10.1s | cache hits=8 misses=7)
[13/110] PIREP at (38.27, -104.96) FL35000 2018-01-26 08:07:00 (cache: 119 images)
  SAVED /cluster/tufts/capstone25skyblue/scleme01/SatelliteTurbulencePrediction/model_inputs/2018_01/0000164.npz (274.7s total | fetch=243.8s project=2.0s smooth=21.6s | cache hits=0 misses=15)
[14/110] PIREP at (56.99, -157.74) FL32000 2018-01-26 13:15:00 (cache: 134 images)
  SAVED /cluster/tufts/capstone25skyblue/scleme01/SatelliteTurbulencePrediction/model_inputs/2018_01/0000165.npz (8703.5s total | fetch=8672.6s project=2.1s smooth=21.7s | cache hits=0 misses=15)
[15/110] PIREP at (47.58, -121.68) FL12000 2018-01-26 13:59:00 (cache: 149 images)
  SAVED /cluster/tufts/capstone25skyblue/scleme01/SatelliteTurbulencePrediction/model_inputs/2018_01/0000285.npz (7573.2s total | fetch=7556.5s project=1.1s smooth=11.6s | cache hits=7 misses=8)
[16/110] PIREP at (42.34, -85.25) FL2000 2018-01-26 14:10:00 (cache: 157 images)
  SAVED /cluster/tufts/capstone25skyblue/scleme01/SatelliteTurbulencePrediction/model_inputs/2018_01/0000238.npz (3200.8s total | fetch=3194.4s project=0.4s smooth=4.4s | cache hits=12 misses=3)
[17/110] PIREP at (43.23, -116.24) FL8000 2018-01-26 14:32:00 (cache: 160 images)
  SAVED /cluster/tufts/capstone25skyblue/scleme01/SatelliteTurbulencePrediction/model_inputs/2018_01/0000411.npz (3925.1s total | fetch=3916.7s project=0.5s smooth=5.8s | cache hits=11 misses=4)
[18/110] PIREP at (39.01, -123.48) FL38000 2018-01-26 19:41:00 (cache: 164 images)
