Resetting environment
Deactivating conda environment (if any)
Purging all modules
Done! Environment has been torn down
Loading cuda and miniforge...
Activating conda environment...
Redirecting into the satellite repo...
Done! Environment has now been set up
Processing 2024/01 chunk [220:330]
Fetching satellite data for PIREPs in /cluster/tufts/capstone25skyblue/scleme01/SatelliteTurbulencePrediction/pireps/2024/01_turb_pireps.csv
Processing chunk [220:330] (110 PIREPs) from /cluster/tufts/capstone25skyblue/scleme01/SatelliteTurbulencePrediction/pireps/2024/01_turb_pireps.csv
[1/110] PIREP at (30.41, -96.57) FL27000 2024-01-09 04:14:00 (cache: 0 images)
  SAVED /cluster/tufts/capstone25skyblue/scleme01/SatelliteTurbulencePrediction/model_inputs/2024_01/0000098.npz (222.3s total | fetch=192.4s project=1.9s smooth=20.9s | cache hits=0 misses=15)
[2/110] PIREP at (31.62, -97.23) FL17000 2024-01-09 04:15:00 (cache: 15 images)
  SAVED /cluster/tufts/capstone25skyblue/scleme01/SatelliteTurbulencePrediction/model_inputs/2024_01/0000099.npz (17.1s total | fetch=14.9s project=0.1s smooth=1.4s | cache hits=14 misses=1)
[3/110] PIREP at (32.16, -97.88) FL21000 2024-01-09 04:39:00 (cache: 16 images)
  SAVED /cluster/tufts/capstone25skyblue/scleme01/SatelliteTurbulencePrediction/model_inputs/2024_01/0000100.npz (21.0s total | fetch=12.8s project=0.5s smooth=5.6s | cache hits=11 misses=4)
[4/110] PIREP at (31.07, -97.83) FL23000 2024-01-09 04:40:00 (cache: 20 images)
  SAVED /cluster/tufts/capstone25skyblue/scleme01/SatelliteTurbulencePrediction/model_inputs/2024_01/0000101.npz (7.3s total | fetch=5.1s project=0.1s smooth=1.4s | cache hits=14 misses=1)
[5/110] PIREP at (34.73, -92.64) FL31000 2024-01-09 05:02:00 (cache: 21 images)
  SAVED /cluster/tufts/capstone25skyblue/scleme01/SatelliteTurbulencePrediction/model_inputs/2024_01/0000102.npz (58.8s total | fetch=50.6s project=0.5s smooth=5.6s | cache hits=11 misses=4)
[6/110] PIREP at (34.48, -93.50) FL31000 2024-01-09 05:03:00 (cache: 25 images)
  SAVED /cluster/tufts/capstone25skyblue/scleme01/SatelliteTurbulencePrediction/model_inputs/2024_01/0000103.npz (0.2s total | fetch=0.0s project=0.0s smooth=0.0s | cache hits=15 misses=0)
[7/110] PIREP at (21.15, -157.09) FL15000 2024-01-09 05:09:00 (cache: 25 images)
  SAVED /cluster/tufts/capstone25skyblue/scleme01/SatelliteTurbulencePrediction/model_inputs/2024_01/0000104.npz (12.7s total | fetch=10.7s project=0.1s smooth=1.4s | cache hits=14 misses=1)
[8/110] PIREP at (32.26, -96.33) FL16000 2024-01-09 05:10:00 (cache: 26 images)
  SAVED /cluster/tufts/capstone25skyblue/scleme01/SatelliteTurbulencePrediction/model_inputs/2024_01/0000105.npz (18.4s total | fetch=16.2s project=0.1s smooth=1.4s | cache hits=14 misses=1)
[9/110] PIREP at (31.83, -96.01) FL18000 2024-01-09 06:12:00 (cache: 27 images)
  SAVED /cluster/tufts/capstone25skyblue/scleme01/SatelliteTurbulencePrediction/model_inputs/2024_01/0000106.npz (130.6s total | fetch=106.6s project=1.6s smooth=16.7s | cache hits=3 misses=12)
[10/110] PIREP at (29.26, -90.37) FL36000 2024-01-09 06:21:00 (cache: 39 images)
  SAVED /cluster/tufts/capstone25skyblue/scleme01/SatelliteTurbulencePrediction/model_inputs/2024_01/0000107.npz (11.7s total | fetch=7.5s project=0.3s smooth=2.8s | cache hits=13 misses=2)
[11/110] PIREP at (29.69, -94.04) FL29000 2024-01-09 06:45:00 (cache: 41 images)
  SAVED /cluster/tufts/capstone25skyblue/scleme01/SatelliteTurbulencePrediction/model_inputs/2024_01/0000108.npz (52.9s total | fetch=42.8s project=0.6s smooth=7.0s | cache hits=10 misses=5)
[12/110] PIREP at (28.73, -96.06) FL24000 2024-01-09 06:45:00 (cache: 46 images)
  SAVED /cluster/tufts/capstone25skyblue/scleme01/SatelliteTurbulencePrediction/model_inputs/2024_01/0000109.npz (0.2s total | fetch=0.0s project=0.0s smooth=0.0s | cache hits=15 misses=0)
[13/110] PIREP at (36.64, -93.87) FL16000 2024-01-09 06:48:00 (cache: 46 images)
  SAVED /cluster/tufts/capstone25skyblue/scleme01/SatelliteTurbulencePrediction/model_inputs/2024_01/0000110.npz (0.2s total | fetch=0.0s project=0.0s smooth=0.0s | cache hits=15 misses=0)
[14/110] PIREP at (29.27, -94.87) FL21000 2024-01-09 06:54:00 (cache: 46 images)
  SAVED /cluster/tufts/capstone25skyblue/scleme01/SatelliteTurbulencePrediction/model_inputs/2024_01/0000111.npz (16.9s total | fetch=14.7s project=0.1s smooth=1.4s | cache hits=14 misses=1)
[15/110] PIREP at (29.32, -95.58) FL24000 2024-01-09 07:05:00 (cache: 47 images)
  SAVED /cluster/tufts/capstone25skyblue/scleme01/SatelliteTurbulencePrediction/model_inputs/2024_01/0000112.npz (52.3s total | fetch=46.1s project=0.4s smooth=4.2s | cache hits=12 misses=3)
[16/110] PIREP at (32.54, -95.69) FL16000 2024-01-09 07:28:00 (cache: 50 images)
  SAVED /cluster/tufts/capstone25skyblue/scleme01/SatelliteTurbulencePrediction/model_inputs/2024_01/0000113.npz (71.1s total | fetch=63.0s project=0.5s smooth=5.6s | cache hits=11 misses=4)
[17/110] PIREP at (28.77, -89.63) FL33000 2024-01-09 07:30:00 (cache: 54 images)
  SAVED /cluster/tufts/capstone25skyblue/scleme01/SatelliteTurbulencePrediction/model_inputs/2024_01/0000114.npz (19.1s total | fetch=16.9s project=0.1s smooth=1.4s | cache hits=14 misses=1)
[18/110] PIREP at (29.18, -89.15) FL35000 2024-01-09 10:20:00 (cache: 55 images)
  SAVED /cluster/tufts/capstone25skyblue/scleme01/SatelliteTurbulencePrediction/model_inputs/2024_01/0000116.npz (177.7s total | fetch=147.8s project=1.9s smooth=20.9s | cache hits=0 misses=15)
[19/110] PIREP at (29.18, -89.15) FL35000 2024-01-09 10:20:00 (cache: 70 images)
  SAVED /cluster/tufts/capstone25skyblue/scleme01/SatelliteTurbulencePrediction/model_inputs/2024_01/0000115.npz (0.2s total | fetch=0.0s project=0.0s smooth=0.0s | cache hits=15 misses=0)
[20/110] PIREP at (25.68, -90.10) FL37000 2024-01-09 10:56:00 (cache: 70 images)
  SAVED /cluster/tufts/capstone25skyblue/scleme01/SatelliteTurbulencePrediction/model_inputs/2024_01/0000117.npz (73.4s total | fetch=59.3s project=0.9s smooth=9.8s | cache hits=8 misses=7)
[21/110] PIREP at (35.22, -80.95) FL18000 2024-01-09 11:22:00 (cache: 77 images)
  SAVED /cluster/tufts/capstone25skyblue/scleme01/SatelliteTurbulencePrediction/model_inputs/2024_01/0000830.npz (75.4s total | fetch=65.2s project=0.7s smooth=7.0s | cache hits=10 misses=5)
[22/110] PIREP at (42.55, -92.18) FL35000 2024-01-09 11:31:00 (cache: 82 images)
  SAVED /cluster/tufts/capstone25skyblue/scleme01/SatelliteTurbulencePrediction/model_inputs/2024_01/0000118.npz (34.1s total | fetch=30.0s project=0.3s smooth=2.8s | cache hits=13 misses=2)
[23/110] PIREP at (30.46, -87.18) FL1700 2024-01-09 11:32:00 (cache: 84 images)
  SAVED /cluster/tufts/capstone25skyblue/scleme01/SatelliteTurbulencePrediction/model_inputs/2024_01/0000684.npz (0.2s total | fetch=0.0s project=0.0s smooth=0.0s | cache hits=15 misses=0)
[24/110] PIREP at (42.76, -73.80) FL9000 2024-01-09 11:40:00 (cache: 84 images)
  SAVED /cluster/tufts/capstone25skyblue/scleme01/SatelliteTurbulencePrediction/model_inputs/2024_01/0000800.npz (29.4s total | fetch=25.3s project=0.3s smooth=2.8s | cache hits=13 misses=2)
[25/110] PIREP at (34.27, -77.90) FL40000 2024-01-09 12:16:00 (cache: 86 images)
  SAVED /cluster/tufts/capstone25skyblue/scleme01/SatelliteTurbulencePrediction/model_inputs/2024_01/0000653.npz (90.3s total | fetch=76.2s project=0.9s smooth=9.8s | cache hits=8 misses=7)
[26/110] PIREP at (40.56, -87.07) FL38000 2024-01-09 12:58:00 (cache: 93 images)
  SAVED /cluster/tufts/capstone25skyblue/scleme01/SatelliteTurbulencePrediction/model_inputs/2024_01/0000521.npz (127.4s total | fetch=111.4s project=1.0s smooth=11.1s | cache hits=7 misses=8)
[27/110] PIREP at (37.79, -81.12) FL5000 2024-01-09 13:39:00 (cache: 101 images)
  SAVED /cluster/tufts/capstone25skyblue/scleme01/SatelliteTurbulencePrediction/model_inputs/2024_01/0000119.npz (120.0s total | fetch=104.0s project=1.0s smooth=11.1s | cache hits=7 misses=8)
[28/110] PIREP at (40.61, -91.13) FL26000 2024-01-09 14:16:00 (cache: 109 images)
  SAVED /cluster/tufts/capstone25skyblue/scleme01/SatelliteTurbulencePrediction/model_inputs/2024_01/0000120.npz (4577.3s total | fetch=4561.4s project=1.0s smooth=11.1s | cache hits=7 misses=8)
[29/110] PIREP at (40.61, -91.09) FL26000 2024-01-09 14:20:00 (cache: 117 images)
  SAVED /cluster/tufts/capstone25skyblue/scleme01/SatelliteTurbulencePrediction/model_inputs/2024_01/0000121.npz (1183.7s total | fetch=1181.6s project=0.1s smooth=1.4s | cache hits=14 misses=1)
[30/110] PIREP at (36.75, -84.81) FL31000 2024-01-09 14:22:00 (cache: 118 images)
  SAVED /cluster/tufts/capstone25skyblue/scleme01/SatelliteTurbulencePrediction/model_inputs/2024_01/0000632.npz (0.2s total | fetch=0.0s project=0.0s smooth=0.0s | cache hits=15 misses=0)
[31/110] PIREP at (43.96, -90.74) FL36000 2024-01-09 14:23:00 (cache: 118 images)
  SAVED /cluster/tufts/capstone25skyblue/scleme01/SatelliteTurbulencePrediction/model_inputs/2024_01/0000122.npz (0.2s total | fetch=0.0s project=0.0s smooth=0.0s | cache hits=15 misses=0)
[32/110] PIREP at (41.22, -85.13) FL43000 2024-01-09 14:25:00 (cache: 118 images)
  SAVED /cluster/tufts/capstone25skyblue/scleme01/SatelliteTurbulencePrediction/model_inputs/2024_01/0000560.npz (991.5s total | fetch=989.3s project=0.1s smooth=1.4s | cache hits=14 misses=1)
[33/110] PIREP at (33.87, -84.16) FL7000 2024-01-09 14:53:00 (cache: 119 images)
