Resetting environment
Deactivating conda environment (if any)
Purging all modules
Done! Environment has been torn down
Loading cuda and miniforge...
Activating conda environment...
Redirecting into the satellite repo...
Done! Environment has now been set up
Processing 2017/10 chunk [300:450]
Fetching satellite data for PIREPs in /cluster/tufts/capstone25skyblue/scleme01/SatelliteTurbulencePrediction/pireps/2017/10_turb_pireps.csv
Processing chunk [300:450] (150 PIREPs) from /cluster/tufts/capstone25skyblue/scleme01/SatelliteTurbulencePrediction/pireps/2017/10_turb_pireps.csv
[1/150] PIREP at (34.95, -97.10) FL41000 2017-10-24 02:06:00 (cache: 0 images)
  SAVED /cluster/tufts/capstone25skyblue/scleme01/SatelliteTurbulencePrediction/model_inputs/2017_10/0000383.npz (65.9s total | fetch=43.4s project=2.0s smooth=15.9s | cache hits=0 misses=15)
[2/150] PIREP at (43.72, -85.50) FL27000 2017-10-24 02:54:00 (cache: 15 images)
  SAVED /cluster/tufts/capstone25skyblue/scleme01/SatelliteTurbulencePrediction/model_inputs/2017_10/0000137.npz (50.3s total | fetch=37.0s project=1.2s smooth=9.4s | cache hits=6 misses=9)
[3/150] PIREP at (57.49, -158.91) FL16000 2017-10-24 03:00:00 (cache: 24 images)
  SAVED /cluster/tufts/capstone25skyblue/scleme01/SatelliteTurbulencePrediction/model_inputs/2017_10/0000429.npz (8.0s total | fetch=5.0s project=0.3s smooth=2.1s | cache hits=13 misses=2)
[4/150] PIREP at (60.47, -0.97) FL29000 2017-10-24 08:46:00 (cache: 26 images)
  SAVED /cluster/tufts/capstone25skyblue/scleme01/SatelliteTurbulencePrediction/model_inputs/2017_10/0000138.npz (75.4s total | fetch=53.6s project=2.0s smooth=15.5s | cache hits=0 misses=15)
[5/150] PIREP at (52.16, -127.62) FL36000 2017-10-24 09:52:00 (cache: 41 images)
  SAVED /cluster/tufts/capstone25skyblue/scleme01/SatelliteTurbulencePrediction/model_inputs/2017_10/0000242.npz (71.3s total | fetch=52.1s project=1.8s smooth=13.6s | cache hits=2 misses=13)
[6/150] PIREP at (35.65, -80.33) FL34000 2017-10-24 10:17:00 (cache: 54 images)
  SAVED /cluster/tufts/capstone25skyblue/scleme01/SatelliteTurbulencePrediction/model_inputs/2017_10/0000411.npz (22.4s total | fetch=15.0s project=0.7s smooth=5.2s | cache hits=10 misses=5)
[7/150] PIREP at (43.66, -91.41) FL17000 2017-10-24 11:15:00 (cache: 59 images)
  SAVED /cluster/tufts/capstone25skyblue/scleme01/SatelliteTurbulencePrediction/model_inputs/2017_10/0000268.npz (57.2s total | fetch=39.2s project=1.7s smooth=12.7s | cache hits=3 misses=12)
[8/150] PIREP at (33.19, -90.27) FL3500 2017-10-24 13:52:00 (cache: 71 images)
  SAVED /cluster/tufts/capstone25skyblue/scleme01/SatelliteTurbulencePrediction/model_inputs/2017_10/0000277.npz (5080.8s total | fetch=5056.4s project=2.2s smooth=16.2s | cache hits=0 misses=15)
[9/150] PIREP at (32.09, -107.57) FL39000 2017-10-24 14:48:00 (cache: 86 images)
  SAVED /cluster/tufts/capstone25skyblue/scleme01/SatelliteTurbulencePrediction/model_inputs/2017_10/0000248.npz (4497.3s total | fetch=4479.1s project=1.7s smooth=12.1s | cache hits=4 misses=11)
[10/150] PIREP at (33.22, -92.81) FL13000 2017-10-24 15:17:00 (cache: 97 images)
  SAVED /cluster/tufts/capstone25skyblue/scleme01/SatelliteTurbulencePrediction/model_inputs/2017_10/0000452.npz (2481.6s total | fetch=2471.5s project=0.9s smooth=6.6s | cache hits=9 misses=6)
[11/150] PIREP at (41.07, -74.32) FL17000 2017-10-24 17:51:00 (cache: 103 images)
  SAVED /cluster/tufts/capstone25skyblue/scleme01/SatelliteTurbulencePrediction/model_inputs/2017_10/0000139.npz (6671.0s total | fetch=6646.2s project=2.3s smooth=16.4s | cache hits=0 misses=15)
[12/150] PIREP at (40.78, -73.88) FL15000 2017-10-24 17:55:00 (cache: 118 images)
  SAVED /cluster/tufts/capstone25skyblue/scleme01/SatelliteTurbulencePrediction/model_inputs/2017_10/0000140.npz (460.6s total | fetch=458.8s project=0.1s smooth=1.1s | cache hits=14 misses=1)
[13/150] PIREP at (34.97, -118.44) FL8000 2017-10-24 18:00:00 (cache: 119 images)
  SAVED /cluster/tufts/capstone25skyblue/scleme01/SatelliteTurbulencePrediction/model_inputs/2017_10/0000141.npz (304.8s total | fetch=303.1s project=0.2s smooth=1.1s | cache hits=14 misses=1)
[14/150] PIREP at (42.44, -74.33) FL29900 2017-10-24 18:57:00 (cache: 120 images)
  SAVED /cluster/tufts/capstone25skyblue/scleme01/SatelliteTurbulencePrediction/model_inputs/2017_10/0000143.npz (5216.5s total | fetch=5198.3s project=1.7s smooth=11.9s | cache hits=4 misses=11)
[15/150] PIREP at (42.40, -73.32) FL29900 2017-10-24 18:57:00 (cache: 131 images)
  SAVED /cluster/tufts/capstone25skyblue/scleme01/SatelliteTurbulencePrediction/model_inputs/2017_10/0000142.npz (0.1s total | fetch=0.0s project=0.0s smooth=0.0s | cache hits=15 misses=0)
[16/150] PIREP at (43.11, -89.53) FL3000 2017-10-24 20:05:00 (cache: 131 images)
  SAVED /cluster/tufts/capstone25skyblue/scleme01/SatelliteTurbulencePrediction/model_inputs/2017_10/0000381.npz (7114.5s total | fetch=7091.3s project=2.2s smooth=15.1s | cache hits=1 misses=14)
[17/150] PIREP at (24.73, -81.05) FL8500 2017-10-24 20:08:00 (cache: 145 images)
  SAVED /cluster/tufts/capstone25skyblue/scleme01/SatelliteTurbulencePrediction/model_inputs/2017_10/0000291.npz (0.2s total | fetch=0.0s project=0.0s smooth=0.0s | cache hits=15 misses=0)
[18/150] PIREP at (41.64, -91.54) FL34000 2017-10-24 21:13:00 (cache: 145 images)
  SAVED /cluster/tufts/capstone25skyblue/scleme01/SatelliteTurbulencePrediction/model_inputs/2017_10/0000408.npz (6538.9s total | fetch=6517.3s project=2.0s smooth=14.1s | cache hits=2 misses=13)
[19/150] PIREP at (28.48, -79.19) FL35000 2017-10-24 22:14:00 (cache: 158 images)
  SAVED /cluster/tufts/capstone25skyblue/scleme01/SatelliteTurbulencePrediction/model_inputs/2017_10/0000144.npz (5988.5s total | fetch=5968.6s project=1.9s smooth=13.0s | cache hits=3 misses=12)
[20/150] PIREP at (34.22, -96.92) FL7000 2017-10-24 23:13:00 (cache: 170 images)
  SAVED /cluster/tufts/capstone25skyblue/scleme01/SatelliteTurbulencePrediction/model_inputs/2017_10/0000385.npz (6792.9s total | fetch=6773.1s project=1.9s smooth=13.0s | cache hits=3 misses=12)
[21/150] PIREP at (41.79, -71.84) FL34000 2017-10-24 23:40:00 (cache: 182 images)
  SAVED /cluster/tufts/capstone25skyblue/scleme01/SatelliteTurbulencePrediction/model_inputs/2017_10/0000145.npz (749.8s total | fetch=740.2s project=0.9s smooth=6.5s | cache hits=9 misses=6)
[22/150] PIREP at (41.79, -71.84) FL34000 2017-10-24 23:40:00 (cache: 188 images)
  SAVED /cluster/tufts/capstone25skyblue/scleme01/SatelliteTurbulencePrediction/model_inputs/2017_10/0000146.npz (0.1s total | fetch=0.0s project=0.0s smooth=0.0s | cache hits=15 misses=0)
[23/150] PIREP at (38.75, -78.57) FL12000 2017-10-25 00:01:00 (cache: 188 images)
  SAVED /cluster/tufts/capstone25skyblue/scleme01/SatelliteTurbulencePrediction/model_inputs/2017_10/0000147.npz (47.3s total | fetch=41.0s project=0.6s smooth=4.3s | cache hits=11 misses=4)
[24/150] PIREP at (51.43, -121.21) FL6500 2017-10-25 00:30:00 (cache: 192 images)
  SAVED /cluster/tufts/capstone25skyblue/scleme01/SatelliteTurbulencePrediction/model_inputs/2017_10/0000350.npz (39.0s total | fetch=29.7s project=0.9s smooth=6.4s | cache hits=9 misses=6)
[25/150] PIREP at (34.20, -84.56) FL41000 2017-10-25 01:00:00 (cache: 198 images)
  SAVED /cluster/tufts/capstone25skyblue/scleme01/SatelliteTurbulencePrediction/model_inputs/2017_10/0000148.npz (59.5s total | fetch=50.1s project=0.9s smooth=6.5s | cache hits=9 misses=6)
[26/150] PIREP at (49.92, -97.23) FL3000 2017-10-25 02:49:00 (cache: 204 images)
  SAVED /cluster/tufts/capstone25skyblue/scleme01/SatelliteTurbulencePrediction/model_inputs/2017_10/0000149.npz (153.3s total | fetch=130.3s project=2.3s smooth=16.1s | cache hits=0 misses=15)
[27/150] PIREP at (40.44, -73.04) FL12000 2017-10-25 03:48:00 (cache: 219 images)
  SAVED /cluster/tufts/capstone25skyblue/scleme01/SatelliteTurbulencePrediction/model_inputs/2017_10/0000151.npz (73.4s total | fetch=55.0s project=1.9s smooth=12.8s | cache hits=3 misses=12)
[28/150] PIREP at (60.77, -161.83) FL12000 2017-10-25 03:48:00 (cache: 231 images)
  SAVED /cluster/tufts/capstone25skyblue/scleme01/SatelliteTurbulencePrediction/model_inputs/2017_10/0000152.npz (0.1s total | fetch=0.0s project=0.0s smooth=0.0s | cache hits=15 misses=0)
[29/150] PIREP at (40.54, -73.10) FL12000 2017-10-25 03:48:00 (cache: 231 images)
  SAVED /cluster/tufts/capstone25skyblue/scleme01/SatelliteTurbulencePrediction/model_inputs/2017_10/0000150.npz (0.1s total | fetch=0.0s project=0.0s smooth=0.0s | cache hits=15 misses=0)
[30/150] PIREP at (30.39, -89.73) FL16000 2017-10-25 10:50:00 (cache: 231 images)
  SAVED /cluster/tufts/capstone25skyblue/scleme01/SatelliteTurbulencePrediction/model_inputs/2017_10/0000285.npz (102.7s total | fetch=79.4s project=2.3s smooth=16.1s | cache hits=0 misses=15)
[31/150] SKIPPING /cluster/tufts/capstone25skyblue/scleme01/SatelliteTurbulencePrediction/model_inputs/2017_10/0000304.npz (already exists)
[32/150] SKIPPING /cluster/tufts/capstone25skyblue/scleme01/SatelliteTurbulencePrediction/model_inputs/2017_10/0000153.npz (already exists)
[33/150] SKIPPING /cluster/tufts/capstone25skyblue/scleme01/SatelliteTurbulencePrediction/model_inputs/2017_10/0000154.npz (already exists)
[34/150] SKIPPING /cluster/tufts/capstone25skyblue/scleme01/SatelliteTurbulencePrediction/model_inputs/2017_10/0000155.npz (already exists)
[35/150] SKIPPING /cluster/tufts/capstone25skyblue/scleme01/SatelliteTurbulencePrediction/model_inputs/2017_10/0000253.npz (already exists)
[36/150] SKIPPING /cluster/tufts/capstone25skyblue/scleme01/SatelliteTurbulencePrediction/model_inputs/2017_10/0000449.npz (already exists)
[37/150] SKIPPING /cluster/tufts/capstone25skyblue/scleme01/SatelliteTurbulencePrediction/model_inputs/2017_10/0000289.npz (already exists)
[38/150] SKIPPING /cluster/tufts/capstone25skyblue/scleme01/SatelliteTurbulencePrediction/model_inputs/2017_10/0000156.npz (already exists)
[39/150] SKIPPING /cluster/tufts/capstone25skyblue/scleme01/SatelliteTurbulencePrediction/model_inputs/2017_10/0000157.npz (already exists)
[40/150] SKIPPING /cluster/tufts/capstone25skyblue/scleme01/SatelliteTurbulencePrediction/model_inputs/2017_10/0000158.npz (already exists)
[41/150] PIREP at (42.54, -72.01) FL14000 2017-10-25 20:24:00 (cache: 246 images)
  SAVED /cluster/tufts/capstone25skyblue/scleme01/SatelliteTurbulencePrediction/model_inputs/2017_10/0000159.npz (10090.8s total | fetch=10066.2s project=2.3s smooth=16.2s | cache hits=0 misses=15)
[42/150] PIREP at (42.54, -72.01) FL14000 2017-10-25 20:24:00 (cache: 261 images)
  SAVED /cluster/tufts/capstone25skyblue/scleme01/SatelliteTurbulencePrediction/model_inputs/2017_10/0000160.npz (0.1s total | fetch=0.0s project=0.0s smooth=0.0s | cache hits=15 misses=0)
[43/150] PIREP at (29.64, -82.63) FL20500 2017-10-25 20:52:00 (cache: 261 images)
