Resetting environment
Deactivating conda environment (if any)
Purging all modules
Done! Environment has been torn down
Loading cuda and miniforge...
Activating conda environment...
Redirecting into the satellite repo...
Done! Environment has now been set up
Processing 2019/10 chunk [330:440]
Fetching satellite data for PIREPs in /cluster/tufts/capstone25skyblue/scleme01/SatelliteTurbulencePrediction/pireps/2019/10_turb_pireps.csv
Processing chunk [330:440] (110 PIREPs) from /cluster/tufts/capstone25skyblue/scleme01/SatelliteTurbulencePrediction/pireps/2019/10_turb_pireps.csv
[1/110] PIREP at (33.98, -98.49) FL28000 2019-10-22 03:35:00 (cache: 0 images)
  SAVED /cluster/tufts/capstone25skyblue/scleme01/SatelliteTurbulencePrediction/model_inputs/2019_10/0000555.npz (189.7s total | fetch=158.8s project=2.1s smooth=21.5s | cache hits=0 misses=15)
[2/110] PIREP at (32.33, -94.32) FL21000 2019-10-22 12:00:00 (cache: 15 images)
  SAVED /cluster/tufts/capstone25skyblue/scleme01/SatelliteTurbulencePrediction/model_inputs/2019_10/0000527.npz (1043.0s total | fetch=1012.5s project=2.0s smooth=21.2s | cache hits=0 misses=15)
[3/110] PIREP at (43.69, -90.17) FL31000 2019-10-22 12:28:00 (cache: 30 images)
  SAVED /cluster/tufts/capstone25skyblue/scleme01/SatelliteTurbulencePrediction/model_inputs/2019_10/0000434.npz (4155.6s total | fetch=4145.3s project=0.7s smooth=7.1s | cache hits=10 misses=5)
[4/110] PIREP at (35.24, -91.71) FL45000 2019-10-22 13:24:00 (cache: 35 images)
  SAVED /cluster/tufts/capstone25skyblue/scleme01/SatelliteTurbulencePrediction/model_inputs/2019_10/0000152.npz (10033.5s total | fetch=10011.0s project=1.5s smooth=15.6s | cache hits=4 misses=11)
[5/110] PIREP at (35.24, -91.71) FL45000 2019-10-22 13:24:00 (cache: 46 images)
  SAVED /cluster/tufts/capstone25skyblue/scleme01/SatelliteTurbulencePrediction/model_inputs/2019_10/0000151.npz (0.2s total | fetch=0.0s project=0.0s smooth=0.0s | cache hits=15 misses=0)
[6/110] PIREP at (46.37, -120.53) FL4000 2019-10-22 14:44:00 (cache: 46 images)
  SAVED /cluster/tufts/capstone25skyblue/scleme01/SatelliteTurbulencePrediction/model_inputs/2019_10/0000153.npz (16112.7s total | fetch=16082.2s project=2.1s smooth=21.2s | cache hits=0 misses=15)
[7/110] PIREP at (42.87, -83.53) FL5000 2019-10-22 15:18:00 (cache: 61 images)
  SAVED /cluster/tufts/capstone25skyblue/scleme01/SatelliteTurbulencePrediction/model_inputs/2019_10/0000154.npz (8554.2s total | fetch=8539.9s project=1.0s smooth=9.9s | cache hits=8 misses=7)
[8/110] PIREP at (40.82, -75.45) FL4000 2019-10-22 16:20:00 (cache: 68 images)
  SAVED /cluster/tufts/capstone25skyblue/scleme01/SatelliteTurbulencePrediction/model_inputs/2019_10/0000508.npz (14803.8s total | fetch=14777.4s project=1.8s smooth=18.3s | cache hits=2 misses=13)
[9/110] PIREP at (55.26, -133.72) FL37000 2019-10-22 16:48:00 (cache: 81 images)
  SAVED /cluster/tufts/capstone25skyblue/scleme01/SatelliteTurbulencePrediction/model_inputs/2019_10/0000155.npz (6045.8s total | fetch=6035.6s project=0.7s smooth=7.1s | cache hits=10 misses=5)
[10/110] PIREP at (40.57, -82.52) FL19000 2019-10-22 17:10:00 (cache: 86 images)
  SAVED /cluster/tufts/capstone25skyblue/scleme01/SatelliteTurbulencePrediction/model_inputs/2019_10/0000465.npz (5845.9s total | fetch=5835.6s project=0.7s smooth=7.1s | cache hits=10 misses=5)
[11/110] PIREP at (42.47, -98.69) FL36000 2019-10-22 19:06:00 (cache: 91 images)
  SAVED /cluster/tufts/capstone25skyblue/scleme01/SatelliteTurbulencePrediction/model_inputs/2019_10/0000485.npz (15861.4s total | fetch=15830.9s project=2.0s smooth=21.2s | cache hits=0 misses=15)
[12/110] PIREP at (46.37, -120.54) FL8000 2019-10-22 19:29:00 (cache: 106 images)
  SAVED /cluster/tufts/capstone25skyblue/scleme01/SatelliteTurbulencePrediction/model_inputs/2019_10/0000156.npz (4080.1s total | fetch=4071.9s project=0.5s smooth=5.6s | cache hits=11 misses=4)
[13/110] PIREP at (45.70, -119.44) FL10500 2019-10-22 20:00:00 (cache: 110 images)
