Resetting environment
Deactivating conda environment (if any)
Purging all modules
Done! Environment has been torn down
Loading cuda and miniforge...
Activating conda environment...
Redirecting into the satellite repo...
Done! Environment has now been set up
Processing 2018/04 chunk [450:600]
Fetching satellite data for PIREPs in /cluster/tufts/capstone25skyblue/scleme01/SatelliteTurbulencePrediction/pireps/2018/04_turb_pireps.csv
Processing chunk [450:600] (128 PIREPs) from /cluster/tufts/capstone25skyblue/scleme01/SatelliteTurbulencePrediction/pireps/2018/04_turb_pireps.csv
[1/128] PIREP at (35.24, -100.64) FL35000 2018-04-22 17:02:00 (cache: 0 images)
  SAVED /cluster/tufts/capstone25skyblue/scleme01/SatelliteTurbulencePrediction/model_inputs/2018_04/0000383.npz (8047.7s total | fetch=8017.3s project=2.0s smooth=21.2s | cache hits=0 misses=15)
[2/128] PIREP at (39.30, -93.85) FL24000 2018-04-22 17:39:00 (cache: 15 images)
  SAVED /cluster/tufts/capstone25skyblue/scleme01/SatelliteTurbulencePrediction/model_inputs/2018_04/0000555.npz (4032.5s total | fetch=4018.3s project=0.9s smooth=9.9s | cache hits=8 misses=7)
[3/128] PIREP at (26.32, -80.74) FL8000 2018-04-22 19:57:00 (cache: 22 images)
  SAVED /cluster/tufts/capstone25skyblue/scleme01/SatelliteTurbulencePrediction/model_inputs/2018_04/0000238.npz (9239.0s total | fetch=9208.6s project=2.0s smooth=21.1s | cache hits=0 misses=15)
[4/128] PIREP at (49.95, -119.37) FL7500 2018-04-22 20:40:00 (cache: 37 images)
  SAVED /cluster/tufts/capstone25skyblue/scleme01/SatelliteTurbulencePrediction/model_inputs/2018_04/0000338.npz (6107.2s total | fetch=6089.0s project=1.2s smooth=12.7s | cache hits=6 misses=9)
[5/128] PIREP at (33.14, -116.59) FL12000 2018-04-22 21:29:00 (cache: 46 images)
  SAVED /cluster/tufts/capstone25skyblue/scleme01/SatelliteTurbulencePrediction/model_inputs/2018_04/0000239.npz (6350.9s total | fetch=6332.6s project=1.2s smooth=12.7s | cache hits=6 misses=9)
[6/128] PIREP at (49.46, -119.61) FL8500 2018-04-22 22:38:00 (cache: 55 images)
  SAVED /cluster/tufts/capstone25skyblue/scleme01/SatelliteTurbulencePrediction/model_inputs/2018_04/0000458.npz (10977.0s total | fetch=10948.8s project=1.9s smooth=19.7s | cache hits=1 misses=14)
[7/128] PIREP at (59.87, -153.21) FL3500 2018-04-22 23:50:00 (cache: 69 images)
  SAVED /cluster/tufts/capstone25skyblue/scleme01/SatelliteTurbulencePrediction/model_inputs/2018_04/0000241.npz (14273.2s total | fetch=14243.1s project=2.0s smooth=21.0s | cache hits=0 misses=15)
[8/128] PIREP at (59.87, -153.21) FL3500 2018-04-22 23:50:00 (cache: 84 images)
  SAVED /cluster/tufts/capstone25skyblue/scleme01/SatelliteTurbulencePrediction/model_inputs/2018_04/0000240.npz (0.1s total | fetch=0.0s project=0.0s smooth=0.0s | cache hits=15 misses=0)
[9/128] PIREP at (28.44, -83.29) FL15000 2018-04-23 00:39:00 (cache: 84 images)
