Resetting environment
Deactivating conda environment (if any)
Purging all modules
Done! Environment has been torn down
Loading cuda and miniforge...
Activating conda environment...
Redirecting into the satellite repo...
Done! Environment has now been set up
Processing 2018/10 chunk [300:450]
Fetching satellite data for PIREPs in /cluster/tufts/capstone25skyblue/scleme01/SatelliteTurbulencePrediction/pireps/2018/10_turb_pireps.csv
Processing chunk [300:450] (138 PIREPs) from /cluster/tufts/capstone25skyblue/scleme01/SatelliteTurbulencePrediction/pireps/2018/10_turb_pireps.csv
[1/138] PIREP at (42.79, -88.28) FL28000 2018-10-23 00:56:00 (cache: 0 images)
  SAVED /cluster/tufts/capstone25skyblue/scleme01/SatelliteTurbulencePrediction/model_inputs/2018_10/0000314.npz (139.3s total | fetch=111.6s project=1.8s smooth=19.4s | cache hits=0 misses=15)
[2/138] PIREP at (39.81, -75.03) FL33000 2018-10-23 11:16:00 (cache: 15 images)
  SAVED /cluster/tufts/capstone25skyblue/scleme01/SatelliteTurbulencePrediction/model_inputs/2018_10/0000285.npz (131.1s total | fetch=103.5s project=1.8s smooth=19.3s | cache hits=0 misses=15)
[3/138] PIREP at (41.33, -86.66) FL32000 2018-10-23 12:43:00 (cache: 30 images)
  SAVED /cluster/tufts/capstone25skyblue/scleme01/SatelliteTurbulencePrediction/model_inputs/2018_10/0000410.npz (3507.7s total | fetch=3479.8s project=1.8s smooth=19.5s | cache hits=0 misses=15)
[4/138] PIREP at (31.17, -102.67) FL35000 2018-10-23 12:49:00 (cache: 45 images)
  SAVED /cluster/tufts/capstone25skyblue/scleme01/SatelliteTurbulencePrediction/model_inputs/2018_10/0000155.npz (612.0s total | fetch=609.9s project=0.1s smooth=1.3s | cache hits=14 misses=1)
[5/138] PIREP at (45.63, -89.47) FL38000 2018-10-23 13:22:00 (cache: 46 images)
  SAVED /cluster/tufts/capstone25skyblue/scleme01/SatelliteTurbulencePrediction/model_inputs/2018_10/0000436.npz (3587.9s total | fetch=3574.8s project=0.8s smooth=9.1s | cache hits=8 misses=7)
[6/138] PIREP at (57.75, -152.50) FL3000 2018-10-23 15:46:00 (cache: 53 images)
  SAVED /cluster/tufts/capstone25skyblue/scleme01/SatelliteTurbulencePrediction/model_inputs/2018_10/0000357.npz (8362.8s total | fetch=8335.1s project=1.8s smooth=19.4s | cache hits=0 misses=15)
[7/138] PIREP at (33.87, -83.31) FL38000 2018-10-23 16:22:00 (cache: 68 images)
  SAVED /cluster/tufts/capstone25skyblue/scleme01/SatelliteTurbulencePrediction/model_inputs/2018_10/0000325.npz (4062.0s total | fetch=4048.9s project=0.9s smooth=9.1s | cache hits=8 misses=7)
[8/138] PIREP at (33.81, -80.68) FL27000 2018-10-23 21:09:00 (cache: 75 images)
  SAVED /cluster/tufts/capstone25skyblue/scleme01/SatelliteTurbulencePrediction/model_inputs/2018_10/0000424.npz (10104.2s total | fetch=10076.3s project=1.8s smooth=19.4s | cache hits=0 misses=15)
[9/138] PIREP at (63.64, -147.85) FL24000 2018-10-24 03:15:00 (cache: 90 images)
  SAVED /cluster/tufts/capstone25skyblue/scleme01/SatelliteTurbulencePrediction/model_inputs/2018_10/0000156.npz (161.6s total | fetch=133.7s project=1.8s smooth=19.5s | cache hits=0 misses=15)
[10/138] PIREP at (38.20, -99.65) FL30000 2018-10-24 13:06:00 (cache: 105 images)
  SAVED /cluster/tufts/capstone25skyblue/scleme01/SatelliteTurbulencePrediction/model_inputs/2018_10/0000356.npz (7498.5s total | fetch=7470.8s project=1.8s smooth=19.3s | cache hits=0 misses=15)
[11/138] PIREP at (40.56, -87.07) FL23000 2018-10-24 13:20:00 (cache: 120 images)
  SAVED /cluster/tufts/capstone25skyblue/scleme01/SatelliteTurbulencePrediction/model_inputs/2018_10/0000288.npz (2174.8s total | fetch=2169.1s project=0.4s smooth=3.8s | cache hits=12 misses=3)
[12/138] PIREP at (49.63, -112.79) FL5700 2018-10-24 13:27:00 (cache: 123 images)
  SAVED /cluster/tufts/capstone25skyblue/scleme01/SatelliteTurbulencePrediction/model_inputs/2018_10/0000385.npz (802.1s total | fetch=800.1s project=0.1s smooth=1.3s | cache hits=14 misses=1)
[13/138] PIREP at (38.28, -94.34) FL34000 2018-10-24 13:45:00 (cache: 124 images)
  SAVED /cluster/tufts/capstone25skyblue/scleme01/SatelliteTurbulencePrediction/model_inputs/2018_10/0000346.npz (2967.4s total | fetch=2959.8s project=0.5s smooth=5.2s | cache hits=11 misses=4)
[14/138] PIREP at (36.86, -116.78) FL26000 2018-10-24 14:39:00 (cache: 128 images)
  SAVED /cluster/tufts/capstone25skyblue/scleme01/SatelliteTurbulencePrediction/model_inputs/2018_10/0000374.npz (8960.4s total | fetch=8941.8s project=1.2s smooth=12.9s | cache hits=5 misses=10)
[15/138] PIREP at (42.45, -90.57) FL5000 2018-10-24 16:18:00 (cache: 138 images)
