Resetting environment
Deactivating conda environment (if any)
Purging all modules
Done! Environment has been torn down
Loading cuda and miniforge...
Activating conda environment...
Redirecting into the satellite repo...
Done! Environment has now been set up
Processing 2017/04 chunk [450:600]
Fetching satellite data for PIREPs in /cluster/tufts/capstone25skyblue/scleme01/SatelliteTurbulencePrediction/pireps/2017/04_turb_pireps.csv
Processing chunk [450:600] (32 PIREPs) from /cluster/tufts/capstone25skyblue/scleme01/SatelliteTurbulencePrediction/pireps/2017/04_turb_pireps.csv
[1/32] SKIPPING /cluster/tufts/capstone25skyblue/scleme01/SatelliteTurbulencePrediction/model_inputs/2017_04/0000218.npz (already exists)
[2/32] SKIPPING /cluster/tufts/capstone25skyblue/scleme01/SatelliteTurbulencePrediction/model_inputs/2017_04/0000219.npz (already exists)
[3/32] SKIPPING /cluster/tufts/capstone25skyblue/scleme01/SatelliteTurbulencePrediction/model_inputs/2017_04/0000220.npz (already exists)
[4/32] SKIPPING /cluster/tufts/capstone25skyblue/scleme01/SatelliteTurbulencePrediction/model_inputs/2017_04/0000221.npz (already exists)
[5/32] SKIPPING /cluster/tufts/capstone25skyblue/scleme01/SatelliteTurbulencePrediction/model_inputs/2017_04/0000222.npz (already exists)
[6/32] SKIPPING /cluster/tufts/capstone25skyblue/scleme01/SatelliteTurbulencePrediction/model_inputs/2017_04/0000223.npz (already exists)
[7/32] SKIPPING /cluster/tufts/capstone25skyblue/scleme01/SatelliteTurbulencePrediction/model_inputs/2017_04/0000224.npz (already exists)
[8/32] SKIPPING /cluster/tufts/capstone25skyblue/scleme01/SatelliteTurbulencePrediction/model_inputs/2017_04/0000225.npz (already exists)
[9/32] SKIPPING /cluster/tufts/capstone25skyblue/scleme01/SatelliteTurbulencePrediction/model_inputs/2017_04/0000226.npz (already exists)
[10/32] SKIPPING /cluster/tufts/capstone25skyblue/scleme01/SatelliteTurbulencePrediction/model_inputs/2017_04/0000227.npz (already exists)
[11/32] SKIPPING /cluster/tufts/capstone25skyblue/scleme01/SatelliteTurbulencePrediction/model_inputs/2017_04/0000228.npz (already exists)
[12/32] SKIPPING /cluster/tufts/capstone25skyblue/scleme01/SatelliteTurbulencePrediction/model_inputs/2017_04/0000229.npz (already exists)
[13/32] PIREP at (36.52, -102.65) FL39000 2017-04-30 00:39:00 (cache: 0 images)
  SAVED /cluster/tufts/capstone25skyblue/scleme01/SatelliteTurbulencePrediction/model_inputs/2017_04/0000375.npz (6322.0s total | fetch=6299.2s project=1.7s smooth=16.4s | cache hits=0 misses=15)
[14/32] PIREP at (54.31, -113.76) FL21000 2017-04-30 01:00:00 (cache: 15 images)
  SAVED /cluster/tufts/capstone25skyblue/scleme01/SatelliteTurbulencePrediction/model_inputs/2017_04/0000230.npz (886.0s total | fetch=878.2s project=0.6s smooth=5.5s | cache hits=10 misses=5)
[15/32] PIREP at (32.90, -87.67) FL35000 2017-04-30 01:24:00 (cache: 20 images)
  SAVED /cluster/tufts/capstone25skyblue/scleme01/SatelliteTurbulencePrediction/model_inputs/2017_04/0000419.npz (19.5s total | fetch=13.3s project=0.5s smooth=4.4s | cache hits=11 misses=4)
[16/32] PIREP at (41.92, -99.84) FL31000 2017-04-30 07:40:00 (cache: 24 images)
  SAVED /cluster/tufts/capstone25skyblue/scleme01/SatelliteTurbulencePrediction/model_inputs/2017_04/0000231.npz (86.4s total | fetch=63.5s project=1.7s smooth=16.4s | cache hits=0 misses=15)
[17/32] PIREP at (27.18, -157.88) FL34000 2017-04-30 08:15:00 (cache: 39 images)
  SAVED /cluster/tufts/capstone25skyblue/scleme01/SatelliteTurbulencePrediction/model_inputs/2017_04/0000232.npz (56.1s total | fetch=45.5s project=0.8s smooth=7.6s | cache hits=8 misses=7)
[18/32] PIREP at (33.63, -84.44) FL39000 2017-04-30 11:09:00 (cache: 46 images)
  SAVED /cluster/tufts/capstone25skyblue/scleme01/SatelliteTurbulencePrediction/model_inputs/2017_04/0000437.npz (81.9s total | fetch=59.1s project=1.7s smooth=16.3s | cache hits=0 misses=15)
[19/32] PIREP at (41.38, -98.35) FL30000 2017-04-30 13:13:00 (cache: 61 images)
  SAVED /cluster/tufts/capstone25skyblue/scleme01/SatelliteTurbulencePrediction/model_inputs/2017_04/0000233.npz (6386.0s total | fetch=6363.1s project=1.7s smooth=16.4s | cache hits=0 misses=15)
[20/32] PIREP at (35.69, -89.98) FL5000 2017-04-30 13:15:00 (cache: 76 images)
  SAVED /cluster/tufts/capstone25skyblue/scleme01/SatelliteTurbulencePrediction/model_inputs/2017_04/0000234.npz (438.9s total | fetch=437.2s project=0.1s smooth=1.1s | cache hits=14 misses=1)
[21/32] PIREP at (41.38, -98.35) FL32000 2017-04-30 13:20:00 (cache: 77 images)
  SAVED /cluster/tufts/capstone25skyblue/scleme01/SatelliteTurbulencePrediction/model_inputs/2017_04/0000235.npz (501.8s total | fetch=500.2s project=0.1s smooth=1.1s | cache hits=14 misses=1)
[22/32] PIREP at (39.18, -83.10) FL4000 2017-04-30 15:03:00 (cache: 78 images)
  SAVED /cluster/tufts/capstone25skyblue/scleme01/SatelliteTurbulencePrediction/model_inputs/2017_04/0000236.npz (6939.4s total | fetch=6916.3s project=1.7s smooth=16.6s | cache hits=0 misses=15)
[23/32] PIREP at (60.66, -147.90) FL19000 2017-04-30 18:26:00 (cache: 93 images)
  SAVED /cluster/tufts/capstone25skyblue/scleme01/SatelliteTurbulencePrediction/model_inputs/2017_04/0000403.npz (7987.0s total | fetch=7964.3s project=1.6s smooth=16.3s | cache hits=0 misses=15)
[24/32] PIREP at (35.28, -106.98) FL38000 2017-04-30 18:31:00 (cache: 108 images)
  SAVED /cluster/tufts/capstone25skyblue/scleme01/SatelliteTurbulencePrediction/model_inputs/2017_04/0000237.npz (501.7s total | fetch=500.0s project=0.1s smooth=1.1s | cache hits=14 misses=1)
[25/32] PIREP at (35.28, -106.98) FL38000 2017-04-30 18:31:00 (cache: 109 images)
  SAVED /cluster/tufts/capstone25skyblue/scleme01/SatelliteTurbulencePrediction/model_inputs/2017_04/0000238.npz (0.2s total | fetch=0.0s project=0.0s smooth=0.0s | cache hits=15 misses=0)
[26/32] PIREP at (35.04, -106.62) FL38000 2017-04-30 18:31:00 (cache: 109 images)
  SAVED /cluster/tufts/capstone25skyblue/scleme01/SatelliteTurbulencePrediction/model_inputs/2017_04/0000239.npz (0.2s total | fetch=0.0s project=0.0s smooth=0.0s | cache hits=15 misses=0)
[27/32] PIREP at (38.08, -90.91) FL31000 2017-04-30 19:41:00 (cache: 109 images)
  SAVED /cluster/tufts/capstone25skyblue/scleme01/SatelliteTurbulencePrediction/model_inputs/2017_04/0000418.npz (8732.4s total | fetch=8711.3s project=1.5s smooth=15.1s | cache hits=1 misses=14)
[28/32] PIREP at (41.58, -86.61) FL10000 2017-04-30 20:03:00 (cache: 123 images)
  SAVED /cluster/tufts/capstone25skyblue/scleme01/SatelliteTurbulencePrediction/model_inputs/2017_04/0000253.npz (2591.0s total | fetch=2584.9s project=0.4s smooth=4.3s | cache hits=11 misses=4)
[29/32] PIREP at (38.68, -78.81) FL13000 2017-04-30 20:11:00 (cache: 127 images)
  SAVED /cluster/tufts/capstone25skyblue/scleme01/SatelliteTurbulencePrediction/model_inputs/2017_04/0000240.npz (1217.6s total | fetch=1214.5s project=0.2s smooth=2.1s | cache hits=13 misses=2)
[30/32] PIREP at (42.32, -89.24) FL37000 2017-04-30 21:51:00 (cache: 129 images)
  SAVED /cluster/tufts/capstone25skyblue/scleme01/SatelliteTurbulencePrediction/model_inputs/2017_04/0000428.npz (11175.6s total | fetch=11153.1s project=1.6s smooth=16.1s | cache hits=0 misses=15)
[31/32] PIREP at (41.79, -89.00) FL6000 2017-04-30 22:15:00 (cache: 144 images)
  SAVED /cluster/tufts/capstone25skyblue/scleme01/SatelliteTurbulencePrediction/model_inputs/2017_04/0000355.npz (3944.2s total | fetch=3936.6s project=0.5s smooth=5.3s | cache hits=10 misses=5)
[32/32] PIREP at (41.73, -92.69) FL23000 2017-04-30 23:57:00 (cache: 149 images)
