Resetting environment
Deactivating conda environment (if any)
Purging all modules
Done! Environment has been torn down
Loading cuda and miniforge...
Activating conda environment...
Redirecting into the satellite repo...
Done! Environment has now been set up
Processing 2018/03 chunk [150:300]
Fetching satellite data for PIREPs in /cluster/tufts/capstone25skyblue/scleme01/SatelliteTurbulencePrediction/pireps/2018/03_turb_pireps.csv
Processing chunk [150:300] (150 PIREPs) from /cluster/tufts/capstone25skyblue/scleme01/SatelliteTurbulencePrediction/pireps/2018/03_turb_pireps.csv
[1/150] PIREP at (39.43, -74.31) FL24500 2018-03-05 19:11:00 (cache: 0 images)
  SAVED /cluster/tufts/capstone25skyblue/scleme01/SatelliteTurbulencePrediction/model_inputs/2018_03/0000102.npz (7745.4s total | fetch=7714.6s project=2.1s smooth=21.4s | cache hits=0 misses=15)
[2/150] PIREP at (41.51, -76.14) FL26000 2018-03-05 19:12:00 (cache: 15 images)
  SAVED /cluster/tufts/capstone25skyblue/scleme01/SatelliteTurbulencePrediction/model_inputs/2018_03/0000103.npz (0.2s total | fetch=0.0s project=0.0s smooth=0.0s | cache hits=15 misses=0)
[3/150] PIREP at (38.36, -86.46) FL25000 2018-03-05 19:22:00 (cache: 15 images)
  SAVED /cluster/tufts/capstone25skyblue/scleme01/SatelliteTurbulencePrediction/model_inputs/2018_03/0000563.npz (919.2s total | fetch=914.9s project=0.3s smooth=2.9s | cache hits=13 misses=2)
[4/150] PIREP at (42.34, -77.87) FL20000 2018-03-05 19:43:00 (cache: 17 images)
  SAVED /cluster/tufts/capstone25skyblue/scleme01/SatelliteTurbulencePrediction/model_inputs/2018_03/0000104.npz (2145.4s total | fetch=2137.0s project=0.6s smooth=5.7s | cache hits=11 misses=4)
[5/150] PIREP at (38.77, -74.87) FL21000 2018-03-05 19:44:00 (cache: 21 images)
  SAVED /cluster/tufts/capstone25skyblue/scleme01/SatelliteTurbulencePrediction/model_inputs/2018_03/0000105.npz (0.2s total | fetch=0.0s project=0.0s smooth=0.0s | cache hits=15 misses=0)
[6/150] PIREP at (42.18, -77.34) FL20000 2018-03-05 19:46:00 (cache: 21 images)
  SAVED /cluster/tufts/capstone25skyblue/scleme01/SatelliteTurbulencePrediction/model_inputs/2018_03/0000107.npz (626.3s total | fetch=624.1s project=0.1s smooth=1.4s | cache hits=14 misses=1)
[7/150] PIREP at (39.32, -74.48) FL21000 2018-03-05 19:46:00 (cache: 22 images)
  SAVED /cluster/tufts/capstone25skyblue/scleme01/SatelliteTurbulencePrediction/model_inputs/2018_03/0000106.npz (0.2s total | fetch=0.0s project=0.0s smooth=0.0s | cache hits=15 misses=0)
[8/150] PIREP at (38.37, -79.85) FL5500 2018-03-05 19:54:00 (cache: 22 images)
  SAVED /cluster/tufts/capstone25skyblue/scleme01/SatelliteTurbulencePrediction/model_inputs/2018_03/0000505.npz (591.0s total | fetch=588.7s project=0.1s smooth=1.5s | cache hits=14 misses=1)
[9/150] PIREP at (43.48, -75.47) FL8000 2018-03-05 19:58:00 (cache: 23 images)
  SAVED /cluster/tufts/capstone25skyblue/scleme01/SatelliteTurbulencePrediction/model_inputs/2018_03/0000441.npz (605.6s total | fetch=603.4s project=0.1s smooth=1.4s | cache hits=14 misses=1)
[10/150] PIREP at (38.94, -74.84) FL25000 2018-03-05 20:22:00 (cache: 24 images)
  SAVED /cluster/tufts/capstone25skyblue/scleme01/SatelliteTurbulencePrediction/model_inputs/2018_03/0000108.npz (2937.7s total | fetch=2927.3s project=0.7s smooth=7.1s | cache hits=10 misses=5)
[11/150] PIREP at (40.11, -74.63) FL33000 2018-03-05 20:25:00 (cache: 29 images)
  SAVED /cluster/tufts/capstone25skyblue/scleme01/SatelliteTurbulencePrediction/model_inputs/2018_03/0000529.npz (674.1s total | fetch=671.8s project=0.1s smooth=1.4s | cache hits=14 misses=1)
[12/150] PIREP at (39.74, -105.12) FL14000 2018-03-05 20:25:00 (cache: 30 images)
  SAVED /cluster/tufts/capstone25skyblue/scleme01/SatelliteTurbulencePrediction/model_inputs/2018_03/0000109.npz (0.2s total | fetch=0.0s project=0.0s smooth=0.0s | cache hits=15 misses=0)
[13/150] PIREP at (39.10, -74.80) FL26000 2018-03-05 20:35:00 (cache: 30 images)
  SAVED /cluster/tufts/capstone25skyblue/scleme01/SatelliteTurbulencePrediction/model_inputs/2018_03/0000110.npz (1386.1s total | fetch=1381.8s project=0.3s smooth=2.9s | cache hits=13 misses=2)
[14/150] PIREP at (41.59, -73.51) FL26000 2018-03-05 21:01:00 (cache: 32 images)
  SAVED /cluster/tufts/capstone25skyblue/scleme01/SatelliteTurbulencePrediction/model_inputs/2018_03/0000415.npz (2890.2s total | fetch=2879.9s project=0.7s smooth=7.1s | cache hits=10 misses=5)
[15/150] PIREP at (38.74, -75.63) FL18000 2018-03-05 21:03:00 (cache: 37 images)
  SAVED /cluster/tufts/capstone25skyblue/scleme01/SatelliteTurbulencePrediction/model_inputs/2018_03/0000111.npz (0.2s total | fetch=0.0s project=0.0s smooth=0.0s | cache hits=15 misses=0)
[16/150] PIREP at (41.07, -74.54) FL7000 2018-03-05 22:15:00 (cache: 37 images)
  SAVED /cluster/tufts/capstone25skyblue/scleme01/SatelliteTurbulencePrediction/model_inputs/2018_03/0000347.npz (9423.9s total | fetch=9393.2s project=2.1s smooth=21.4s | cache hits=0 misses=15)
[17/150] PIREP at (39.75, -75.13) FL23000 2018-03-05 22:29:00 (cache: 52 images)
  SAVED /cluster/tufts/capstone25skyblue/scleme01/SatelliteTurbulencePrediction/model_inputs/2018_03/0000112.npz (1214.1s total | fetch=1209.8s project=0.3s smooth=2.9s | cache hits=13 misses=2)
[18/150] PIREP at (40.02, -79.45) FL38000 2018-03-06 00:15:00 (cache: 54 images)
  SAVED /cluster/tufts/capstone25skyblue/scleme01/SatelliteTurbulencePrediction/model_inputs/2018_03/0000548.npz (4221.5s total | fetch=4190.8s project=2.1s smooth=21.4s | cache hits=0 misses=15)
[19/150] PIREP at (41.64, -91.54) FL29000 2018-03-06 01:01:00 (cache: 69 images)
  SAVED /cluster/tufts/capstone25skyblue/scleme01/SatelliteTurbulencePrediction/model_inputs/2018_03/0000596.npz (62.5s total | fetch=44.1s project=1.2s smooth=12.8s | cache hits=6 misses=9)
[20/150] PIREP at (41.41, -81.85) FL39000 2018-03-06 05:34:00 (cache: 78 images)
  SAVED /cluster/tufts/capstone25skyblue/scleme01/SatelliteTurbulencePrediction/model_inputs/2018_03/0000565.npz (150.7s total | fetch=120.2s project=2.0s smooth=21.2s | cache hits=0 misses=15)
[21/150] PIREP at (34.94, -83.92) FL30000 2018-03-06 12:38:00 (cache: 93 images)
  SAVED /cluster/tufts/capstone25skyblue/scleme01/SatelliteTurbulencePrediction/model_inputs/2018_03/0000368.npz (863.6s total | fetch=833.1s project=2.0s smooth=21.3s | cache hits=0 misses=15)
[22/150] PIREP at (39.49, -87.25) FL26000 2018-03-06 15:41:00 (cache: 108 images)
  SAVED /cluster/tufts/capstone25skyblue/scleme01/SatelliteTurbulencePrediction/model_inputs/2018_03/0000409.npz (11017.3s total | fetch=10986.6s project=2.1s smooth=21.3s | cache hits=0 misses=15)
[23/150] PIREP at (34.74, -82.41) FL1300 2018-03-06 16:23:00 (cache: 123 images)
  SAVED /cluster/tufts/capstone25skyblue/scleme01/SatelliteTurbulencePrediction/model_inputs/2018_03/0000369.npz (7371.3s total | fetch=7354.9s project=1.1s smooth=11.4s | cache hits=7 misses=8)
[24/150] PIREP at (36.26, -93.15) FL4000 2018-03-06 18:05:00 (cache: 131 images)
