Resetting environment
Deactivating conda environment (if any)
Purging all modules
Done! Environment has been torn down
Allocating resources with slurm...
Loading cuda and miniforge...
Activating conda environment...
Redirecting into the satellite repo...
Done! Environment has now been set up
Processing 2020/01 chunk [150:300]
Fetching satellite data for PIREPs in /cluster/tufts/capstone25skyblue/scleme01/SatelliteTurbulencePrediction/pireps/2020/01_turb_pireps.csv
Processing chunk [150:300] (150 PIREPs) from /cluster/tufts/capstone25skyblue/scleme01/SatelliteTurbulencePrediction/pireps/2020/01_turb_pireps.csv
[1/150] SKIPPING /cluster/tufts/capstone25skyblue/scleme01/SatelliteTurbulencePrediction/model_inputs/2020_01/0000089.npz (already exists)
[2/150] SKIPPING /cluster/tufts/capstone25skyblue/scleme01/SatelliteTurbulencePrediction/model_inputs/2020_01/0000090.npz (already exists)
[3/150] SKIPPING /cluster/tufts/capstone25skyblue/scleme01/SatelliteTurbulencePrediction/model_inputs/2020_01/0000680.npz (already exists)
[4/150] PIREP at (36.10, -79.94) FL16000 2020-01-04 18:10:00 (cache: 0 images)
  SAVED /cluster/tufts/capstone25skyblue/scleme01/SatelliteTurbulencePrediction/model_inputs/2020_01/0000091.npz (9876.3s total | fetch=9846.0s project=2.0s smooth=21.1s | cache hits=0 misses=15)
[5/150] PIREP at (36.32, -80.98) FL16000 2020-01-04 18:11:00 (cache: 15 images)
  SAVED /cluster/tufts/capstone25skyblue/scleme01/SatelliteTurbulencePrediction/model_inputs/2020_01/0000092.npz (0.2s total | fetch=0.0s project=0.0s smooth=0.0s | cache hits=15 misses=0)
[6/150] PIREP at (39.37, -119.59) FL11000 2020-01-04 18:33:00 (cache: 15 images)
  SAVED /cluster/tufts/capstone25skyblue/scleme01/SatelliteTurbulencePrediction/model_inputs/2020_01/0000093.npz (2871.4s total | fetch=2863.4s project=0.5s smooth=5.5s | cache hits=11 misses=4)
[7/150] PIREP at (49.62, -119.69) FL4500 2020-01-04 18:33:00 (cache: 19 images)
  SAVED /cluster/tufts/capstone25skyblue/scleme01/SatelliteTurbulencePrediction/model_inputs/2020_01/0000406.npz (0.1s total | fetch=0.0s project=0.0s smooth=0.0s | cache hits=15 misses=0)
[8/150] PIREP at (35.34, -81.44) FL15000 2020-01-04 18:51:00 (cache: 19 images)
  SAVED /cluster/tufts/capstone25skyblue/scleme01/SatelliteTurbulencePrediction/model_inputs/2020_01/0000094.npz (2675.7s total | fetch=2667.7s project=0.5s smooth=5.5s | cache hits=11 misses=4)
[9/150] PIREP at (31.17, -92.33) FL23000 2020-01-04 19:29:00 (cache: 23 images)
  SAVED /cluster/tufts/capstone25skyblue/scleme01/SatelliteTurbulencePrediction/model_inputs/2020_01/0000095.npz (4894.4s total | fetch=4880.4s project=0.9s smooth=9.6s | cache hits=8 misses=7)
[10/150] PIREP at (31.17, -92.33) FL23000 2020-01-04 19:29:00 (cache: 30 images)
  SAVED /cluster/tufts/capstone25skyblue/scleme01/SatelliteTurbulencePrediction/model_inputs/2020_01/0000096.npz (0.3s total | fetch=0.0s project=0.0s smooth=0.0s | cache hits=15 misses=0)
[11/150] PIREP at (31.58, -92.56) FL32000 2020-01-04 19:42:00 (cache: 30 images)
  SAVED /cluster/tufts/capstone25skyblue/scleme01/SatelliteTurbulencePrediction/model_inputs/2020_01/0000097.npz (2295.7s total | fetch=2288.1s project=0.6s smooth=5.0s | cache hits=12 misses=3)
[12/150] PIREP at (31.58, -92.56) FL32000 2020-01-04 19:42:00 (cache: 33 images)
  SAVED /cluster/tufts/capstone25skyblue/scleme01/SatelliteTurbulencePrediction/model_inputs/2020_01/0000098.npz (0.3s total | fetch=0.0s project=0.0s smooth=0.0s | cache hits=15 misses=0)
[13/150] PIREP at (39.68, -75.61) FL13000 2020-01-04 20:01:00 (cache: 33 images)
  SAVED /cluster/tufts/capstone25skyblue/scleme01/SatelliteTurbulencePrediction/model_inputs/2020_01/0000099.npz (3163.0s total | fetch=3151.8s project=1.0s smooth=7.4s | cache hits=11 misses=4)
[14/150] PIREP at (35.83, -80.34) FL16000 2020-01-04 20:10:00 (cache: 37 images)
  SAVED /cluster/tufts/capstone25skyblue/scleme01/SatelliteTurbulencePrediction/model_inputs/2020_01/0000100.npz (1654.5s total | fetch=1650.3s project=0.3s smooth=2.8s | cache hits=13 misses=2)
[15/150] PIREP at (35.78, -80.08) FL16000 2020-01-04 20:10:00 (cache: 39 images)
  SAVED /cluster/tufts/capstone25skyblue/scleme01/SatelliteTurbulencePrediction/model_inputs/2020_01/0000101.npz (0.2s total | fetch=0.0s project=0.0s smooth=0.0s | cache hits=15 misses=0)
[16/150] PIREP at (35.31, -80.95) FL13000 2020-01-04 20:13:00 (cache: 39 images)
  SAVED /cluster/tufts/capstone25skyblue/scleme01/SatelliteTurbulencePrediction/model_inputs/2020_01/0000102.npz (0.2s total | fetch=0.0s project=0.0s smooth=0.0s | cache hits=15 misses=0)
[17/150] PIREP at (38.64, -77.87) FL22000 2020-01-04 20:33:00 (cache: 39 images)
  SAVED /cluster/tufts/capstone25skyblue/scleme01/SatelliteTurbulencePrediction/model_inputs/2020_01/0000103.npz (3882.3s total | fetch=3871.8s project=0.9s smooth=7.0s | cache hits=11 misses=4)
[18/150] PIREP at (36.20, -79.66) FL16000 2020-01-04 20:40:00 (cache: 43 images)
  SAVED /cluster/tufts/capstone25skyblue/scleme01/SatelliteTurbulencePrediction/model_inputs/2020_01/0000104.npz (1714.4s total | fetch=1708.7s project=0.5s smooth=3.7s | cache hits=13 misses=2)
[19/150] PIREP at (39.18, -78.28) FL21000 2020-01-04 20:43:00 (cache: 45 images)
  SAVED /cluster/tufts/capstone25skyblue/scleme01/SatelliteTurbulencePrediction/model_inputs/2020_01/0000105.npz (0.2s total | fetch=0.0s project=0.0s smooth=0.0s | cache hits=15 misses=0)
[20/150] PIREP at (39.28, -77.83) FL17000 2020-01-04 20:49:00 (cache: 45 images)
  SAVED /cluster/tufts/capstone25skyblue/scleme01/SatelliteTurbulencePrediction/model_inputs/2020_01/0000106.npz (959.3s total | fetch=956.3s project=0.3s smooth=1.9s | cache hits=14 misses=1)
[21/150] PIREP at (36.25, -80.85) FL17000 2020-01-04 20:51:00 (cache: 46 images)
  SAVED /cluster/tufts/capstone25skyblue/scleme01/SatelliteTurbulencePrediction/model_inputs/2020_01/0000107.npz (810.0s total | fetch=807.0s project=0.3s smooth=1.9s | cache hits=14 misses=1)
[22/150] PIREP at (40.53, -86.06) FL39000 2020-01-04 21:15:00 (cache: 47 images)
  SAVED /cluster/tufts/capstone25skyblue/scleme01/SatelliteTurbulencePrediction/model_inputs/2020_01/0000724.npz (4366.1s total | fetch=4352.0s project=1.3s smooth=9.3s | cache hits=10 misses=5)
[23/150] PIREP at (38.63, -77.95) FL22000 2020-01-04 21:39:00 (cache: 52 images)
  SAVED /cluster/tufts/capstone25skyblue/scleme01/SatelliteTurbulencePrediction/model_inputs/2020_01/0000108.npz (3663.7s total | fetch=3652.4s project=1.1s smooth=7.5s | cache hits=11 misses=4)
[24/150] PIREP at (40.23, -77.02) FL22000 2020-01-04 21:49:00 (cache: 56 images)
