Resetting environment
Deactivating conda environment (if any)
Purging all modules
Done! Environment has been torn down
Allocating resources with slurm...
Loading cuda and miniforge...
Activating conda environment...
Redirecting into the satellite repo...
Done! Environment has now been set up
Processing 2020/02 chunk [150:300]
Fetching satellite data for PIREPs in /cluster/tufts/capstone25skyblue/scleme01/SatelliteTurbulencePrediction/pireps/2020/02_turb_pireps.csv
Processing chunk [150:300] (150 PIREPs) from /cluster/tufts/capstone25skyblue/scleme01/SatelliteTurbulencePrediction/pireps/2020/02_turb_pireps.csv
[1/150] PIREP at (21.78, -70.92) FL37000 2020-02-05 17:45:00 (cache: 0 images)
  SAVED /cluster/tufts/capstone25skyblue/scleme01/SatelliteTurbulencePrediction/model_inputs/2020_02/0000704.npz (10124.2s total | fetch=10093.1s project=2.1s smooth=21.6s | cache hits=0 misses=15)
[2/150] PIREP at (32.04, -95.27) FL31000 2020-02-05 17:52:00 (cache: 15 images)
  SAVED /cluster/tufts/capstone25skyblue/scleme01/SatelliteTurbulencePrediction/model_inputs/2020_02/0000067.npz (683.6s total | fetch=681.3s project=0.1s smooth=1.4s | cache hits=14 misses=1)
[3/150] PIREP at (32.07, -95.21) FL31000 2020-02-05 17:52:00 (cache: 16 images)
  SAVED /cluster/tufts/capstone25skyblue/scleme01/SatelliteTurbulencePrediction/model_inputs/2020_02/0000069.npz (0.2s total | fetch=0.0s project=0.0s smooth=0.0s | cache hits=15 misses=0)
[4/150] PIREP at (32.04, -95.27) FL31000 2020-02-05 17:52:00 (cache: 16 images)
  SAVED /cluster/tufts/capstone25skyblue/scleme01/SatelliteTurbulencePrediction/model_inputs/2020_02/0000068.npz (0.2s total | fetch=0.0s project=0.0s smooth=0.0s | cache hits=15 misses=0)
[5/150] PIREP at (32.07, -95.21) FL31000 2020-02-05 17:52:00 (cache: 16 images)
  SAVED /cluster/tufts/capstone25skyblue/scleme01/SatelliteTurbulencePrediction/model_inputs/2020_02/0000070.npz (0.2s total | fetch=0.0s project=0.0s smooth=0.0s | cache hits=15 misses=0)
[6/150] PIREP at (30.25, -90.82) FL38000 2020-02-05 18:26:00 (cache: 16 images)
  SAVED /cluster/tufts/capstone25skyblue/scleme01/SatelliteTurbulencePrediction/model_inputs/2020_02/0000074.npz (5256.4s total | fetch=5242.0s project=1.0s smooth=9.9s | cache hits=8 misses=7)
[7/150] PIREP at (30.25, -90.82) FL38000 2020-02-05 18:26:00 (cache: 23 images)
  SAVED /cluster/tufts/capstone25skyblue/scleme01/SatelliteTurbulencePrediction/model_inputs/2020_02/0000073.npz (0.2s total | fetch=0.0s project=0.0s smooth=0.0s | cache hits=15 misses=0)
[8/150] PIREP at (30.25, -90.82) FL38000 2020-02-05 18:26:00 (cache: 23 images)
  SAVED /cluster/tufts/capstone25skyblue/scleme01/SatelliteTurbulencePrediction/model_inputs/2020_02/0000072.npz (0.2s total | fetch=0.0s project=0.0s smooth=0.0s | cache hits=15 misses=0)
[9/150] PIREP at (30.25, -90.82) FL38000 2020-02-05 18:26:00 (cache: 23 images)
  SAVED /cluster/tufts/capstone25skyblue/scleme01/SatelliteTurbulencePrediction/model_inputs/2020_02/0000071.npz (0.2s total | fetch=0.0s project=0.0s smooth=0.0s | cache hits=15 misses=0)
[10/150] PIREP at (39.14, -86.61) FL27000 2020-02-05 19:43:00 (cache: 23 images)
  SAVED /cluster/tufts/capstone25skyblue/scleme01/SatelliteTurbulencePrediction/model_inputs/2020_02/0000669.npz (12346.0s total | fetch=12315.7s project=2.0s smooth=21.1s | cache hits=0 misses=15)
[11/150] PIREP at (33.48, -90.59) FL8000 2020-02-05 20:27:00 (cache: 38 images)
  SAVED /cluster/tufts/capstone25skyblue/scleme01/SatelliteTurbulencePrediction/model_inputs/2020_02/0000075.npz (8960.6s total | fetch=8942.3s project=1.2s smooth=12.6s | cache hits=6 misses=9)
[12/150] PIREP at (36.10, -79.94) FL34000 2020-02-05 20:39:00 (cache: 47 images)
  SAVED /cluster/tufts/capstone25skyblue/scleme01/SatelliteTurbulencePrediction/model_inputs/2020_02/0000076.npz (2015.7s total | fetch=2011.5s project=0.3s smooth=2.8s | cache hits=13 misses=2)
[13/150] PIREP at (33.79, -90.28) FL35000 2020-02-05 21:00:00 (cache: 49 images)
