Resetting environment
Deactivating conda environment (if any)
Purging all modules
Done! Environment has been torn down
Allocating resources with slurm...
Loading cuda and miniforge...
Activating conda environment...
Redirecting into the satellite repo...
Done! Environment has now been set up
Processing 2020/12 chunk [150:300]
Fetching satellite data for PIREPs in /cluster/tufts/capstone25skyblue/scleme01/SatelliteTurbulencePrediction/pireps/2020/12_turb_pireps.csv
Processing chunk [150:300] (150 PIREPs) from /cluster/tufts/capstone25skyblue/scleme01/SatelliteTurbulencePrediction/pireps/2020/12_turb_pireps.csv
[1/150] PIREP at (31.77, -104.72) FL39000 2020-12-13 01:54:00 (cache: 0 images)
  SAVED /cluster/tufts/capstone25skyblue/scleme01/SatelliteTurbulencePrediction/model_inputs/2020_12/0000050.npz (120.4s total | fetch=89.9s project=2.0s smooth=21.2s | cache hits=0 misses=15)
[2/150] PIREP at (43.71, -87.63) FL3000 2020-12-13 02:11:00 (cache: 15 images)
  SAVED /cluster/tufts/capstone25skyblue/scleme01/SatelliteTurbulencePrediction/model_inputs/2020_12/0000272.npz (35.5s total | fetch=27.3s project=0.5s smooth=5.6s | cache hits=11 misses=4)
[3/150] PIREP at (51.49, 168.87) FL33000 2020-12-13 07:42:00 (cache: 19 images)
  SAVED /cluster/tufts/capstone25skyblue/scleme01/SatelliteTurbulencePrediction/model_inputs/2020_12/0000051.npz (117.3s total | fetch=87.1s project=2.0s smooth=21.1s | cache hits=0 misses=15)
[4/150] PIREP at (40.69, -94.92) FL29000 2020-12-13 14:10:00 (cache: 34 images)
  SAVED /cluster/tufts/capstone25skyblue/scleme01/SatelliteTurbulencePrediction/model_inputs/2020_12/0000367.npz (8414.6s total | fetch=8384.3s project=2.0s smooth=21.1s | cache hits=0 misses=15)
[5/150] PIREP at (39.51, -77.50) FL8000 2020-12-13 14:52:00 (cache: 49 images)
  SAVED /cluster/tufts/capstone25skyblue/scleme01/SatelliteTurbulencePrediction/model_inputs/2020_12/0000271.npz (6458.6s total | fetch=6442.3s project=1.1s smooth=11.3s | cache hits=7 misses=8)
[6/150] PIREP at (33.47, -97.44) FL16000 2020-12-13 15:03:00 (cache: 57 images)
  SAVED /cluster/tufts/capstone25skyblue/scleme01/SatelliteTurbulencePrediction/model_inputs/2020_12/0000052.npz (1722.0s total | fetch=1717.8s project=0.3s smooth=2.8s | cache hits=13 misses=2)
[7/150] PIREP at (41.64, -91.54) FL34000 2020-12-13 15:40:00 (cache: 59 images)
  SAVED /cluster/tufts/capstone25skyblue/scleme01/SatelliteTurbulencePrediction/model_inputs/2020_12/0000391.npz (7772.4s total | fetch=7756.1s project=1.1s smooth=11.2s | cache hits=7 misses=8)
[8/150] PIREP at (33.66, -98.95) FL34000 2020-12-13 15:55:00 (cache: 67 images)
  SAVED /cluster/tufts/capstone25skyblue/scleme01/SatelliteTurbulencePrediction/model_inputs/2020_12/0000436.npz (3140.1s total | fetch=3134.0s project=0.4s smooth=4.2s | cache hits=12 misses=3)
[9/150] PIREP at (40.98, -84.75) FL28000 2020-12-13 16:26:00 (cache: 70 images)
