Resetting environment
Deactivating conda environment (if any)
Purging all modules
Done! Environment has been torn down
Allocating resources with slurm...
Loading cuda and miniforge...
Activating conda environment...
Redirecting into the satellite repo...
Done! Environment has now been set up
Processing 2020/12 chunk [300:450]
Fetching satellite data for PIREPs in /cluster/tufts/capstone25skyblue/scleme01/SatelliteTurbulencePrediction/pireps/2020/12_turb_pireps.csv
Processing chunk [300:450] (150 PIREPs) from /cluster/tufts/capstone25skyblue/scleme01/SatelliteTurbulencePrediction/pireps/2020/12_turb_pireps.csv
[1/150] PIREP at (40.67, -89.68) FL32000 2020-12-22 01:23:00 (cache: 0 images)
  SAVED /cluster/tufts/capstone25skyblue/scleme01/SatelliteTurbulencePrediction/model_inputs/2020_12/0000502.npz (152.2s total | fetch=121.6s project=2.1s smooth=21.3s | cache hits=0 misses=15)
[2/150] PIREP at (38.13, -81.59) FL9500 2020-12-22 01:45:00 (cache: 15 images)
  SAVED /cluster/tufts/capstone25skyblue/scleme01/SatelliteTurbulencePrediction/model_inputs/2020_12/0000309.npz (52.7s total | fetch=42.4s project=0.7s smooth=7.1s | cache hits=10 misses=5)
[3/150] PIREP at (55.15, -105.27) FL33000 2020-12-22 02:05:00 (cache: 20 images)
  SAVED /cluster/tufts/capstone25skyblue/scleme01/SatelliteTurbulencePrediction/model_inputs/2020_12/0000117.npz (35.5s total | fetch=27.3s project=0.5s smooth=5.7s | cache hits=11 misses=4)
[4/150] PIREP at (51.83, -60.42) FL31000 2020-12-22 04:03:00 (cache: 24 images)
  SAVED /cluster/tufts/capstone25skyblue/scleme01/SatelliteTurbulencePrediction/model_inputs/2020_12/0000118.npz (127.0s total | fetch=96.8s project=2.0s smooth=21.2s | cache hits=0 misses=15)
[5/150] PIREP at (43.66, -95.58) FL34000 2020-12-22 13:11:00 (cache: 39 images)
  SAVED /cluster/tufts/capstone25skyblue/scleme01/SatelliteTurbulencePrediction/model_inputs/2020_12/0000337.npz (171.6s total | fetch=141.1s project=2.0s smooth=21.3s | cache hits=0 misses=15)
[6/150] PIREP at (44.23, -94.71) FL33000 2020-12-22 15:00:00 (cache: 54 images)
  SAVED /cluster/tufts/capstone25skyblue/scleme01/SatelliteTurbulencePrediction/model_inputs/2020_12/0000516.npz (10132.5s total | fetch=10102.2s project=2.0s smooth=21.2s | cache hits=0 misses=15)
[7/150] PIREP at (39.91, -105.12) FL7000 2020-12-22 16:00:00 (cache: 69 images)
  SAVED /cluster/tufts/capstone25skyblue/scleme01/SatelliteTurbulencePrediction/model_inputs/2020_12/0000119.npz (10303.9s total | fetch=10279.4s project=1.6s smooth=17.0s | cache hits=3 misses=12)
[8/150] PIREP at (36.79, -83.94) FL31000 2020-12-22 16:44:00 (cache: 81 images)
  SAVED /cluster/tufts/capstone25skyblue/scleme01/SatelliteTurbulencePrediction/model_inputs/2020_12/0000267.npz (7569.4s total | fetch=7553.0s project=1.1s smooth=11.3s | cache hits=7 misses=8)
[9/150] PIREP at (40.26, -105.52) FL25000 2020-12-22 16:52:00 (cache: 89 images)
