Resetting environment
Deactivating conda environment (if any)
Purging all modules
Done! Environment has been torn down
Loading cuda and miniforge...
Activating conda environment...
Redirecting into the satellite repo...
Done! Environment has now been set up
Processing 2022/05 chunk [110:220]
Fetching satellite data for PIREPs in /cluster/tufts/capstone25skyblue/scleme01/SatelliteTurbulencePrediction/pireps/2022/05_turb_pireps.csv
Processing chunk [110:220] (110 PIREPs) from /cluster/tufts/capstone25skyblue/scleme01/SatelliteTurbulencePrediction/pireps/2022/05_turb_pireps.csv
[1/110] PIREP at (32.90, -92.21) FL9000 2022-05-06 02:08:00 (cache: 0 images)
  SAVED /cluster/tufts/capstone25skyblue/scleme01/SatelliteTurbulencePrediction/model_inputs/2022_05/0000041.npz (206.0s total | fetch=175.1s project=2.0s smooth=21.6s | cache hits=0 misses=15)
[2/110] PIREP at (32.90, -92.21) FL9000 2022-05-06 02:08:00 (cache: 15 images)
  SAVED /cluster/tufts/capstone25skyblue/scleme01/SatelliteTurbulencePrediction/model_inputs/2022_05/0000042.npz (0.2s total | fetch=0.0s project=0.0s smooth=0.0s | cache hits=15 misses=0)
[3/110] PIREP at (41.53, -93.65) FL27000 2022-05-06 04:08:00 (cache: 15 images)
  SAVED /cluster/tufts/capstone25skyblue/scleme01/SatelliteTurbulencePrediction/model_inputs/2022_05/0000554.npz (191.5s total | fetch=160.5s project=2.1s smooth=21.6s | cache hits=0 misses=15)
[4/110] PIREP at (45.00, -33.00) FL33000 2022-05-06 04:35:00 (cache: 30 images)
  SAVED /cluster/tufts/capstone25skyblue/scleme01/SatelliteTurbulencePrediction/model_inputs/2022_05/0000043.npz (95.2s total | fetch=82.7s project=0.8s smooth=8.6s | cache hits=9 misses=6)
[5/110] PIREP at (43.28, -91.54) FL34000 2022-05-06 10:35:00 (cache: 36 images)
  SAVED /cluster/tufts/capstone25skyblue/scleme01/SatelliteTurbulencePrediction/model_inputs/2022_05/0000517.npz (240.9s total | fetch=210.2s project=2.0s smooth=21.4s | cache hits=0 misses=15)
[6/110] PIREP at (41.16, -90.03) FL33000 2022-05-06 10:55:00 (cache: 51 images)
  SAVED /cluster/tufts/capstone25skyblue/scleme01/SatelliteTurbulencePrediction/model_inputs/2022_05/0000473.npz (46.5s total | fetch=38.2s project=0.6s smooth=5.7s | cache hits=11 misses=4)
[7/110] PIREP at (39.14, -86.61) FL35000 2022-05-06 11:25:00 (cache: 55 images)
  SAVED /cluster/tufts/capstone25skyblue/scleme01/SatelliteTurbulencePrediction/model_inputs/2022_05/0000476.npz (2895.9s total | fetch=2883.7s project=0.8s smooth=8.5s | cache hits=9 misses=6)
[8/110] PIREP at (41.08, -86.72) FL33000 2022-05-06 12:31:00 (cache: 61 images)
  SAVED /cluster/tufts/capstone25skyblue/scleme01/SatelliteTurbulencePrediction/model_inputs/2022_05/0000460.npz (13173.0s total | fetch=13146.6s project=1.7s smooth=18.4s | cache hits=2 misses=13)
[9/110] PIREP at (43.15, -93.33) FL36000 2022-05-06 12:58:00 (cache: 74 images)
