Resetting environment
Deactivating conda environment (if any)
Purging all modules
Done! Environment has been torn down
Loading cuda and miniforge...
Activating conda environment...
Redirecting into the satellite repo...
Done! Environment has now been set up
Processing 2021/10 chunk [440:550]
Fetching satellite data for PIREPs in /cluster/tufts/capstone25skyblue/scleme01/SatelliteTurbulencePrediction/pireps/2021/10_turb_pireps.csv
Processing chunk [440:550] (36 PIREPs) from /cluster/tufts/capstone25skyblue/scleme01/SatelliteTurbulencePrediction/pireps/2021/10_turb_pireps.csv
[1/36] PIREP at (45.13, -87.64) FL35000 2021-10-29 17:38:00 (cache: 0 images)
  SAVED /cluster/tufts/capstone25skyblue/scleme01/SatelliteTurbulencePrediction/model_inputs/2021_10/0000466.npz (11213.0s total | fetch=11187.9s project=2.1s smooth=16.0s | cache hits=0 misses=15)
[2/36] PIREP at (44.78, -89.67) FL37000 2021-10-29 17:39:00 (cache: 15 images)
  SAVED /cluster/tufts/capstone25skyblue/scleme01/SatelliteTurbulencePrediction/model_inputs/2021_10/0000441.npz (0.1s total | fetch=0.0s project=0.0s smooth=0.0s | cache hits=15 misses=0)
[3/36] PIREP at (38.34, -75.51) FL30000 2021-10-29 18:12:00 (cache: 15 images)
  SAVED /cluster/tufts/capstone25skyblue/scleme01/SatelliteTurbulencePrediction/model_inputs/2021_10/0000404.npz (5919.6s total | fetch=5907.8s project=1.0s smooth=7.4s | cache hits=8 misses=7)
[4/36] PIREP at (31.37, -83.86) FL3500 2021-10-29 18:45:00 (cache: 22 images)
  SAVED /cluster/tufts/capstone25skyblue/scleme01/SatelliteTurbulencePrediction/model_inputs/2021_10/0000223.npz (6060.2s total | fetch=6048.4s project=1.0s smooth=7.5s | cache hits=8 misses=7)
[5/36] PIREP at (32.51, -66.50) FL41000 2021-10-29 18:58:00 (cache: 29 images)
  SAVED /cluster/tufts/capstone25skyblue/scleme01/SatelliteTurbulencePrediction/model_inputs/2021_10/0000224.npz (1752.7s total | fetch=1749.1s project=0.3s smooth=2.1s | cache hits=13 misses=2)
[6/36] PIREP at (32.67, -69.48) FL41000 2021-10-29 19:18:00 (cache: 31 images)
