Resetting environment
Deactivating conda environment (if any)
Purging all modules
Done! Environment has been torn down
Loading cuda and miniforge...
Activating conda environment...
Redirecting into the satellite repo...
Done! Environment has now been set up
Processing 2018/03 chunk [0:110]
Fetching satellite data for PIREPs in /cluster/tufts/capstone25skyblue/scleme01/SatelliteTurbulencePrediction/pireps/2018/03_turb_pireps.csv
Processing chunk [0:110] (110 PIREPs) from /cluster/tufts/capstone25skyblue/scleme01/SatelliteTurbulencePrediction/pireps/2018/03_turb_pireps.csv
[1/110] SKIPPING /cluster/tufts/capstone25skyblue/scleme01/SatelliteTurbulencePrediction/model_inputs/2018_03/0000000.npz (already exists)
[2/110] PIREP at (34.88, -95.78) FL31000 2018-03-01 00:59:00 (cache: 0 images)
  SAVED /cluster/tufts/capstone25skyblue/scleme01/SatelliteTurbulencePrediction/model_inputs/2018_03/0000433.npz (148.3s total | fetch=114.5s project=2.5s smooth=24.1s | cache hits=0 misses=15)
[3/110] SKIPPING /cluster/tufts/capstone25skyblue/scleme01/SatelliteTurbulencePrediction/model_inputs/2018_03/0000001.npz (already exists)
[4/110] SKIPPING /cluster/tufts/capstone25skyblue/scleme01/SatelliteTurbulencePrediction/model_inputs/2018_03/0000002.npz (already exists)
[5/110] SKIPPING /cluster/tufts/capstone25skyblue/scleme01/SatelliteTurbulencePrediction/model_inputs/2018_03/0000003.npz (already exists)
[6/110] PIREP at (39.47, -103.21) FL9500 2018-03-01 03:46:00 (cache: 15 images)
  SAVED /cluster/tufts/capstone25skyblue/scleme01/SatelliteTurbulencePrediction/model_inputs/2018_03/0000659.npz (90.5s total | fetch=56.9s project=2.4s smooth=23.9s | cache hits=0 misses=15)
[7/110] SKIPPING /cluster/tufts/capstone25skyblue/scleme01/SatelliteTurbulencePrediction/model_inputs/2018_03/0000004.npz (already exists)
[8/110] SKIPPING /cluster/tufts/capstone25skyblue/scleme01/SatelliteTurbulencePrediction/model_inputs/2018_03/0000005.npz (already exists)
[9/110] SKIPPING /cluster/tufts/capstone25skyblue/scleme01/SatelliteTurbulencePrediction/model_inputs/2018_03/0000006.npz (already exists)
[10/110] SKIPPING /cluster/tufts/capstone25skyblue/scleme01/SatelliteTurbulencePrediction/model_inputs/2018_03/0000007.npz (already exists)
[11/110] SKIPPING /cluster/tufts/capstone25skyblue/scleme01/SatelliteTurbulencePrediction/model_inputs/2018_03/0000008.npz (already exists)
[12/110] SKIPPING /cluster/tufts/capstone25skyblue/scleme01/SatelliteTurbulencePrediction/model_inputs/2018_03/0000009.npz (already exists)
[13/110] SKIPPING /cluster/tufts/capstone25skyblue/scleme01/SatelliteTurbulencePrediction/model_inputs/2018_03/0000010.npz (already exists)
[14/110] PIREP at (37.19, -84.80) FL25000 2018-03-01 11:00:00 (cache: 30 images)
  SAVED /cluster/tufts/capstone25skyblue/scleme01/SatelliteTurbulencePrediction/model_inputs/2018_03/0000408.npz (139.5s total | fetch=105.9s project=2.4s smooth=23.9s | cache hits=0 misses=15)
[15/110] SKIPPING /cluster/tufts/capstone25skyblue/scleme01/SatelliteTurbulencePrediction/model_inputs/2018_03/0000011.npz (already exists)
[16/110] SKIPPING /cluster/tufts/capstone25skyblue/scleme01/SatelliteTurbulencePrediction/model_inputs/2018_03/0000012.npz (already exists)
[17/110] SKIPPING /cluster/tufts/capstone25skyblue/scleme01/SatelliteTurbulencePrediction/model_inputs/2018_03/0000013.npz (already exists)
[18/110] SKIPPING /cluster/tufts/capstone25skyblue/scleme01/SatelliteTurbulencePrediction/model_inputs/2018_03/0000014.npz (already exists)
[19/110] PIREP at (37.65, -98.69) FL32000 2018-03-01 12:04:00 (cache: 45 images)
  SAVED /cluster/tufts/capstone25skyblue/scleme01/SatelliteTurbulencePrediction/model_inputs/2018_03/0000581.npz (96.7s total | fetch=69.8s project=2.0s smooth=19.1s | cache hits=3 misses=12)
[20/110] SKIPPING /cluster/tufts/capstone25skyblue/scleme01/SatelliteTurbulencePrediction/model_inputs/2018_03/0000015.npz (already exists)
[21/110] SKIPPING /cluster/tufts/capstone25skyblue/scleme01/SatelliteTurbulencePrediction/model_inputs/2018_03/0000016.npz (already exists)
[22/110] PIREP at (37.24, -82.13) FL27000 2018-03-01 12:11:00 (cache: 57 images)
  SAVED /cluster/tufts/capstone25skyblue/scleme01/SatelliteTurbulencePrediction/model_inputs/2018_03/0000564.npz (21.0s total | fetch=16.4s project=0.3s smooth=3.2s | cache hits=13 misses=2)
[23/110] SKIPPING /cluster/tufts/capstone25skyblue/scleme01/SatelliteTurbulencePrediction/model_inputs/2018_03/0000017.npz (already exists)
[24/110] SKIPPING /cluster/tufts/capstone25skyblue/scleme01/SatelliteTurbulencePrediction/model_inputs/2018_03/0000018.npz (already exists)
[25/110] SKIPPING /cluster/tufts/capstone25skyblue/scleme01/SatelliteTurbulencePrediction/model_inputs/2018_03/0000019.npz (already exists)
[26/110] SKIPPING /cluster/tufts/capstone25skyblue/scleme01/SatelliteTurbulencePrediction/model_inputs/2018_03/0000020.npz (already exists)
[27/110] SKIPPING /cluster/tufts/capstone25skyblue/scleme01/SatelliteTurbulencePrediction/model_inputs/2018_03/0000021.npz (already exists)
[28/110] PIREP at (44.81, -68.83) FL600 2018-03-01 12:37:00 (cache: 59 images)
  SAVED /cluster/tufts/capstone25skyblue/scleme01/SatelliteTurbulencePrediction/model_inputs/2018_03/0000605.npz (47.8s total | fetch=36.5s project=0.8s smooth=8.0s | cache hits=10 misses=5)
[29/110] SKIPPING /cluster/tufts/capstone25skyblue/scleme01/SatelliteTurbulencePrediction/model_inputs/2018_03/0000022.npz (already exists)
[30/110] PIREP at (33.57, -86.74) FL2000 2018-03-01 13:20:00 (cache: 64 images)
  SAVED /cluster/tufts/capstone25skyblue/scleme01/SatelliteTurbulencePrediction/model_inputs/2018_03/0000540.npz (2854.8s total | fetch=2835.2s project=1.4s smooth=13.9s | cache hits=6 misses=9)
[31/110] SKIPPING /cluster/tufts/capstone25skyblue/scleme01/SatelliteTurbulencePrediction/model_inputs/2018_03/0000023.npz (already exists)
[32/110] PIREP at (42.73, -88.08) FL32000 2018-03-01 14:15:00 (cache: 73 images)
  SAVED /cluster/tufts/capstone25skyblue/scleme01/SatelliteTurbulencePrediction/model_inputs/2018_03/0000450.npz (7393.8s total | fetch=7370.1s project=1.7s smooth=16.9s | cache hits=4 misses=11)
[33/110] PIREP at (58.62, -140.74) FL39000 2018-03-01 16:30:00 (cache: 84 images)
  SAVED /cluster/tufts/capstone25skyblue/scleme01/SatelliteTurbulencePrediction/model_inputs/2018_03/0000530.npz (10822.4s total | fetch=10789.8s project=2.4s smooth=23.2s | cache hits=0 misses=15)
[34/110] SKIPPING /cluster/tufts/capstone25skyblue/scleme01/SatelliteTurbulencePrediction/model_inputs/2018_03/0000024.npz (already exists)
[35/110] SKIPPING /cluster/tufts/capstone25skyblue/scleme01/SatelliteTurbulencePrediction/model_inputs/2018_03/0000025.npz (already exists)
[36/110] SKIPPING /cluster/tufts/capstone25skyblue/scleme01/SatelliteTurbulencePrediction/model_inputs/2018_03/0000026.npz (already exists)
[37/110] SKIPPING /cluster/tufts/capstone25skyblue/scleme01/SatelliteTurbulencePrediction/model_inputs/2018_03/0000027.npz (already exists)
[38/110] SKIPPING /cluster/tufts/capstone25skyblue/scleme01/SatelliteTurbulencePrediction/model_inputs/2018_03/0000028.npz (already exists)
[39/110] SKIPPING /cluster/tufts/capstone25skyblue/scleme01/SatelliteTurbulencePrediction/model_inputs/2018_03/0000029.npz (already exists)
[40/110] PIREP at (41.71, -89.23) FL23000 2018-03-01 19:39:00 (cache: 99 images)
  SAVED /cluster/tufts/capstone25skyblue/scleme01/SatelliteTurbulencePrediction/model_inputs/2018_03/0000335.npz (13303.0s total | fetch=13270.2s project=2.4s smooth=23.3s | cache hits=0 misses=15)
[41/110] PIREP at (37.15, -95.83) FL33000 2018-03-01 19:54:00 (cache: 114 images)
  SAVED /cluster/tufts/capstone25skyblue/scleme01/SatelliteTurbulencePrediction/model_inputs/2018_03/0000458.npz (2666.5s total | fetch=2659.7s project=0.5s smooth=4.7s | cache hits=12 misses=3)
[42/110] SKIPPING /cluster/tufts/capstone25skyblue/scleme01/SatelliteTurbulencePrediction/model_inputs/2018_03/0000030.npz (already exists)
[43/110] PIREP at (21.35, -157.98) FL1500 2018-03-01 20:13:00 (cache: 117 images)
  SAVED /cluster/tufts/capstone25skyblue/scleme01/SatelliteTurbulencePrediction/model_inputs/2018_03/0000574.npz (3292.3s total | fetch=3283.7s project=0.6s smooth=6.2s | cache hits=11 misses=4)
[44/110] PIREP at (35.60, -114.99) FL18000 2018-03-01 20:29:00 (cache: 121 images)
  SAVED /cluster/tufts/capstone25skyblue/scleme01/SatelliteTurbulencePrediction/model_inputs/2018_03/0000407.npz (2538.8s total | fetch=2532.1s project=0.5s smooth=4.6s | cache hits=12 misses=3)
[45/110] PIREP at (44.36, -84.67) FL31000 2018-03-01 20:34:00 (cache: 124 images)
  SAVED /cluster/tufts/capstone25skyblue/scleme01/SatelliteTurbulencePrediction/model_inputs/2018_03/0000590.npz (808.0s total | fetch=805.6s project=0.2s smooth=1.6s | cache hits=14 misses=1)
[46/110] PIREP at (64.92, -165.95) FL5000 2018-03-01 21:00:00 (cache: 125 images)
  SAVED /cluster/tufts/capstone25skyblue/scleme01/SatelliteTurbulencePrediction/model_inputs/2018_03/0000360.npz (5085.9s total | fetch=5072.8s project=1.0s smooth=9.3s | cache hits=9 misses=6)
[47/110] SKIPPING /cluster/tufts/capstone25skyblue/scleme01/SatelliteTurbulencePrediction/model_inputs/2018_03/0000032.npz (already exists)
[48/110] SKIPPING /cluster/tufts/capstone25skyblue/scleme01/SatelliteTurbulencePrediction/model_inputs/2018_03/0000031.npz (already exists)
[49/110] PIREP at (43.57, -115.09) FL24000 2018-03-01 22:51:00 (cache: 131 images)
  SAVED /cluster/tufts/capstone25skyblue/scleme01/SatelliteTurbulencePrediction/model_inputs/2018_03/0000609.npz (11601.7s total | fetch=11568.6s project=2.4s smooth=23.7s | cache hits=0 misses=15)
[50/110] SKIPPING /cluster/tufts/capstone25skyblue/scleme01/SatelliteTurbulencePrediction/model_inputs/2018_03/0000033.npz (already exists)
[51/110] SKIPPING /cluster/tufts/capstone25skyblue/scleme01/SatelliteTurbulencePrediction/model_inputs/2018_03/0000034.npz (already exists)
[52/110] SKIPPING /cluster/tufts/capstone25skyblue/scleme01/SatelliteTurbulencePrediction/model_inputs/2018_03/0000035.npz (already exists)
[53/110] SKIPPING /cluster/tufts/capstone25skyblue/scleme01/SatelliteTurbulencePrediction/model_inputs/2018_03/0000036.npz (already exists)
[54/110] SKIPPING /cluster/tufts/capstone25skyblue/scleme01/SatelliteTurbulencePrediction/model_inputs/2018_03/0000037.npz (already exists)
[55/110] SKIPPING /cluster/tufts/capstone25skyblue/scleme01/SatelliteTurbulencePrediction/model_inputs/2018_03/0000038.npz (already exists)
[56/110] SKIPPING /cluster/tufts/capstone25skyblue/scleme01/SatelliteTurbulencePrediction/model_inputs/2018_03/0000039.npz (already exists)
[57/110] SKIPPING /cluster/tufts/capstone25skyblue/scleme01/SatelliteTurbulencePrediction/model_inputs/2018_03/0000040.npz (already exists)
[58/110] PIREP at (30.39, -81.69) FL5000 2018-03-02 02:53:00 (cache: 146 images)
  SAVED /cluster/tufts/capstone25skyblue/scleme01/SatelliteTurbulencePrediction/model_inputs/2018_03/0000497.npz (169.8s total | fetch=136.4s project=2.4s smooth=23.8s | cache hits=0 misses=15)
[59/110] PIREP at (35.63, -119.55) FL26000 2018-03-02 03:10:00 (cache: 161 images)
  SAVED /cluster/tufts/capstone25skyblue/scleme01/SatelliteTurbulencePrediction/model_inputs/2018_03/0000612.npz (26.9s total | fetch=18.0s project=0.6s smooth=6.3s | cache hits=11 misses=4)
[60/110] SKIPPING /cluster/tufts/capstone25skyblue/scleme01/SatelliteTurbulencePrediction/model_inputs/2018_03/0000044.npz (already exists)
[61/110] SKIPPING /cluster/tufts/capstone25skyblue/scleme01/SatelliteTurbulencePrediction/model_inputs/2018_03/0000043.npz (already exists)
[62/110] SKIPPING /cluster/tufts/capstone25skyblue/scleme01/SatelliteTurbulencePrediction/model_inputs/2018_03/0000042.npz (already exists)
[63/110] SKIPPING /cluster/tufts/capstone25skyblue/scleme01/SatelliteTurbulencePrediction/model_inputs/2018_03/0000041.npz (already exists)
[64/110] SKIPPING /cluster/tufts/capstone25skyblue/scleme01/SatelliteTurbulencePrediction/model_inputs/2018_03/0000045.npz (already exists)
[65/110] PIREP at (41.72, -70.76) FL22000 2018-03-02 10:29:00 (cache: 165 images)
  SAVED /cluster/tufts/capstone25skyblue/scleme01/SatelliteTurbulencePrediction/model_inputs/2018_03/0000349.npz (178.2s total | fetch=144.6s project=2.5s smooth=23.9s | cache hits=0 misses=15)
[66/110] SKIPPING /cluster/tufts/capstone25skyblue/scleme01/SatelliteTurbulencePrediction/model_inputs/2018_03/0000046.npz (already exists)
[67/110] SKIPPING /cluster/tufts/capstone25skyblue/scleme01/SatelliteTurbulencePrediction/model_inputs/2018_03/0000048.npz (already exists)
[68/110] SKIPPING /cluster/tufts/capstone25skyblue/scleme01/SatelliteTurbulencePrediction/model_inputs/2018_03/0000047.npz (already exists)
[69/110] SKIPPING /cluster/tufts/capstone25skyblue/scleme01/SatelliteTurbulencePrediction/model_inputs/2018_03/0000049.npz (already exists)
[70/110] SKIPPING /cluster/tufts/capstone25skyblue/scleme01/SatelliteTurbulencePrediction/model_inputs/2018_03/0000050.npz (already exists)
[71/110] PIREP at (40.67, -89.68) FL5500 2018-03-02 17:03:00 (cache: 180 images)
  SAVED /cluster/tufts/capstone25skyblue/scleme01/SatelliteTurbulencePrediction/model_inputs/2018_03/0000622.npz (12120.1s total | fetch=12086.5s project=2.4s smooth=23.8s | cache hits=0 misses=15)
[72/110] SKIPPING /cluster/tufts/capstone25skyblue/scleme01/SatelliteTurbulencePrediction/model_inputs/2018_03/0000051.npz (already exists)
[73/110] SKIPPING /cluster/tufts/capstone25skyblue/scleme01/SatelliteTurbulencePrediction/model_inputs/2018_03/0000052.npz (already exists)
[74/110] PIREP at (35.50, -105.18) FL39000 2018-03-02 17:28:00 (cache: 195 images)
  SAVED /cluster/tufts/capstone25skyblue/scleme01/SatelliteTurbulencePrediction/model_inputs/2018_03/0000589.npz (3906.6s total | fetch=3895.6s project=0.8s smooth=7.7s | cache hits=10 misses=5)
[75/110] SKIPPING /cluster/tufts/capstone25skyblue/scleme01/SatelliteTurbulencePrediction/model_inputs/2018_03/0000053.npz (already exists)
[76/110] SKIPPING /cluster/tufts/capstone25skyblue/scleme01/SatelliteTurbulencePrediction/model_inputs/2018_03/0000054.npz (already exists)
[77/110] PIREP at (36.68, -104.67) FL11500 2018-03-02 19:45:00 (cache: 200 images)
  SAVED /cluster/tufts/capstone25skyblue/scleme01/SatelliteTurbulencePrediction/model_inputs/2018_03/0000655.npz (10291.3s total | fetch=10259.1s project=2.4s smooth=22.9s | cache hits=0 misses=15)
[78/110] SKIPPING /cluster/tufts/capstone25skyblue/scleme01/SatelliteTurbulencePrediction/model_inputs/2018_03/0000055.npz (already exists)
[79/110] SKIPPING /cluster/tufts/capstone25skyblue/scleme01/SatelliteTurbulencePrediction/model_inputs/2018_03/0000056.npz (already exists)
[80/110] PIREP at (36.27, -115.29) FL5200 2018-03-02 20:51:00 (cache: 215 images)
