Resetting environment
Deactivating conda environment (if any)
Purging all modules
Done! Environment has been torn down
Loading cuda and miniforge...
Activating conda environment...
Redirecting into the satellite repo...
Done! Environment has now been set up
Processing 2022/02 chunk [440:550]
Fetching satellite data for PIREPs in /cluster/tufts/capstone25skyblue/scleme01/SatelliteTurbulencePrediction/pireps/2022/02_turb_pireps.csv
Processing chunk [440:550] (108 PIREPs) from /cluster/tufts/capstone25skyblue/scleme01/SatelliteTurbulencePrediction/pireps/2022/02_turb_pireps.csv
[1/108] PIREP at (41.67, -70.28) FL1500 2022-02-22 23:00:00 (cache: 0 images)
  SAVED /cluster/tufts/capstone25skyblue/scleme01/SatelliteTurbulencePrediction/model_inputs/2022_02/0000230.npz (8988.4s total | fetch=8963.6s project=2.1s smooth=16.0s | cache hits=0 misses=15)
[2/108] PIREP at (45.72, -87.09) FL14000 2022-02-22 23:38:00 (cache: 15 images)
  SAVED /cluster/tufts/capstone25skyblue/scleme01/SatelliteTurbulencePrediction/model_inputs/2022_02/0000302.npz (109.8s total | fetch=98.9s project=1.0s smooth=7.4s | cache hits=8 misses=7)
[3/108] PIREP at (41.07, -74.54) FL3500 2022-02-23 00:12:00 (cache: 22 images)
  SAVED /cluster/tufts/capstone25skyblue/scleme01/SatelliteTurbulencePrediction/model_inputs/2022_02/0000231.npz (98.7s total | fetch=87.8s project=1.0s smooth=7.4s | cache hits=8 misses=7)
[4/108] PIREP at (45.10, -90.30) FL39000 2022-02-23 00:33:00 (cache: 29 images)
  SAVED /cluster/tufts/capstone25skyblue/scleme01/SatelliteTurbulencePrediction/model_inputs/2022_02/0000377.npz (51.9s total | fetch=45.6s project=0.6s smooth=4.2s | cache hits=11 misses=4)
[5/108] PIREP at (45.48, -75.00) FL33000 2022-02-23 00:35:00 (cache: 33 images)
  SAVED /cluster/tufts/capstone25skyblue/scleme01/SatelliteTurbulencePrediction/model_inputs/2022_02/0000232.npz (12.0s total | fetch=10.2s project=0.1s smooth=1.2s | cache hits=14 misses=1)
[6/108] PIREP at (42.00, -98.92) FL33000 2022-02-23 01:14:00 (cache: 34 images)
  SAVED /cluster/tufts/capstone25skyblue/scleme01/SatelliteTurbulencePrediction/model_inputs/2022_02/0000379.npz (83.3s total | fetch=72.0s project=1.0s smooth=7.5s | cache hits=8 misses=7)
[7/108] PIREP at (42.39, -96.38) FL37000 2022-02-23 03:37:00 (cache: 41 images)
  SAVED /cluster/tufts/capstone25skyblue/scleme01/SatelliteTurbulencePrediction/model_inputs/2022_02/0000280.npz (167.6s total | fetch=143.6s project=2.2s smooth=16.3s | cache hits=0 misses=15)
[8/108] PIREP at (38.38, -81.59) FL31000 2022-02-23 10:03:00 (cache: 56 images)
  SAVED /cluster/tufts/capstone25skyblue/scleme01/SatelliteTurbulencePrediction/model_inputs/2022_02/0000322.npz (137.5s total | fetch=114.0s project=2.1s smooth=15.8s | cache hits=0 misses=15)
[9/108] PIREP at (36.89, -83.26) FL29000 2022-02-23 12:23:00 (cache: 71 images)
  SAVED /cluster/tufts/capstone25skyblue/scleme01/SatelliteTurbulencePrediction/model_inputs/2022_02/0000482.npz (163.6s total | fetch=140.1s project=2.1s smooth=15.9s | cache hits=0 misses=15)
[10/108] PIREP at (38.60, -81.83) FL30000 2022-02-23 13:10:00 (cache: 86 images)
  SAVED /cluster/tufts/capstone25skyblue/scleme01/SatelliteTurbulencePrediction/model_inputs/2022_02/0000311.npz (123.7s total | fetch=108.1s project=1.4s smooth=10.5s | cache hits=5 misses=10)
[11/108] PIREP at (42.14, -86.12) FL16000 2022-02-23 15:56:00 (cache: 96 images)
  SAVED /cluster/tufts/capstone25skyblue/scleme01/SatelliteTurbulencePrediction/model_inputs/2022_02/0000538.npz (11798.1s total | fetch=11773.2s project=2.1s smooth=15.8s | cache hits=0 misses=15)
[12/108] PIREP at (40.84, -99.42) FL10000 2022-02-23 16:47:00 (cache: 111 images)
  SAVED /cluster/tufts/capstone25skyblue/scleme01/SatelliteTurbulencePrediction/model_inputs/2022_02/0000502.npz (7689.2s total | fetch=7672.1s project=1.5s smooth=11.0s | cache hits=5 misses=10)
[13/108] PIREP at (43.15, -93.33) FL45000 2022-02-23 16:55:00 (cache: 121 images)
  SAVED /cluster/tufts/capstone25skyblue/scleme01/SatelliteTurbulencePrediction/model_inputs/2022_02/0000463.npz (1848.5s total | fetch=1845.0s project=0.3s smooth=2.1s | cache hits=13 misses=2)
[14/108] PIREP at (34.43, -119.84) FL8200 2022-02-23 17:19:00 (cache: 123 images)
  SAVED /cluster/tufts/capstone25skyblue/scleme01/SatelliteTurbulencePrediction/model_inputs/2022_02/0000456.npz (3370.5s total | fetch=3363.7s project=0.6s smooth=4.2s | cache hits=11 misses=4)
[15/108] PIREP at (28.78, -81.22) FL1200 2022-02-23 17:35:00 (cache: 127 images)
  SAVED /cluster/tufts/capstone25skyblue/scleme01/SatelliteTurbulencePrediction/model_inputs/2022_02/0000357.npz (3034.8s total | fetch=3027.8s project=0.6s smooth=4.4s | cache hits=11 misses=4)
[16/108] PIREP at (37.26, -120.96) FL8700 2022-02-23 20:24:00 (cache: 131 images)
  SAVED /cluster/tufts/capstone25skyblue/scleme01/SatelliteTurbulencePrediction/model_inputs/2022_02/0000504.npz (10864.2s total | fetch=10838.9s project=2.1s smooth=16.2s | cache hits=0 misses=15)
[17/108] PIREP at (32.11, -110.92) FL1000 2022-02-23 21:35:00 (cache: 146 images)
  SAVED /cluster/tufts/capstone25skyblue/scleme01/SatelliteTurbulencePrediction/model_inputs/2022_02/0000233.npz (10452.4s total | fetch=10427.2s project=2.2s smooth=16.1s | cache hits=0 misses=15)
[18/108] PIREP at (38.45, -107.04) FL24000 2022-02-23 21:54:00 (cache: 161 images)
  SAVED /cluster/tufts/capstone25skyblue/scleme01/SatelliteTurbulencePrediction/model_inputs/2022_02/0000234.npz (2104.1s total | fetch=2099.0s project=0.4s smooth=3.2s | cache hits=12 misses=3)
[19/108] PIREP at (35.04, -106.51) FL8500 2022-02-23 22:10:00 (cache: 164 images)
  SAVED /cluster/tufts/capstone25skyblue/scleme01/SatelliteTurbulencePrediction/model_inputs/2022_02/0000235.npz (2354.3s total | fetch=2347.3s project=0.6s smooth=4.4s | cache hits=11 misses=4)
[20/108] PIREP at (35.04, -106.51) FL8500 2022-02-23 22:10:00 (cache: 168 images)
  SAVED /cluster/tufts/capstone25skyblue/scleme01/SatelliteTurbulencePrediction/model_inputs/2022_02/0000236.npz (0.2s total | fetch=0.0s project=0.0s smooth=0.0s | cache hits=15 misses=0)
[21/108] PIREP at (35.06, -89.37) FL12000 2022-02-23 22:23:00 (cache: 168 images)
  SAVED /cluster/tufts/capstone25skyblue/scleme01/SatelliteTurbulencePrediction/model_inputs/2022_02/0000237.npz (1358.4s total | fetch=1354.8s project=0.3s smooth=2.2s | cache hits=13 misses=2)
[22/108] PIREP at (35.06, -106.62) FL9000 2022-02-23 22:40:00 (cache: 170 images)
  SAVED /cluster/tufts/capstone25skyblue/scleme01/SatelliteTurbulencePrediction/model_inputs/2022_02/0000238.npz (2239.9s total | fetch=2232.7s project=0.6s smooth=4.6s | cache hits=11 misses=4)
[23/108] PIREP at (35.06, -106.62) FL9000 2022-02-23 22:40:00 (cache: 174 images)
  SAVED /cluster/tufts/capstone25skyblue/scleme01/SatelliteTurbulencePrediction/model_inputs/2022_02/0000239.npz (0.2s total | fetch=0.0s project=0.0s smooth=0.0s | cache hits=15 misses=0)
[24/108] PIREP at (42.47, -86.11) FL32000 2022-02-23 23:34:00 (cache: 174 images)
  SAVED /cluster/tufts/capstone25skyblue/scleme01/SatelliteTurbulencePrediction/model_inputs/2022_02/0000492.npz (1853.7s total | fetch=1836.7s project=1.6s smooth=11.3s | cache hits=5 misses=10)
[25/108] PIREP at (37.68, -85.58) FL16000 2022-02-24 00:35:00 (cache: 184 images)
  SAVED /cluster/tufts/capstone25skyblue/scleme01/SatelliteTurbulencePrediction/model_inputs/2022_02/0000240.npz (123.4s total | fetch=101.9s project=2.0s smooth=14.6s | cache hits=2 misses=13)
[26/108] PIREP at (37.68, -85.58) FL16000 2022-02-24 00:35:00 (cache: 197 images)
  SAVED /cluster/tufts/capstone25skyblue/scleme01/SatelliteTurbulencePrediction/model_inputs/2022_02/0000241.npz (0.1s total | fetch=0.0s project=0.0s smooth=0.0s | cache hits=15 misses=0)
[27/108] PIREP at (59.01, -144.38) FL38000 2022-02-24 07:51:00 (cache: 197 images)
  SAVED /cluster/tufts/capstone25skyblue/scleme01/SatelliteTurbulencePrediction/model_inputs/2022_02/0000490.npz (142.1s total | fetch=117.5s project=2.3s smooth=16.8s | cache hits=0 misses=15)
[28/108] PIREP at (37.89, -86.24) FL16000 2022-02-24 10:58:00 (cache: 212 images)
  SAVED /cluster/tufts/capstone25skyblue/scleme01/SatelliteTurbulencePrediction/model_inputs/2022_02/0000405.npz (158.6s total | fetch=133.8s project=2.3s smooth=16.9s | cache hits=0 misses=15)
[29/108] PIREP at (43.88, -91.25) FL29000 2022-02-24 13:36:00 (cache: 227 images)
  SAVED /cluster/tufts/capstone25skyblue/scleme01/SatelliteTurbulencePrediction/model_inputs/2022_02/0000512.npz (3075.0s total | fetch=3050.1s project=2.3s smooth=16.6s | cache hits=0 misses=15)
[30/108] PIREP at (41.53, -93.65) FL38000 2022-02-24 13:42:00 (cache: 242 images)
  SAVED /cluster/tufts/capstone25skyblue/scleme01/SatelliteTurbulencePrediction/model_inputs/2022_02/0000306.npz (580.9s total | fetch=579.0s project=0.2s smooth=1.2s | cache hits=14 misses=1)
[31/108] PIREP at (44.45, -84.87) FL28000 2022-02-24 14:30:00 (cache: 243 images)
