Resetting environment
Deactivating conda environment (if any)
Purging all modules
Done! Environment has been torn down
Loading cuda and miniforge...
Activating conda environment...
Redirecting into the satellite repo...
Done! Environment has now been set up
Processing 2018/06 chunk [110:220]
Fetching satellite data for PIREPs in /cluster/tufts/capstone25skyblue/scleme01/SatelliteTurbulencePrediction/pireps/2018/06_turb_pireps.csv
Processing chunk [110:220] (110 PIREPs) from /cluster/tufts/capstone25skyblue/scleme01/SatelliteTurbulencePrediction/pireps/2018/06_turb_pireps.csv
[1/110] PIREP at (30.65, -80.74) FL40000 2018-06-10 11:27:00 (cache: 0 images)
  SAVED /cluster/tufts/capstone25skyblue/scleme01/SatelliteTurbulencePrediction/model_inputs/2018_06/0000312.npz (10110.2s total | fetch=10079.2s project=2.1s smooth=21.6s | cache hits=0 misses=15)
[2/110] PIREP at (42.40, -90.71) FL31000 2018-06-10 11:37:00 (cache: 15 images)
  SAVED /cluster/tufts/capstone25skyblue/scleme01/SatelliteTurbulencePrediction/model_inputs/2018_06/0000257.npz (1681.8s total | fetch=1677.5s project=0.3s smooth=2.9s | cache hits=13 misses=2)
[3/110] PIREP at (38.89, -104.76) FL9500 2018-06-10 15:04:00 (cache: 17 images)
  SAVED /cluster/tufts/capstone25skyblue/scleme01/SatelliteTurbulencePrediction/model_inputs/2018_06/0000306.npz (16873.8s total | fetch=16842.8s project=2.1s smooth=21.6s | cache hits=0 misses=15)
[4/110] PIREP at (54.41, -110.28) FL40000 2018-06-10 16:45:00 (cache: 32 images)
  SAVED /cluster/tufts/capstone25skyblue/scleme01/SatelliteTurbulencePrediction/model_inputs/2018_06/0000055.npz (18835.2s total | fetch=18805.0s project=2.0s smooth=21.1s | cache hits=0 misses=15)
[5/110] PIREP at (41.35, -87.31) FL11000 2018-06-10 17:12:00 (cache: 47 images)
  SAVED /cluster/tufts/capstone25skyblue/scleme01/SatelliteTurbulencePrediction/model_inputs/2018_06/0000056.npz (6357.4s total | fetch=6347.2s project=0.7s smooth=7.0s | cache hits=10 misses=5)
[6/110] PIREP at (29.96, -81.44) FL35000 2018-06-10 18:52:00 (cache: 52 images)
  SAVED /cluster/tufts/capstone25skyblue/scleme01/SatelliteTurbulencePrediction/model_inputs/2018_06/0000057.npz (18120.1s total | fetch=18089.7s project=2.0s smooth=21.1s | cache hits=0 misses=15)
[7/110] PIREP at (55.39, -110.58) FL40000 2018-06-10 19:43:00 (cache: 67 images)
  SAVED /cluster/tufts/capstone25skyblue/scleme01/SatelliteTurbulencePrediction/model_inputs/2018_06/0000058.npz (10934.6s total | fetch=10914.1s project=1.4s smooth=14.3s | cache hits=5 misses=10)
[8/110] PIREP at (39.38, -105.06) FL11000 2018-06-10 21:52:00 (cache: 77 images)
