Resetting environment
Deactivating conda environment (if any)
Purging all modules
Done! Environment has been torn down
Loading cuda and miniforge...
Activating conda environment...
Redirecting into the satellite repo...
Done! Environment has now been set up
Processing 2018/01 chunk [110:220]
Fetching satellite data for PIREPs in /cluster/tufts/capstone25skyblue/scleme01/SatelliteTurbulencePrediction/pireps/2018/01_turb_pireps.csv
Processing chunk [110:220] (110 PIREPs) from /cluster/tufts/capstone25skyblue/scleme01/SatelliteTurbulencePrediction/pireps/2018/01_turb_pireps.csv
[1/110] PIREP at (45.16, -108.78) FL8500 2018-01-09 19:38:00 (cache: 0 images)
  SAVED /cluster/tufts/capstone25skyblue/scleme01/SatelliteTurbulencePrediction/model_inputs/2018_01/0000264.npz (14207.1s total | fetch=14176.2s project=2.1s smooth=21.6s | cache hits=0 misses=15)
[2/110] PIREP at (46.34, -100.38) FL34000 2018-01-09 23:19:00 (cache: 15 images)
  SAVED /cluster/tufts/capstone25skyblue/scleme01/SatelliteTurbulencePrediction/model_inputs/2018_01/0000269.npz (15205.9s total | fetch=15175.1s project=2.1s smooth=21.6s | cache hits=0 misses=15)
[3/110] PIREP at (38.50, -120.35) FL24000 2018-01-10 00:29:00 (cache: 30 images)
  SAVED /cluster/tufts/capstone25skyblue/scleme01/SatelliteTurbulencePrediction/model_inputs/2018_01/0000046.npz (1032.4s total | fetch=1003.6s project=2.0s smooth=20.1s | cache hits=1 misses=14)
[4/110] PIREP at (38.99, -87.25) FL36000 2018-01-10 01:01:00 (cache: 44 images)
  SAVED /cluster/tufts/capstone25skyblue/scleme01/SatelliteTurbulencePrediction/model_inputs/2018_01/0000284.npz (71.6s total | fetch=57.2s project=1.0s smooth=10.1s | cache hits=8 misses=7)
[5/110] PIREP at (38.18, -81.77) FL38000 2018-01-10 01:30:00 (cache: 51 images)
  SAVED /cluster/tufts/capstone25skyblue/scleme01/SatelliteTurbulencePrediction/model_inputs/2018_01/0000281.npz (113.4s total | fetch=101.0s project=0.8s smooth=8.6s | cache hits=9 misses=6)
[6/110] PIREP at (47.00, -144.00) FL35000 2018-01-10 10:12:00 (cache: 57 images)
  SAVED /cluster/tufts/capstone25skyblue/scleme01/SatelliteTurbulencePrediction/model_inputs/2018_01/0000047.npz (250.6s total | fetch=219.6s project=2.1s smooth=21.7s | cache hits=0 misses=15)
[7/110] PIREP at (47.00, -144.00) FL35000 2018-01-10 10:12:00 (cache: 72 images)
  SAVED /cluster/tufts/capstone25skyblue/scleme01/SatelliteTurbulencePrediction/model_inputs/2018_01/0000048.npz (0.1s total | fetch=0.0s project=0.0s smooth=0.0s | cache hits=15 misses=0)
[8/110] PIREP at (42.99, -73.34) FL20000 2018-01-10 13:04:00 (cache: 72 images)
  SAVED /cluster/tufts/capstone25skyblue/scleme01/SatelliteTurbulencePrediction/model_inputs/2018_01/0000324.npz (7543.0s total | fetch=7512.0s project=2.1s smooth=21.6s | cache hits=0 misses=15)
[9/110] PIREP at (42.20, -91.21) FL32000 2018-01-10 14:53:00 (cache: 87 images)
  SAVED /cluster/tufts/capstone25skyblue/scleme01/SatelliteTurbulencePrediction/model_inputs/2018_01/0000391.npz (17291.6s total | fetch=17260.6s project=2.1s smooth=21.6s | cache hits=0 misses=15)
[10/110] PIREP at (45.49, -111.54) FL35000 2018-01-10 16:02:00 (cache: 102 images)
  SAVED /cluster/tufts/capstone25skyblue/scleme01/SatelliteTurbulencePrediction/model_inputs/2018_01/0000290.npz (16579.4s total | fetch=16550.5s project=1.9s smooth=20.2s | cache hits=1 misses=14)
[11/110] PIREP at (34.52, -107.96) FL37000 2018-01-10 16:41:00 (cache: 116 images)
  SAVED /cluster/tufts/capstone25skyblue/scleme01/SatelliteTurbulencePrediction/model_inputs/2018_01/0000323.npz (8562.2s total | fetch=8545.5s project=1.1s smooth=11.6s | cache hits=7 misses=8)
[12/110] PIREP at (39.22, -119.58) FL9000 2018-01-10 18:00:00 (cache: 124 images)
