Resetting environment
Deactivating conda environment (if any)
Purging all modules
Done! Environment has been torn down
Loading cuda and miniforge...
Activating conda environment...
Redirecting into the satellite repo...
Done! Environment has now been set up
Processing 2018/08 chunk [110:220]
Fetching satellite data for PIREPs in /cluster/tufts/capstone25skyblue/scleme01/SatelliteTurbulencePrediction/pireps/2018/08_turb_pireps.csv
Processing chunk [110:220] (110 PIREPs) from /cluster/tufts/capstone25skyblue/scleme01/SatelliteTurbulencePrediction/pireps/2018/08_turb_pireps.csv
[1/110] PIREP at (64.46, -157.68) FL20000 2018-08-11 17:26:00 (cache: 0 images)
  SAVED /cluster/tufts/capstone25skyblue/scleme01/SatelliteTurbulencePrediction/model_inputs/2018_08/0000215.npz (14620.9s total | fetch=14590.7s project=2.0s smooth=21.1s | cache hits=0 misses=15)
[2/110] PIREP at (26.68, -80.10) FL7000 2018-08-11 19:11:00 (cache: 15 images)
  SAVED /cluster/tufts/capstone25skyblue/scleme01/SatelliteTurbulencePrediction/model_inputs/2018_08/0000170.npz (17728.4s total | fetch=17698.0s project=2.0s smooth=21.1s | cache hits=0 misses=15)
[3/110] PIREP at (26.39, -80.85) FL18000 2018-08-11 19:50:00 (cache: 30 images)
  SAVED /cluster/tufts/capstone25skyblue/scleme01/SatelliteTurbulencePrediction/model_inputs/2018_08/0000245.npz (10033.0s total | fetch=10016.8s project=1.1s smooth=11.2s | cache hits=7 misses=8)
[4/110] PIREP at (39.07, -84.88) FL19000 2018-08-11 20:00:00 (cache: 38 images)
  SAVED /cluster/tufts/capstone25skyblue/scleme01/SatelliteTurbulencePrediction/model_inputs/2018_08/0000053.npz (2473.2s total | fetch=2468.9s project=0.3s smooth=2.8s | cache hits=13 misses=2)
[5/110] PIREP at (40.93, -72.58) FL12000 2018-08-11 23:21:00 (cache: 40 images)
  SAVED /cluster/tufts/capstone25skyblue/scleme01/SatelliteTurbulencePrediction/model_inputs/2018_08/0000054.npz (17468.8s total | fetch=17438.5s project=2.0s smooth=21.0s | cache hits=0 misses=15)
[6/110] PIREP at (51.57, -65.93) FL36000 2018-08-12 03:40:00 (cache: 55 images)
  SAVED /cluster/tufts/capstone25skyblue/scleme01/SatelliteTurbulencePrediction/model_inputs/2018_08/0000055.npz (270.7s total | fetch=240.7s project=2.0s smooth=21.0s | cache hits=0 misses=15)
[7/110] PIREP at (42.25, -48.23) FL35000 2018-08-12 15:13:00 (cache: 70 images)
  SAVED /cluster/tufts/capstone25skyblue/scleme01/SatelliteTurbulencePrediction/model_inputs/2018_08/0000056.npz (16663.6s total | fetch=16633.3s project=2.0s smooth=21.1s | cache hits=0 misses=15)
[8/110] PIREP at (34.52, -109.38) FL35000 2018-08-12 15:22:00 (cache: 85 images)
  SAVED /cluster/tufts/capstone25skyblue/scleme01/SatelliteTurbulencePrediction/model_inputs/2018_08/0000233.npz (1828.9s total | fetch=1824.7s project=0.3s smooth=2.8s | cache hits=13 misses=2)
[9/110] PIREP at (61.35, -147.70) FL5500 2018-08-12 18:15:00 (cache: 87 images)
