Resetting environment
Deactivating conda environment (if any)
Purging all modules
Done! Environment has been torn down
Loading cuda and miniforge...
Activating conda environment...
Redirecting into the satellite repo...
Done! Environment has now been set up
Processing 2018/08 chunk [220:330]
Fetching satellite data for PIREPs in /cluster/tufts/capstone25skyblue/scleme01/SatelliteTurbulencePrediction/pireps/2018/08_turb_pireps.csv
Processing chunk [220:330] (82 PIREPs) from /cluster/tufts/capstone25skyblue/scleme01/SatelliteTurbulencePrediction/pireps/2018/08_turb_pireps.csv
[1/82] PIREP at (58.35, -75.00) FL33000 2018-08-22 21:36:00 (cache: 0 images)
  SAVED /cluster/tufts/capstone25skyblue/scleme01/SatelliteTurbulencePrediction/model_inputs/2018_08/0000113.npz (15051.1s total | fetch=15020.9s project=2.0s smooth=21.2s | cache hits=0 misses=15)
[2/82] PIREP at (50.33, -70.07) FL22000 2018-08-23 00:20:00 (cache: 15 images)
  SAVED /cluster/tufts/capstone25skyblue/scleme01/SatelliteTurbulencePrediction/model_inputs/2018_08/0000114.npz (15222.5s total | fetch=15192.2s project=2.0s smooth=21.1s | cache hits=0 misses=15)
[3/82] PIREP at (40.85, -66.20) FL33000 2018-08-23 00:48:00 (cache: 30 images)
  SAVED /cluster/tufts/capstone25skyblue/scleme01/SatelliteTurbulencePrediction/model_inputs/2018_08/0000115.npz (2041.4s total | fetch=2031.2s project=0.7s smooth=7.0s | cache hits=10 misses=5)
[4/82] PIREP at (19.96, -156.13) FL3500 2018-08-23 02:35:00 (cache: 35 images)
  SAVED /cluster/tufts/capstone25skyblue/scleme01/SatelliteTurbulencePrediction/model_inputs/2018_08/0000217.npz (249.3s total | fetch=219.3s project=2.0s smooth=21.0s | cache hits=0 misses=15)
[5/82] PIREP at (38.69, -91.23) FL41000 2018-08-23 12:48:00 (cache: 50 images)
  SAVED /cluster/tufts/capstone25skyblue/scleme01/SatelliteTurbulencePrediction/model_inputs/2018_08/0000274.npz (13012.7s total | fetch=12982.4s project=2.0s smooth=21.0s | cache hits=0 misses=15)
[6/82] PIREP at (40.04, -88.28) FL37000 2018-08-23 17:09:00 (cache: 65 images)
  SAVED /cluster/tufts/capstone25skyblue/scleme01/SatelliteTurbulencePrediction/model_inputs/2018_08/0000171.npz (17400.7s total | fetch=17370.4s project=2.0s smooth=21.0s | cache hits=0 misses=15)
[7/82] PIREP at (40.79, -104.53) FL45000 2018-08-23 19:15:00 (cache: 80 images)
  SAVED /cluster/tufts/capstone25skyblue/scleme01/SatelliteTurbulencePrediction/model_inputs/2018_08/0000116.npz (17446.1s total | fetch=17415.7s project=2.0s smooth=21.1s | cache hits=0 misses=15)
[8/82] PIREP at (41.28, -103.27) FL10000 2018-08-23 19:32:00 (cache: 95 images)
  SAVED /cluster/tufts/capstone25skyblue/scleme01/SatelliteTurbulencePrediction/model_inputs/2018_08/0000117.npz (3115.1s total | fetch=3108.8s project=0.4s smooth=4.2s | cache hits=12 misses=3)
[9/82] PIREP at (61.84, -76.18) FL36000 2018-08-23 19:55:00 (cache: 98 images)
  SAVED /cluster/tufts/capstone25skyblue/scleme01/SatelliteTurbulencePrediction/model_inputs/2018_08/0000118.npz (4983.1s total | fetch=4973.0s project=0.7s smooth=7.0s | cache hits=10 misses=5)
[10/82] PIREP at (40.89, -70.34) FL40000 2018-08-23 20:28:00 (cache: 103 images)
