Resetting environment
Deactivating conda environment (if any)
Purging all modules
Done! Environment has been torn down
Loading cuda and miniforge...
Activating conda environment...
Redirecting into the satellite repo...
Done! Environment has now been set up
Processing 2017/06 chunk [0:150]
Fetching satellite data for PIREPs in /cluster/tufts/capstone25skyblue/scleme01/SatelliteTurbulencePrediction/pireps/2017/06_turb_pireps.csv
Processing chunk [0:150] (150 PIREPs) from /cluster/tufts/capstone25skyblue/scleme01/SatelliteTurbulencePrediction/pireps/2017/06_turb_pireps.csv
[1/150] SKIPPING /cluster/tufts/capstone25skyblue/scleme01/SatelliteTurbulencePrediction/model_inputs/2017_06/0000225.npz (already exists)
[2/150] SKIPPING /cluster/tufts/capstone25skyblue/scleme01/SatelliteTurbulencePrediction/model_inputs/2017_06/0000312.npz (already exists)
[3/150] SKIPPING /cluster/tufts/capstone25skyblue/scleme01/SatelliteTurbulencePrediction/model_inputs/2017_06/0000172.npz (already exists)
[4/150] SKIPPING /cluster/tufts/capstone25skyblue/scleme01/SatelliteTurbulencePrediction/model_inputs/2017_06/0000224.npz (already exists)
[5/150] SKIPPING /cluster/tufts/capstone25skyblue/scleme01/SatelliteTurbulencePrediction/model_inputs/2017_06/0000241.npz (already exists)
[6/150] SKIPPING /cluster/tufts/capstone25skyblue/scleme01/SatelliteTurbulencePrediction/model_inputs/2017_06/0000264.npz (already exists)
[7/150] SKIPPING /cluster/tufts/capstone25skyblue/scleme01/SatelliteTurbulencePrediction/model_inputs/2017_06/0000000.npz (already exists)
[8/150] SKIPPING /cluster/tufts/capstone25skyblue/scleme01/SatelliteTurbulencePrediction/model_inputs/2017_06/0000001.npz (already exists)
[9/150] SKIPPING /cluster/tufts/capstone25skyblue/scleme01/SatelliteTurbulencePrediction/model_inputs/2017_06/0000253.npz (already exists)
[10/150] SKIPPING /cluster/tufts/capstone25skyblue/scleme01/SatelliteTurbulencePrediction/model_inputs/2017_06/0000167.npz (already exists)
[11/150] SKIPPING /cluster/tufts/capstone25skyblue/scleme01/SatelliteTurbulencePrediction/model_inputs/2017_06/0000002.npz (already exists)
[12/150] SKIPPING /cluster/tufts/capstone25skyblue/scleme01/SatelliteTurbulencePrediction/model_inputs/2017_06/0000254.npz (already exists)
[13/150] SKIPPING /cluster/tufts/capstone25skyblue/scleme01/SatelliteTurbulencePrediction/model_inputs/2017_06/0000320.npz (already exists)
[14/150] SKIPPING /cluster/tufts/capstone25skyblue/scleme01/SatelliteTurbulencePrediction/model_inputs/2017_06/0000003.npz (already exists)
[15/150] PIREP at (39.10, -74.80) FL36000 2017-06-02 17:56:00 (cache: 0 images)
  SAVED /cluster/tufts/capstone25skyblue/scleme01/SatelliteTurbulencePrediction/model_inputs/2017_06/0000293.npz (7180.4s total | fetch=7157.3s project=1.7s smooth=16.5s | cache hits=0 misses=15)
[16/150] SKIPPING /cluster/tufts/capstone25skyblue/scleme01/SatelliteTurbulencePrediction/model_inputs/2017_06/0000005.npz (already exists)
[17/150] SKIPPING /cluster/tufts/capstone25skyblue/scleme01/SatelliteTurbulencePrediction/model_inputs/2017_06/0000004.npz (already exists)
[18/150] SKIPPING /cluster/tufts/capstone25skyblue/scleme01/SatelliteTurbulencePrediction/model_inputs/2017_06/0000006.npz (already exists)
[19/150] SKIPPING /cluster/tufts/capstone25skyblue/scleme01/SatelliteTurbulencePrediction/model_inputs/2017_06/0000007.npz (already exists)
[20/150] SKIPPING /cluster/tufts/capstone25skyblue/scleme01/SatelliteTurbulencePrediction/model_inputs/2017_06/0000008.npz (already exists)
[21/150] PIREP at (32.90, -96.44) FL26200 2017-06-03 12:01:00 (cache: 15 images)
  SAVED /cluster/tufts/capstone25skyblue/scleme01/SatelliteTurbulencePrediction/model_inputs/2017_06/0000315.npz (6716.7s total | fetch=6693.8s project=1.7s smooth=16.4s | cache hits=0 misses=15)
[22/150] PIREP at (46.93, -98.14) FL4000 2017-06-03 13:20:00 (cache: 30 images)
  SAVED /cluster/tufts/capstone25skyblue/scleme01/SatelliteTurbulencePrediction/model_inputs/2017_06/0000214.npz (7841.5s total | fetch=7818.6s project=1.7s smooth=16.4s | cache hits=0 misses=15)
[23/150] PIREP at (29.98, -95.73) FL2500 2017-06-03 16:04:00 (cache: 45 images)
  SAVED /cluster/tufts/capstone25skyblue/scleme01/SatelliteTurbulencePrediction/model_inputs/2017_06/0000179.npz (8348.0s total | fetch=8325.1s project=1.7s smooth=16.4s | cache hits=0 misses=15)
[24/150] PIREP at (42.86, -71.51) FL4000 2017-06-03 16:56:00 (cache: 60 images)
  SAVED /cluster/tufts/capstone25skyblue/scleme01/SatelliteTurbulencePrediction/model_inputs/2017_06/0000236.npz (7329.2s total | fetch=7312.6s project=1.2s smooth=11.8s | cache hits=4 misses=11)
[25/150] SKIPPING /cluster/tufts/capstone25skyblue/scleme01/SatelliteTurbulencePrediction/model_inputs/2017_06/0000010.npz (already exists)
[26/150] SKIPPING /cluster/tufts/capstone25skyblue/scleme01/SatelliteTurbulencePrediction/model_inputs/2017_06/0000009.npz (already exists)
[27/150] PIREP at (36.85, -89.21) FL9500 2017-06-03 22:30:00 (cache: 71 images)
  SAVED /cluster/tufts/capstone25skyblue/scleme01/SatelliteTurbulencePrediction/model_inputs/2017_06/0000258.npz (10474.2s total | fetch=10451.7s project=1.6s smooth=16.1s | cache hits=0 misses=15)
[28/150] PIREP at (32.44, -93.81) FL35000 2017-06-04 02:20:00 (cache: 86 images)
  SAVED /cluster/tufts/capstone25skyblue/scleme01/SatelliteTurbulencePrediction/model_inputs/2017_06/0000279.npz (4384.0s total | fetch=4361.7s project=1.6s smooth=16.0s | cache hits=0 misses=15)
[29/150] PIREP at (42.12, -87.90) FL3500 2017-06-04 13:40:00 (cache: 101 images)
  SAVED /cluster/tufts/capstone25skyblue/scleme01/SatelliteTurbulencePrediction/model_inputs/2017_06/0000234.npz (11398.0s total | fetch=11375.6s project=1.6s smooth=16.0s | cache hits=0 misses=15)
[30/150] PIREP at (34.74, -87.60) FL36000 2017-06-04 15:36:00 (cache: 116 images)
  WARNING: Failed to fetch image at 2017-06-04 15:36:00: noaa-goes16/ABI-L2-MCMIPC/2017/155/16
  WARNING: Failed to fetch image at 2017-06-04 15:31:00: noaa-goes16/ABI-L2-MCMIPC/2017/155/16
  WARNING: Failed to fetch image at 2017-06-04 15:26:00: noaa-goes16/ABI-L2-MCMIPC/2017/155/16
  WARNING: Failed to fetch image at 2017-06-04 15:21:00: noaa-goes16/ABI-L2-MCMIPC/2017/155/16
  WARNING: Failed to fetch image at 2017-06-04 15:16:00: noaa-goes16/ABI-L2-MCMIPC/2017/155/16
  WARNING: Failed to fetch image at 2017-06-04 15:11:00: noaa-goes16/ABI-L2-MCMIPC/2017/155/16
  WARNING: Failed to fetch image at 2017-06-04 15:06:00: noaa-goes16/ABI-L2-MCMIPC/2017/155/16
  WARNING: Failed to fetch image at 2017-06-04 15:01:00: noaa-goes16/ABI-L2-MCMIPC/2017/155/16
  SAVED /cluster/tufts/capstone25skyblue/scleme01/SatelliteTurbulencePrediction/model_inputs/2017_06/0000256.npz (48.1s total | fetch=36.2s project=0.8s smooth=7.4s | cache hits=0 misses=7)
[31/150] PIREP at (25.79, -80.32) FL10000 2017-06-04 17:35:00 (cache: 131 images)
  WARNING: Failed to fetch image at 2017-06-04 17:35:00: noaa-goes16/ABI-L2-MCMIPC/2017/155/16
  WARNING: Failed to fetch image at 2017-06-04 17:30:00: noaa-goes16/ABI-L2-MCMIPC/2017/155/16
  WARNING: Failed to fetch image at 2017-06-04 17:25:00: noaa-goes16/ABI-L2-MCMIPC/2017/155/16
  WARNING: Failed to fetch image at 2017-06-04 17:20:00: noaa-goes16/ABI-L2-MCMIPC/2017/155/16
  WARNING: Failed to fetch image at 2017-06-04 17:15:00: noaa-goes16/ABI-L2-MCMIPC/2017/155/16
  WARNING: Failed to fetch image at 2017-06-04 17:10:00: noaa-goes16/ABI-L2-MCMIPC/2017/155/16
  WARNING: Failed to fetch image at 2017-06-04 17:05:00: noaa-goes16/ABI-L2-MCMIPC/2017/155/16
  WARNING: Failed to fetch image at 2017-06-04 17:00:00: noaa-goes16/ABI-L2-MCMIPC/2017/155/16
  WARNING: Failed to fetch image at 2017-06-04 16:55:00: noaa-goes16/ABI-L2-MCMIPC/2017/155/16
  WARNING: Failed to fetch image at 2017-06-04 16:50:00: noaa-goes16/ABI-L2-MCMIPC/2017/155/16
  WARNING: Failed to fetch image at 2017-06-04 16:45:00: noaa-goes16/ABI-L2-MCMIPC/2017/155/16
  WARNING: Failed to fetch image at 2017-06-04 16:40:00: noaa-goes16/ABI-L2-MCMIPC/2017/155/16
  WARNING: Failed to fetch image at 2017-06-04 16:35:00: noaa-goes16/ABI-L2-MCMIPC/2017/155/16
  WARNING: Failed to fetch image at 2017-06-04 16:30:00: noaa-goes16/ABI-L2-MCMIPC/2017/155/16
  WARNING: Failed to fetch image at 2017-06-04 16:25:00: noaa-goes16/ABI-L2-MCMIPC/2017/155/16
  SKIPPED: no frames fetched
[32/150] PIREP at (28.27, -94.87) FL36000 2017-06-04 17:46:00 (cache: 146 images)
  WARNING: Failed to fetch image at 2017-06-04 17:46:00: noaa-goes16/ABI-L2-MCMIPC/2017/155/16
  WARNING: Failed to fetch image at 2017-06-04 17:41:00: noaa-goes16/ABI-L2-MCMIPC/2017/155/16
  SKIPPED: no frames fetched
[33/150] SKIPPING /cluster/tufts/capstone25skyblue/scleme01/SatelliteTurbulencePrediction/model_inputs/2017_06/0000012.npz (already exists)
[34/150] SKIPPING /cluster/tufts/capstone25skyblue/scleme01/SatelliteTurbulencePrediction/model_inputs/2017_06/0000013.npz (already exists)
[35/150] SKIPPING /cluster/tufts/capstone25skyblue/scleme01/SatelliteTurbulencePrediction/model_inputs/2017_06/0000014.npz (already exists)
[36/150] SKIPPING /cluster/tufts/capstone25skyblue/scleme01/SatelliteTurbulencePrediction/model_inputs/2017_06/0000015.npz (already exists)
[37/150] PIREP at (19.73, -156.04) FL10000 2017-06-05 12:24:00 (cache: 148 images)
