Resetting environment
Deactivating conda environment (if any)
Purging all modules
Done! Environment has been torn down
Allocating resources with slurm...
Loading cuda and miniforge...
Activating conda environment...
Redirecting into the satellite repo...
Done! Environment has now been set up
Processing 2020/01 chunk [750:900]
Fetching satellite data for PIREPs in /cluster/tufts/capstone25skyblue/scleme01/SatelliteTurbulencePrediction/pireps/2020/01_turb_pireps.csv
Processing chunk [750:900] (62 PIREPs) from /cluster/tufts/capstone25skyblue/scleme01/SatelliteTurbulencePrediction/pireps/2020/01_turb_pireps.csv
[1/62] PIREP at (58.35, -134.57) FL3000 2020-01-30 00:37:00 (cache: 0 images)
  SAVED /cluster/tufts/capstone25skyblue/scleme01/SatelliteTurbulencePrediction/model_inputs/2020_01/0000413.npz (192.0s total | fetch=160.9s project=2.1s smooth=21.7s | cache hits=0 misses=15)
[2/62] PIREP at (33.35, -116.44) FL15500 2020-01-30 00:38:00 (cache: 15 images)
  SAVED /cluster/tufts/capstone25skyblue/scleme01/SatelliteTurbulencePrediction/model_inputs/2020_01/0000382.npz (0.2s total | fetch=0.0s project=0.0s smooth=0.0s | cache hits=15 misses=0)
[3/62] PIREP at (33.35, -116.44) FL15500 2020-01-30 00:38:00 (cache: 15 images)
  SAVED /cluster/tufts/capstone25skyblue/scleme01/SatelliteTurbulencePrediction/model_inputs/2020_01/0000381.npz (0.2s total | fetch=0.0s project=0.0s smooth=0.0s | cache hits=15 misses=0)
[4/62] PIREP at (34.19, -118.25) FL6500 2020-01-30 00:40:00 (cache: 15 images)
  SAVED /cluster/tufts/capstone25skyblue/scleme01/SatelliteTurbulencePrediction/model_inputs/2020_01/0000383.npz (17.8s total | fetch=15.6s project=0.1s smooth=1.5s | cache hits=14 misses=1)
[5/62] PIREP at (34.20, -118.31) FL4000 2020-01-30 01:00:00 (cache: 16 images)
  SAVED /cluster/tufts/capstone25skyblue/scleme01/SatelliteTurbulencePrediction/model_inputs/2020_01/0000384.npz (56.6s total | fetch=48.1s project=0.6s smooth=5.8s | cache hits=11 misses=4)
[6/62] PIREP at (34.23, -118.19) FL9000 2020-01-30 01:44:00 (cache: 20 images)
  SAVED /cluster/tufts/capstone25skyblue/scleme01/SatelliteTurbulencePrediction/model_inputs/2020_01/0000385.npz (94.8s total | fetch=78.1s project=1.1s smooth=11.5s | cache hits=7 misses=8)
[7/62] PIREP at (39.76, -89.67) FL35000 2020-01-30 02:02:00 (cache: 28 images)
  SAVED /cluster/tufts/capstone25skyblue/scleme01/SatelliteTurbulencePrediction/model_inputs/2020_01/0000465.npz (43.7s total | fetch=35.3s project=0.6s smooth=5.8s | cache hits=11 misses=4)
[8/62] PIREP at (31.95, -107.27) FL31000 2020-01-30 02:12:00 (cache: 32 images)
  SAVED /cluster/tufts/capstone25skyblue/scleme01/SatelliteTurbulencePrediction/model_inputs/2020_01/0000494.npz (30.2s total | fetch=25.8s project=0.3s smooth=2.9s | cache hits=13 misses=2)
[9/62] PIREP at (33.92, -116.85) FL12000 2020-01-30 02:25:00 (cache: 34 images)
  SAVED /cluster/tufts/capstone25skyblue/scleme01/SatelliteTurbulencePrediction/model_inputs/2020_01/0000386.npz (39.4s total | fetch=33.0s project=0.4s smooth=4.3s | cache hits=12 misses=3)
[10/62] PIREP at (33.92, -116.95) FL10000 2020-01-30 02:55:00 (cache: 37 images)
  SAVED /cluster/tufts/capstone25skyblue/scleme01/SatelliteTurbulencePrediction/model_inputs/2020_01/0000387.npz (79.4s total | fetch=66.8s project=0.8s smooth=8.7s | cache hits=9 misses=6)
[11/62] PIREP at (33.98, -98.49) FL32000 2020-01-30 12:15:00 (cache: 43 images)
  SAVED /cluster/tufts/capstone25skyblue/scleme01/SatelliteTurbulencePrediction/model_inputs/2020_01/0000590.npz (173.7s total | fetch=142.5s project=2.1s smooth=21.7s | cache hits=0 misses=15)
[12/62] PIREP at (27.88, -82.25) FL37000 2020-01-30 12:34:00 (cache: 58 images)
  SAVED /cluster/tufts/capstone25skyblue/scleme01/SatelliteTurbulencePrediction/model_inputs/2020_01/0000429.npz (18.6s total | fetch=12.2s project=0.4s smooth=4.3s | cache hits=12 misses=3)
[13/62] PIREP at (47.47, -111.38) FL31000 2020-01-30 14:16:00 (cache: 61 images)
  SAVED /cluster/tufts/capstone25skyblue/scleme01/SatelliteTurbulencePrediction/model_inputs/2020_01/0000388.npz (9272.1s total | fetch=9241.0s project=2.1s smooth=21.6s | cache hits=0 misses=15)
[14/62] PIREP at (60.81, -146.60) FL35000 2020-01-30 14:28:00 (cache: 76 images)
  SAVED /cluster/tufts/capstone25skyblue/scleme01/SatelliteTurbulencePrediction/model_inputs/2020_01/0000642.npz (1421.1s total | fetch=1416.9s project=0.3s smooth=2.9s | cache hits=13 misses=2)
[15/62] PIREP at (32.41, -99.68) FL32000 2020-01-30 14:42:00 (cache: 78 images)
  SAVED /cluster/tufts/capstone25skyblue/scleme01/SatelliteTurbulencePrediction/model_inputs/2020_01/0000511.npz (2016.2s total | fetch=2009.9s project=0.4s smooth=4.3s | cache hits=12 misses=3)
[16/62] PIREP at (42.39, -96.38) FL33000 2020-01-30 14:51:00 (cache: 81 images)
  SAVED /cluster/tufts/capstone25skyblue/scleme01/SatelliteTurbulencePrediction/model_inputs/2020_01/0000600.npz (1413.6s total | fetch=1409.4s project=0.3s smooth=2.8s | cache hits=13 misses=2)
[17/62] PIREP at (38.57, -83.51) FL9000 2020-01-30 16:00:00 (cache: 83 images)
  SAVED /cluster/tufts/capstone25skyblue/scleme01/SatelliteTurbulencePrediction/model_inputs/2020_01/0000508.npz (10286.4s total | fetch=10258.1s project=1.9s smooth=19.6s | cache hits=1 misses=14)
[18/62] PIREP at (58.00, -30.00) FL32000 2020-01-30 16:25:00 (cache: 97 images)
  SAVED /cluster/tufts/capstone25skyblue/scleme01/SatelliteTurbulencePrediction/model_inputs/2020_01/0000389.npz (4625.0s total | fetch=4614.8s project=0.7s smooth=7.0s | cache hits=10 misses=5)
[19/62] PIREP at (51.21, -115.54) FL8600 2020-01-30 17:04:00 (cache: 102 images)
  SAVED /cluster/tufts/capstone25skyblue/scleme01/SatelliteTurbulencePrediction/model_inputs/2020_01/0000516.npz (6727.5s total | fetch=6713.3s project=0.9s smooth=9.8s | cache hits=8 misses=7)
[20/62] PIREP at (34.52, -109.38) FL31000 2020-01-30 17:29:00 (cache: 109 images)
  SAVED /cluster/tufts/capstone25skyblue/scleme01/SatelliteTurbulencePrediction/model_inputs/2020_01/0000709.npz (5358.7s total | fetch=5348.5s project=0.7s smooth=7.0s | cache hits=10 misses=5)
[21/62] SKIPPING /cluster/tufts/capstone25skyblue/scleme01/SatelliteTurbulencePrediction/model_inputs/2020_01/0000757.npz (already exists)
[22/62] SKIPPING /cluster/tufts/capstone25skyblue/scleme01/SatelliteTurbulencePrediction/model_inputs/2020_01/0000390.npz (already exists)
[23/62] SKIPPING /cluster/tufts/capstone25skyblue/scleme01/SatelliteTurbulencePrediction/model_inputs/2020_01/0000725.npz (already exists)
[24/62] SKIPPING /cluster/tufts/capstone25skyblue/scleme01/SatelliteTurbulencePrediction/model_inputs/2020_01/0000426.npz (already exists)
[25/62] SKIPPING /cluster/tufts/capstone25skyblue/scleme01/SatelliteTurbulencePrediction/model_inputs/2020_01/0000586.npz (already exists)
[26/62] SKIPPING /cluster/tufts/capstone25skyblue/scleme01/SatelliteTurbulencePrediction/model_inputs/2020_01/0000767.npz (already exists)
[27/62] SKIPPING /cluster/tufts/capstone25skyblue/scleme01/SatelliteTurbulencePrediction/model_inputs/2020_01/0000391.npz (already exists)
[28/62] SKIPPING /cluster/tufts/capstone25skyblue/scleme01/SatelliteTurbulencePrediction/model_inputs/2020_01/0000689.npz (already exists)
[29/62] SKIPPING /cluster/tufts/capstone25skyblue/scleme01/SatelliteTurbulencePrediction/model_inputs/2020_01/0000762.npz (already exists)
[30/62] SKIPPING /cluster/tufts/capstone25skyblue/scleme01/SatelliteTurbulencePrediction/model_inputs/2020_01/0000583.npz (already exists)
[31/62] SKIPPING /cluster/tufts/capstone25skyblue/scleme01/SatelliteTurbulencePrediction/model_inputs/2020_01/0000392.npz (already exists)
[32/62] SKIPPING /cluster/tufts/capstone25skyblue/scleme01/SatelliteTurbulencePrediction/model_inputs/2020_01/0000393.npz (already exists)
[33/62] SKIPPING /cluster/tufts/capstone25skyblue/scleme01/SatelliteTurbulencePrediction/model_inputs/2020_01/0000394.npz (already exists)
[34/62] SKIPPING /cluster/tufts/capstone25skyblue/scleme01/SatelliteTurbulencePrediction/model_inputs/2020_01/0000396.npz (already exists)
[35/62] SKIPPING /cluster/tufts/capstone25skyblue/scleme01/SatelliteTurbulencePrediction/model_inputs/2020_01/0000395.npz (already exists)
[36/62] SKIPPING /cluster/tufts/capstone25skyblue/scleme01/SatelliteTurbulencePrediction/model_inputs/2020_01/0000397.npz (already exists)
[37/62] SKIPPING /cluster/tufts/capstone25skyblue/scleme01/SatelliteTurbulencePrediction/model_inputs/2020_01/0000806.npz (already exists)
[38/62] SKIPPING /cluster/tufts/capstone25skyblue/scleme01/SatelliteTurbulencePrediction/model_inputs/2020_01/0000557.npz (already exists)
[39/62] SKIPPING /cluster/tufts/capstone25skyblue/scleme01/SatelliteTurbulencePrediction/model_inputs/2020_01/0000717.npz (already exists)
[40/62] SKIPPING /cluster/tufts/capstone25skyblue/scleme01/SatelliteTurbulencePrediction/model_inputs/2020_01/0000398.npz (already exists)
[41/62] SKIPPING /cluster/tufts/capstone25skyblue/scleme01/SatelliteTurbulencePrediction/model_inputs/2020_01/0000489.npz (already exists)
[42/62] SKIPPING /cluster/tufts/capstone25skyblue/scleme01/SatelliteTurbulencePrediction/model_inputs/2020_01/0000468.npz (already exists)
[43/62] SKIPPING /cluster/tufts/capstone25skyblue/scleme01/SatelliteTurbulencePrediction/model_inputs/2020_01/0000698.npz (already exists)
[44/62] SKIPPING /cluster/tufts/capstone25skyblue/scleme01/SatelliteTurbulencePrediction/model_inputs/2020_01/0000399.npz (already exists)
[45/62] SKIPPING /cluster/tufts/capstone25skyblue/scleme01/SatelliteTurbulencePrediction/model_inputs/2020_01/0000520.npz (already exists)
[46/62] SKIPPING /cluster/tufts/capstone25skyblue/scleme01/SatelliteTurbulencePrediction/model_inputs/2020_01/0000735.npz (already exists)
[47/62] SKIPPING /cluster/tufts/capstone25skyblue/scleme01/SatelliteTurbulencePrediction/model_inputs/2020_01/0000575.npz (already exists)
[48/62] SKIPPING /cluster/tufts/capstone25skyblue/scleme01/SatelliteTurbulencePrediction/model_inputs/2020_01/0000400.npz (already exists)
[49/62] SKIPPING /cluster/tufts/capstone25skyblue/scleme01/SatelliteTurbulencePrediction/model_inputs/2020_01/0000778.npz (already exists)
[50/62] SKIPPING /cluster/tufts/capstone25skyblue/scleme01/SatelliteTurbulencePrediction/model_inputs/2020_01/0000537.npz (already exists)
[51/62] SKIPPING /cluster/tufts/capstone25skyblue/scleme01/SatelliteTurbulencePrediction/model_inputs/2020_01/0000756.npz (already exists)
[52/62] SKIPPING /cluster/tufts/capstone25skyblue/scleme01/SatelliteTurbulencePrediction/model_inputs/2020_01/0000545.npz (already exists)
[53/62] SKIPPING /cluster/tufts/capstone25skyblue/scleme01/SatelliteTurbulencePrediction/model_inputs/2020_01/0000401.npz (already exists)
[54/62] SKIPPING /cluster/tufts/capstone25skyblue/scleme01/SatelliteTurbulencePrediction/model_inputs/2020_01/0000681.npz (already exists)
[55/62] SKIPPING /cluster/tufts/capstone25skyblue/scleme01/SatelliteTurbulencePrediction/model_inputs/2020_01/0000402.npz (already exists)
[56/62] SKIPPING /cluster/tufts/capstone25skyblue/scleme01/SatelliteTurbulencePrediction/model_inputs/2020_01/0000403.npz (already exists)
[57/62] SKIPPING /cluster/tufts/capstone25skyblue/scleme01/SatelliteTurbulencePrediction/model_inputs/2020_01/0000404.npz (already exists)
[58/62] SKIPPING /cluster/tufts/capstone25skyblue/scleme01/SatelliteTurbulencePrediction/model_inputs/2020_01/0000405.npz (already exists)
[59/62] PIREP at (42.91, -112.60) FL8600 2020-01-31 19:00:00 (cache: 114 images)
