Resetting environment
Deactivating conda environment (if any)
Purging all modules
Done! Environment has been torn down
Loading cuda and miniforge...
Activating conda environment...
Redirecting into the satellite repo...
Done! Environment has now been set up
Processing 2020/05 chunk [110:220]
Fetching satellite data for PIREPs in /cluster/tufts/capstone25skyblue/scleme01/SatelliteTurbulencePrediction/pireps/2020/05_turb_pireps.csv
Processing chunk [110:220] (108 PIREPs) from /cluster/tufts/capstone25skyblue/scleme01/SatelliteTurbulencePrediction/pireps/2020/05_turb_pireps.csv
[1/108] PIREP at (38.32, -96.41) FL38000 2020-05-17 16:39:00 (cache: 0 images)
  SAVED /cluster/tufts/capstone25skyblue/scleme01/SatelliteTurbulencePrediction/model_inputs/2020_05/0000187.npz (17354.8s total | fetch=17324.5s project=2.0s smooth=21.1s | cache hits=0 misses=15)
[2/108] PIREP at (24.18, -90.10) FL40000 2020-05-17 18:29:00 (cache: 15 images)
  SAVED /cluster/tufts/capstone25skyblue/scleme01/SatelliteTurbulencePrediction/model_inputs/2020_05/0000054.npz (17670.0s total | fetch=17639.8s project=2.0s smooth=21.0s | cache hits=0 misses=15)
[3/108] PIREP at (24.18, -90.10) FL40000 2020-05-17 18:29:00 (cache: 30 images)
  SAVED /cluster/tufts/capstone25skyblue/scleme01/SatelliteTurbulencePrediction/model_inputs/2020_05/0000055.npz (0.2s total | fetch=0.0s project=0.0s smooth=0.0s | cache hits=15 misses=0)
[4/108] PIREP at (24.18, -90.10) FL40000 2020-05-17 18:29:00 (cache: 30 images)
  SAVED /cluster/tufts/capstone25skyblue/scleme01/SatelliteTurbulencePrediction/model_inputs/2020_05/0000056.npz (0.2s total | fetch=0.0s project=0.0s smooth=0.0s | cache hits=15 misses=0)
[5/108] PIREP at (37.63, -118.63) FL14500 2020-05-17 19:41:00 (cache: 30 images)
  SAVED /cluster/tufts/capstone25skyblue/scleme01/SatelliteTurbulencePrediction/model_inputs/2020_05/0000057.npz (18810.8s total | fetch=18780.6s project=2.0s smooth=21.0s | cache hits=0 misses=15)
[6/108] PIREP at (41.88, -91.72) FL38000 2020-05-17 20:33:00 (cache: 45 images)
  SAVED /cluster/tufts/capstone25skyblue/scleme01/SatelliteTurbulencePrediction/model_inputs/2020_05/0000172.npz (12268.5s total | fetch=12248.4s project=1.3s smooth=14.0s | cache hits=5 misses=10)
[7/108] PIREP at (32.88, -87.62) FL23000 2020-05-17 21:39:00 (cache: 55 images)
  SAVED /cluster/tufts/capstone25skyblue/scleme01/SatelliteTurbulencePrediction/model_inputs/2020_05/0000180.npz (13686.6s total | fetch=13660.4s project=1.7s smooth=18.2s | cache hits=2 misses=13)
[8/108] PIREP at (41.52, -87.84) FL38000 2020-05-17 23:30:00 (cache: 68 images)
