Resetting environment
Deactivating conda environment (if any)
Purging all modules
Done! Environment has been torn down
Loading cuda and miniforge...
Activating conda environment...
Redirecting into the satellite repo...
Done! Environment has now been set up
Processing 2018/03 chunk [550:660]
Fetching satellite data for PIREPs in /cluster/tufts/capstone25skyblue/scleme01/SatelliteTurbulencePrediction/pireps/2018/03_turb_pireps.csv
Processing chunk [550:660] (110 PIREPs) from /cluster/tufts/capstone25skyblue/scleme01/SatelliteTurbulencePrediction/pireps/2018/03_turb_pireps.csv
[1/110] PIREP at (32.30, -103.39) FL30000 2018-03-27 22:46:00 (cache: 0 images)
  SAVED /cluster/tufts/capstone25skyblue/scleme01/SatelliteTurbulencePrediction/model_inputs/2018_03/0000269.npz (13876.0s total | fetch=13838.3s project=3.3s smooth=25.5s | cache hits=0 misses=15)
[2/110] PIREP at (42.34, -67.64) FL37000 2018-03-27 22:53:00 (cache: 15 images)
  SAVED /cluster/tufts/capstone25skyblue/scleme01/SatelliteTurbulencePrediction/model_inputs/2018_03/0000270.npz (1044.7s total | fetch=1042.5s project=0.1s smooth=1.4s | cache hits=14 misses=1)
[3/110] PIREP at (50.97, -114.25) FL7000 2018-03-27 22:56:00 (cache: 16 images)
  SAVED /cluster/tufts/capstone25skyblue/scleme01/SatelliteTurbulencePrediction/model_inputs/2018_03/0000271.npz (959.0s total | fetch=956.8s project=0.1s smooth=1.4s | cache hits=14 misses=1)
[4/110] PIREP at (47.19, -112.28) FL43000 2018-03-27 23:00:00 (cache: 17 images)
  SAVED /cluster/tufts/capstone25skyblue/scleme01/SatelliteTurbulencePrediction/model_inputs/2018_03/0000272.npz (1171.9s total | fetch=1169.7s project=0.1s smooth=1.4s | cache hits=14 misses=1)
[5/110] PIREP at (45.27, -73.74) FL4000 2018-03-27 23:10:00 (cache: 18 images)
  SAVED /cluster/tufts/capstone25skyblue/scleme01/SatelliteTurbulencePrediction/model_inputs/2018_03/0000273.npz (2142.9s total | fetch=2138.6s project=0.3s smooth=2.9s | cache hits=13 misses=2)
[6/110] PIREP at (44.38, -100.29) FL32000 2018-03-27 23:15:00 (cache: 20 images)
  SAVED /cluster/tufts/capstone25skyblue/scleme01/SatelliteTurbulencePrediction/model_inputs/2018_03/0000502.npz (852.6s total | fetch=849.7s project=0.3s smooth=1.9s | cache hits=14 misses=1)
[7/110] PIREP at (43.60, -64.70) FL37000 2018-03-27 23:38:00 (cache: 21 images)
  SAVED /cluster/tufts/capstone25skyblue/scleme01/SatelliteTurbulencePrediction/model_inputs/2018_03/0000274.npz (3890.4s total | fetch=3879.0s project=1.1s smooth=7.5s | cache hits=11 misses=4)
[8/110] PIREP at (37.74, -99.37) FL26000 2018-03-28 00:00:00 (cache: 25 images)
  SAVED /cluster/tufts/capstone25skyblue/scleme01/SatelliteTurbulencePrediction/model_inputs/2018_03/0000460.npz (4129.9s total | fetch=4115.8s project=1.3s smooth=9.4s | cache hits=10 misses=5)
[9/110] PIREP at (31.49, -103.00) FL27000 2018-03-28 00:01:00 (cache: 30 images)
  SAVED /cluster/tufts/capstone25skyblue/scleme01/SatelliteTurbulencePrediction/model_inputs/2018_03/0000275.npz (0.2s total | fetch=0.0s project=0.0s smooth=0.0s | cache hits=15 misses=0)
[10/110] PIREP at (44.78, -66.67) FL39000 2018-03-28 00:33:00 (cache: 30 images)
  SAVED /cluster/tufts/capstone25skyblue/scleme01/SatelliteTurbulencePrediction/model_inputs/2018_03/0000276.npz (121.9s total | fetch=105.1s project=1.6s smooth=11.2s | cache hits=9 misses=6)
[11/110] PIREP at (45.79, -67.36) FL39000 2018-03-28 00:56:00 (cache: 36 images)
  SAVED /cluster/tufts/capstone25skyblue/scleme01/SatelliteTurbulencePrediction/model_inputs/2018_03/0000277.npz (78.5s total | fetch=64.5s project=1.3s smooth=9.3s | cache hits=10 misses=5)
[12/110] PIREP at (42.50, -65.88) FL37000 2018-03-28 00:57:00 (cache: 41 images)
  SAVED /cluster/tufts/capstone25skyblue/scleme01/SatelliteTurbulencePrediction/model_inputs/2018_03/0000278.npz (0.2s total | fetch=0.0s project=0.0s smooth=0.0s | cache hits=15 misses=0)
[13/110] PIREP at (32.89, -112.72) FL32000 2018-03-28 01:43:00 (cache: 41 images)
  SAVED /cluster/tufts/capstone25skyblue/scleme01/SatelliteTurbulencePrediction/model_inputs/2018_03/0000332.npz (139.5s total | fetch=114.2s project=2.4s smooth=16.8s | cache hits=6 misses=9)
[14/110] PIREP at (44.10, -65.45) FL37000 2018-03-28 01:50:00 (cache: 50 images)
  SAVED /cluster/tufts/capstone25skyblue/scleme01/SatelliteTurbulencePrediction/model_inputs/2018_03/0000279.npz (35.2s total | fetch=29.4s project=0.5s smooth=3.7s | cache hits=13 misses=2)
[15/110] PIREP at (47.85, -72.94) FL33000 2018-03-28 02:40:00 (cache: 52 images)
  SAVED /cluster/tufts/capstone25skyblue/scleme01/SatelliteTurbulencePrediction/model_inputs/2018_03/0000280.npz (174.0s total | fetch=146.1s project=2.7s smooth=18.7s | cache hits=5 misses=10)
[16/110] PIREP at (44.33, -65.62) FL39000 2018-03-28 02:40:00 (cache: 62 images)
  SAVED /cluster/tufts/capstone25skyblue/scleme01/SatelliteTurbulencePrediction/model_inputs/2018_03/0000281.npz (0.2s total | fetch=0.0s project=0.0s smooth=0.0s | cache hits=15 misses=0)
[17/110] PIREP at (43.63, -66.80) FL39000 2018-03-28 02:50:00 (cache: 62 images)
  SAVED /cluster/tufts/capstone25skyblue/scleme01/SatelliteTurbulencePrediction/model_inputs/2018_03/0000282.npz (37.8s total | fetch=32.0s project=0.5s smooth=3.7s | cache hits=13 misses=2)
[18/110] PIREP at (43.67, -66.72) FL39000 2018-03-28 02:50:00 (cache: 64 images)
  SAVED /cluster/tufts/capstone25skyblue/scleme01/SatelliteTurbulencePrediction/model_inputs/2018_03/0000283.npz (0.2s total | fetch=0.0s project=0.0s smooth=0.0s | cache hits=15 misses=0)
[19/110] PIREP at (42.83, -64.77) FL35000 2018-03-28 02:50:00 (cache: 64 images)
  SAVED /cluster/tufts/capstone25skyblue/scleme01/SatelliteTurbulencePrediction/model_inputs/2018_03/0000284.npz (0.2s total | fetch=0.0s project=0.0s smooth=0.0s | cache hits=15 misses=0)
[20/110] PIREP at (44.50, -65.00) FL33000 2018-03-28 03:50:00 (cache: 64 images)
  SAVED /cluster/tufts/capstone25skyblue/scleme01/SatelliteTurbulencePrediction/model_inputs/2018_03/0000285.npz (198.2s total | fetch=164.7s project=3.2s smooth=22.4s | cache hits=3 misses=12)
[21/110] PIREP at (39.50, -93.74) FL20500 2018-03-28 04:18:00 (cache: 76 images)
  SAVED /cluster/tufts/capstone25skyblue/scleme01/SatelliteTurbulencePrediction/model_inputs/2018_03/0000286.npz (82.8s total | fetch=68.7s project=1.3s smooth=9.4s | cache hits=10 misses=5)
[22/110] PIREP at (41.15, -0.11) FL35000 2018-03-28 05:43:00 (cache: 81 images)
  SAVED /cluster/tufts/capstone25skyblue/scleme01/SatelliteTurbulencePrediction/model_inputs/2018_03/0000287.npz (233.2s total | fetch=191.4s project=4.0s smooth=28.1s | cache hits=0 misses=15)
[23/110] PIREP at (30.23, -65.15) FL38000 2018-03-28 08:05:00 (cache: 96 images)
  SAVED /cluster/tufts/capstone25skyblue/scleme01/SatelliteTurbulencePrediction/model_inputs/2018_03/0000288.npz (233.0s total | fetch=191.1s project=4.0s smooth=28.1s | cache hits=0 misses=15)
[24/110] PIREP at (44.27, -63.40) FL37000 2018-03-28 09:37:00 (cache: 111 images)
  SAVED /cluster/tufts/capstone25skyblue/scleme01/SatelliteTurbulencePrediction/model_inputs/2018_03/0000289.npz (237.9s total | fetch=196.0s project=4.0s smooth=28.1s | cache hits=0 misses=15)
[25/110] PIREP at (44.29, -75.27) FL7000 2018-03-28 12:05:00 (cache: 126 images)
  SAVED /cluster/tufts/capstone25skyblue/scleme01/SatelliteTurbulencePrediction/model_inputs/2018_03/0000353.npz (462.3s total | fetch=420.4s project=4.0s smooth=28.1s | cache hits=0 misses=15)
[26/110] PIREP at (28.40, -86.78) FL34000 2018-03-28 12:11:00 (cache: 141 images)
  SAVED /cluster/tufts/capstone25skyblue/scleme01/SatelliteTurbulencePrediction/model_inputs/2018_03/0000456.npz (1196.7s total | fetch=1193.6s project=0.3s smooth=1.9s | cache hits=14 misses=1)
[27/110] PIREP at (39.11, -81.37) FL30000 2018-03-28 13:03:00 (cache: 142 images)
  SAVED /cluster/tufts/capstone25skyblue/scleme01/SatelliteTurbulencePrediction/model_inputs/2018_03/0000469.npz (10034.7s total | fetch=10009.8s project=2.1s smooth=16.8s | cache hits=5 misses=10)
[28/110] PIREP at (46.16, -100.86) FL36000 2018-03-28 13:03:00 (cache: 152 images)
  SAVED /cluster/tufts/capstone25skyblue/scleme01/SatelliteTurbulencePrediction/model_inputs/2018_03/0000333.npz (0.2s total | fetch=0.0s project=0.0s smooth=0.0s | cache hits=15 misses=0)
[29/110] PIREP at (40.07, -83.97) FL11000 2018-03-28 13:17:00 (cache: 152 images)
  SAVED /cluster/tufts/capstone25skyblue/scleme01/SatelliteTurbulencePrediction/model_inputs/2018_03/0000652.npz (3186.7s total | fetch=3180.6s project=0.4s smooth=4.2s | cache hits=12 misses=3)
[30/110] PIREP at (39.80, -83.93) FL36000 2018-03-28 14:06:00 (cache: 155 images)
  SAVED /cluster/tufts/capstone25skyblue/scleme01/SatelliteTurbulencePrediction/model_inputs/2018_03/0000582.npz (11286.8s total | fetch=11264.3s project=1.7s smooth=15.5s | cache hits=5 misses=10)
[31/110] PIREP at (28.09, -80.61) FL4500 2018-03-28 15:19:00 (cache: 165 images)
  SAVED /cluster/tufts/capstone25skyblue/scleme01/SatelliteTurbulencePrediction/model_inputs/2018_03/0000457.npz (16354.3s total | fetch=16326.0s project=1.9s smooth=19.8s | cache hits=1 misses=14)
[32/110] PIREP at (36.06, -85.53) FL4000 2018-03-28 15:27:00 (cache: 179 images)
  SAVED /cluster/tufts/capstone25skyblue/scleme01/SatelliteTurbulencePrediction/model_inputs/2018_03/0000290.npz (2440.1s total | fetch=2435.8s project=0.3s smooth=2.9s | cache hits=13 misses=2)
[33/110] PIREP at (61.26, -150.08) FL500 2018-03-28 16:40:00 (cache: 181 images)
  SAVED /cluster/tufts/capstone25skyblue/scleme01/SatelliteTurbulencePrediction/model_inputs/2018_03/0000464.npz (14727.2s total | fetch=14685.2s project=4.0s smooth=28.1s | cache hits=0 misses=15)
[34/110] PIREP at (48.54, -117.88) FL7500 2018-03-28 18:08:00 (cache: 196 images)
