Resetting environment
Deactivating conda environment (if any)
Purging all modules
Done! Environment has been torn down
Loading cuda and miniforge...
Activating conda environment...
Redirecting into the satellite repo...
Done! Environment has now been set up
Processing 2022/03 chunk [550:660]
Fetching satellite data for PIREPs in /cluster/tufts/capstone25skyblue/scleme01/SatelliteTurbulencePrediction/pireps/2022/03_turb_pireps.csv
Processing chunk [550:660] (110 PIREPs) from /cluster/tufts/capstone25skyblue/scleme01/SatelliteTurbulencePrediction/pireps/2022/03_turb_pireps.csv
[1/110] PIREP at (40.45, -105.01) FL6000 2022-03-22 14:38:00 (cache: 0 images)
  SAVED /cluster/tufts/capstone25skyblue/scleme01/SatelliteTurbulencePrediction/model_inputs/2022_03/0000821.npz (11832.9s total | fetch=11808.2s project=2.1s smooth=15.8s | cache hits=0 misses=15)
[2/110] PIREP at (38.75, -82.24) FL36000 2022-03-22 14:38:00 (cache: 15 images)
  SAVED /cluster/tufts/capstone25skyblue/scleme01/SatelliteTurbulencePrediction/model_inputs/2022_03/0000610.npz (0.1s total | fetch=0.0s project=0.0s smooth=0.0s | cache hits=15 misses=0)
[3/110] PIREP at (41.91, -88.25) FL1700 2022-03-22 14:45:00 (cache: 15 images)
  SAVED /cluster/tufts/capstone25skyblue/scleme01/SatelliteTurbulencePrediction/model_inputs/2022_03/0000474.npz (1596.2s total | fetch=1592.8s project=0.3s smooth=2.1s | cache hits=13 misses=2)
[4/110] PIREP at (37.20, -96.96) FL23000 2022-03-22 14:56:00 (cache: 17 images)
  SAVED /cluster/tufts/capstone25skyblue/scleme01/SatelliteTurbulencePrediction/model_inputs/2022_03/0000251.npz (1521.6s total | fetch=1518.2s project=0.3s smooth=2.1s | cache hits=13 misses=2)
[5/110] PIREP at (38.82, -96.30) FL30000 2022-03-22 14:58:00 (cache: 19 images)
  SAVED /cluster/tufts/capstone25skyblue/scleme01/SatelliteTurbulencePrediction/model_inputs/2022_03/0000252.npz (0.1s total | fetch=0.0s project=0.0s smooth=0.0s | cache hits=15 misses=0)
[6/110] PIREP at (58.17, -135.25) FL8000 2022-03-22 15:41:00 (cache: 19 images)
  SAVED /cluster/tufts/capstone25skyblue/scleme01/SatelliteTurbulencePrediction/model_inputs/2022_03/0000253.npz (7272.4s total | fetch=7257.7s project=1.3s smooth=9.4s | cache hits=6 misses=9)
[7/110] PIREP at (42.04, -94.78) FL24000 2022-03-22 16:01:00 (cache: 28 images)
  SAVED /cluster/tufts/capstone25skyblue/scleme01/SatelliteTurbulencePrediction/model_inputs/2022_03/0000254.npz (3522.8s total | fetch=3515.8s project=0.6s smooth=4.4s | cache hits=11 misses=4)
[8/110] PIREP at (46.03, -91.44) FL37000 2022-03-22 16:08:00 (cache: 32 images)
  SAVED /cluster/tufts/capstone25skyblue/scleme01/SatelliteTurbulencePrediction/model_inputs/2022_03/0000456.npz (644.4s total | fetch=642.5s project=0.2s smooth=1.1s | cache hits=14 misses=1)
[9/110] PIREP at (58.36, -134.95) FL10000 2022-03-22 16:15:00 (cache: 33 images)
  SAVED /cluster/tufts/capstone25skyblue/scleme01/SatelliteTurbulencePrediction/model_inputs/2022_03/0000789.npz (1668.9s total | fetch=1665.4s project=0.3s smooth=2.2s | cache hits=13 misses=2)
[10/110] PIREP at (38.43, -91.03) FL37000 2022-03-22 16:26:00 (cache: 35 images)
  SAVED /cluster/tufts/capstone25skyblue/scleme01/SatelliteTurbulencePrediction/model_inputs/2022_03/0000689.npz (1441.6s total | fetch=1438.1s project=0.3s smooth=2.2s | cache hits=13 misses=2)
[11/110] PIREP at (37.09, -84.08) FL7000 2022-03-22 16:31:00 (cache: 37 images)
  SAVED /cluster/tufts/capstone25skyblue/scleme01/SatelliteTurbulencePrediction/model_inputs/2022_03/0000562.npz (943.9s total | fetch=942.1s project=0.1s smooth=1.1s | cache hits=14 misses=1)
[12/110] PIREP at (33.78, -117.49) FL5500 2022-03-22 17:15:00 (cache: 38 images)
  SAVED /cluster/tufts/capstone25skyblue/scleme01/SatelliteTurbulencePrediction/model_inputs/2022_03/0000255.npz (7147.9s total | fetch=7132.8s project=1.3s smooth=9.6s | cache hits=6 misses=9)
[13/110] PIREP at (33.78, -117.49) FL5500 2022-03-22 17:15:00 (cache: 47 images)
  SAVED /cluster/tufts/capstone25skyblue/scleme01/SatelliteTurbulencePrediction/model_inputs/2022_03/0000257.npz (0.2s total | fetch=0.0s project=0.0s smooth=0.0s | cache hits=15 misses=0)
[14/110] PIREP at (33.74, -117.49) FL5500 2022-03-22 17:15:00 (cache: 47 images)
  SAVED /cluster/tufts/capstone25skyblue/scleme01/SatelliteTurbulencePrediction/model_inputs/2022_03/0000256.npz (0.2s total | fetch=0.0s project=0.0s smooth=0.0s | cache hits=15 misses=0)
[15/110] PIREP at (34.10, -117.23) FL8500 2022-03-22 17:19:00 (cache: 47 images)
  SAVED /cluster/tufts/capstone25skyblue/scleme01/SatelliteTurbulencePrediction/model_inputs/2022_03/0000259.npz (0.1s total | fetch=0.0s project=0.0s smooth=0.0s | cache hits=15 misses=0)
[16/110] PIREP at (34.10, -117.23) FL8500 2022-03-22 17:19:00 (cache: 47 images)
  SAVED /cluster/tufts/capstone25skyblue/scleme01/SatelliteTurbulencePrediction/model_inputs/2022_03/0000258.npz (0.1s total | fetch=0.0s project=0.0s smooth=0.0s | cache hits=15 misses=0)
[17/110] PIREP at (38.82, -95.62) FL27000 2022-03-22 17:26:00 (cache: 47 images)
  SAVED /cluster/tufts/capstone25skyblue/scleme01/SatelliteTurbulencePrediction/model_inputs/2022_03/0000261.npz (1546.1s total | fetch=1542.7s project=0.3s smooth=2.1s | cache hits=13 misses=2)
[18/110] PIREP at (38.82, -95.62) FL27000 2022-03-22 17:26:00 (cache: 49 images)
  SAVED /cluster/tufts/capstone25skyblue/scleme01/SatelliteTurbulencePrediction/model_inputs/2022_03/0000260.npz (0.1s total | fetch=0.0s project=0.0s smooth=0.0s | cache hits=15 misses=0)
[19/110] PIREP at (40.79, -91.45) FL35000 2022-03-22 17:27:00 (cache: 49 images)
  SAVED /cluster/tufts/capstone25skyblue/scleme01/SatelliteTurbulencePrediction/model_inputs/2022_03/0000262.npz (0.1s total | fetch=0.0s project=0.0s smooth=0.0s | cache hits=15 misses=0)
[20/110] PIREP at (34.19, -117.49) FL6000 2022-03-22 17:45:00 (cache: 49 images)
  SAVED /cluster/tufts/capstone25skyblue/scleme01/SatelliteTurbulencePrediction/model_inputs/2022_03/0000263.npz (3052.3s total | fetch=3045.5s project=0.6s smooth=4.3s | cache hits=11 misses=4)
[21/110] PIREP at (33.18, -98.27) FL26000 2022-03-22 17:45:00 (cache: 53 images)
  SAVED /cluster/tufts/capstone25skyblue/scleme01/SatelliteTurbulencePrediction/model_inputs/2022_03/0000775.npz (0.1s total | fetch=0.0s project=0.0s smooth=0.0s | cache hits=15 misses=0)
[22/110] PIREP at (31.33, -93.34) FL36000 2022-03-22 18:27:00 (cache: 53 images)
  SAVED /cluster/tufts/capstone25skyblue/scleme01/SatelliteTurbulencePrediction/model_inputs/2022_03/0000264.npz (6218.6s total | fetch=6205.3s project=1.1s smooth=8.4s | cache hits=7 misses=8)
[23/110] PIREP at (29.50, -149.50) FL35000 2022-03-22 18:39:00 (cache: 61 images)
  SAVED /cluster/tufts/capstone25skyblue/scleme01/SatelliteTurbulencePrediction/model_inputs/2022_03/0000535.npz (1730.7s total | fetch=1727.4s project=0.3s smooth=2.1s | cache hits=13 misses=2)
[24/110] PIREP at (37.44, -82.38) FL33000 2022-03-22 19:02:00 (cache: 63 images)
  SAVED /cluster/tufts/capstone25skyblue/scleme01/SatelliteTurbulencePrediction/model_inputs/2022_03/0000523.npz (3604.6s total | fetch=3596.1s project=0.7s smooth=5.3s | cache hits=10 misses=5)
[25/110] PIREP at (34.16, -117.35) FL7500 2022-03-22 19:14:00 (cache: 68 images)
  SAVED /cluster/tufts/capstone25skyblue/scleme01/SatelliteTurbulencePrediction/model_inputs/2022_03/0000265.npz (1443.9s total | fetch=1440.5s project=0.3s smooth=2.1s | cache hits=13 misses=2)
[26/110] PIREP at (38.59, -106.65) FL18000 2022-03-22 19:56:00 (cache: 70 images)
  SAVED /cluster/tufts/capstone25skyblue/scleme01/SatelliteTurbulencePrediction/model_inputs/2022_03/0000266.npz (6830.8s total | fetch=6815.6s project=1.3s smooth=9.7s | cache hits=6 misses=9)
[27/110] PIREP at (32.03, -94.05) FL9000 2022-03-22 20:45:00 (cache: 79 images)
  SAVED /cluster/tufts/capstone25skyblue/scleme01/SatelliteTurbulencePrediction/model_inputs/2022_03/0000267.npz (6779.2s total | fetch=6762.0s project=1.5s smooth=11.0s | cache hits=5 misses=10)
[28/110] PIREP at (43.14, -89.35) FL43000 2022-03-22 20:49:00 (cache: 89 images)
  SAVED /cluster/tufts/capstone25skyblue/scleme01/SatelliteTurbulencePrediction/model_inputs/2022_03/0000718.npz (0.1s total | fetch=0.0s project=0.0s smooth=0.0s | cache hits=15 misses=0)
[29/110] PIREP at (38.16, -82.59) FL45000 2022-03-22 20:57:00 (cache: 89 images)
  SAVED /cluster/tufts/capstone25skyblue/scleme01/SatelliteTurbulencePrediction/model_inputs/2022_03/0000750.npz (1442.4s total | fetch=1438.8s project=0.3s smooth=2.2s | cache hits=13 misses=2)
[30/110] PIREP at (39.82, -74.43) FL37000 2022-03-22 21:00:00 (cache: 91 images)
  SAVED /cluster/tufts/capstone25skyblue/scleme01/SatelliteTurbulencePrediction/model_inputs/2022_03/0000268.npz (695.1s total | fetch=693.2s project=0.2s smooth=1.1s | cache hits=14 misses=1)
[31/110] PIREP at (39.82, -74.43) FL38000 2022-03-22 21:02:00 (cache: 92 images)
  SAVED /cluster/tufts/capstone25skyblue/scleme01/SatelliteTurbulencePrediction/model_inputs/2022_03/0000269.npz (0.2s total | fetch=0.0s project=0.0s smooth=0.0s | cache hits=15 misses=0)
[32/110] PIREP at (43.12, -88.28) FL36000 2022-03-22 21:24:00 (cache: 92 images)
  SAVED /cluster/tufts/capstone25skyblue/scleme01/SatelliteTurbulencePrediction/model_inputs/2022_03/0000741.npz (2484.2s total | fetch=2477.3s project=0.6s smooth=4.4s | cache hits=11 misses=4)
[33/110] PIREP at (42.55, -92.40) FL35000 2022-03-22 21:26:00 (cache: 96 images)
  SAVED /cluster/tufts/capstone25skyblue/scleme01/SatelliteTurbulencePrediction/model_inputs/2022_03/0000270.npz (737.0s total | fetch=735.1s project=0.2s smooth=1.1s | cache hits=14 misses=1)
[34/110] PIREP at (39.71, -93.69) FL24000 2022-03-22 22:03:00 (cache: 97 images)
