Resetting environment
Deactivating conda environment (if any)
Purging all modules
Done! Environment has been torn down
Loading cuda and miniforge...
Activating conda environment...
Redirecting into the satellite repo...
Done! Environment has now been set up
Processing 2022/01 chunk [0:110]
Fetching satellite data for PIREPs in /cluster/tufts/capstone25skyblue/scleme01/SatelliteTurbulencePrediction/pireps/2022/01_turb_pireps.csv
Processing chunk [0:110] (110 PIREPs) from /cluster/tufts/capstone25skyblue/scleme01/SatelliteTurbulencePrediction/pireps/2022/01_turb_pireps.csv
[1/110] SKIPPING /cluster/tufts/capstone25skyblue/scleme01/SatelliteTurbulencePrediction/model_inputs/2022_01/0000000.npz (already exists)
[2/110] SKIPPING /cluster/tufts/capstone25skyblue/scleme01/SatelliteTurbulencePrediction/model_inputs/2022_01/0000001.npz (already exists)
[3/110] SKIPPING /cluster/tufts/capstone25skyblue/scleme01/SatelliteTurbulencePrediction/model_inputs/2022_01/0000002.npz (already exists)
[4/110] SKIPPING /cluster/tufts/capstone25skyblue/scleme01/SatelliteTurbulencePrediction/model_inputs/2022_01/0000003.npz (already exists)
[5/110] PIREP at (44.25, -121.15) FL14000 2022-01-01 03:12:00 (cache: 0 images)
  SAVED /cluster/tufts/capstone25skyblue/scleme01/SatelliteTurbulencePrediction/model_inputs/2022_01/0000314.npz (154.9s total | fetch=124.5s project=2.0s smooth=21.3s | cache hits=0 misses=15)
[6/110] PIREP at (42.55, -94.20) FL24000 2022-01-01 04:10:00 (cache: 15 images)
  SAVED /cluster/tufts/capstone25skyblue/scleme01/SatelliteTurbulencePrediction/model_inputs/2022_01/0000384.npz (141.3s total | fetch=117.0s project=1.6s smooth=17.0s | cache hits=3 misses=12)
[7/110] PIREP at (33.45, -112.02) FL9000 2022-01-01 04:15:00 (cache: 27 images)
  SAVED /cluster/tufts/capstone25skyblue/scleme01/SatelliteTurbulencePrediction/model_inputs/2022_01/0000249.npz (20.5s total | fetch=18.2s project=0.1s smooth=1.4s | cache hits=14 misses=1)
[8/110] PIREP at (28.46, -81.31) FL400 2022-01-01 05:53:00 (cache: 28 images)
  SAVED /cluster/tufts/capstone25skyblue/scleme01/SatelliteTurbulencePrediction/model_inputs/2022_01/0000332.npz (220.6s total | fetch=189.9s project=2.0s smooth=21.5s | cache hits=0 misses=15)
[9/110] PIREP at (37.89, -86.24) FL41000 2022-01-01 10:17:00 (cache: 43 images)
  SAVED /cluster/tufts/capstone25skyblue/scleme01/SatelliteTurbulencePrediction/model_inputs/2022_01/0000453.npz (181.2s total | fetch=150.8s project=2.0s smooth=21.3s | cache hits=0 misses=15)
[10/110] PIREP at (37.06, -88.77) FL29000 2022-01-01 12:00:00 (cache: 58 images)
  SAVED /cluster/tufts/capstone25skyblue/scleme01/SatelliteTurbulencePrediction/model_inputs/2022_01/0000422.npz (205.5s total | fetch=175.2s project=2.0s smooth=21.2s | cache hits=0 misses=15)
[11/110] PIREP at (41.38, -98.35) FL34000 2022-01-01 14:33:00 (cache: 73 images)
  SAVED /cluster/tufts/capstone25skyblue/scleme01/SatelliteTurbulencePrediction/model_inputs/2022_01/0000469.npz (11063.6s total | fetch=11033.3s project=2.0s smooth=21.2s | cache hits=0 misses=15)
[12/110] PIREP at (42.99, -73.34) FL32000 2022-01-01 14:51:00 (cache: 88 images)
