Resetting environment
Deactivating conda environment (if any)
Purging all modules
Done! Environment has been torn down
Loading cuda and miniforge...
Activating conda environment...
Redirecting into the satellite repo...
Done! Environment has now been set up
Processing 2018/12 chunk [770:880]
Fetching satellite data for PIREPs in /cluster/tufts/capstone25skyblue/scleme01/SatelliteTurbulencePrediction/pireps/2018/12_turb_pireps.csv
Processing chunk [770:880] (48 PIREPs) from /cluster/tufts/capstone25skyblue/scleme01/SatelliteTurbulencePrediction/pireps/2018/12_turb_pireps.csv
[1/48] PIREP at (36.89, -91.95) FL30000 2018-12-30 21:37:00 (cache: 0 images)
  SAVED /cluster/tufts/capstone25skyblue/scleme01/SatelliteTurbulencePrediction/model_inputs/2018_12/0000688.npz (14304.7s total | fetch=14273.5s project=2.1s smooth=21.7s | cache hits=0 misses=15)
[2/48] PIREP at (34.87, -118.30) FL7000 2018-12-30 21:42:00 (cache: 15 images)
  SAVED /cluster/tufts/capstone25skyblue/scleme01/SatelliteTurbulencePrediction/model_inputs/2018_12/0000382.npz (1122.4s total | fetch=1120.2s project=0.1s smooth=1.5s | cache hits=14 misses=1)
[3/48] PIREP at (34.87, -118.30) FL7000 2018-12-30 21:42:00 (cache: 16 images)
  SAVED /cluster/tufts/capstone25skyblue/scleme01/SatelliteTurbulencePrediction/model_inputs/2018_12/0000381.npz (0.2s total | fetch=0.0s project=0.0s smooth=0.0s | cache hits=15 misses=0)
[4/48] PIREP at (33.95, -117.45) FL4500 2018-12-30 21:58:00 (cache: 16 images)
  SAVED /cluster/tufts/capstone25skyblue/scleme01/SatelliteTurbulencePrediction/model_inputs/2018_12/0000526.npz (3499.2s total | fetch=3492.7s project=0.4s smooth=4.4s | cache hits=12 misses=3)
[5/48] PIREP at (36.76, -96.01) FL22000 2018-12-30 22:44:00 (cache: 19 images)
  SAVED /cluster/tufts/capstone25skyblue/scleme01/SatelliteTurbulencePrediction/model_inputs/2018_12/0000456.npz (9282.5s total | fetch=9263.7s project=1.3s smooth=13.0s | cache hits=6 misses=9)
[6/48] PIREP at (43.12, -88.28) FL37000 2018-12-30 22:52:00 (cache: 28 images)
  SAVED /cluster/tufts/capstone25skyblue/scleme01/SatelliteTurbulencePrediction/model_inputs/2018_12/0000541.npz (2119.3s total | fetch=2114.9s project=0.3s smooth=2.9s | cache hits=13 misses=2)
[7/48] PIREP at (40.34, -105.22) FL16000 2018-12-30 23:35:00 (cache: 30 images)
  SAVED /cluster/tufts/capstone25skyblue/scleme01/SatelliteTurbulencePrediction/model_inputs/2018_12/0000383.npz (172.3s total | fetch=153.5s project=1.3s smooth=13.0s | cache hits=6 misses=9)
[8/48] PIREP at (40.34, -105.44) FL16800 2018-12-30 23:38:00 (cache: 39 images)
  SAVED /cluster/tufts/capstone25skyblue/scleme01/SatelliteTurbulencePrediction/model_inputs/2018_12/0000384.npz (0.2s total | fetch=0.0s project=0.0s smooth=0.0s | cache hits=15 misses=0)
[9/48] PIREP at (40.55, -74.33) FL1200 2018-12-30 23:40:00 (cache: 39 images)
  SAVED /cluster/tufts/capstone25skyblue/scleme01/SatelliteTurbulencePrediction/model_inputs/2018_12/0000418.npz (21.7s total | fetch=19.4s project=0.1s smooth=1.5s | cache hits=14 misses=1)
[10/48] PIREP at (35.77, -89.12) FL26000 2018-12-31 00:24:00 (cache: 40 images)
  SAVED /cluster/tufts/capstone25skyblue/scleme01/SatelliteTurbulencePrediction/model_inputs/2018_12/0000712.npz (97.0s total | fetch=80.3s project=1.1s smooth=11.6s | cache hits=7 misses=8)
[11/48] PIREP at (41.77, -86.32) FL27000 2018-12-31 00:39:00 (cache: 48 images)
  SAVED /cluster/tufts/capstone25skyblue/scleme01/SatelliteTurbulencePrediction/model_inputs/2018_12/0000385.npz (53.9s total | fetch=47.5s project=0.4s smooth=4.4s | cache hits=12 misses=3)
[12/48] PIREP at (60.95, -149.61) FL9000 2018-12-31 00:40:00 (cache: 51 images)
  SAVED /cluster/tufts/capstone25skyblue/scleme01/SatelliteTurbulencePrediction/model_inputs/2018_12/0000386.npz (12.0s total | fetch=9.8s project=0.1s smooth=1.4s | cache hits=14 misses=1)
[13/48] PIREP at (60.95, -149.61) FL9000 2018-12-31 00:40:00 (cache: 52 images)
  SAVED /cluster/tufts/capstone25skyblue/scleme01/SatelliteTurbulencePrediction/model_inputs/2018_12/0000387.npz (0.1s total | fetch=0.0s project=0.0s smooth=0.0s | cache hits=15 misses=0)
[14/48] PIREP at (60.95, -149.61) FL9000 2018-12-31 00:40:00 (cache: 52 images)
  SAVED /cluster/tufts/capstone25skyblue/scleme01/SatelliteTurbulencePrediction/model_inputs/2018_12/0000388.npz (0.1s total | fetch=0.0s project=0.0s smooth=0.0s | cache hits=15 misses=0)
[15/48] PIREP at (34.87, -118.35) FL7500 2018-12-31 01:34:00 (cache: 52 images)
  SAVED /cluster/tufts/capstone25skyblue/scleme01/SatelliteTurbulencePrediction/model_inputs/2018_12/0000389.npz (116.3s total | fetch=95.2s project=1.4s smooth=14.6s | cache hits=5 misses=10)
[16/48] PIREP at (41.78, -105.11) FL37000 2018-12-31 01:35:00 (cache: 62 images)
  SAVED /cluster/tufts/capstone25skyblue/scleme01/SatelliteTurbulencePrediction/model_inputs/2018_12/0000634.npz (5.7s total | fetch=3.4s project=0.1s smooth=1.5s | cache hits=14 misses=1)
[17/48] PIREP at (61.04, -149.54) FL10000 2018-12-31 05:25:00 (cache: 63 images)
  SAVED /cluster/tufts/capstone25skyblue/scleme01/SatelliteTurbulencePrediction/model_inputs/2018_12/0000390.npz (242.6s total | fetch=211.1s project=2.2s smooth=22.0s | cache hits=0 misses=15)
[18/48] PIREP at (39.84, -105.88) FL32000 2018-12-31 05:50:00 (cache: 78 images)
  SAVED /cluster/tufts/capstone25skyblue/scleme01/SatelliteTurbulencePrediction/model_inputs/2018_12/0000391.npz (76.5s total | fetch=65.7s project=0.7s smooth=7.4s | cache hits=10 misses=5)
[19/48] PIREP at (40.81, -78.95) FL31000 2018-12-31 06:02:00 (cache: 83 images)
  SAVED /cluster/tufts/capstone25skyblue/scleme01/SatelliteTurbulencePrediction/model_inputs/2018_12/0000548.npz (33.5s total | fetch=29.1s project=0.3s smooth=3.0s | cache hits=13 misses=2)
[20/48] PIREP at (61.29, -150.41) FL7300 2018-12-31 06:19:00 (cache: 85 images)
  SAVED /cluster/tufts/capstone25skyblue/scleme01/SatelliteTurbulencePrediction/model_inputs/2018_12/0000392.npz (46.8s total | fetch=40.4s project=0.4s smooth=4.4s | cache hits=12 misses=3)
[21/48] PIREP at (61.06, -150.25) FL5000 2018-12-31 07:49:00 (cache: 88 images)
  SAVED /cluster/tufts/capstone25skyblue/scleme01/SatelliteTurbulencePrediction/model_inputs/2018_12/0000393.npz (256.8s total | fetch=225.5s project=2.2s smooth=21.9s | cache hits=0 misses=15)
[22/48] PIREP at (61.36, -135.07) FL39000 2018-12-31 09:50:00 (cache: 103 images)
  SAVED /cluster/tufts/capstone25skyblue/scleme01/SatelliteTurbulencePrediction/model_inputs/2018_12/0000394.npz (232.3s total | fetch=201.2s project=2.1s smooth=21.8s | cache hits=0 misses=15)
[23/48] PIREP at (41.49, -84.24) FL33000 2018-12-31 12:12:00 (cache: 118 images)
  SAVED /cluster/tufts/capstone25skyblue/scleme01/SatelliteTurbulencePrediction/model_inputs/2018_12/0000452.npz (176.6s total | fetch=145.4s project=2.1s smooth=21.8s | cache hits=0 misses=15)
[24/48] PIREP at (34.98, -92.24) FL10000 2018-12-31 12:46:00 (cache: 133 images)
  SAVED /cluster/tufts/capstone25skyblue/scleme01/SatelliteTurbulencePrediction/model_inputs/2018_12/0000539.npz (107.2s total | fetch=92.5s project=1.0s smooth=10.2s | cache hits=8 misses=7)
[25/48] PIREP at (31.63, -105.26) FL38000 2018-12-31 14:11:00 (cache: 140 images)
  SAVED /cluster/tufts/capstone25skyblue/scleme01/SatelliteTurbulencePrediction/model_inputs/2018_12/0000451.npz (12251.3s total | fetch=12220.7s project=2.1s smooth=21.2s | cache hits=0 misses=15)
[26/48] PIREP at (37.09, -111.83) FL39000 2018-12-31 14:23:00 (cache: 155 images)
  SAVED /cluster/tufts/capstone25skyblue/scleme01/SatelliteTurbulencePrediction/model_inputs/2018_12/0000476.npz (2110.8s total | fetch=2106.6s project=0.3s smooth=2.8s | cache hits=13 misses=2)
[27/48] PIREP at (37.99, -122.35) FL12000 2018-12-31 14:52:00 (cache: 157 images)
  SAVED /cluster/tufts/capstone25skyblue/scleme01/SatelliteTurbulencePrediction/model_inputs/2018_12/0000436.npz (6114.8s total | fetch=6102.5s project=0.8s smooth=8.5s | cache hits=9 misses=6)
[28/48] PIREP at (39.90, -83.14) FL9000 2018-12-31 15:43:00 (cache: 163 images)
  SAVED /cluster/tufts/capstone25skyblue/scleme01/SatelliteTurbulencePrediction/model_inputs/2018_12/0000697.npz (11447.0s total | fetch=11426.7s project=1.4s smooth=14.1s | cache hits=5 misses=10)
[29/48] PIREP at (41.97, -113.93) FL14000 2018-12-31 15:45:00 (cache: 173 images)
  SAVED /cluster/tufts/capstone25skyblue/scleme01/SatelliteTurbulencePrediction/model_inputs/2018_12/0000396.npz (1075.1s total | fetch=1072.9s project=0.1s smooth=1.4s | cache hits=14 misses=1)
[30/48] PIREP at (41.97, -113.93) FL14000 2018-12-31 15:45:00 (cache: 174 images)
  SAVED /cluster/tufts/capstone25skyblue/scleme01/SatelliteTurbulencePrediction/model_inputs/2018_12/0000395.npz (0.2s total | fetch=0.0s project=0.0s smooth=0.0s | cache hits=15 misses=0)
[31/48] PIREP at (41.97, -113.93) FL14000 2018-12-31 15:45:00 (cache: 174 images)
  SAVED /cluster/tufts/capstone25skyblue/scleme01/SatelliteTurbulencePrediction/model_inputs/2018_12/0000397.npz (0.2s total | fetch=0.0s project=0.0s smooth=0.0s | cache hits=15 misses=0)
[32/48] PIREP at (33.87, -79.59) FL7000 2018-12-31 16:15:00 (cache: 174 images)
  SAVED /cluster/tufts/capstone25skyblue/scleme01/SatelliteTurbulencePrediction/model_inputs/2018_12/0000648.npz (6222.4s total | fetch=6210.0s project=0.8s smooth=8.5s | cache hits=9 misses=6)
[33/48] PIREP at (31.61, -91.30) FL3000 2018-12-31 17:34:00 (cache: 180 images)
  SAVED /cluster/tufts/capstone25skyblue/scleme01/SatelliteTurbulencePrediction/model_inputs/2018_12/0000398.npz (15321.2s total | fetch=15290.0s project=2.1s smooth=21.7s | cache hits=0 misses=15)
[34/48] PIREP at (37.38, -121.80) FL1900 2018-12-31 17:53:00 (cache: 195 images)
