Resetting environment
Deactivating conda environment (if any)
Purging all modules
Done! Environment has been torn down
Loading cuda and miniforge...
Activating conda environment...
Redirecting into the satellite repo...
Done! Environment has now been set up
Processing 2018/06 chunk [150:300]
Fetching satellite data for PIREPs in /cluster/tufts/capstone25skyblue/scleme01/SatelliteTurbulencePrediction/pireps/2018/06_turb_pireps.csv
Processing chunk [150:300] (150 PIREPs) from /cluster/tufts/capstone25skyblue/scleme01/SatelliteTurbulencePrediction/pireps/2018/06_turb_pireps.csv
[1/150] PIREP at (42.55, -92.40) FL32000 2018-06-13 12:45:00 (cache: 0 images)
  SAVED /cluster/tufts/capstone25skyblue/scleme01/SatelliteTurbulencePrediction/model_inputs/2018_06/0000238.npz (7997.9s total | fetch=7970.2s project=1.8s smooth=19.4s | cache hits=0 misses=15)
[2/150] PIREP at (42.19, -89.09) FL45000 2018-06-13 13:09:00 (cache: 15 images)
  SAVED /cluster/tufts/capstone25skyblue/scleme01/SatelliteTurbulencePrediction/model_inputs/2018_06/0000303.npz (2099.2s total | fetch=2091.7s project=0.5s smooth=5.1s | cache hits=11 misses=4)
[3/150] PIREP at (42.47, -86.11) FL28000 2018-06-13 13:17:00 (cache: 19 images)
  SAVED /cluster/tufts/capstone25skyblue/scleme01/SatelliteTurbulencePrediction/model_inputs/2018_06/0000268.npz (1178.8s total | fetch=1175.0s project=0.2s smooth=2.6s | cache hits=13 misses=2)
[4/150] PIREP at (42.64, -85.25) FL39000 2018-06-13 14:01:00 (cache: 21 images)
  SAVED /cluster/tufts/capstone25skyblue/scleme01/SatelliteTurbulencePrediction/model_inputs/2018_06/0000270.npz (5197.8s total | fetch=5181.2s project=1.1s smooth=11.6s | cache hits=6 misses=9)
[5/150] PIREP at (48.70, -134.90) FL36000 2018-06-13 14:36:00 (cache: 30 images)
  SAVED /cluster/tufts/capstone25skyblue/scleme01/SatelliteTurbulencePrediction/model_inputs/2018_06/0000212.npz (4421.5s total | fetch=4408.6s project=0.8s smooth=9.0s | cache hits=8 misses=7)
[6/150] PIREP at (42.68, -86.60) FL30000 2018-06-13 16:30:00 (cache: 37 images)
  SAVED /cluster/tufts/capstone25skyblue/scleme01/SatelliteTurbulencePrediction/model_inputs/2018_06/0000239.npz (10004.7s total | fetch=9976.9s project=1.8s smooth=19.4s | cache hits=0 misses=15)
[7/150] PIREP at (37.21, -80.70) FL35000 2018-06-13 18:41:00 (cache: 52 images)
  SAVED /cluster/tufts/capstone25skyblue/scleme01/SatelliteTurbulencePrediction/model_inputs/2018_06/0000304.npz (12219.0s total | fetch=12191.3s project=1.8s smooth=19.3s | cache hits=0 misses=15)
[8/150] PIREP at (54.32, -85.44) FL33000 2018-06-13 19:45:00 (cache: 67 images)
  SAVED /cluster/tufts/capstone25skyblue/scleme01/SatelliteTurbulencePrediction/model_inputs/2018_06/0000073.npz (12298.5s total | fetch=12274.7s project=1.5s smooth=16.7s | cache hits=2 misses=13)
[9/150] PIREP at (41.88, -91.72) FL34000 2018-06-13 21:32:00 (cache: 80 images)
