Resetting environment
Deactivating conda environment (if any)
Purging all modules
Done! Environment has been torn down
Loading cuda and miniforge...
Activating conda environment...
Redirecting into the satellite repo...
Done! Environment has now been set up
Processing 2017/03 chunk [550:660]
Fetching satellite data for PIREPs in /cluster/tufts/capstone25skyblue/scleme01/SatelliteTurbulencePrediction/pireps/2017/03_turb_pireps.csv
Processing chunk [550:660] (68 PIREPs) from /cluster/tufts/capstone25skyblue/scleme01/SatelliteTurbulencePrediction/pireps/2017/03_turb_pireps.csv
[1/68] PIREP at (38.88, -84.67) FL33000 2017-03-29 11:17:00 (cache: 0 images)
  WARNING: Failed to fetch image at 2017-03-29 11:17:00: noaa-goes16/ABI-L2-MCMIPC/2017/088/10
  WARNING: Failed to fetch image at 2017-03-29 11:12:00: noaa-goes16/ABI-L2-MCMIPC/2017/088/10
  WARNING: Failed to fetch image at 2017-03-29 11:07:00: noaa-goes16/ABI-L2-MCMIPC/2017/088/10
  WARNING: Failed to fetch image at 2017-03-29 11:02:00: noaa-goes16/ABI-L2-MCMIPC/2017/088/10
  WARNING: Failed to fetch image at 2017-03-29 10:57:00: noaa-goes16/ABI-L2-MCMIPC/2017/088/09
  WARNING: Failed to fetch image at 2017-03-29 10:52:00: noaa-goes16/ABI-L2-MCMIPC/2017/088/09
  WARNING: Failed to fetch image at 2017-03-29 10:47:00: noaa-goes16/ABI-L2-MCMIPC/2017/088/09
  WARNING: Failed to fetch image at 2017-03-29 10:42:00: noaa-goes16/ABI-L2-MCMIPC/2017/088/09
  WARNING: Failed to fetch image at 2017-03-29 10:37:00: noaa-goes16/ABI-L2-MCMIPC/2017/088/09
  WARNING: Failed to fetch image at 2017-03-29 10:32:00: noaa-goes16/ABI-L2-MCMIPC/2017/088/09
  WARNING: Failed to fetch image at 2017-03-29 10:27:00: noaa-goes16/ABI-L2-MCMIPC/2017/088/09
  WARNING: Failed to fetch image at 2017-03-29 10:22:00: noaa-goes16/ABI-L2-MCMIPC/2017/088/09
  WARNING: Failed to fetch image at 2017-03-29 10:17:00: noaa-goes16/ABI-L2-MCMIPC/2017/088/09
  WARNING: Failed to fetch image at 2017-03-29 10:12:00: noaa-goes16/ABI-L2-MCMIPC/2017/088/09
  WARNING: Failed to fetch image at 2017-03-29 10:07:00: noaa-goes16/ABI-L2-MCMIPC/2017/088/09
  SKIPPED: no frames fetched
[2/68] PIREP at (32.41, -98.40) FL30000 2017-03-29 11:27:00 (cache: 15 images)
  WARNING: Failed to fetch image at 2017-03-29 11:27:00: noaa-goes16/ABI-L2-MCMIPC/2017/088/10
  WARNING: Failed to fetch image at 2017-03-29 11:22:00: noaa-goes16/ABI-L2-MCMIPC/2017/088/10
  SKIPPED: no frames fetched
[3/68] PIREP at (33.22, -93.21) FL39000 2017-03-29 11:41:00 (cache: 17 images)
  WARNING: Failed to fetch image at 2017-03-29 11:41:00: noaa-goes16/ABI-L2-MCMIPC/2017/088/10
  WARNING: Failed to fetch image at 2017-03-29 11:36:00: noaa-goes16/ABI-L2-MCMIPC/2017/088/10
  WARNING: Failed to fetch image at 2017-03-29 11:31:00: noaa-goes16/ABI-L2-MCMIPC/2017/088/10
  SKIPPED: no frames fetched
[4/68] PIREP at (34.15, -93.78) FL34000 2017-03-29 12:10:00 (cache: 20 images)
  WARNING: Failed to fetch image at 2017-03-29 12:10:00: noaa-goes16/ABI-L2-MCMIPC/2017/088/11
  WARNING: Failed to fetch image at 2017-03-29 12:05:00: noaa-goes16/ABI-L2-MCMIPC/2017/088/11
  WARNING: Failed to fetch image at 2017-03-29 12:00:00: noaa-goes16/ABI-L2-MCMIPC/2017/088/11
  WARNING: Failed to fetch image at 2017-03-29 11:55:00: noaa-goes16/ABI-L2-MCMIPC/2017/088/10
  WARNING: Failed to fetch image at 2017-03-29 11:50:00: noaa-goes16/ABI-L2-MCMIPC/2017/088/10
  WARNING: Failed to fetch image at 2017-03-29 11:45:00: noaa-goes16/ABI-L2-MCMIPC/2017/088/10
  SKIPPED: no frames fetched
[5/68] PIREP at (38.24, -108.28) FL34000 2017-03-29 12:25:00 (cache: 26 images)
  WARNING: Failed to fetch image at 2017-03-29 12:25:00: noaa-goes16/ABI-L2-MCMIPC/2017/088/11
  WARNING: Failed to fetch image at 2017-03-29 12:20:00: noaa-goes16/ABI-L2-MCMIPC/2017/088/11
  WARNING: Failed to fetch image at 2017-03-29 12:15:00: noaa-goes16/ABI-L2-MCMIPC/2017/088/11
  SKIPPED: no frames fetched
[6/68] PIREP at (38.24, -108.28) FL34000 2017-03-29 12:25:00 (cache: 29 images)
  SKIPPED: no frames fetched
[7/68] PIREP at (37.39, -83.26) FL34000 2017-03-29 12:34:00 (cache: 29 images)
  WARNING: Failed to fetch image at 2017-03-29 12:34:00: noaa-goes16/ABI-L2-MCMIPC/2017/088/11
  SKIPPED: no frames fetched
[8/68] PIREP at (38.07, -98.35) FL32000 2017-03-29 12:48:00 (cache: 30 images)
  WARNING: Failed to fetch image at 2017-03-29 12:48:00: noaa-goes16/ABI-L2-MCMIPC/2017/088/11
  WARNING: Failed to fetch image at 2017-03-29 12:43:00: noaa-goes16/ABI-L2-MCMIPC/2017/088/11
  WARNING: Failed to fetch image at 2017-03-29 12:38:00: noaa-goes16/ABI-L2-MCMIPC/2017/088/11
  SKIPPED: no frames fetched
[9/68] PIREP at (37.96, -93.85) FL9000 2017-03-29 20:44:00 (cache: 33 images)
  WARNING: Failed to fetch image at 2017-03-29 20:44:00: noaa-goes16/ABI-L2-MCMIPC/2017/088/19
  WARNING: Failed to fetch image at 2017-03-29 20:39:00: noaa-goes16/ABI-L2-MCMIPC/2017/088/19
  WARNING: Failed to fetch image at 2017-03-29 20:34:00: noaa-goes16/ABI-L2-MCMIPC/2017/088/19
  WARNING: Failed to fetch image at 2017-03-29 20:29:00: noaa-goes16/ABI-L2-MCMIPC/2017/088/19
  WARNING: Failed to fetch image at 2017-03-29 20:24:00: noaa-goes16/ABI-L2-MCMIPC/2017/088/19
  WARNING: Failed to fetch image at 2017-03-29 20:19:00: noaa-goes16/ABI-L2-MCMIPC/2017/088/19
  WARNING: Failed to fetch image at 2017-03-29 20:14:00: noaa-goes16/ABI-L2-MCMIPC/2017/088/19
  WARNING: Failed to fetch image at 2017-03-29 20:09:00: noaa-goes16/ABI-L2-MCMIPC/2017/088/19
  WARNING: Failed to fetch image at 2017-03-29 20:04:00: noaa-goes16/ABI-L2-MCMIPC/2017/088/19
  WARNING: Failed to fetch image at 2017-03-29 19:59:00: noaa-goes16/ABI-L2-MCMIPC/2017/088/18
  WARNING: Failed to fetch image at 2017-03-29 19:54:00: noaa-goes16/ABI-L2-MCMIPC/2017/088/18
  WARNING: Failed to fetch image at 2017-03-29 19:49:00: noaa-goes16/ABI-L2-MCMIPC/2017/088/18
  WARNING: Failed to fetch image at 2017-03-29 19:44:00: noaa-goes16/ABI-L2-MCMIPC/2017/088/18
  WARNING: Failed to fetch image at 2017-03-29 19:39:00: noaa-goes16/ABI-L2-MCMIPC/2017/088/18
  WARNING: Failed to fetch image at 2017-03-29 19:34:00: noaa-goes16/ABI-L2-MCMIPC/2017/088/18
  SKIPPED: no frames fetched
[10/68] PIREP at (44.05, -101.60) FL31000 2017-03-29 21:01:00 (cache: 48 images)
  WARNING: Failed to fetch image at 2017-03-29 21:01:00: noaa-goes16/ABI-L2-MCMIPC/2017/088/20
  WARNING: Failed to fetch image at 2017-03-29 20:56:00: noaa-goes16/ABI-L2-MCMIPC/2017/088/19
  WARNING: Failed to fetch image at 2017-03-29 20:51:00: noaa-goes16/ABI-L2-MCMIPC/2017/088/19
  WARNING: Failed to fetch image at 2017-03-29 20:46:00: noaa-goes16/ABI-L2-MCMIPC/2017/088/19
  SKIPPED: no frames fetched
[11/68] PIREP at (39.94, -91.65) FL40000 2017-03-29 21:16:00 (cache: 52 images)
  WARNING: Failed to fetch image at 2017-03-29 21:16:00: noaa-goes16/ABI-L2-MCMIPC/2017/088/20
  WARNING: Failed to fetch image at 2017-03-29 21:11:00: noaa-goes16/ABI-L2-MCMIPC/2017/088/20
  WARNING: Failed to fetch image at 2017-03-29 21:06:00: noaa-goes16/ABI-L2-MCMIPC/2017/088/20
  SKIPPED: no frames fetched
[12/68] PIREP at (37.02, -92.88) FL9000 2017-03-29 22:18:00 (cache: 55 images)
  WARNING: Failed to fetch image at 2017-03-29 22:18:00: noaa-goes16/ABI-L2-MCMIPC/2017/088/21
  WARNING: Failed to fetch image at 2017-03-29 22:13:00: noaa-goes16/ABI-L2-MCMIPC/2017/088/21
  WARNING: Failed to fetch image at 2017-03-29 22:08:00: noaa-goes16/ABI-L2-MCMIPC/2017/088/21
  WARNING: Failed to fetch image at 2017-03-29 22:03:00: noaa-goes16/ABI-L2-MCMIPC/2017/088/21
  WARNING: Failed to fetch image at 2017-03-29 21:58:00: noaa-goes16/ABI-L2-MCMIPC/2017/088/20
  WARNING: Failed to fetch image at 2017-03-29 21:53:00: noaa-goes16/ABI-L2-MCMIPC/2017/088/20
  WARNING: Failed to fetch image at 2017-03-29 21:48:00: noaa-goes16/ABI-L2-MCMIPC/2017/088/20
  WARNING: Failed to fetch image at 2017-03-29 21:43:00: noaa-goes16/ABI-L2-MCMIPC/2017/088/20
  WARNING: Failed to fetch image at 2017-03-29 21:38:00: noaa-goes16/ABI-L2-MCMIPC/2017/088/20
  WARNING: Failed to fetch image at 2017-03-29 21:33:00: noaa-goes16/ABI-L2-MCMIPC/2017/088/20
  WARNING: Failed to fetch image at 2017-03-29 21:28:00: noaa-goes16/ABI-L2-MCMIPC/2017/088/20
  WARNING: Failed to fetch image at 2017-03-29 21:23:00: noaa-goes16/ABI-L2-MCMIPC/2017/088/20
  SKIPPED: no frames fetched
[13/68] PIREP at (38.86, -123.08) FL31000 2017-03-29 22:37:00 (cache: 67 images)
  WARNING: Failed to fetch image at 2017-03-29 22:37:00: noaa-goes16/ABI-L2-MCMIPC/2017/088/21
  WARNING: Failed to fetch image at 2017-03-29 22:32:00: noaa-goes16/ABI-L2-MCMIPC/2017/088/21
  WARNING: Failed to fetch image at 2017-03-29 22:27:00: noaa-goes16/ABI-L2-MCMIPC/2017/088/21
  WARNING: Failed to fetch image at 2017-03-29 22:22:00: noaa-goes16/ABI-L2-MCMIPC/2017/088/21
  SKIPPED: no frames fetched
[14/68] PIREP at (41.58, -86.61) FL34000 2017-03-29 22:37:00 (cache: 71 images)
  SKIPPED: no frames fetched
[15/68] PIREP at (39.94, -91.19) FL32000 2017-03-29 23:33:00 (cache: 71 images)
  WARNING: Failed to fetch image at 2017-03-29 23:33:00: noaa-goes16/ABI-L2-MCMIPC/2017/088/22
  WARNING: Failed to fetch image at 2017-03-29 23:28:00: noaa-goes16/ABI-L2-MCMIPC/2017/088/22
  WARNING: Failed to fetch image at 2017-03-29 23:23:00: noaa-goes16/ABI-L2-MCMIPC/2017/088/22
  WARNING: Failed to fetch image at 2017-03-29 23:18:00: noaa-goes16/ABI-L2-MCMIPC/2017/088/22
  WARNING: Failed to fetch image at 2017-03-29 23:13:00: noaa-goes16/ABI-L2-MCMIPC/2017/088/22
  WARNING: Failed to fetch image at 2017-03-29 23:08:00: noaa-goes16/ABI-L2-MCMIPC/2017/088/22
  WARNING: Failed to fetch image at 2017-03-29 23:03:00: noaa-goes16/ABI-L2-MCMIPC/2017/088/22
  WARNING: Failed to fetch image at 2017-03-29 22:58:00: noaa-goes16/ABI-L2-MCMIPC/2017/088/21
  WARNING: Failed to fetch image at 2017-03-29 22:53:00: noaa-goes16/ABI-L2-MCMIPC/2017/088/21
  WARNING: Failed to fetch image at 2017-03-29 22:48:00: noaa-goes16/ABI-L2-MCMIPC/2017/088/21
  WARNING: Failed to fetch image at 2017-03-29 22:43:00: noaa-goes16/ABI-L2-MCMIPC/2017/088/21
  SKIPPED: no frames fetched
[16/68] PIREP at (31.38, -103.51) FL38000 2017-03-30 01:23:00 (cache: 82 images)
  WARNING: Failed to fetch image at 2017-03-30 00:58:00: noaa-goes16/ABI-L2-MCMIPC/2017/088/23
  WARNING: Failed to fetch image at 2017-03-30 00:53:00: noaa-goes16/ABI-L2-MCMIPC/2017/088/23
  WARNING: Failed to fetch image at 2017-03-30 00:48:00: noaa-goes16/ABI-L2-MCMIPC/2017/088/23
  WARNING: Failed to fetch image at 2017-03-30 00:43:00: noaa-goes16/ABI-L2-MCMIPC/2017/088/23
  WARNING: Failed to fetch image at 2017-03-30 00:38:00: noaa-goes16/ABI-L2-MCMIPC/2017/088/23
  WARNING: Failed to fetch image at 2017-03-30 00:33:00: noaa-goes16/ABI-L2-MCMIPC/2017/088/23
  WARNING: Failed to fetch image at 2017-03-30 00:28:00: noaa-goes16/ABI-L2-MCMIPC/2017/088/23
  WARNING: Failed to fetch image at 2017-03-30 00:23:00: noaa-goes16/ABI-L2-MCMIPC/2017/088/23
  WARNING: Failed to fetch image at 2017-03-30 00:18:00: noaa-goes16/ABI-L2-MCMIPC/2017/088/23
  WARNING: Failed to fetch image at 2017-03-30 00:13:00: noaa-goes16/ABI-L2-MCMIPC/2017/088/23
  SAVED /cluster/tufts/capstone25skyblue/scleme01/SatelliteTurbulencePrediction/model_inputs/2017_03/0000606.npz (76.4s total | fetch=65.9s project=0.7s smooth=6.6s | cache hits=143 misses=5)
[17/68] PIREP at (41.90, -67.46) FL35000 2017-03-30 02:08:00 (cache: 97 images)
  SAVED /cluster/tufts/capstone25skyblue/scleme01/SatelliteTurbulencePrediction/model_inputs/2017_03/0000284.npz (99.2s total | fetch=82.7s project=1.2s smooth=11.8s | cache hits=6 misses=9)
[18/68] PIREP at (42.90, -67.47) FL35000 2017-03-30 02:10:00 (cache: 106 images)
  SAVED /cluster/tufts/capstone25skyblue/scleme01/SatelliteTurbulencePrediction/model_inputs/2017_03/0000285.npz (10.2s total | fetch=8.2s project=0.1s smooth=1.3s | cache hits=14 misses=1)
[19/68] PIREP at (50.18, -96.85) FL2000 2017-03-30 02:22:00 (cache: 107 images)
  SAVED /cluster/tufts/capstone25skyblue/scleme01/SatelliteTurbulencePrediction/model_inputs/2017_03/0000286.npz (24.2s total | fetch=20.5s project=0.3s smooth=2.6s | cache hits=13 misses=2)
[20/68] PIREP at (43.02, -68.56) FL37000 2017-03-30 03:01:00 (cache: 109 images)
  SAVED /cluster/tufts/capstone25skyblue/scleme01/SatelliteTurbulencePrediction/model_inputs/2017_03/0000287.npz (86.0s total | fetch=71.0s project=1.1s smooth=10.6s | cache hits=7 misses=8)
[21/68] PIREP at (46.92, -70.95) FL29000 2017-03-30 11:00:00 (cache: 117 images)
  SAVED /cluster/tufts/capstone25skyblue/scleme01/SatelliteTurbulencePrediction/model_inputs/2017_03/0000288.npz (108.0s total | fetch=80.0s project=2.1s smooth=20.0s | cache hits=0 misses=15)
[22/68] PIREP at (37.09, -118.14) FL16500 2017-03-30 11:01:00 (cache: 132 images)
  SAVED /cluster/tufts/capstone25skyblue/scleme01/SatelliteTurbulencePrediction/model_inputs/2017_03/0000289.npz (0.2s total | fetch=0.0s project=0.0s smooth=0.0s | cache hits=15 misses=0)
[23/68] PIREP at (41.32, -90.64) FL37000 2017-03-30 11:37:00 (cache: 132 images)
  SAVED /cluster/tufts/capstone25skyblue/scleme01/SatelliteTurbulencePrediction/model_inputs/2017_03/0000589.npz (102.7s total | fetch=89.7s project=1.0s smooth=9.2s | cache hits=8 misses=7)
[24/68] PIREP at (32.14, -90.45) FL26000 2017-03-30 13:43:00 (cache: 139 images)
  SAVED /cluster/tufts/capstone25skyblue/scleme01/SatelliteTurbulencePrediction/model_inputs/2017_03/0000290.npz (13237.1s total | fetch=13209.7s project=2.0s smooth=19.5s | cache hits=0 misses=15)
[25/68] PIREP at (33.83, -116.51) FL2900 2017-03-30 13:55:00 (cache: 154 images)
  SAVED /cluster/tufts/capstone25skyblue/scleme01/SatelliteTurbulencePrediction/model_inputs/2017_03/0000292.npz (3394.2s total | fetch=3388.5s project=0.4s smooth=3.9s | cache hits=12 misses=3)
[26/68] PIREP at (33.88, -116.52) FL2900 2017-03-30 13:55:00 (cache: 157 images)
  SAVED /cluster/tufts/capstone25skyblue/scleme01/SatelliteTurbulencePrediction/model_inputs/2017_03/0000291.npz (0.3s total | fetch=0.0s project=0.0s smooth=0.0s | cache hits=15 misses=0)
[27/68] PIREP at (35.65, -119.98) FL35000 2017-03-30 14:45:00 (cache: 157 images)
  SAVED /cluster/tufts/capstone25skyblue/scleme01/SatelliteTurbulencePrediction/model_inputs/2017_03/0000466.npz (10313.0s total | fetch=10294.6s project=1.3s smooth=13.0s | cache hits=5 misses=10)
[28/68] PIREP at (33.70, -86.35) FL28000 2017-03-30 15:26:00 (cache: 167 images)
  SAVED /cluster/tufts/capstone25skyblue/scleme01/SatelliteTurbulencePrediction/model_inputs/2017_03/0000492.npz (10243.5s total | fetch=10228.8s project=1.1s smooth=10.4s | cache hits=7 misses=8)
[29/68] PIREP at (70.19, -148.46) FL8000 2017-03-30 15:44:00 (cache: 175 images)
  SAVED /cluster/tufts/capstone25skyblue/scleme01/SatelliteTurbulencePrediction/model_inputs/2017_03/0000323.npz (3829.5s total | fetch=3824.0s project=0.4s smooth=3.9s | cache hits=12 misses=3)
[30/68] PIREP at (39.13, -85.31) FL14000 2017-03-30 15:59:00 (cache: 178 images)
  SAVED /cluster/tufts/capstone25skyblue/scleme01/SatelliteTurbulencePrediction/model_inputs/2017_03/0000293.npz (3478.3s total | fetch=3472.7s project=0.4s smooth=3.9s | cache hits=12 misses=3)
[31/68] PIREP at (35.62, -106.09) FL10500 2017-03-30 17:46:00 (cache: 181 images)
  SAVED /cluster/tufts/capstone25skyblue/scleme01/SatelliteTurbulencePrediction/model_inputs/2017_03/0000505.npz (18343.9s total | fetch=18316.5s project=2.0s smooth=19.4s | cache hits=0 misses=15)
[32/68] PIREP at (43.20, -88.48) FL36000 2017-03-30 18:15:00 (cache: 196 images)
  SAVED /cluster/tufts/capstone25skyblue/scleme01/SatelliteTurbulencePrediction/model_inputs/2017_03/0000294.npz (6844.8s total | fetch=6833.6s project=0.8s smooth=7.9s | cache hits=9 misses=6)
[33/68] PIREP at (36.37, -114.79) FL41000 2017-03-30 18:38:00 (cache: 202 images)
  SAVED /cluster/tufts/capstone25skyblue/scleme01/SatelliteTurbulencePrediction/model_inputs/2017_03/0000369.npz (4579.7s total | fetch=4572.2s project=0.5s smooth=5.3s | cache hits=11 misses=4)
[34/68] PIREP at (62.07, -142.04) FL4500 2017-03-30 18:45:00 (cache: 206 images)
  SAVED /cluster/tufts/capstone25skyblue/scleme01/SatelliteTurbulencePrediction/model_inputs/2017_03/0000612.npz (1864.6s total | fetch=1860.8s project=0.3s smooth=2.7s | cache hits=13 misses=2)
[35/68] PIREP at (62.18, -152.55) FL8500 2017-03-30 19:29:00 (cache: 208 images)
  SAVED /cluster/tufts/capstone25skyblue/scleme01/SatelliteTurbulencePrediction/model_inputs/2017_03/0000565.npz (8181.5s total | fetch=8166.3s project=1.1s smooth=10.9s | cache hits=7 misses=8)
[36/68] PIREP at (64.28, -162.10) FL6500 2017-03-30 19:35:00 (cache: 216 images)
  SAVED /cluster/tufts/capstone25skyblue/scleme01/SatelliteTurbulencePrediction/model_inputs/2017_03/0000471.npz (1999.5s total | fetch=1995.6s project=0.3s smooth=2.7s | cache hits=13 misses=2)
[37/68] PIREP at (33.84, -87.25) FL33000 2017-03-30 19:39:00 (cache: 218 images)
  SAVED /cluster/tufts/capstone25skyblue/scleme01/SatelliteTurbulencePrediction/model_inputs/2017_03/0000295.npz (0.2s total | fetch=0.0s project=0.0s smooth=0.0s | cache hits=15 misses=0)
[38/68] PIREP at (39.38, -87.66) FL37000 2017-03-30 20:07:00 (cache: 218 images)
