Resetting environment
Deactivating conda environment (if any)
Purging all modules
Done! Environment has been torn down
Loading cuda and miniforge...
Activating conda environment...
Redirecting into the satellite repo...
Done! Environment has now been set up
Processing 2023/01 chunk [0:110]
Fetching satellite data for PIREPs in /cluster/tufts/capstone25skyblue/scleme01/SatelliteTurbulencePrediction/pireps/2023/01_turb_pireps.csv
Processing chunk [0:110] (110 PIREPs) from /cluster/tufts/capstone25skyblue/scleme01/SatelliteTurbulencePrediction/pireps/2023/01_turb_pireps.csv
[1/110] PIREP at (43.52, -89.43) FL34000 2023-01-01 01:00:00 (cache: 0 images)
  SAVED /cluster/tufts/capstone25skyblue/scleme01/SatelliteTurbulencePrediction/model_inputs/2023_01/0000641.npz (242.0s total | fetch=211.7s project=2.0s smooth=21.2s | cache hits=0 misses=15)
[2/110] SKIPPING /cluster/tufts/capstone25skyblue/scleme01/SatelliteTurbulencePrediction/model_inputs/2023_01/0000000.npz (already exists)
[3/110] SKIPPING /cluster/tufts/capstone25skyblue/scleme01/SatelliteTurbulencePrediction/model_inputs/2023_01/0000001.npz (already exists)
[4/110] PIREP at (45.54, -94.05) FL30000 2023-01-01 05:39:00 (cache: 15 images)
  SAVED /cluster/tufts/capstone25skyblue/scleme01/SatelliteTurbulencePrediction/model_inputs/2023_01/0000423.npz (274.6s total | fetch=244.0s project=2.0s smooth=21.4s | cache hits=0 misses=15)
[5/110] SKIPPING /cluster/tufts/capstone25skyblue/scleme01/SatelliteTurbulencePrediction/model_inputs/2023_01/0000002.npz (already exists)
[6/110] PIREP at (41.25, -85.50) FL32000 2023-01-01 12:39:00 (cache: 30 images)
  SAVED /cluster/tufts/capstone25skyblue/scleme01/SatelliteTurbulencePrediction/model_inputs/2023_01/0000541.npz (279.9s total | fetch=249.1s project=2.1s smooth=21.5s | cache hits=0 misses=15)
[7/110] PIREP at (40.17, -84.88) FL37000 2023-01-01 13:02:00 (cache: 45 images)
  SAVED /cluster/tufts/capstone25skyblue/scleme01/SatelliteTurbulencePrediction/model_inputs/2023_01/0000496.npz (96.8s total | fetch=86.5s project=0.7s smooth=7.1s | cache hits=10 misses=5)
[8/110] PIREP at (45.59, -122.41) FL5400 2023-01-01 13:40:00 (cache: 50 images)
  SAVED /cluster/tufts/capstone25skyblue/scleme01/SatelliteTurbulencePrediction/model_inputs/2023_01/0000430.npz (5916.6s total | fetch=5900.4s project=1.1s smooth=11.3s | cache hits=7 misses=8)
[9/110] PIREP at (41.99, -88.04) FL2300 2023-01-01 15:05:00 (cache: 58 images)
  SAVED /cluster/tufts/capstone25skyblue/scleme01/SatelliteTurbulencePrediction/model_inputs/2023_01/0000576.npz (16596.2s total | fetch=16565.8s project=2.0s smooth=21.3s | cache hits=0 misses=15)
[10/110] PIREP at (39.94, -82.33) FL30000 2023-01-01 15:21:00 (cache: 73 images)
  SAVED /cluster/tufts/capstone25skyblue/scleme01/SatelliteTurbulencePrediction/model_inputs/2023_01/0000456.npz (3403.8s total | fetch=3397.5s project=0.4s smooth=4.2s | cache hits=12 misses=3)
[11/110] PIREP at (35.95, -85.08) FL1000 2023-01-01 16:07:00 (cache: 76 images)
  SAVED /cluster/tufts/capstone25skyblue/scleme01/SatelliteTurbulencePrediction/model_inputs/2023_01/0000699.npz (10388.0s total | fetch=10369.5s project=1.2s smooth=12.8s | cache hits=6 misses=9)
[12/110] SKIPPING /cluster/tufts/capstone25skyblue/scleme01/SatelliteTurbulencePrediction/model_inputs/2023_01/0000003.npz (already exists)
[13/110] PIREP at (37.75, -82.64) FL8000 2023-01-01 17:15:00 (cache: 85 images)
