Resetting environment
Deactivating conda environment (if any)
Purging all modules
Done! Environment has been torn down
Loading cuda and miniforge...
Activating conda environment...
Redirecting into the satellite repo...
Done! Environment has now been set up
Processing 2017/05 chunk [150:300]
Fetching satellite data for PIREPs in /cluster/tufts/capstone25skyblue/scleme01/SatelliteTurbulencePrediction/pireps/2017/05_turb_pireps.csv
Processing chunk [150:300] (150 PIREPs) from /cluster/tufts/capstone25skyblue/scleme01/SatelliteTurbulencePrediction/pireps/2017/05_turb_pireps.csv
[1/150] PIREP at (38.07, -103.53) FL20000 2017-05-10 21:45:00 (cache: 0 images)
  SAVED /cluster/tufts/capstone25skyblue/scleme01/SatelliteTurbulencePrediction/model_inputs/2017_05/0000084.npz (6694.3s total | fetch=6671.3s project=1.7s smooth=16.5s | cache hits=0 misses=15)
[2/150] PIREP at (38.40, -102.93) FL26000 2017-05-10 21:45:00 (cache: 15 images)
  SAVED /cluster/tufts/capstone25skyblue/scleme01/SatelliteTurbulencePrediction/model_inputs/2017_05/0000085.npz (0.2s total | fetch=0.0s project=0.0s smooth=0.0s | cache hits=15 misses=0)
[3/150] PIREP at (34.70, -112.48) FL36000 2017-05-10 22:07:00 (cache: 15 images)
  SAVED /cluster/tufts/capstone25skyblue/scleme01/SatelliteTurbulencePrediction/model_inputs/2017_05/0000360.npz (2160.8s total | fetch=2154.7s project=0.4s smooth=4.3s | cache hits=11 misses=4)
[4/150] PIREP at (35.76, -99.47) FL6000 2017-05-10 22:33:00 (cache: 19 images)
  SAVED /cluster/tufts/capstone25skyblue/scleme01/SatelliteTurbulencePrediction/model_inputs/2017_05/0000086.npz (2302.2s total | fetch=2294.4s project=0.6s smooth=5.5s | cache hits=10 misses=5)
[5/150] PIREP at (43.77, -87.85) FL3500 2017-05-10 23:35:00 (cache: 24 images)
  SAVED /cluster/tufts/capstone25skyblue/scleme01/SatelliteTurbulencePrediction/model_inputs/2017_05/0000380.npz (6539.6s total | fetch=6519.9s project=1.4s smooth=14.1s | cache hits=2 misses=13)
[6/150] PIREP at (66.59, -150.84) FL7500 2017-05-10 23:50:00 (cache: 37 images)
  SAVED /cluster/tufts/capstone25skyblue/scleme01/SatelliteTurbulencePrediction/model_inputs/2017_05/0000364.npz (1744.0s total | fetch=1739.4s project=0.3s smooth=3.3s | cache hits=12 misses=3)
[7/150] PIREP at (46.50, -73.72) FL34000 2017-05-11 01:18:00 (cache: 40 images)
  SAVED /cluster/tufts/capstone25skyblue/scleme01/SatelliteTurbulencePrediction/model_inputs/2017_05/0000087.npz (5291.4s total | fetch=5268.6s project=1.7s smooth=16.3s | cache hits=0 misses=15)
[8/150] PIREP at (56.06, -178.45) FL40000 2017-05-11 01:53:00 (cache: 55 images)
  SAVED /cluster/tufts/capstone25skyblue/scleme01/SatelliteTurbulencePrediction/model_inputs/2017_05/0000423.npz (62.4s total | fetch=51.9s project=0.8s smooth=7.6s | cache hits=8 misses=7)
[9/150] PIREP at (39.66, -82.48) FL9000 2017-05-11 03:41:00 (cache: 62 images)
  SAVED /cluster/tufts/capstone25skyblue/scleme01/SatelliteTurbulencePrediction/model_inputs/2017_05/0000088.npz (119.7s total | fetch=97.2s project=1.6s smooth=16.2s | cache hits=0 misses=15)
[10/150] PIREP at (38.52, -77.11) FL18000 2017-05-11 11:59:00 (cache: 77 images)
  SAVED /cluster/tufts/capstone25skyblue/scleme01/SatelliteTurbulencePrediction/model_inputs/2017_05/0000304.npz (4893.7s total | fetch=4871.0s project=1.6s smooth=16.2s | cache hits=0 misses=15)
[11/150] PIREP at (38.12, -103.90) FL19000 2017-05-11 12:10:00 (cache: 92 images)
  SAVED /cluster/tufts/capstone25skyblue/scleme01/SatelliteTurbulencePrediction/model_inputs/2017_05/0000436.npz (1339.8s total | fetch=1335.1s project=0.3s smooth=3.3s | cache hits=12 misses=3)
[12/150] PIREP at (36.94, -93.21) FL39000 2017-05-11 15:59:00 (cache: 95 images)
  SAVED /cluster/tufts/capstone25skyblue/scleme01/SatelliteTurbulencePrediction/model_inputs/2017_05/0000412.npz (9599.1s total | fetch=9576.7s project=1.6s smooth=16.0s | cache hits=0 misses=15)
[13/150] PIREP at (33.24, -85.82) FL39000 2017-05-11 16:24:00 (cache: 110 images)
  SAVED /cluster/tufts/capstone25skyblue/scleme01/SatelliteTurbulencePrediction/model_inputs/2017_05/0000257.npz (3513.7s total | fetch=3506.2s project=0.5s smooth=5.3s | cache hits=10 misses=5)
[14/150] PIREP at (34.23, -106.70) FL28000 2017-05-11 16:50:00 (cache: 115 images)
  SAVED /cluster/tufts/capstone25skyblue/scleme01/SatelliteTurbulencePrediction/model_inputs/2017_05/0000419.npz (1385.2s total | fetch=1376.2s project=0.7s smooth=6.4s | cache hits=9 misses=6)
[15/150] PIREP at (39.06, -77.61) FL7500 2017-05-11 17:03:00 (cache: 121 images)
  SAVED /cluster/tufts/capstone25skyblue/scleme01/SatelliteTurbulencePrediction/model_inputs/2017_05/0000253.npz (1730.6s total | fetch=1727.5s project=0.2s smooth=2.1s | cache hits=13 misses=2)
[16/150] PIREP at (38.69, -90.97) FL40000 2017-05-11 17:25:00 (cache: 123 images)
  SAVED /cluster/tufts/capstone25skyblue/scleme01/SatelliteTurbulencePrediction/model_inputs/2017_05/0000338.npz (4438.4s total | fetch=4430.9s project=0.5s smooth=5.3s | cache hits=10 misses=5)
[17/150] PIREP at (34.03, -99.82) FL32000 2017-05-11 17:32:00 (cache: 128 images)
  SAVED /cluster/tufts/capstone25skyblue/scleme01/SatelliteTurbulencePrediction/model_inputs/2017_05/0000241.npz (860.5s total | fetch=858.9s project=0.1s smooth=1.1s | cache hits=14 misses=1)
[18/150] PIREP at (59.15, -151.64) FL12500 2017-05-11 23:39:00 (cache: 129 images)
