Resetting environment
Deactivating conda environment (if any)
Purging all modules
Done! Environment has been torn down
Loading cuda and miniforge...
Activating conda environment...
Redirecting into the satellite repo...
Done! Environment has now been set up
Processing 2024/04 chunk [0:110]
Fetching satellite data for PIREPs in /cluster/tufts/capstone25skyblue/scleme01/SatelliteTurbulencePrediction/pireps/2024/04_turb_pireps.csv
Processing chunk [0:110] (110 PIREPs) from /cluster/tufts/capstone25skyblue/scleme01/SatelliteTurbulencePrediction/pireps/2024/04_turb_pireps.csv
[1/110] SKIPPING /cluster/tufts/capstone25skyblue/scleme01/SatelliteTurbulencePrediction/model_inputs/2024_04/0000000.npz (already exists)
[2/110] SKIPPING /cluster/tufts/capstone25skyblue/scleme01/SatelliteTurbulencePrediction/model_inputs/2024_04/0000001.npz (already exists)
[3/110] PIREP at (42.61, -90.07) FL6000 2024-04-01 01:58:00 (cache: 0 images)
  SAVED /cluster/tufts/capstone25skyblue/scleme01/SatelliteTurbulencePrediction/model_inputs/2024_04/0000649.npz (108.4s total | fetch=84.5s project=2.2s smooth=16.2s | cache hits=0 misses=15)
[4/110] SKIPPING /cluster/tufts/capstone25skyblue/scleme01/SatelliteTurbulencePrediction/model_inputs/2024_04/0000002.npz (already exists)
[5/110] SKIPPING /cluster/tufts/capstone25skyblue/scleme01/SatelliteTurbulencePrediction/model_inputs/2024_04/0000003.npz (already exists)
[6/110] SKIPPING /cluster/tufts/capstone25skyblue/scleme01/SatelliteTurbulencePrediction/model_inputs/2024_04/0000004.npz (already exists)
[7/110] SKIPPING /cluster/tufts/capstone25skyblue/scleme01/SatelliteTurbulencePrediction/model_inputs/2024_04/0000005.npz (already exists)
[8/110] SKIPPING /cluster/tufts/capstone25skyblue/scleme01/SatelliteTurbulencePrediction/model_inputs/2024_04/0000006.npz (already exists)
[9/110] SKIPPING /cluster/tufts/capstone25skyblue/scleme01/SatelliteTurbulencePrediction/model_inputs/2024_04/0000007.npz (already exists)
[10/110] SKIPPING /cluster/tufts/capstone25skyblue/scleme01/SatelliteTurbulencePrediction/model_inputs/2024_04/0000008.npz (already exists)
[11/110] PIREP at (38.75, -82.03) FL28000 2024-04-01 10:53:00 (cache: 15 images)
  SAVED /cluster/tufts/capstone25skyblue/scleme01/SatelliteTurbulencePrediction/model_inputs/2024_04/0000579.npz (129.9s total | fetch=106.2s project=2.1s smooth=16.0s | cache hits=0 misses=15)
[12/110] PIREP at (36.10, -79.94) FL16000 2024-04-01 11:19:00 (cache: 30 images)
  SAVED /cluster/tufts/capstone25skyblue/scleme01/SatelliteTurbulencePrediction/model_inputs/2024_04/0000443.npz (56.2s total | fetch=48.1s project=0.7s smooth=5.4s | cache hits=10 misses=5)
[13/110] PIREP at (39.94, -81.89) FL30000 2024-04-01 12:08:00 (cache: 35 images)
  SAVED /cluster/tufts/capstone25skyblue/scleme01/SatelliteTurbulencePrediction/model_inputs/2024_04/0000532.npz (110.0s total | fetch=94.0s project=1.5s smooth=10.8s | cache hits=5 misses=10)
[14/110] SKIPPING /cluster/tufts/capstone25skyblue/scleme01/SatelliteTurbulencePrediction/model_inputs/2024_04/0000009.npz (already exists)
[15/110] PIREP at (56.73, 176.79) FL32000 2024-04-01 12:28:00 (cache: 45 images)
  SAVED /cluster/tufts/capstone25skyblue/scleme01/SatelliteTurbulencePrediction/model_inputs/2024_04/0000469.npz (57.1s total | fetch=50.7s project=0.5s smooth=4.5s | cache hits=11 misses=4)
[16/110] SKIPPING /cluster/tufts/capstone25skyblue/scleme01/SatelliteTurbulencePrediction/model_inputs/2024_04/0000010.npz (already exists)
[17/110] PIREP at (35.64, -83.63) FL33000 2024-04-01 13:47:00 (cache: 49 images)
  SAVED /cluster/tufts/capstone25skyblue/scleme01/SatelliteTurbulencePrediction/model_inputs/2024_04/0000480.npz (5228.6s total | fetch=5203.3s project=2.2s smooth=16.8s | cache hits=0 misses=15)
[18/110] PIREP at (43.58, -96.06) FL34000 2024-04-01 14:21:00 (cache: 64 images)
  SAVED /cluster/tufts/capstone25skyblue/scleme01/SatelliteTurbulencePrediction/model_inputs/2024_04/0000499.npz (4430.1s total | fetch=4417.8s project=1.1s smooth=7.9s | cache hits=8 misses=7)
[19/110] SKIPPING /cluster/tufts/capstone25skyblue/scleme01/SatelliteTurbulencePrediction/model_inputs/2024_04/0000011.npz (already exists)
[20/110] SKIPPING /cluster/tufts/capstone25skyblue/scleme01/SatelliteTurbulencePrediction/model_inputs/2024_04/0000012.npz (already exists)
[21/110] PIREP at (45.12, -95.13) FL30000 2024-04-01 15:40:00 (cache: 71 images)
