Resetting environment
Deactivating conda environment (if any)
Purging all modules
Done! Environment has been torn down
Allocating resources with slurm...
Loading cuda and miniforge...
Activating conda environment...
Redirecting into the satellite repo...
Done! Environment has now been set up
Processing 2021/09 chunk [0:150]
Fetching satellite data for PIREPs in /cluster/tufts/capstone25skyblue/scleme01/SatelliteTurbulencePrediction/pireps/2021/09_turb_pireps.csv
Processing chunk [0:150] (150 PIREPs) from /cluster/tufts/capstone25skyblue/scleme01/SatelliteTurbulencePrediction/pireps/2021/09_turb_pireps.csv
[1/150] PIREP at (42.14, -87.27) FL13000 2021-09-01 00:19:00 (cache: 0 images)
  SAVED /cluster/tufts/capstone25skyblue/scleme01/SatelliteTurbulencePrediction/model_inputs/2021_09/0000238.npz (12706.0s total | fetch=12665.8s project=3.7s smooth=27.1s | cache hits=0 misses=15)
[2/150] PIREP at (38.37, -82.56) FL8000 2021-09-01 03:24:00 (cache: 15 images)
  SAVED /cluster/tufts/capstone25skyblue/scleme01/SatelliteTurbulencePrediction/model_inputs/2021_09/0000205.npz (180.4s total | fetch=138.6s project=4.0s smooth=28.0s | cache hits=0 misses=15)
[3/150] SKIPPING /cluster/tufts/capstone25skyblue/scleme01/SatelliteTurbulencePrediction/model_inputs/2021_09/0000000.npz (already exists)
[4/150] SKIPPING /cluster/tufts/capstone25skyblue/scleme01/SatelliteTurbulencePrediction/model_inputs/2021_09/0000001.npz (already exists)
[5/150] SKIPPING /cluster/tufts/capstone25skyblue/scleme01/SatelliteTurbulencePrediction/model_inputs/2021_09/0000002.npz (already exists)
[6/150] PIREP at (64.91, -157.34) FL4000 2021-09-01 19:30:00 (cache: 30 images)
