Resetting environment
Deactivating conda environment (if any)
Purging all modules
Done! Environment has been torn down
Allocating resources with slurm...
Loading cuda and miniforge...
Activating conda environment...
Redirecting into the satellite repo...
Done! Environment has now been set up
Processing 2021/04 chunk [300:450]
Fetching satellite data for PIREPs in /cluster/tufts/capstone25skyblue/scleme01/SatelliteTurbulencePrediction/pireps/2021/04_turb_pireps.csv
Processing chunk [300:450] (44 PIREPs) from /cluster/tufts/capstone25skyblue/scleme01/SatelliteTurbulencePrediction/pireps/2021/04_turb_pireps.csv
[1/44] PIREP at (31.35, -100.50) FL36000 2021-04-29 02:28:00 (cache: 0 images)
  SAVED /cluster/tufts/capstone25skyblue/scleme01/SatelliteTurbulencePrediction/model_inputs/2021_04/0000144.npz (156.9s total | fetch=126.8s project=1.9s smooth=21.0s | cache hits=0 misses=15)
[2/44] PIREP at (30.59, -96.36) FL36000 2021-04-29 02:32:00 (cache: 15 images)
  SAVED /cluster/tufts/capstone25skyblue/scleme01/SatelliteTurbulencePrediction/model_inputs/2021_04/0000145.npz (12.9s total | fetch=10.7s project=0.1s smooth=1.4s | cache hits=14 misses=1)
[3/44] PIREP at (47.17, -88.49) FL40000 2021-04-29 03:32:00 (cache: 16 images)
  SAVED /cluster/tufts/capstone25skyblue/scleme01/SatelliteTurbulencePrediction/model_inputs/2021_04/0000218.npz (155.1s total | fetch=131.0s project=1.6s smooth=16.8s | cache hits=3 misses=12)
[4/44] PIREP at (34.59, -119.95) FL6000 2021-04-29 04:10:00 (cache: 28 images)
  SAVED /cluster/tufts/capstone25skyblue/scleme01/SatelliteTurbulencePrediction/model_inputs/2021_04/0000146.npz (117.1s total | fetch=101.0s project=1.0s smooth=11.2s | cache hits=7 misses=8)
[5/44] PIREP at (60.48, -149.72) FL1500 2021-04-29 05:00:00 (cache: 36 images)
  SAVED /cluster/tufts/capstone25skyblue/scleme01/SatelliteTurbulencePrediction/model_inputs/2021_04/0000147.npz (125.7s total | fetch=105.7s project=1.3s smooth=14.0s | cache hits=5 misses=10)
[6/44] PIREP at (60.48, -149.72) FL1500 2021-04-29 05:00:00 (cache: 46 images)
  SAVED /cluster/tufts/capstone25skyblue/scleme01/SatelliteTurbulencePrediction/model_inputs/2021_04/0000148.npz (0.1s total | fetch=0.0s project=0.0s smooth=0.0s | cache hits=15 misses=0)
[7/44] PIREP at (35.67, -84.95) FL37000 2021-04-29 12:12:00 (cache: 46 images)
  SAVED /cluster/tufts/capstone25skyblue/scleme01/SatelliteTurbulencePrediction/model_inputs/2021_04/0000268.npz (9090.2s total | fetch=9055.9s project=2.4s smooth=23.7s | cache hits=0 misses=15)
[8/44] PIREP at (33.60, -98.11) FL28000 2021-04-29 13:57:00 (cache: 61 images)
