Resetting environment
Deactivating conda environment (if any)
Purging all modules
Done! Environment has been torn down
Loading cuda and miniforge...
Activating conda environment...
Redirecting into the satellite repo...
Done! Environment has now been set up
Processing 2020/02 chunk [0:110]
Fetching satellite data for PIREPs in /cluster/tufts/capstone25skyblue/scleme01/SatelliteTurbulencePrediction/pireps/2020/02_turb_pireps.csv
Processing chunk [0:110] (110 PIREPs) from /cluster/tufts/capstone25skyblue/scleme01/SatelliteTurbulencePrediction/pireps/2020/02_turb_pireps.csv
[1/110] PIREP at (40.85, -96.76) FL33000 2020-02-01 01:19:00 (cache: 0 images)
  SAVED /cluster/tufts/capstone25skyblue/scleme01/SatelliteTurbulencePrediction/model_inputs/2020_02/0000665.npz (159.0s total | fetch=133.9s project=1.7s smooth=17.4s | cache hits=0 misses=15)
[2/110] SKIPPING /cluster/tufts/capstone25skyblue/scleme01/SatelliteTurbulencePrediction/model_inputs/2020_02/0000000.npz (already exists)
[3/110] SKIPPING /cluster/tufts/capstone25skyblue/scleme01/SatelliteTurbulencePrediction/model_inputs/2020_02/0000001.npz (already exists)
[4/110] SKIPPING /cluster/tufts/capstone25skyblue/scleme01/SatelliteTurbulencePrediction/model_inputs/2020_02/0000002.npz (already exists)
[5/110] PIREP at (41.56, -94.10) FL33000 2020-02-01 08:54:00 (cache: 15 images)
  SAVED /cluster/tufts/capstone25skyblue/scleme01/SatelliteTurbulencePrediction/model_inputs/2020_02/0000682.npz (128.8s total | fetch=104.1s project=1.7s smooth=17.2s | cache hits=0 misses=15)
[6/110] PIREP at (41.53, -94.10) FL39000 2020-02-01 09:28:00 (cache: 30 images)
  SAVED /cluster/tufts/capstone25skyblue/scleme01/SatelliteTurbulencePrediction/model_inputs/2020_02/0000686.npz (78.7s total | fetch=67.1s project=0.8s smooth=8.0s | cache hits=8 misses=7)
[7/110] SKIPPING /cluster/tufts/capstone25skyblue/scleme01/SatelliteTurbulencePrediction/model_inputs/2020_02/0000003.npz (already exists)
[8/110] PIREP at (38.98, -91.85) FL34000 2020-02-01 13:04:00 (cache: 37 images)
  SAVED /cluster/tufts/capstone25skyblue/scleme01/SatelliteTurbulencePrediction/model_inputs/2020_02/0000590.npz (4336.0s total | fetch=4311.8s project=1.6s smooth=16.8s | cache hits=0 misses=15)
[9/110] PIREP at (37.39, -83.26) FL18000 2020-02-01 13:04:00 (cache: 52 images)
  SAVED /cluster/tufts/capstone25skyblue/scleme01/SatelliteTurbulencePrediction/model_inputs/2020_02/0000566.npz (0.2s total | fetch=0.0s project=0.0s smooth=0.0s | cache hits=15 misses=0)
[10/110] PIREP at (27.51, -78.13) FL35000 2020-02-01 13:14:00 (cache: 52 images)
  SAVED /cluster/tufts/capstone25skyblue/scleme01/SatelliteTurbulencePrediction/model_inputs/2020_02/0000863.npz (1467.1s total | fetch=1463.7s project=0.2s smooth=2.3s | cache hits=13 misses=2)
[11/110] PIREP at (35.70, -101.39) FL36000 2020-02-01 13:20:00 (cache: 54 images)
  SAVED /cluster/tufts/capstone25skyblue/scleme01/SatelliteTurbulencePrediction/model_inputs/2020_02/0000722.npz (1344.4s total | fetch=1341.0s project=0.2s smooth=2.2s | cache hits=13 misses=2)
[12/110] SKIPPING /cluster/tufts/capstone25skyblue/scleme01/SatelliteTurbulencePrediction/model_inputs/2020_02/0000004.npz (already exists)
[13/110] SKIPPING /cluster/tufts/capstone25skyblue/scleme01/SatelliteTurbulencePrediction/model_inputs/2020_02/0000005.npz (already exists)
[14/110] SKIPPING /cluster/tufts/capstone25skyblue/scleme01/SatelliteTurbulencePrediction/model_inputs/2020_02/0000006.npz (already exists)
[15/110] PIREP at (34.38, -101.00) FL31000 2020-02-01 15:41:00 (cache: 56 images)
  SAVED /cluster/tufts/capstone25skyblue/scleme01/SatelliteTurbulencePrediction/model_inputs/2020_02/0000759.npz (13330.9s total | fetch=13306.7s project=1.6s smooth=16.8s | cache hits=0 misses=15)
[16/110] SKIPPING /cluster/tufts/capstone25skyblue/scleme01/SatelliteTurbulencePrediction/model_inputs/2020_02/0000007.npz (already exists)
[17/110] PIREP at (34.00, -115.94) FL7500 2020-02-01 15:54:00 (cache: 71 images)
  SAVED /cluster/tufts/capstone25skyblue/scleme01/SatelliteTurbulencePrediction/model_inputs/2020_02/0000679.npz (1972.6s total | fetch=1969.3s project=0.2s smooth=2.2s | cache hits=13 misses=2)
[18/110] SKIPPING /cluster/tufts/capstone25skyblue/scleme01/SatelliteTurbulencePrediction/model_inputs/2020_02/0000008.npz (already exists)
[19/110] SKIPPING /cluster/tufts/capstone25skyblue/scleme01/SatelliteTurbulencePrediction/model_inputs/2020_02/0000009.npz (already exists)
[20/110] SKIPPING /cluster/tufts/capstone25skyblue/scleme01/SatelliteTurbulencePrediction/model_inputs/2020_02/0000010.npz (already exists)
[21/110] PIREP at (41.53, -92.76) FL36000 2020-02-01 17:35:00 (cache: 73 images)
  SAVED /cluster/tufts/capstone25skyblue/scleme01/SatelliteTurbulencePrediction/model_inputs/2020_02/0000437.npz (14654.2s total | fetch=14630.3s project=1.6s smooth=16.6s | cache hits=0 misses=15)
[22/110] SKIPPING /cluster/tufts/capstone25skyblue/scleme01/SatelliteTurbulencePrediction/model_inputs/2020_02/0000011.npz (already exists)
[23/110] SKIPPING /cluster/tufts/capstone25skyblue/scleme01/SatelliteTurbulencePrediction/model_inputs/2020_02/0000012.npz (already exists)
[24/110] PIREP at (38.44, -82.20) FL18000 2020-02-01 18:03:00 (cache: 88 images)
  SAVED /cluster/tufts/capstone25skyblue/scleme01/SatelliteTurbulencePrediction/model_inputs/2020_02/0000657.npz (4841.2s total | fetch=4833.1s project=0.5s smooth=5.6s | cache hits=10 misses=5)
[25/110] SKIPPING /cluster/tufts/capstone25skyblue/scleme01/SatelliteTurbulencePrediction/model_inputs/2020_02/0000013.npz (already exists)
[26/110] SKIPPING /cluster/tufts/capstone25skyblue/scleme01/SatelliteTurbulencePrediction/model_inputs/2020_02/0000014.npz (already exists)
[27/110] PIREP at (42.29, -89.28) FL8000 2020-02-01 18:54:00 (cache: 93 images)
  SAVED /cluster/tufts/capstone25skyblue/scleme01/SatelliteTurbulencePrediction/model_inputs/2020_02/0000493.npz (9663.2s total | fetch=9647.2s project=1.0s smooth=11.1s | cache hits=5 misses=10)
[28/110] SKIPPING /cluster/tufts/capstone25skyblue/scleme01/SatelliteTurbulencePrediction/model_inputs/2020_02/0000015.npz (already exists)
[29/110] SKIPPING /cluster/tufts/capstone25skyblue/scleme01/SatelliteTurbulencePrediction/model_inputs/2020_02/0000016.npz (already exists)
[30/110] PIREP at (31.79, -82.51) FL26000 2020-02-01 19:11:00 (cache: 103 images)
  SAVED /cluster/tufts/capstone25skyblue/scleme01/SatelliteTurbulencePrediction/model_inputs/2020_02/0000463.npz (3963.0s total | fetch=3956.6s project=0.4s smooth=4.4s | cache hits=11 misses=4)
[31/110] SKIPPING /cluster/tufts/capstone25skyblue/scleme01/SatelliteTurbulencePrediction/model_inputs/2020_02/0000017.npz (already exists)
[32/110] SKIPPING /cluster/tufts/capstone25skyblue/scleme01/SatelliteTurbulencePrediction/model_inputs/2020_02/0000018.npz (already exists)
[33/110] PIREP at (22.50, -82.72) FL38000 2020-02-01 20:16:00 (cache: 107 images)
  SAVED /cluster/tufts/capstone25skyblue/scleme01/SatelliteTurbulencePrediction/model_inputs/2020_02/0000824.npz (12782.0s total | fetch=12761.2s project=1.4s smooth=14.4s | cache hits=2 misses=13)
[34/110] PIREP at (21.31, -157.92) FL20000 2020-02-01 20:30:00 (cache: 120 images)
  SAVED /cluster/tufts/capstone25skyblue/scleme01/SatelliteTurbulencePrediction/model_inputs/2020_02/0000616.npz (2846.2s total | fetch=2841.3s project=0.3s smooth=3.4s | cache hits=12 misses=3)
[35/110] PIREP at (27.46, -78.24) FL34000 2020-02-01 20:37:00 (cache: 123 images)
  SAVED /cluster/tufts/capstone25skyblue/scleme01/SatelliteTurbulencePrediction/model_inputs/2020_02/0000641.npz (1192.7s total | fetch=1191.0s project=0.1s smooth=1.1s | cache hits=14 misses=1)
[36/110] PIREP at (26.14, -80.28) FL4500 2020-02-01 20:47:00 (cache: 124 images)
  SAVED /cluster/tufts/capstone25skyblue/scleme01/SatelliteTurbulencePrediction/model_inputs/2020_02/0000747.npz (1792.0s total | fetch=1788.6s project=0.2s smooth=2.3s | cache hits=13 misses=2)
[37/110] PIREP at (47.91, -122.28) FL1900 2020-02-01 21:23:00 (cache: 126 images)
  SAVED /cluster/tufts/capstone25skyblue/scleme01/SatelliteTurbulencePrediction/model_inputs/2020_02/0000836.npz (5845.8s total | fetch=5834.5s project=0.7s smooth=7.8s | cache hits=8 misses=7)
[38/110] SKIPPING /cluster/tufts/capstone25skyblue/scleme01/SatelliteTurbulencePrediction/model_inputs/2020_02/0000019.npz (already exists)
[39/110] SKIPPING /cluster/tufts/capstone25skyblue/scleme01/SatelliteTurbulencePrediction/model_inputs/2020_02/0000020.npz (already exists)
[40/110] SKIPPING /cluster/tufts/capstone25skyblue/scleme01/SatelliteTurbulencePrediction/model_inputs/2020_02/0000021.npz (already exists)
[41/110] SKIPPING /cluster/tufts/capstone25skyblue/scleme01/SatelliteTurbulencePrediction/model_inputs/2020_02/0000022.npz (already exists)
[42/110] SKIPPING /cluster/tufts/capstone25skyblue/scleme01/SatelliteTurbulencePrediction/model_inputs/2020_02/0000023.npz (already exists)
[43/110] PIREP at (62.32, -150.09) FL26000 2020-02-02 05:45:00 (cache: 133 images)
  SAVED /cluster/tufts/capstone25skyblue/scleme01/SatelliteTurbulencePrediction/model_inputs/2020_02/0000496.npz (147.9s total | fetch=124.2s project=1.6s smooth=16.6s | cache hits=0 misses=15)
[44/110] PIREP at (30.34, -81.51) FL32000 2020-02-02 11:35:00 (cache: 148 images)
  SAVED /cluster/tufts/capstone25skyblue/scleme01/SatelliteTurbulencePrediction/model_inputs/2020_02/0000495.npz (208.6s total | fetch=184.3s project=1.6s smooth=16.9s | cache hits=0 misses=15)
[45/110] PIREP at (40.12, -86.22) FL19000 2020-02-02 11:57:00 (cache: 163 images)
  SAVED /cluster/tufts/capstone25skyblue/scleme01/SatelliteTurbulencePrediction/model_inputs/2020_02/0000520.npz (46.7s total | fetch=40.1s project=0.4s smooth=4.5s | cache hits=11 misses=4)
[46/110] SKIPPING /cluster/tufts/capstone25skyblue/scleme01/SatelliteTurbulencePrediction/model_inputs/2020_02/0000024.npz (already exists)
[47/110] PIREP at (36.70, -76.90) FL36000 2020-02-02 13:49:00 (cache: 167 images)
