Resetting environment
Deactivating conda environment (if any)
Purging all modules
Done! Environment has been torn down
Loading cuda and miniforge...
Activating conda environment...
Redirecting into the satellite repo...
Done! Environment has now been set up
Processing 2019/02 chunk [220:330]
Fetching satellite data for PIREPs in /cluster/tufts/capstone25skyblue/scleme01/SatelliteTurbulencePrediction/pireps/2019/02_turb_pireps.csv
Processing chunk [220:330] (110 PIREPs) from /cluster/tufts/capstone25skyblue/scleme01/SatelliteTurbulencePrediction/pireps/2019/02_turb_pireps.csv
[1/110] PIREP at (37.93, -87.13) FL37000 2019-02-12 12:40:00 (cache: 0 images)
  SAVED /cluster/tufts/capstone25skyblue/scleme01/SatelliteTurbulencePrediction/model_inputs/2019_02/0000704.npz (142.3s total | fetch=113.4s project=1.9s smooth=20.2s | cache hits=0 misses=15)
[2/110] PIREP at (39.09, -99.83) FL30000 2019-02-12 13:00:00 (cache: 15 images)
  SAVED /cluster/tufts/capstone25skyblue/scleme01/SatelliteTurbulencePrediction/model_inputs/2019_02/0000597.npz (51.3s total | fetch=43.5s project=0.5s smooth=5.4s | cache hits=11 misses=4)
[3/110] PIREP at (35.07, -119.01) FL34000 2019-02-12 13:47:00 (cache: 19 images)
  SAVED /cluster/tufts/capstone25skyblue/scleme01/SatelliteTurbulencePrediction/model_inputs/2019_02/0000087.npz (6510.6s total | fetch=6493.8s project=1.1s smooth=11.7s | cache hits=6 misses=9)
[4/110] PIREP at (34.13, -84.30) FL28000 2019-02-12 15:02:00 (cache: 28 images)
  SAVED /cluster/tufts/capstone25skyblue/scleme01/SatelliteTurbulencePrediction/model_inputs/2019_02/0000540.npz (15004.5s total | fetch=14976.9s project=1.8s smooth=19.2s | cache hits=0 misses=15)
[5/110] PIREP at (37.01, -96.01) FL34000 2019-02-12 15:34:00 (cache: 43 images)
  SAVED /cluster/tufts/capstone25skyblue/scleme01/SatelliteTurbulencePrediction/model_inputs/2019_02/0000496.npz (6448.3s total | fetch=6437.1s project=0.7s smooth=7.7s | cache hits=9 misses=6)
[6/110] PIREP at (32.05, -91.00) FL6000 2019-02-12 15:50:00 (cache: 49 images)
  SAVED /cluster/tufts/capstone25skyblue/scleme01/SatelliteTurbulencePrediction/model_inputs/2019_02/0000088.npz (4633.0s total | fetch=4625.6s project=0.5s smooth=5.1s | cache hits=11 misses=4)
[7/110] PIREP at (41.53, -85.79) FL22000 2019-02-12 15:50:00 (cache: 53 images)
  SAVED /cluster/tufts/capstone25skyblue/scleme01/SatelliteTurbulencePrediction/model_inputs/2019_02/0000401.npz (0.2s total | fetch=0.0s project=0.0s smooth=0.0s | cache hits=15 misses=0)
[8/110] PIREP at (48.26, -68.70) FL38000 2019-02-12 16:30:00 (cache: 53 images)
  SAVED /cluster/tufts/capstone25skyblue/scleme01/SatelliteTurbulencePrediction/model_inputs/2019_02/0000089.npz (9569.1s total | fetch=9554.4s project=1.0s smooth=10.2s | cache hits=7 misses=8)
[9/110] PIREP at (40.53, -86.06) FL18000 2019-02-12 16:36:00 (cache: 61 images)
  SAVED /cluster/tufts/capstone25skyblue/scleme01/SatelliteTurbulencePrediction/model_inputs/2019_02/0000622.npz (1208.7s total | fetch=1206.7s project=0.1s smooth=1.3s | cache hits=14 misses=1)
[10/110] PIREP at (33.63, -85.24) FL15000 2019-02-12 18:01:00 (cache: 62 images)
  SAVED /cluster/tufts/capstone25skyblue/scleme01/SatelliteTurbulencePrediction/model_inputs/2019_02/0000090.npz (17342.8s total | fetch=17315.2s project=1.8s smooth=19.2s | cache hits=0 misses=15)
[11/110] PIREP at (41.77, -86.32) FL22000 2019-02-12 18:05:00 (cache: 77 images)
  SAVED /cluster/tufts/capstone25skyblue/scleme01/SatelliteTurbulencePrediction/model_inputs/2019_02/0000091.npz (1062.7s total | fetch=1060.8s project=0.1s smooth=1.3s | cache hits=14 misses=1)
[12/110] PIREP at (39.34, -119.96) FL10500 2019-02-12 18:08:00 (cache: 78 images)
  SAVED /cluster/tufts/capstone25skyblue/scleme01/SatelliteTurbulencePrediction/model_inputs/2019_02/0000092.npz (0.2s total | fetch=0.0s project=0.0s smooth=0.0s | cache hits=15 misses=0)
[13/110] PIREP at (39.34, -119.96) FL10500 2019-02-12 18:08:00 (cache: 78 images)
  SAVED /cluster/tufts/capstone25skyblue/scleme01/SatelliteTurbulencePrediction/model_inputs/2019_02/0000093.npz (0.2s total | fetch=0.0s project=0.0s smooth=0.0s | cache hits=15 misses=0)
[14/110] PIREP at (46.37, -117.02) FL6000 2019-02-12 18:30:00 (cache: 78 images)
  SAVED /cluster/tufts/capstone25skyblue/scleme01/SatelliteTurbulencePrediction/model_inputs/2019_02/0000094.npz (5912.4s total | fetch=5903.1s project=0.6s smooth=6.4s | cache hits=10 misses=5)
[15/110] PIREP at (30.15, -91.30) FL9000 2019-02-12 18:33:00 (cache: 83 images)
  SAVED /cluster/tufts/capstone25skyblue/scleme01/SatelliteTurbulencePrediction/model_inputs/2019_02/0000095.npz (0.2s total | fetch=0.0s project=0.0s smooth=0.0s | cache hits=15 misses=0)
[16/110] PIREP at (39.66, -105.27) FL20000 2019-02-12 18:34:00 (cache: 83 images)
  SAVED /cluster/tufts/capstone25skyblue/scleme01/SatelliteTurbulencePrediction/model_inputs/2019_02/0000096.npz (0.2s total | fetch=0.0s project=0.0s smooth=0.0s | cache hits=15 misses=0)
[17/110] PIREP at (40.35, -79.92) FL36000 2019-02-12 18:37:00 (cache: 83 images)
  SAVED /cluster/tufts/capstone25skyblue/scleme01/SatelliteTurbulencePrediction/model_inputs/2019_02/0000616.npz (866.2s total | fetch=864.2s project=0.1s smooth=1.3s | cache hits=14 misses=1)
[18/110] PIREP at (36.44, -85.74) FL12000 2019-02-12 18:38:00 (cache: 84 images)
  SAVED /cluster/tufts/capstone25skyblue/scleme01/SatelliteTurbulencePrediction/model_inputs/2019_02/0000097.npz (0.2s total | fetch=0.0s project=0.0s smooth=0.0s | cache hits=15 misses=0)
[19/110] PIREP at (46.31, -117.46) FL6000 2019-02-12 18:39:00 (cache: 84 images)
  SAVED /cluster/tufts/capstone25skyblue/scleme01/SatelliteTurbulencePrediction/model_inputs/2019_02/0000098.npz (0.2s total | fetch=0.0s project=0.0s smooth=0.0s | cache hits=15 misses=0)
[20/110] PIREP at (39.48, -119.94) FL7500 2019-02-12 19:08:00 (cache: 84 images)
  SAVED /cluster/tufts/capstone25skyblue/scleme01/SatelliteTurbulencePrediction/model_inputs/2019_02/0000099.npz (6642.1s total | fetch=6630.9s project=0.7s smooth=7.7s | cache hits=9 misses=6)
[21/110] PIREP at (37.75, -89.01) FL27000 2019-02-12 19:45:00 (cache: 90 images)
  SAVED /cluster/tufts/capstone25skyblue/scleme01/SatelliteTurbulencePrediction/model_inputs/2019_02/0000400.npz (7811.3s total | fetch=7796.5s project=1.0s smooth=10.2s | cache hits=7 misses=8)
[22/110] PIREP at (35.39, -108.65) FL31000 2019-02-12 20:31:00 (cache: 98 images)
