Resetting environment
Deactivating conda environment (if any)
Purging all modules
Done! Environment has been torn down
Loading cuda and miniforge...
Activating conda environment...
Redirecting into the satellite repo...
Done! Environment has now been set up
Processing 2018/02 chunk [330:440]
Fetching satellite data for PIREPs in /cluster/tufts/capstone25skyblue/scleme01/SatelliteTurbulencePrediction/pireps/2018/02_turb_pireps.csv
Processing chunk [330:440] (104 PIREPs) from /cluster/tufts/capstone25skyblue/scleme01/SatelliteTurbulencePrediction/pireps/2018/02_turb_pireps.csv
[1/104] PIREP at (40.80, -75.95) FL14000 2018-02-22 12:47:00 (cache: 0 images)
  SAVED /cluster/tufts/capstone25skyblue/scleme01/SatelliteTurbulencePrediction/model_inputs/2018_02/0000167.npz (232.5s total | fetch=202.2s project=2.0s smooth=21.2s | cache hits=0 misses=15)
[2/104] PIREP at (43.40, -116.24) FL13000 2018-02-22 17:50:00 (cache: 15 images)
  SAVED /cluster/tufts/capstone25skyblue/scleme01/SatelliteTurbulencePrediction/model_inputs/2018_02/0000359.npz (14878.5s total | fetch=14848.4s project=2.0s smooth=21.0s | cache hits=0 misses=15)
[3/104] PIREP at (62.02, -150.14) FL24000 2018-02-22 23:41:00 (cache: 30 images)
  SAVED /cluster/tufts/capstone25skyblue/scleme01/SatelliteTurbulencePrediction/model_inputs/2018_02/0000243.npz (11935.7s total | fetch=11905.8s project=2.0s smooth=21.0s | cache hits=0 misses=15)
[4/104] PIREP at (36.07, -120.48) FL8000 2018-02-23 00:18:00 (cache: 45 images)
  SAVED /cluster/tufts/capstone25skyblue/scleme01/SatelliteTurbulencePrediction/model_inputs/2018_02/0000168.npz (98.2s total | fetch=83.9s project=0.9s smooth=9.8s | cache hits=8 misses=7)
[5/104] PIREP at (56.08, -132.10) FL36000 2018-02-23 07:30:00 (cache: 52 images)
  SAVED /cluster/tufts/capstone25skyblue/scleme01/SatelliteTurbulencePrediction/model_inputs/2018_02/0000219.npz (212.3s total | fetch=182.2s project=2.0s smooth=21.0s | cache hits=0 misses=15)
[6/104] PIREP at (55.40, -21.65) FL36000 2018-02-23 09:38:00 (cache: 67 images)
  SAVED /cluster/tufts/capstone25skyblue/scleme01/SatelliteTurbulencePrediction/model_inputs/2018_02/0000313.npz (193.1s total | fetch=163.2s project=2.0s smooth=21.0s | cache hits=0 misses=15)
[7/104] PIREP at (64.46, -147.85) FL6500 2018-02-23 13:50:00 (cache: 82 images)
  SAVED /cluster/tufts/capstone25skyblue/scleme01/SatelliteTurbulencePrediction/model_inputs/2018_02/0000293.npz (10621.4s total | fetch=10591.4s project=2.0s smooth=21.0s | cache hits=0 misses=15)
[8/104] PIREP at (60.87, -150.62) FL2500 2018-02-23 15:30:00 (cache: 97 images)
  SAVED /cluster/tufts/capstone25skyblue/scleme01/SatelliteTurbulencePrediction/model_inputs/2018_02/0000424.npz (17174.3s total | fetch=17144.2s project=2.0s smooth=21.0s | cache hits=0 misses=15)
[9/104] PIREP at (38.28, -106.42) FL37000 2018-02-23 16:03:00 (cache: 112 images)
  SAVED /cluster/tufts/capstone25skyblue/scleme01/SatelliteTurbulencePrediction/model_inputs/2018_02/0000297.npz (6834.5s total | fetch=6822.4s project=0.8s smooth=8.4s | cache hits=9 misses=6)
[10/104] PIREP at (41.39, -70.73) FL6000 2018-02-23 20:50:00 (cache: 118 images)
  SAVED /cluster/tufts/capstone25skyblue/scleme01/SatelliteTurbulencePrediction/model_inputs/2018_02/0000368.npz (16267.8s total | fetch=16237.7s project=2.0s smooth=20.9s | cache hits=0 misses=15)
[11/104] PIREP at (63.31, -147.85) FL23000 2018-02-23 20:59:00 (cache: 133 images)
  SAVED /cluster/tufts/capstone25skyblue/scleme01/SatelliteTurbulencePrediction/model_inputs/2018_02/0000333.npz (862.7s total | fetch=860.6s project=0.1s smooth=1.4s | cache hits=14 misses=1)
[12/104] PIREP at (40.58, -74.96) FL8000 2018-02-23 21:00:00 (cache: 134 images)
  SAVED /cluster/tufts/capstone25skyblue/scleme01/SatelliteTurbulencePrediction/model_inputs/2018_02/0000355.npz (945.5s total | fetch=943.3s project=0.1s smooth=1.4s | cache hits=14 misses=1)
[13/104] PIREP at (30.00, -83.93) FL9000 2018-02-23 21:02:00 (cache: 135 images)
  SAVED /cluster/tufts/capstone25skyblue/scleme01/SatelliteTurbulencePrediction/model_inputs/2018_02/0000405.npz (0.3s total | fetch=0.0s project=0.0s smooth=0.0s | cache hits=15 misses=0)
[14/104] PIREP at (37.10, -103.60) FL9000 2018-02-23 21:47:00 (cache: 135 images)
  SAVED /cluster/tufts/capstone25skyblue/scleme01/SatelliteTurbulencePrediction/model_inputs/2018_02/0000169.npz (8201.3s total | fetch=8183.1s project=1.2s smooth=12.6s | cache hits=6 misses=9)
[15/104] PIREP at (60.81, -152.29) FL1000 2018-02-23 22:29:00 (cache: 144 images)
