Resetting environment
Deactivating conda environment (if any)
Purging all modules
Done! Environment has been torn down
Allocating resources with slurm...
Loading cuda and miniforge...
Activating conda environment...
Redirecting into the satellite repo...
Done! Environment has now been set up
Processing 2019/12 chunk [450:600]
Fetching satellite data for PIREPs in /cluster/tufts/capstone25skyblue/scleme01/SatelliteTurbulencePrediction/pireps/2019/12_turb_pireps.csv
Processing chunk [450:600] (150 PIREPs) from /cluster/tufts/capstone25skyblue/scleme01/SatelliteTurbulencePrediction/pireps/2019/12_turb_pireps.csv
[1/150] SKIPPING /cluster/tufts/capstone25skyblue/scleme01/SatelliteTurbulencePrediction/model_inputs/2019_12/0000446.npz (already exists)
[2/150] SKIPPING /cluster/tufts/capstone25skyblue/scleme01/SatelliteTurbulencePrediction/model_inputs/2019_12/0000231.npz (already exists)
[3/150] SKIPPING /cluster/tufts/capstone25skyblue/scleme01/SatelliteTurbulencePrediction/model_inputs/2019_12/0000232.npz (already exists)
[4/150] SKIPPING /cluster/tufts/capstone25skyblue/scleme01/SatelliteTurbulencePrediction/model_inputs/2019_12/0000233.npz (already exists)
[5/150] SKIPPING /cluster/tufts/capstone25skyblue/scleme01/SatelliteTurbulencePrediction/model_inputs/2019_12/0000234.npz (already exists)
[6/150] SKIPPING /cluster/tufts/capstone25skyblue/scleme01/SatelliteTurbulencePrediction/model_inputs/2019_12/0000329.npz (already exists)
[7/150] SKIPPING /cluster/tufts/capstone25skyblue/scleme01/SatelliteTurbulencePrediction/model_inputs/2019_12/0000317.npz (already exists)
[8/150] SKIPPING /cluster/tufts/capstone25skyblue/scleme01/SatelliteTurbulencePrediction/model_inputs/2019_12/0000416.npz (already exists)
[9/150] SKIPPING /cluster/tufts/capstone25skyblue/scleme01/SatelliteTurbulencePrediction/model_inputs/2019_12/0000367.npz (already exists)
[10/150] SKIPPING /cluster/tufts/capstone25skyblue/scleme01/SatelliteTurbulencePrediction/model_inputs/2019_12/0000622.npz (already exists)
[11/150] SKIPPING /cluster/tufts/capstone25skyblue/scleme01/SatelliteTurbulencePrediction/model_inputs/2019_12/0000572.npz (already exists)
[12/150] SKIPPING /cluster/tufts/capstone25skyblue/scleme01/SatelliteTurbulencePrediction/model_inputs/2019_12/0000457.npz (already exists)
[13/150] SKIPPING /cluster/tufts/capstone25skyblue/scleme01/SatelliteTurbulencePrediction/model_inputs/2019_12/0000235.npz (already exists)
[14/150] SKIPPING /cluster/tufts/capstone25skyblue/scleme01/SatelliteTurbulencePrediction/model_inputs/2019_12/0000539.npz (already exists)
[15/150] PIREP at (31.57, -105.38) FL5000 2019-12-23 14:29:00 (cache: 0 images)
  SAVED /cluster/tufts/capstone25skyblue/scleme01/SatelliteTurbulencePrediction/model_inputs/2019_12/0000562.npz (7968.3s total | fetch=7936.6s project=2.2s smooth=22.1s | cache hits=0 misses=15)
[16/150] PIREP at (40.92, -88.40) FL38000 2019-12-23 15:19:00 (cache: 15 images)
  SAVED /cluster/tufts/capstone25skyblue/scleme01/SatelliteTurbulencePrediction/model_inputs/2019_12/0000321.npz (6025.8s total | fetch=6004.6s project=1.5s smooth=14.7s | cache hits=5 misses=10)
[17/150] PIREP at (26.56, -79.98) FL7000 2019-12-23 15:40:00 (cache: 25 images)
  SAVED /cluster/tufts/capstone25skyblue/scleme01/SatelliteTurbulencePrediction/model_inputs/2019_12/0000608.npz (3298.5s total | fetch=3287.8s project=0.7s smooth=7.4s | cache hits=10 misses=5)
[18/150] PIREP at (25.70, -76.53) FL17000 2019-12-23 15:49:00 (cache: 30 images)
  SAVED /cluster/tufts/capstone25skyblue/scleme01/SatelliteTurbulencePrediction/model_inputs/2019_12/0000236.npz (562.0s total | fetch=559.7s project=0.1s smooth=1.5s | cache hits=14 misses=1)
[19/150] PIREP at (39.36, -119.71) FL8000 2019-12-23 17:52:00 (cache: 31 images)
  SAVED /cluster/tufts/capstone25skyblue/scleme01/SatelliteTurbulencePrediction/model_inputs/2019_12/0000420.npz (12149.4s total | fetch=12118.5s project=2.1s smooth=21.6s | cache hits=0 misses=15)
[20/150] PIREP at (38.35, -81.77) FL25000 2019-12-23 18:50:00 (cache: 46 images)
  SAVED /cluster/tufts/capstone25skyblue/scleme01/SatelliteTurbulencePrediction/model_inputs/2019_12/0000362.npz (10731.7s total | fetch=10703.1s project=2.1s smooth=19.7s | cache hits=3 misses=12)
[21/150] PIREP at (24.73, -81.05) FL21000 2019-12-23 19:02:00 (cache: 58 images)
  SAVED /cluster/tufts/capstone25skyblue/scleme01/SatelliteTurbulencePrediction/model_inputs/2019_12/0000237.npz (2040.4s total | fetch=2035.0s project=0.4s smooth=3.5s | cache hits=13 misses=2)
[22/150] PIREP at (34.68, -86.68) FL1400 2019-12-23 19:32:00 (cache: 60 images)
  SAVED /cluster/tufts/capstone25skyblue/scleme01/SatelliteTurbulencePrediction/model_inputs/2019_12/0000469.npz (5609.6s total | fetch=5594.3s project=1.1s smooth=10.4s | cache hits=9 misses=6)
[23/150] PIREP at (34.58, -85.75) FL29000 2019-12-23 19:45:00 (cache: 66 images)
  SAVED /cluster/tufts/capstone25skyblue/scleme01/SatelliteTurbulencePrediction/model_inputs/2019_12/0000238.npz (2971.3s total | fetch=2963.6s project=0.6s smooth=5.2s | cache hits=12 misses=3)
[24/150] PIREP at (42.49, -76.46) FL31000 2019-12-23 20:15:00 (cache: 69 images)
