Resetting environment
Deactivating conda environment (if any)
Purging all modules
Done! Environment has been torn down
Loading cuda and miniforge...
Activating conda environment...
Redirecting into the satellite repo...
Done! Environment has now been set up
Processing 2021/12 chunk [0:110]
Fetching satellite data for PIREPs in /cluster/tufts/capstone25skyblue/scleme01/SatelliteTurbulencePrediction/pireps/2021/12_turb_pireps.csv
Processing chunk [0:110] (110 PIREPs) from /cluster/tufts/capstone25skyblue/scleme01/SatelliteTurbulencePrediction/pireps/2021/12_turb_pireps.csv
[1/110] SKIPPING /cluster/tufts/capstone25skyblue/scleme01/SatelliteTurbulencePrediction/model_inputs/2021_12/0000000.npz (already exists)
[2/110] PIREP at (38.25, -86.95) FL36000 2021-12-01 07:20:00 (cache: 0 images)
  SAVED /cluster/tufts/capstone25skyblue/scleme01/SatelliteTurbulencePrediction/model_inputs/2021_12/0000698.npz (152.9s total | fetch=129.1s project=2.1s smooth=16.3s | cache hits=0 misses=15)
[3/110] SKIPPING /cluster/tufts/capstone25skyblue/scleme01/SatelliteTurbulencePrediction/model_inputs/2021_12/0000001.npz (already exists)
[4/110] PIREP at (43.66, -95.58) FL35000 2021-12-01 13:59:00 (cache: 15 images)
  SAVED /cluster/tufts/capstone25skyblue/scleme01/SatelliteTurbulencePrediction/model_inputs/2021_12/0000561.npz (9527.9s total | fetch=9503.2s project=2.1s smooth=15.8s | cache hits=0 misses=15)
[5/110] PIREP at (33.06, -98.69) FL37000 2021-12-01 14:21:00 (cache: 30 images)
  SAVED /cluster/tufts/capstone25skyblue/scleme01/SatelliteTurbulencePrediction/model_inputs/2021_12/0000464.npz (3880.2s total | fetch=3871.7s project=0.7s smooth=5.4s | cache hits=10 misses=5)
[6/110] PIREP at (29.98, -95.34) FL6000 2021-12-01 14:22:00 (cache: 35 images)
  SAVED /cluster/tufts/capstone25skyblue/scleme01/SatelliteTurbulencePrediction/model_inputs/2021_12/0000592.npz (0.2s total | fetch=0.0s project=0.0s smooth=0.0s | cache hits=15 misses=0)
[7/110] PIREP at (41.45, -89.73) FL4000 2021-12-01 15:25:00 (cache: 35 images)
  SAVED /cluster/tufts/capstone25skyblue/scleme01/SatelliteTurbulencePrediction/model_inputs/2021_12/0000579.npz (10477.9s total | fetch=10455.9s project=1.9s smooth=14.0s | cache hits=2 misses=13)
[8/110] PIREP at (37.38, -87.26) FL35000 2021-12-01 16:03:00 (cache: 48 images)
  SAVED /cluster/tufts/capstone25skyblue/scleme01/SatelliteTurbulencePrediction/model_inputs/2021_12/0000394.npz (5672.1s total | fetch=5660.3s project=1.0s smooth=7.5s | cache hits=8 misses=7)
[9/110] PIREP at (43.87, -85.84) FL17000 2021-12-01 16:06:00 (cache: 55 images)
  SAVED /cluster/tufts/capstone25skyblue/scleme01/SatelliteTurbulencePrediction/model_inputs/2021_12/0000486.npz (888.1s total | fetch=886.3s project=0.1s smooth=1.1s | cache hits=14 misses=1)
[10/110] SKIPPING /cluster/tufts/capstone25skyblue/scleme01/SatelliteTurbulencePrediction/model_inputs/2021_12/0000002.npz (already exists)
[11/110] PIREP at (36.87, -84.40) FL35000 2021-12-01 16:42:00 (cache: 56 images)
  SAVED /cluster/tufts/capstone25skyblue/scleme01/SatelliteTurbulencePrediction/model_inputs/2021_12/0000426.npz (6064.8s total | fetch=6053.0s project=1.0s smooth=7.5s | cache hits=8 misses=7)
[12/110] SKIPPING /cluster/tufts/capstone25skyblue/scleme01/SatelliteTurbulencePrediction/model_inputs/2021_12/0000003.npz (already exists)
[13/110] PIREP at (42.54, -97.49) FL31000 2021-12-01 18:30:00 (cache: 63 images)
  SAVED /cluster/tufts/capstone25skyblue/scleme01/SatelliteTurbulencePrediction/model_inputs/2021_12/0000659.npz (11195.4s total | fetch=11170.2s project=2.1s smooth=16.0s | cache hits=0 misses=15)
[14/110] PIREP at (40.20, -87.60) FL37000 2021-12-01 19:12:00 (cache: 78 images)
  SAVED /cluster/tufts/capstone25skyblue/scleme01/SatelliteTurbulencePrediction/model_inputs/2021_12/0000543.npz (5952.5s total | fetch=5939.0s project=1.1s smooth=8.6s | cache hits=7 misses=8)
[15/110] SKIPPING /cluster/tufts/capstone25skyblue/scleme01/SatelliteTurbulencePrediction/model_inputs/2021_12/0000004.npz (already exists)
[16/110] SKIPPING /cluster/tufts/capstone25skyblue/scleme01/SatelliteTurbulencePrediction/model_inputs/2021_12/0000005.npz (already exists)
[17/110] PIREP at (44.13, -87.68) FL37000 2021-12-01 21:47:00 (cache: 86 images)
