Resetting environment
Deactivating conda environment (if any)
Purging all modules
Done! Environment has been torn down
Loading cuda and miniforge...
Activating conda environment...
Redirecting into the satellite repo...
Done! Environment has now been set up
Processing 2023/01 chunk [440:550]
Fetching satellite data for PIREPs in /cluster/tufts/capstone25skyblue/scleme01/SatelliteTurbulencePrediction/pireps/2023/01_turb_pireps.csv
Processing chunk [440:550] (110 PIREPs) from /cluster/tufts/capstone25skyblue/scleme01/SatelliteTurbulencePrediction/pireps/2023/01_turb_pireps.csv
[1/110] PIREP at (55.35, -131.71) FL0 2023-01-21 15:18:00 (cache: 0 images)
  SAVED /cluster/tufts/capstone25skyblue/scleme01/SatelliteTurbulencePrediction/model_inputs/2023_01/0000365.npz (11008.7s total | fetch=10983.3s project=2.2s smooth=16.3s | cache hits=0 misses=15)
[2/110] PIREP at (40.57, -77.73) FL36000 2023-01-21 16:08:00 (cache: 15 images)
  SAVED /cluster/tufts/capstone25skyblue/scleme01/SatelliteTurbulencePrediction/model_inputs/2023_01/0000376.npz (7941.2s total | fetch=7924.3s project=1.4s smooth=10.8s | cache hits=5 misses=10)
[3/110] PIREP at (40.97, -98.31) FL34000 2023-01-21 17:45:00 (cache: 25 images)
  SAVED /cluster/tufts/capstone25skyblue/scleme01/SatelliteTurbulencePrediction/model_inputs/2023_01/0000515.npz (12270.0s total | fetch=12244.8s project=2.1s smooth=16.1s | cache hits=0 misses=15)
[4/110] PIREP at (25.67, -79.30) FL21000 2023-01-21 18:19:00 (cache: 40 images)
  SAVED /cluster/tufts/capstone25skyblue/scleme01/SatelliteTurbulencePrediction/model_inputs/2023_01/0000468.npz (4821.4s total | fetch=4811.3s project=0.8s smooth=6.4s | cache hits=9 misses=6)
[5/110] PIREP at (41.06, -93.88) FL18000 2023-01-21 18:47:00 (cache: 46 images)
  SAVED /cluster/tufts/capstone25skyblue/scleme01/SatelliteTurbulencePrediction/model_inputs/2023_01/0000488.npz (4822.0s total | fetch=4811.9s project=0.8s smooth=6.4s | cache hits=9 misses=6)
[6/110] PIREP at (40.98, -85.19) FL3000 2023-01-21 18:50:00 (cache: 52 images)
  SAVED /cluster/tufts/capstone25skyblue/scleme01/SatelliteTurbulencePrediction/model_inputs/2023_01/0000642.npz (766.9s total | fetch=765.1s project=0.2s smooth=1.1s | cache hits=14 misses=1)
[7/110] PIREP at (23.87, -81.23) FL30000 2023-01-21 19:37:00 (cache: 53 images)
  SAVED /cluster/tufts/capstone25skyblue/scleme01/SatelliteTurbulencePrediction/model_inputs/2023_01/0000553.npz (6523.7s total | fetch=6508.4s project=1.3s smooth=9.7s | cache hits=6 misses=9)
[8/110] PIREP at (63.00, -40.00) FL34000 2023-01-21 20:35:00 (cache: 62 images)
  SAVED /cluster/tufts/capstone25skyblue/scleme01/SatelliteTurbulencePrediction/model_inputs/2023_01/0000207.npz (7886.1s total | fetch=7866.1s project=1.7s smooth=12.8s | cache hits=3 misses=12)
[9/110] PIREP at (63.00, -40.00) FL34000 2023-01-21 20:35:00 (cache: 74 images)
  SAVED /cluster/tufts/capstone25skyblue/scleme01/SatelliteTurbulencePrediction/model_inputs/2023_01/0000206.npz (0.0s total | fetch=0.0s project=0.0s smooth=0.0s | cache hits=15 misses=0)
[10/110] PIREP at (27.59, -84.73) FL37000 2023-01-21 20:47:00 (cache: 74 images)
  SAVED /cluster/tufts/capstone25skyblue/scleme01/SatelliteTurbulencePrediction/model_inputs/2023_01/0000538.npz (1228.3s total | fetch=1224.8s project=0.3s smooth=2.1s | cache hits=13 misses=2)
[11/110] PIREP at (48.11, -98.91) FL6500 2023-01-21 22:18:00 (cache: 76 images)
