Resetting environment
Deactivating conda environment (if any)
Purging all modules
Done! Environment has been torn down
Loading cuda and miniforge...
Activating conda environment...
Redirecting into the satellite repo...
Done! Environment has now been set up
Processing 2020/01 chunk [0:110]
Fetching satellite data for PIREPs in /cluster/tufts/capstone25skyblue/scleme01/SatelliteTurbulencePrediction/pireps/2020/01_turb_pireps.csv
Processing chunk [0:110] (110 PIREPs) from /cluster/tufts/capstone25skyblue/scleme01/SatelliteTurbulencePrediction/pireps/2020/01_turb_pireps.csv
[1/110] PIREP at (41.28, -70.00) FL1200 2020-01-01 00:25:00 (cache: 0 images)
  SAVED /cluster/tufts/capstone25skyblue/scleme01/SatelliteTurbulencePrediction/model_inputs/2020_01/0000558.npz (260.2s total | fetch=235.5s project=1.6s smooth=17.2s | cache hits=0 misses=15)
[2/110] SKIPPING /cluster/tufts/capstone25skyblue/scleme01/SatelliteTurbulencePrediction/model_inputs/2020_01/0000000.npz (already exists)
[3/110] SKIPPING /cluster/tufts/capstone25skyblue/scleme01/SatelliteTurbulencePrediction/model_inputs/2020_01/0000001.npz (already exists)
[4/110] SKIPPING /cluster/tufts/capstone25skyblue/scleme01/SatelliteTurbulencePrediction/model_inputs/2020_01/0000002.npz (already exists)
[5/110] PIREP at (31.97, -99.09) FL36000 2020-01-01 04:24:00 (cache: 15 images)
  SAVED /cluster/tufts/capstone25skyblue/scleme01/SatelliteTurbulencePrediction/model_inputs/2020_01/0000479.npz (168.5s total | fetch=143.9s project=1.6s smooth=17.2s | cache hits=0 misses=15)
[6/110] PIREP at (33.43, -111.37) FL37000 2020-01-01 06:40:00 (cache: 30 images)
  SAVED /cluster/tufts/capstone25skyblue/scleme01/SatelliteTurbulencePrediction/model_inputs/2020_01/0000686.npz (165.7s total | fetch=141.2s project=1.6s smooth=17.1s | cache hits=0 misses=15)
[7/110] SKIPPING /cluster/tufts/capstone25skyblue/scleme01/SatelliteTurbulencePrediction/model_inputs/2020_01/0000003.npz (already exists)
[8/110] SKIPPING /cluster/tufts/capstone25skyblue/scleme01/SatelliteTurbulencePrediction/model_inputs/2020_01/0000004.npz (already exists)
[9/110] SKIPPING /cluster/tufts/capstone25skyblue/scleme01/SatelliteTurbulencePrediction/model_inputs/2020_01/0000005.npz (already exists)
[10/110] PIREP at (31.64, -78.40) FL31000 2020-01-01 12:28:00 (cache: 45 images)
  SAVED /cluster/tufts/capstone25skyblue/scleme01/SatelliteTurbulencePrediction/model_inputs/2020_01/0000733.npz (142.6s total | fetch=118.2s project=1.6s smooth=17.1s | cache hits=0 misses=15)
[11/110] PIREP at (38.09, -90.43) FL36000 2020-01-01 14:03:00 (cache: 60 images)
  SAVED /cluster/tufts/capstone25skyblue/scleme01/SatelliteTurbulencePrediction/model_inputs/2020_01/0000481.npz (6265.8s total | fetch=6241.6s project=1.6s smooth=16.9s | cache hits=0 misses=15)
[12/110] PIREP at (40.60, -93.97) FL38000 2020-01-01 14:30:00 (cache: 75 images)
  SAVED /cluster/tufts/capstone25skyblue/scleme01/SatelliteTurbulencePrediction/model_inputs/2020_01/0000598.npz (4392.5s total | fetch=4382.6s project=0.6s smooth=6.8s | cache hits=9 misses=6)
[13/110] PIREP at (17.85, -63.35) FL16500 2020-01-01 15:23:00 (cache: 81 images)
  SAVED /cluster/tufts/capstone25skyblue/scleme01/SatelliteTurbulencePrediction/model_inputs/2020_01/0000763.npz (8882.3s total | fetch=8866.2s project=1.0s smooth=11.2s | cache hits=5 misses=10)
[14/110] SKIPPING /cluster/tufts/capstone25skyblue/scleme01/SatelliteTurbulencePrediction/model_inputs/2020_01/0000006.npz (already exists)
[15/110] SKIPPING /cluster/tufts/capstone25skyblue/scleme01/SatelliteTurbulencePrediction/model_inputs/2020_01/0000007.npz (already exists)
[16/110] PIREP at (34.34, -99.58) FL19000 2020-01-01 17:14:00 (cache: 91 images)
  SAVED /cluster/tufts/capstone25skyblue/scleme01/SatelliteTurbulencePrediction/model_inputs/2020_01/0000419.npz (14320.8s total | fetch=14296.7s project=1.6s smooth=16.7s | cache hits=0 misses=15)
[17/110] PIREP at (64.81, -147.85) FL2300 2020-01-01 17:30:00 (cache: 106 images)
  SAVED /cluster/tufts/capstone25skyblue/scleme01/SatelliteTurbulencePrediction/model_inputs/2020_01/0000589.npz (4036.8s total | fetch=4030.4s project=0.4s smooth=4.5s | cache hits=11 misses=4)
[18/110] SKIPPING /cluster/tufts/capstone25skyblue/scleme01/SatelliteTurbulencePrediction/model_inputs/2020_01/0000009.npz (already exists)
[19/110] SKIPPING /cluster/tufts/capstone25skyblue/scleme01/SatelliteTurbulencePrediction/model_inputs/2020_01/0000008.npz (already exists)
[20/110] SKIPPING /cluster/tufts/capstone25skyblue/scleme01/SatelliteTurbulencePrediction/model_inputs/2020_01/0000010.npz (already exists)
[21/110] SKIPPING /cluster/tufts/capstone25skyblue/scleme01/SatelliteTurbulencePrediction/model_inputs/2020_01/0000011.npz (already exists)
[22/110] SKIPPING /cluster/tufts/capstone25skyblue/scleme01/SatelliteTurbulencePrediction/model_inputs/2020_01/0000012.npz (already exists)
[23/110] PIREP at (33.98, -99.49) FL17000 2020-01-01 18:57:00 (cache: 110 images)
  SAVED /cluster/tufts/capstone25skyblue/scleme01/SatelliteTurbulencePrediction/model_inputs/2020_01/0000691.npz (14525.2s total | fetch=14501.1s project=1.6s smooth=16.8s | cache hits=0 misses=15)
[24/110] SKIPPING /cluster/tufts/capstone25skyblue/scleme01/SatelliteTurbulencePrediction/model_inputs/2020_01/0000013.npz (already exists)
[25/110] PIREP at (35.89, -88.55) FL21000 2020-01-01 19:12:00 (cache: 125 images)
  SAVED /cluster/tufts/capstone25skyblue/scleme01/SatelliteTurbulencePrediction/model_inputs/2020_01/0000544.npz (3008.3s total | fetch=3003.4s project=0.3s smooth=3.3s | cache hits=12 misses=3)
[26/110] SKIPPING /cluster/tufts/capstone25skyblue/scleme01/SatelliteTurbulencePrediction/model_inputs/2020_01/0000014.npz (already exists)
[27/110] SKIPPING /cluster/tufts/capstone25skyblue/scleme01/SatelliteTurbulencePrediction/model_inputs/2020_01/0000017.npz (already exists)
[28/110] SKIPPING /cluster/tufts/capstone25skyblue/scleme01/SatelliteTurbulencePrediction/model_inputs/2020_01/0000016.npz (already exists)
[29/110] SKIPPING /cluster/tufts/capstone25skyblue/scleme01/SatelliteTurbulencePrediction/model_inputs/2020_01/0000015.npz (already exists)
[30/110] SKIPPING /cluster/tufts/capstone25skyblue/scleme01/SatelliteTurbulencePrediction/model_inputs/2020_01/0000018.npz (already exists)
[31/110] SKIPPING /cluster/tufts/capstone25skyblue/scleme01/SatelliteTurbulencePrediction/model_inputs/2020_01/0000019.npz (already exists)
[32/110] SKIPPING /cluster/tufts/capstone25skyblue/scleme01/SatelliteTurbulencePrediction/model_inputs/2020_01/0000020.npz (already exists)
[33/110] SKIPPING /cluster/tufts/capstone25skyblue/scleme01/SatelliteTurbulencePrediction/model_inputs/2020_01/0000021.npz (already exists)
[34/110] SKIPPING /cluster/tufts/capstone25skyblue/scleme01/SatelliteTurbulencePrediction/model_inputs/2020_01/0000022.npz (already exists)
[35/110] SKIPPING /cluster/tufts/capstone25skyblue/scleme01/SatelliteTurbulencePrediction/model_inputs/2020_01/0000024.npz (already exists)
[36/110] SKIPPING /cluster/tufts/capstone25skyblue/scleme01/SatelliteTurbulencePrediction/model_inputs/2020_01/0000023.npz (already exists)
[37/110] SKIPPING /cluster/tufts/capstone25skyblue/scleme01/SatelliteTurbulencePrediction/model_inputs/2020_01/0000025.npz (already exists)
[38/110] SKIPPING /cluster/tufts/capstone25skyblue/scleme01/SatelliteTurbulencePrediction/model_inputs/2020_01/0000026.npz (already exists)
[39/110] PIREP at (39.57, -104.85) FL7500 2020-01-01 20:19:00 (cache: 128 images)
  SAVED /cluster/tufts/capstone25skyblue/scleme01/SatelliteTurbulencePrediction/model_inputs/2020_01/0000697.npz (12383.5s total | fetch=12362.6s project=1.4s smooth=14.6s | cache hits=2 misses=13)
[40/110] SKIPPING /cluster/tufts/capstone25skyblue/scleme01/SatelliteTurbulencePrediction/model_inputs/2020_01/0000027.npz (already exists)
[41/110] PIREP at (37.09, -84.08) FL20400 2020-01-01 20:43:00 (cache: 141 images)
  SAVED /cluster/tufts/capstone25skyblue/scleme01/SatelliteTurbulencePrediction/model_inputs/2020_01/0000608.npz (4655.5s total | fetch=4647.4s project=0.5s smooth=5.6s | cache hits=10 misses=5)
[42/110] PIREP at (43.66, -95.58) FL25000 2020-01-01 20:56:00 (cache: 146 images)
  SAVED /cluster/tufts/capstone25skyblue/scleme01/SatelliteTurbulencePrediction/model_inputs/2020_01/0000701.npz (2439.9s total | fetch=2434.9s project=0.3s smooth=3.4s | cache hits=12 misses=3)
[43/110] SKIPPING /cluster/tufts/capstone25skyblue/scleme01/SatelliteTurbulencePrediction/model_inputs/2020_01/0000028.npz (already exists)
[44/110] PIREP at (47.62, -117.90) FL12000 2020-01-01 21:45:00 (cache: 149 images)
  SAVED /cluster/tufts/capstone25skyblue/scleme01/SatelliteTurbulencePrediction/model_inputs/2020_01/0000715.npz (7450.9s total | fetch=7434.7s project=1.0s smooth=11.2s | cache hits=5 misses=10)
[45/110] PIREP at (37.26, -104.34) FL37000 2020-01-01 21:50:00 (cache: 159 images)
  SAVED /cluster/tufts/capstone25skyblue/scleme01/SatelliteTurbulencePrediction/model_inputs/2020_01/0000664.npz (656.0s total | fetch=654.3s project=0.1s smooth=1.1s | cache hits=14 misses=1)
[46/110] PIREP at (33.00, -94.56) FL30000 2020-01-01 21:51:00 (cache: 160 images)
  SAVED /cluster/tufts/capstone25skyblue/scleme01/SatelliteTurbulencePrediction/model_inputs/2020_01/0000502.npz (0.2s total | fetch=0.0s project=0.0s smooth=0.0s | cache hits=15 misses=0)
[47/110] SKIPPING /cluster/tufts/capstone25skyblue/scleme01/SatelliteTurbulencePrediction/model_inputs/2020_01/0000029.npz (already exists)
[48/110] SKIPPING /cluster/tufts/capstone25skyblue/scleme01/SatelliteTurbulencePrediction/model_inputs/2020_01/0000030.npz (already exists)
[49/110] SKIPPING /cluster/tufts/capstone25skyblue/scleme01/SatelliteTurbulencePrediction/model_inputs/2020_01/0000031.npz (already exists)
[50/110] PIREP at (43.65, -92.49) FL30000 2020-01-01 22:33:00 (cache: 160 images)
