Resetting environment
Deactivating conda environment (if any)
Purging all modules
Done! Environment has been torn down
Loading cuda and miniforge...
Activating conda environment...
Redirecting into the satellite repo...
Done! Environment has now been set up
Processing 2017/08 chunk [0:150]
Fetching satellite data for PIREPs in /cluster/tufts/capstone25skyblue/scleme01/SatelliteTurbulencePrediction/pireps/2017/08_turb_pireps.csv
Processing chunk [0:150] (150 PIREPs) from /cluster/tufts/capstone25skyblue/scleme01/SatelliteTurbulencePrediction/pireps/2017/08_turb_pireps.csv
[1/150] SKIPPING /cluster/tufts/capstone25skyblue/scleme01/SatelliteTurbulencePrediction/model_inputs/2017_08/0000220.npz (already exists)
[2/150] SKIPPING /cluster/tufts/capstone25skyblue/scleme01/SatelliteTurbulencePrediction/model_inputs/2017_08/0000215.npz (already exists)
[3/150] PIREP at (35.15, -81.67) FL27000 2017-08-01 11:33:00 (cache: 0 images)
  WARNING: Failed to fetch image at 2017-08-01 11:33:00: noaa-goes16/ABI-L2-MCMIPC/2017/213/10
  WARNING: Failed to fetch image at 2017-08-01 11:28:00: noaa-goes16/ABI-L2-MCMIPC/2017/213/10
  WARNING: Failed to fetch image at 2017-08-01 11:23:00: noaa-goes16/ABI-L2-MCMIPC/2017/213/10
  WARNING: Failed to fetch image at 2017-08-01 11:18:00: noaa-goes16/ABI-L2-MCMIPC/2017/213/10
  WARNING: Failed to fetch image at 2017-08-01 11:13:00: noaa-goes16/ABI-L2-MCMIPC/2017/213/10
  WARNING: Failed to fetch image at 2017-08-01 11:08:00: noaa-goes16/ABI-L2-MCMIPC/2017/213/10
  WARNING: Failed to fetch image at 2017-08-01 11:03:00: noaa-goes16/ABI-L2-MCMIPC/2017/213/10
  WARNING: Failed to fetch image at 2017-08-01 10:58:00: noaa-goes16/ABI-L2-MCMIPC/2017/213/10
  WARNING: Failed to fetch image at 2017-08-01 10:53:00: noaa-goes16/ABI-L2-MCMIPC/2017/213/10
  WARNING: Failed to fetch image at 2017-08-01 10:48:00: noaa-goes16/ABI-L2-MCMIPC/2017/213/10
  WARNING: Failed to fetch image at 2017-08-01 10:43:00: noaa-goes16/ABI-L2-MCMIPC/2017/213/10
  WARNING: Failed to fetch image at 2017-08-01 10:38:00: noaa-goes16/ABI-L2-MCMIPC/2017/213/10
  WARNING: Failed to fetch image at 2017-08-01 10:33:00: noaa-goes16/ABI-L2-MCMIPC/2017/213/10
  WARNING: Failed to fetch image at 2017-08-01 10:28:00: noaa-goes16/ABI-L2-MCMIPC/2017/213/10
  WARNING: Failed to fetch image at 2017-08-01 10:23:00: noaa-goes16/ABI-L2-MCMIPC/2017/213/10
  SKIPPED: no frames fetched
[4/150] SKIPPING /cluster/tufts/capstone25skyblue/scleme01/SatelliteTurbulencePrediction/model_inputs/2017_08/0000000.npz (already exists)
[5/150] SKIPPING /cluster/tufts/capstone25skyblue/scleme01/SatelliteTurbulencePrediction/model_inputs/2017_08/0000001.npz (already exists)
[6/150] SKIPPING /cluster/tufts/capstone25skyblue/scleme01/SatelliteTurbulencePrediction/model_inputs/2017_08/0000221.npz (already exists)
[7/150] SKIPPING /cluster/tufts/capstone25skyblue/scleme01/SatelliteTurbulencePrediction/model_inputs/2017_08/0000002.npz (already exists)
[8/150] SKIPPING /cluster/tufts/capstone25skyblue/scleme01/SatelliteTurbulencePrediction/model_inputs/2017_08/0000211.npz (already exists)
[9/150] SKIPPING /cluster/tufts/capstone25skyblue/scleme01/SatelliteTurbulencePrediction/model_inputs/2017_08/0000177.npz (already exists)
[10/150] SKIPPING /cluster/tufts/capstone25skyblue/scleme01/SatelliteTurbulencePrediction/model_inputs/2017_08/0000003.npz (already exists)
[11/150] SKIPPING /cluster/tufts/capstone25skyblue/scleme01/SatelliteTurbulencePrediction/model_inputs/2017_08/0000133.npz (already exists)
[12/150] SKIPPING /cluster/tufts/capstone25skyblue/scleme01/SatelliteTurbulencePrediction/model_inputs/2017_08/0000004.npz (already exists)
[13/150] SKIPPING /cluster/tufts/capstone25skyblue/scleme01/SatelliteTurbulencePrediction/model_inputs/2017_08/0000158.npz (already exists)
[14/150] SKIPPING /cluster/tufts/capstone25skyblue/scleme01/SatelliteTurbulencePrediction/model_inputs/2017_08/0000005.npz (already exists)
[15/150] SKIPPING /cluster/tufts/capstone25skyblue/scleme01/SatelliteTurbulencePrediction/model_inputs/2017_08/0000006.npz (already exists)
[16/150] SKIPPING /cluster/tufts/capstone25skyblue/scleme01/SatelliteTurbulencePrediction/model_inputs/2017_08/0000007.npz (already exists)
[17/150] PIREP at (39.84, -87.65) FL35000 2017-08-03 13:47:00 (cache: 15 images)
  WARNING: Failed to fetch image at 2017-08-03 13:47:00: noaa-goes16/ABI-L2-MCMIPC/2017/215/12
  WARNING: Failed to fetch image at 2017-08-03 13:42:00: noaa-goes16/ABI-L2-MCMIPC/2017/215/12
  WARNING: Failed to fetch image at 2017-08-03 13:37:00: noaa-goes16/ABI-L2-MCMIPC/2017/215/12
  WARNING: Failed to fetch image at 2017-08-03 13:32:00: noaa-goes16/ABI-L2-MCMIPC/2017/215/12
  WARNING: Failed to fetch image at 2017-08-03 13:27:00: noaa-goes16/ABI-L2-MCMIPC/2017/215/12
  WARNING: Failed to fetch image at 2017-08-03 13:22:00: noaa-goes16/ABI-L2-MCMIPC/2017/215/12
  WARNING: Failed to fetch image at 2017-08-03 13:17:00: noaa-goes16/ABI-L2-MCMIPC/2017/215/12
  WARNING: Failed to fetch image at 2017-08-03 13:12:00: noaa-goes16/ABI-L2-MCMIPC/2017/215/12
  WARNING: Failed to fetch image at 2017-08-03 13:07:00: noaa-goes16/ABI-L2-MCMIPC/2017/215/12
  WARNING: Failed to fetch image at 2017-08-03 13:02:00: noaa-goes16/ABI-L2-MCMIPC/2017/215/12
  WARNING: Failed to fetch image at 2017-08-03 12:57:00: noaa-goes16/ABI-L2-MCMIPC/2017/215/12
  WARNING: Failed to fetch image at 2017-08-03 12:52:00: noaa-goes16/ABI-L2-MCMIPC/2017/215/12
  WARNING: Failed to fetch image at 2017-08-03 12:47:00: noaa-goes16/ABI-L2-MCMIPC/2017/215/12
  WARNING: Failed to fetch image at 2017-08-03 12:42:00: noaa-goes16/ABI-L2-MCMIPC/2017/215/12
  WARNING: Failed to fetch image at 2017-08-03 12:37:00: noaa-goes16/ABI-L2-MCMIPC/2017/215/12
  SKIPPED: no frames fetched
[18/150] PIREP at (32.66, -78.42) FL35000 2017-08-03 15:51:00 (cache: 30 images)
  WARNING: Failed to fetch image at 2017-08-03 15:51:00: noaa-goes16/ABI-L2-MCMIPC/2017/215/14
  WARNING: Failed to fetch image at 2017-08-03 15:46:00: noaa-goes16/ABI-L2-MCMIPC/2017/215/14
  WARNING: Failed to fetch image at 2017-08-03 15:41:00: noaa-goes16/ABI-L2-MCMIPC/2017/215/14
  WARNING: Failed to fetch image at 2017-08-03 15:36:00: noaa-goes16/ABI-L2-MCMIPC/2017/215/14
  WARNING: Failed to fetch image at 2017-08-03 15:31:00: noaa-goes16/ABI-L2-MCMIPC/2017/215/14
  WARNING: Failed to fetch image at 2017-08-03 15:26:00: noaa-goes16/ABI-L2-MCMIPC/2017/215/14
  WARNING: Failed to fetch image at 2017-08-03 15:21:00: noaa-goes16/ABI-L2-MCMIPC/2017/215/14
  WARNING: Failed to fetch image at 2017-08-03 15:16:00: noaa-goes16/ABI-L2-MCMIPC/2017/215/14
  WARNING: Failed to fetch image at 2017-08-03 15:11:00: noaa-goes16/ABI-L2-MCMIPC/2017/215/14
  WARNING: Failed to fetch image at 2017-08-03 15:06:00: noaa-goes16/ABI-L2-MCMIPC/2017/215/14
  WARNING: Failed to fetch image at 2017-08-03 15:01:00: noaa-goes16/ABI-L2-MCMIPC/2017/215/14
  WARNING: Failed to fetch image at 2017-08-03 14:56:00: noaa-goes16/ABI-L2-MCMIPC/2017/215/13
  WARNING: Failed to fetch image at 2017-08-03 14:51:00: noaa-goes16/ABI-L2-MCMIPC/2017/215/13
  WARNING: Failed to fetch image at 2017-08-03 14:46:00: noaa-goes16/ABI-L2-MCMIPC/2017/215/13
  WARNING: Failed to fetch image at 2017-08-03 14:41:00: noaa-goes16/ABI-L2-MCMIPC/2017/215/13
  SKIPPED: no frames fetched
[19/150] PIREP at (61.26, -148.97) FL10700 2017-08-03 15:58:00 (cache: 45 images)
  WARNING: Failed to fetch image at 2017-08-03 15:58:00: noaa-goes16/ABI-L2-MCMIPC/2017/215/14
  SKIPPED: no frames fetched
[20/150] PIREP at (41.36, -86.88) FL23000 2017-08-03 19:30:00 (cache: 46 images)
  WARNING: Failed to fetch image at 2017-08-03 19:30:00: noaa-goes16/ABI-L2-MCMIPC/2017/215/18
  WARNING: Failed to fetch image at 2017-08-03 19:25:00: noaa-goes16/ABI-L2-MCMIPC/2017/215/18
  WARNING: Failed to fetch image at 2017-08-03 19:20:00: noaa-goes16/ABI-L2-MCMIPC/2017/215/18
  WARNING: Failed to fetch image at 2017-08-03 19:15:00: noaa-goes16/ABI-L2-MCMIPC/2017/215/18
  WARNING: Failed to fetch image at 2017-08-03 19:10:00: noaa-goes16/ABI-L2-MCMIPC/2017/215/18
  WARNING: Failed to fetch image at 2017-08-03 19:05:00: noaa-goes16/ABI-L2-MCMIPC/2017/215/18
  WARNING: Failed to fetch image at 2017-08-03 19:00:00: noaa-goes16/ABI-L2-MCMIPC/2017/215/18
  WARNING: Failed to fetch image at 2017-08-03 18:55:00: noaa-goes16/ABI-L2-MCMIPC/2017/215/17
  WARNING: Failed to fetch image at 2017-08-03 18:50:00: noaa-goes16/ABI-L2-MCMIPC/2017/215/17
  WARNING: Failed to fetch image at 2017-08-03 18:45:00: noaa-goes16/ABI-L2-MCMIPC/2017/215/17
  WARNING: Failed to fetch image at 2017-08-03 18:40:00: noaa-goes16/ABI-L2-MCMIPC/2017/215/17
  WARNING: Failed to fetch image at 2017-08-03 18:35:00: noaa-goes16/ABI-L2-MCMIPC/2017/215/17
  WARNING: Failed to fetch image at 2017-08-03 18:30:00: noaa-goes16/ABI-L2-MCMIPC/2017/215/17
  WARNING: Failed to fetch image at 2017-08-03 18:25:00: noaa-goes16/ABI-L2-MCMIPC/2017/215/17
  WARNING: Failed to fetch image at 2017-08-03 18:20:00: noaa-goes16/ABI-L2-MCMIPC/2017/215/17
  SKIPPED: no frames fetched
[21/150] PIREP at (40.04, -88.28) FL34000 2017-08-03 21:11:00 (cache: 61 images)
  WARNING: Failed to fetch image at 2017-08-03 21:11:00: noaa-goes16/ABI-L2-MCMIPC/2017/215/20
  WARNING: Failed to fetch image at 2017-08-03 21:06:00: noaa-goes16/ABI-L2-MCMIPC/2017/215/20
  WARNING: Failed to fetch image at 2017-08-03 21:01:00: noaa-goes16/ABI-L2-MCMIPC/2017/215/20
  WARNING: Failed to fetch image at 2017-08-03 20:56:00: noaa-goes16/ABI-L2-MCMIPC/2017/215/19
  WARNING: Failed to fetch image at 2017-08-03 20:51:00: noaa-goes16/ABI-L2-MCMIPC/2017/215/19
  WARNING: Failed to fetch image at 2017-08-03 20:46:00: noaa-goes16/ABI-L2-MCMIPC/2017/215/19
  WARNING: Failed to fetch image at 2017-08-03 20:41:00: noaa-goes16/ABI-L2-MCMIPC/2017/215/19
  WARNING: Failed to fetch image at 2017-08-03 20:36:00: noaa-goes16/ABI-L2-MCMIPC/2017/215/19
  WARNING: Failed to fetch image at 2017-08-03 20:31:00: noaa-goes16/ABI-L2-MCMIPC/2017/215/19
  WARNING: Failed to fetch image at 2017-08-03 20:26:00: noaa-goes16/ABI-L2-MCMIPC/2017/215/19
  WARNING: Failed to fetch image at 2017-08-03 20:21:00: noaa-goes16/ABI-L2-MCMIPC/2017/215/19
  WARNING: Failed to fetch image at 2017-08-03 20:16:00: noaa-goes16/ABI-L2-MCMIPC/2017/215/19
  WARNING: Failed to fetch image at 2017-08-03 20:11:00: noaa-goes16/ABI-L2-MCMIPC/2017/215/19
  WARNING: Failed to fetch image at 2017-08-03 20:06:00: noaa-goes16/ABI-L2-MCMIPC/2017/215/19
  WARNING: Failed to fetch image at 2017-08-03 20:01:00: noaa-goes16/ABI-L2-MCMIPC/2017/215/19
  SKIPPED: no frames fetched
[22/150] PIREP at (40.04, -88.28) FL34000 2017-08-03 21:11:00 (cache: 76 images)
  SKIPPED: no frames fetched
[23/150] PIREP at (36.49, -104.04) FL41000 2017-08-03 21:47:00 (cache: 76 images)
  WARNING: Failed to fetch image at 2017-08-03 21:47:00: noaa-goes16/ABI-L2-MCMIPC/2017/215/20
  WARNING: Failed to fetch image at 2017-08-03 21:42:00: noaa-goes16/ABI-L2-MCMIPC/2017/215/20
  WARNING: Failed to fetch image at 2017-08-03 21:37:00: noaa-goes16/ABI-L2-MCMIPC/2017/215/20
  WARNING: Failed to fetch image at 2017-08-03 21:32:00: noaa-goes16/ABI-L2-MCMIPC/2017/215/20
  WARNING: Failed to fetch image at 2017-08-03 21:27:00: noaa-goes16/ABI-L2-MCMIPC/2017/215/20
  WARNING: Failed to fetch image at 2017-08-03 21:22:00: noaa-goes16/ABI-L2-MCMIPC/2017/215/20
  WARNING: Failed to fetch image at 2017-08-03 21:17:00: noaa-goes16/ABI-L2-MCMIPC/2017/215/20
  SKIPPED: no frames fetched
[24/150] PIREP at (27.40, -85.75) FL25000 2017-08-03 22:20:00 (cache: 83 images)
  WARNING: Failed to fetch image at 2017-08-03 22:20:00: noaa-goes16/ABI-L2-MCMIPC/2017/215/21
  WARNING: Failed to fetch image at 2017-08-03 22:15:00: noaa-goes16/ABI-L2-MCMIPC/2017/215/21
  WARNING: Failed to fetch image at 2017-08-03 22:10:00: noaa-goes16/ABI-L2-MCMIPC/2017/215/21
  WARNING: Failed to fetch image at 2017-08-03 22:05:00: noaa-goes16/ABI-L2-MCMIPC/2017/215/21
  WARNING: Failed to fetch image at 2017-08-03 22:00:00: noaa-goes16/ABI-L2-MCMIPC/2017/215/21
  WARNING: Failed to fetch image at 2017-08-03 21:55:00: noaa-goes16/ABI-L2-MCMIPC/2017/215/20
  WARNING: Failed to fetch image at 2017-08-03 21:50:00: noaa-goes16/ABI-L2-MCMIPC/2017/215/20
  SKIPPED: no frames fetched
[25/150] PIREP at (27.40, -85.75) FL25000 2017-08-03 22:20:00 (cache: 90 images)
  SKIPPED: no frames fetched
[26/150] PIREP at (34.96, -106.62) FL8000 2017-08-03 23:00:00 (cache: 90 images)
  WARNING: Failed to fetch image at 2017-08-03 23:00:00: noaa-goes16/ABI-L2-MCMIPC/2017/215/22
  WARNING: Failed to fetch image at 2017-08-03 22:55:00: noaa-goes16/ABI-L2-MCMIPC/2017/215/21
  WARNING: Failed to fetch image at 2017-08-03 22:50:00: noaa-goes16/ABI-L2-MCMIPC/2017/215/21
  WARNING: Failed to fetch image at 2017-08-03 22:45:00: noaa-goes16/ABI-L2-MCMIPC/2017/215/21
  WARNING: Failed to fetch image at 2017-08-03 22:40:00: noaa-goes16/ABI-L2-MCMIPC/2017/215/21
  WARNING: Failed to fetch image at 2017-08-03 22:35:00: noaa-goes16/ABI-L2-MCMIPC/2017/215/21
  WARNING: Failed to fetch image at 2017-08-03 22:30:00: noaa-goes16/ABI-L2-MCMIPC/2017/215/21
  WARNING: Failed to fetch image at 2017-08-03 22:25:00: noaa-goes16/ABI-L2-MCMIPC/2017/215/21
  SKIPPED: no frames fetched
[27/150] PIREP at (40.73, -75.45) FL10000 2017-08-03 23:50:00 (cache: 98 images)
  WARNING: Failed to fetch image at 2017-08-03 23:50:00: noaa-goes16/ABI-L2-MCMIPC/2017/215/22
  WARNING: Failed to fetch image at 2017-08-03 23:45:00: noaa-goes16/ABI-L2-MCMIPC/2017/215/22
  WARNING: Failed to fetch image at 2017-08-03 23:40:00: noaa-goes16/ABI-L2-MCMIPC/2017/215/22
  WARNING: Failed to fetch image at 2017-08-03 23:35:00: noaa-goes16/ABI-L2-MCMIPC/2017/215/22
  WARNING: Failed to fetch image at 2017-08-03 23:30:00: noaa-goes16/ABI-L2-MCMIPC/2017/215/22
  WARNING: Failed to fetch image at 2017-08-03 23:25:00: noaa-goes16/ABI-L2-MCMIPC/2017/215/22
  WARNING: Failed to fetch image at 2017-08-03 23:20:00: noaa-goes16/ABI-L2-MCMIPC/2017/215/22
  WARNING: Failed to fetch image at 2017-08-03 23:15:00: noaa-goes16/ABI-L2-MCMIPC/2017/215/22
  WARNING: Failed to fetch image at 2017-08-03 23:10:00: noaa-goes16/ABI-L2-MCMIPC/2017/215/22
  WARNING: Failed to fetch image at 2017-08-03 23:05:00: noaa-goes16/ABI-L2-MCMIPC/2017/215/22
  SKIPPED: no frames fetched
[28/150] SKIPPING /cluster/tufts/capstone25skyblue/scleme01/SatelliteTurbulencePrediction/model_inputs/2017_08/0000016.npz (already exists)
[29/150] SKIPPING /cluster/tufts/capstone25skyblue/scleme01/SatelliteTurbulencePrediction/model_inputs/2017_08/0000015.npz (already exists)
[30/150] SKIPPING /cluster/tufts/capstone25skyblue/scleme01/SatelliteTurbulencePrediction/model_inputs/2017_08/0000017.npz (already exists)
[31/150] PIREP at (35.58, -82.03) FL35000 2017-08-04 14:31:00 (cache: 108 images)
  SAVED /cluster/tufts/capstone25skyblue/scleme01/SatelliteTurbulencePrediction/model_inputs/2017_08/0000120.npz (7684.7s total | fetch=7659.1s project=1.9s smooth=18.3s | cache hits=72 misses=15)
[32/150] PIREP at (45.25, -122.77) FL2100 2017-08-04 17:54:00 (cache: 123 images)
  SAVED /cluster/tufts/capstone25skyblue/scleme01/SatelliteTurbulencePrediction/model_inputs/2017_08/0000119.npz (8225.4s total | fetch=8199.9s project=1.9s smooth=18.2s | cache hits=0 misses=15)
[33/150] SKIPPING /cluster/tufts/capstone25skyblue/scleme01/SatelliteTurbulencePrediction/model_inputs/2017_08/0000018.npz (already exists)
[34/150] PIREP at (43.43, -78.55) FL41000 2017-08-04 22:43:00 (cache: 138 images)
  SAVED /cluster/tufts/capstone25skyblue/scleme01/SatelliteTurbulencePrediction/model_inputs/2017_08/0000162.npz (8733.2s total | fetch=8707.6s project=1.9s smooth=18.3s | cache hits=0 misses=15)
[35/150] SKIPPING /cluster/tufts/capstone25skyblue/scleme01/SatelliteTurbulencePrediction/model_inputs/2017_08/0000019.npz (already exists)
[36/150] PIREP at (36.04, -95.94) FL1700 2017-08-05 16:56:00 (cache: 153 images)
  SAVED /cluster/tufts/capstone25skyblue/scleme01/SatelliteTurbulencePrediction/model_inputs/2017_08/0000128.npz (10350.2s total | fetch=10324.7s project=1.9s smooth=18.2s | cache hits=0 misses=15)
[37/150] PIREP at (61.42, -148.47) FL2000 2017-08-05 20:44:00 (cache: 168 images)
  SAVED /cluster/tufts/capstone25skyblue/scleme01/SatelliteTurbulencePrediction/model_inputs/2017_08/0000217.npz (11808.2s total | fetch=11782.9s project=1.9s smooth=18.2s | cache hits=0 misses=15)
[38/150] PIREP at (39.30, -94.71) FL43000 2017-08-06 17:45:00 (cache: 183 images)
  SAVED /cluster/tufts/capstone25skyblue/scleme01/SatelliteTurbulencePrediction/model_inputs/2017_08/0000224.npz (14546.3s total | fetch=14520.8s project=1.9s smooth=18.2s | cache hits=0 misses=15)
[39/150] SKIPPING /cluster/tufts/capstone25skyblue/scleme01/SatelliteTurbulencePrediction/model_inputs/2017_08/0000020.npz (already exists)
[40/150] PIREP at (40.33, -79.12) FL10000 2017-08-07 12:13:00 (cache: 198 images)
