Resetting environment
Deactivating conda environment (if any)
Purging all modules
Done! Environment has been torn down
Loading cuda and miniforge...
Activating conda environment...
Redirecting into the satellite repo...
Done! Environment has now been set up
Processing 2023/01 chunk [110:220]
Fetching satellite data for PIREPs in /cluster/tufts/capstone25skyblue/scleme01/SatelliteTurbulencePrediction/pireps/2023/01_turb_pireps.csv
Processing chunk [110:220] (110 PIREPs) from /cluster/tufts/capstone25skyblue/scleme01/SatelliteTurbulencePrediction/pireps/2023/01_turb_pireps.csv
[1/110] PIREP at (35.75, -115.27) FL17000 2023-01-05 20:18:00 (cache: 0 images)
  SAVED /cluster/tufts/capstone25skyblue/scleme01/SatelliteTurbulencePrediction/model_inputs/2023_01/0000663.npz (12286.5s total | fetch=12253.8s project=2.4s smooth=23.3s | cache hits=0 misses=15)
[2/110] PIREP at (27.19, -76.57) FL27000 2023-01-05 20:49:00 (cache: 15 images)
  SAVED /cluster/tufts/capstone25skyblue/scleme01/SatelliteTurbulencePrediction/model_inputs/2023_01/0000599.npz (4633.7s total | fetch=4620.5s project=1.0s smooth=9.3s | cache hits=9 misses=6)
[3/110] PIREP at (43.05, -94.20) FL36000 2023-01-05 22:35:00 (cache: 21 images)
  SAVED /cluster/tufts/capstone25skyblue/scleme01/SatelliteTurbulencePrediction/model_inputs/2023_01/0000551.npz (9130.1s total | fetch=9097.3s project=2.5s smooth=23.4s | cache hits=0 misses=15)
[4/110] PIREP at (46.40, -94.13) FL32000 2023-01-06 00:12:00 (cache: 36 images)
  SAVED /cluster/tufts/capstone25skyblue/scleme01/SatelliteTurbulencePrediction/model_inputs/2023_01/0000601.npz (162.7s total | fetch=130.0s project=2.4s smooth=23.3s | cache hits=0 misses=15)
[5/110] PIREP at (45.82, -97.74) FL37000 2023-01-06 00:27:00 (cache: 51 images)
  SAVED /cluster/tufts/capstone25skyblue/scleme01/SatelliteTurbulencePrediction/model_inputs/2023_01/0000595.npz (42.6s total | fetch=35.9s project=0.5s smooth=4.7s | cache hits=12 misses=3)
[6/110] PIREP at (38.50, -119.18) FL34000 2023-01-06 03:46:00 (cache: 54 images)
  SAVED /cluster/tufts/capstone25skyblue/scleme01/SatelliteTurbulencePrediction/model_inputs/2023_01/0000351.npz (166.4s total | fetch=133.9s project=2.4s smooth=23.2s | cache hits=0 misses=15)
[7/110] PIREP at (39.99, -82.88) FL17000 2023-01-06 04:05:00 (cache: 69 images)
  SAVED /cluster/tufts/capstone25skyblue/scleme01/SatelliteTurbulencePrediction/model_inputs/2023_01/0000626.npz (42.5s total | fetch=33.7s project=0.6s smooth=6.2s | cache hits=11 misses=4)
[8/110] PIREP at (33.67, -116.47) FL9000 2023-01-06 04:30:00 (cache: 73 images)
  SAVED /cluster/tufts/capstone25skyblue/scleme01/SatelliteTurbulencePrediction/model_inputs/2023_01/0000054.npz (71.3s total | fetch=60.3s project=0.8s smooth=7.7s | cache hits=10 misses=5)
[9/110] PIREP at (41.16, -73.13) FL15000 2023-01-06 10:45:00 (cache: 78 images)
  SAVED /cluster/tufts/capstone25skyblue/scleme01/SatelliteTurbulencePrediction/model_inputs/2023_01/0000543.npz (161.9s total | fetch=129.4s project=2.4s smooth=23.2s | cache hits=0 misses=15)
[10/110] PIREP at (38.85, -77.25) FL12000 2023-01-06 11:41:00 (cache: 93 images)
  SAVED /cluster/tufts/capstone25skyblue/scleme01/SatelliteTurbulencePrediction/model_inputs/2023_01/0000534.npz (129.1s total | fetch=105.2s project=1.8s smooth=17.0s | cache hits=4 misses=11)
[11/110] PIREP at (38.76, -81.54) FL32000 2023-01-06 13:13:00 (cache: 104 images)
  SAVED /cluster/tufts/capstone25skyblue/scleme01/SatelliteTurbulencePrediction/model_inputs/2023_01/0000618.npz (143.8s total | fetch=110.1s project=2.5s smooth=24.0s | cache hits=0 misses=15)
[12/110] PIREP at (44.39, -74.21) FL8000 2023-01-06 13:17:00 (cache: 119 images)
  SAVED /cluster/tufts/capstone25skyblue/scleme01/SatelliteTurbulencePrediction/model_inputs/2023_01/0000518.npz (9.6s total | fetch=7.2s project=0.2s smooth=1.5s | cache hits=14 misses=1)
[13/110] PIREP at (39.91, -84.22) FL40000 2023-01-06 13:38:00 (cache: 120 images)
  SAVED /cluster/tufts/capstone25skyblue/scleme01/SatelliteTurbulencePrediction/model_inputs/2023_01/0000413.npz (2312.8s total | fetch=2303.7s project=0.7s smooth=6.4s | cache hits=11 misses=4)
[14/110] PIREP at (38.98, -96.24) FL22000 2023-01-06 14:20:00 (cache: 124 images)
  SAVED /cluster/tufts/capstone25skyblue/scleme01/SatelliteTurbulencePrediction/model_inputs/2023_01/0000562.npz (7887.7s total | fetch=7867.6s project=1.5s smooth=14.3s | cache hits=6 misses=9)
[15/110] PIREP at (39.66, -107.83) FL38000 2023-01-06 15:30:00 (cache: 133 images)
