Resetting environment
Deactivating conda environment (if any)
Purging all modules
Done! Environment has been torn down
Loading cuda and miniforge...
Activating conda environment...
Redirecting into the satellite repo...
Done! Environment has now been set up
Processing 2019/06 chunk [0:110]
Fetching satellite data for PIREPs in /cluster/tufts/capstone25skyblue/scleme01/SatelliteTurbulencePrediction/pireps/2019/06_turb_pireps.csv
Processing chunk [0:110] (110 PIREPs) from /cluster/tufts/capstone25skyblue/scleme01/SatelliteTurbulencePrediction/pireps/2019/06_turb_pireps.csv
[1/110] PIREP at (42.61, -73.92) FL16000 2019-06-01 11:43:00 (cache: 0 images)
  SAVED /cluster/tufts/capstone25skyblue/scleme01/SatelliteTurbulencePrediction/model_inputs/2019_06/0000268.npz (5776.2s total | fetch=5748.5s project=1.8s smooth=19.3s | cache hits=0 misses=15)
[2/110] PIREP at (41.46, -82.78) FL4200 2019-06-01 17:02:00 (cache: 15 images)
  SAVED /cluster/tufts/capstone25skyblue/scleme01/SatelliteTurbulencePrediction/model_inputs/2019_06/0000324.npz (16867.8s total | fetch=16840.3s project=1.8s smooth=19.2s | cache hits=0 misses=15)
[3/110] PIREP at (38.10, -85.58) FL37000 2019-06-01 20:18:00 (cache: 30 images)
  SAVED /cluster/tufts/capstone25skyblue/scleme01/SatelliteTurbulencePrediction/model_inputs/2019_06/0000281.npz (18176.3s total | fetch=18148.8s project=1.8s smooth=19.2s | cache hits=0 misses=15)
[4/110] SKIPPING /cluster/tufts/capstone25skyblue/scleme01/SatelliteTurbulencePrediction/model_inputs/2019_06/0000000.npz (already exists)
[5/110] PIREP at (36.68, -79.01) FL4500 2019-06-02 02:19:00 (cache: 45 images)
  SAVED /cluster/tufts/capstone25skyblue/scleme01/SatelliteTurbulencePrediction/model_inputs/2019_06/0000319.npz (2279.5s total | fetch=2252.0s project=1.8s smooth=19.1s | cache hits=0 misses=15)
[6/110] PIREP at (58.35, -134.57) FL7000 2019-06-02 11:14:00 (cache: 60 images)
  SAVED /cluster/tufts/capstone25skyblue/scleme01/SatelliteTurbulencePrediction/model_inputs/2019_06/0000239.npz (4201.9s total | fetch=4174.6s project=1.8s smooth=19.1s | cache hits=0 misses=15)
[7/110] PIREP at (32.42, -96.98) FL20000 2019-06-02 11:16:00 (cache: 75 images)
  SAVED /cluster/tufts/capstone25skyblue/scleme01/SatelliteTurbulencePrediction/model_inputs/2019_06/0000350.npz (797.6s total | fetch=795.6s project=0.1s smooth=1.3s | cache hits=14 misses=1)
[8/110] PIREP at (38.65, -84.31) FL34000 2019-06-02 11:38:00 (cache: 76 images)
  SAVED /cluster/tufts/capstone25skyblue/scleme01/SatelliteTurbulencePrediction/model_inputs/2019_06/0000358.npz (4025.3s total | fetch=4017.9s project=0.5s smooth=5.1s | cache hits=11 misses=4)
[9/110] PIREP at (38.52, -76.29) FL7500 2019-06-02 11:47:00 (cache: 80 images)
  SAVED /cluster/tufts/capstone25skyblue/scleme01/SatelliteTurbulencePrediction/model_inputs/2019_06/0000331.npz (1905.9s total | fetch=1902.1s project=0.2s smooth=2.5s | cache hits=13 misses=2)
[10/110] PIREP at (34.30, -97.02) FL32000 2019-06-02 12:55:00 (cache: 82 images)
  SAVED /cluster/tufts/capstone25skyblue/scleme01/SatelliteTurbulencePrediction/model_inputs/2019_06/0000213.npz (15322.9s total | fetch=15297.2s project=1.7s smooth=17.9s | cache hits=1 misses=14)
[11/110] PIREP at (33.11, -95.47) FL34000 2019-06-02 16:14:00 (cache: 96 images)
  SAVED /cluster/tufts/capstone25skyblue/scleme01/SatelliteTurbulencePrediction/model_inputs/2019_06/0000355.npz (15692.9s total | fetch=15665.4s project=1.8s smooth=19.2s | cache hits=0 misses=15)
[12/110] PIREP at (32.43, -97.60) FL17500 2019-06-02 17:26:00 (cache: 111 images)
