Resetting environment
Deactivating conda environment (if any)
Purging all modules
Done! Environment has been torn down
Loading cuda and miniforge...
Activating conda environment...
Redirecting into the satellite repo...
Done! Environment has now been set up
Processing 2018/07 chunk [220:330]
Fetching satellite data for PIREPs in /cluster/tufts/capstone25skyblue/scleme01/SatelliteTurbulencePrediction/pireps/2018/07_turb_pireps.csv
Processing chunk [220:330] (104 PIREPs) from /cluster/tufts/capstone25skyblue/scleme01/SatelliteTurbulencePrediction/pireps/2018/07_turb_pireps.csv
[1/104] PIREP at (28.81, -80.80) FL3000 2018-07-23 16:05:00 (cache: 0 images)
  SAVED /cluster/tufts/capstone25skyblue/scleme01/SatelliteTurbulencePrediction/model_inputs/2018_07/0000108.npz (14857.6s total | fetch=14827.1s project=2.0s smooth=21.3s | cache hits=0 misses=15)
[2/104] PIREP at (59.70, -155.04) FL1000 2018-07-23 16:06:00 (cache: 15 images)
  SAVED /cluster/tufts/capstone25skyblue/scleme01/SatelliteTurbulencePrediction/model_inputs/2018_07/0000252.npz (0.1s total | fetch=0.0s project=0.0s smooth=0.0s | cache hits=15 misses=0)
[3/104] PIREP at (34.25, -82.16) FL21000 2018-07-23 20:06:00 (cache: 15 images)
  SAVED /cluster/tufts/capstone25skyblue/scleme01/SatelliteTurbulencePrediction/model_inputs/2018_07/0000110.npz (19132.0s total | fetch=19101.5s project=2.0s smooth=21.3s | cache hits=0 misses=15)
[4/104] PIREP at (70.16, -147.38) FL500 2018-07-23 20:37:00 (cache: 30 images)
  SAVED /cluster/tufts/capstone25skyblue/scleme01/SatelliteTurbulencePrediction/model_inputs/2018_07/0000249.npz (7414.2s total | fetch=7402.0s project=0.8s smooth=8.5s | cache hits=9 misses=6)
[5/104] PIREP at (34.81, -106.33) FL12000 2018-07-24 02:42:00 (cache: 36 images)
  SAVED /cluster/tufts/capstone25skyblue/scleme01/SatelliteTurbulencePrediction/model_inputs/2018_07/0000111.npz (244.0s total | fetch=213.7s project=2.0s smooth=21.3s | cache hits=0 misses=15)
[6/104] PIREP at (40.20, -87.60) FL32000 2018-07-24 22:13:00 (cache: 51 images)
  SAVED /cluster/tufts/capstone25skyblue/scleme01/SatelliteTurbulencePrediction/model_inputs/2018_07/0000228.npz (18405.4s total | fetch=18374.8s project=2.0s smooth=21.3s | cache hits=0 misses=15)
[7/104] PIREP at (28.34, -88.04) FL36000 2018-07-24 23:36:00 (cache: 66 images)
  SAVED /cluster/tufts/capstone25skyblue/scleme01/SatelliteTurbulencePrediction/model_inputs/2018_07/0000308.npz (16811.5s total | fetch=16780.7s project=2.1s smooth=21.5s | cache hits=0 misses=15)
[8/104] PIREP at (36.16, -80.04) FL8000 2018-07-24 23:57:00 (cache: 81 images)
  SAVED /cluster/tufts/capstone25skyblue/scleme01/SatelliteTurbulencePrediction/model_inputs/2018_07/0000266.npz (3795.7s total | fetch=3787.4s project=0.5s smooth=5.8s | cache hits=11 misses=4)
[9/104] PIREP at (41.53, -94.10) FL34000 2018-07-25 13:27:00 (cache: 85 images)
