Resetting environment
Deactivating conda environment (if any)
Purging all modules
Done! Environment has been torn down
Loading cuda and miniforge...
Activating conda environment...
Redirecting into the satellite repo...
Done! Environment has now been set up
Processing 2018/06 chunk [220:330]
Fetching satellite data for PIREPs in /cluster/tufts/capstone25skyblue/scleme01/SatelliteTurbulencePrediction/pireps/2018/06_turb_pireps.csv
Processing chunk [220:330] (110 PIREPs) from /cluster/tufts/capstone25skyblue/scleme01/SatelliteTurbulencePrediction/pireps/2018/06_turb_pireps.csv
[1/110] PIREP at (42.48, -87.66) FL3000 2018-06-18 21:45:00 (cache: 0 images)
  SAVED /cluster/tufts/capstone25skyblue/scleme01/SatelliteTurbulencePrediction/model_inputs/2018_06/0000110.npz (15784.6s total | fetch=15753.6s project=2.1s smooth=21.6s | cache hits=0 misses=15)
[2/110] PIREP at (42.48, -87.66) FL3000 2018-06-18 21:45:00 (cache: 15 images)
  SAVED /cluster/tufts/capstone25skyblue/scleme01/SatelliteTurbulencePrediction/model_inputs/2018_06/0000111.npz (0.2s total | fetch=0.0s project=0.0s smooth=0.0s | cache hits=15 misses=0)
[3/110] PIREP at (63.14, -142.49) FL4500 2018-06-18 21:59:00 (cache: 15 images)
  SAVED /cluster/tufts/capstone25skyblue/scleme01/SatelliteTurbulencePrediction/model_inputs/2018_06/0000209.npz (2597.8s total | fetch=2593.5s project=0.3s smooth=2.9s | cache hits=13 misses=2)
[4/110] PIREP at (33.55, -85.15) FL6500 2018-06-19 11:06:00 (cache: 17 images)
  SAVED /cluster/tufts/capstone25skyblue/scleme01/SatelliteTurbulencePrediction/model_inputs/2018_06/0000359.npz (6736.7s total | fetch=6705.7s project=2.1s smooth=21.6s | cache hits=0 misses=15)
[5/110] PIREP at (38.01, -101.35) FL41000 2018-06-19 12:09:00 (cache: 32 images)
  SAVED /cluster/tufts/capstone25skyblue/scleme01/SatelliteTurbulencePrediction/model_inputs/2018_06/0000332.npz (12445.0s total | fetch=12420.5s project=1.6s smooth=17.1s | cache hits=3 misses=12)
[6/110] PIREP at (41.07, -74.54) FL2000 2018-06-19 13:08:00 (cache: 44 images)
  SAVED /cluster/tufts/capstone25skyblue/scleme01/SatelliteTurbulencePrediction/model_inputs/2018_06/0000224.npz (13590.3s total | fetch=13566.1s project=1.6s smooth=16.8s | cache hits=3 misses=12)
[7/110] PIREP at (42.47, -87.53) FL4000 2018-06-19 15:10:00 (cache: 56 images)
  SAVED /cluster/tufts/capstone25skyblue/scleme01/SatelliteTurbulencePrediction/model_inputs/2018_06/0000112.npz (18253.0s total | fetch=18222.7s project=2.0s smooth=21.1s | cache hits=0 misses=15)
[8/110] PIREP at (43.17, -86.24) FL37000 2018-06-19 16:59:00 (cache: 71 images)
  SAVED /cluster/tufts/capstone25skyblue/scleme01/SatelliteTurbulencePrediction/model_inputs/2018_06/0000258.npz (16517.4s total | fetch=16486.6s project=2.0s smooth=21.5s | cache hits=0 misses=15)
[9/110] PIREP at (46.33, -70.96) FL1500 2018-06-19 17:54:00 (cache: 86 images)
