Resetting environment
Deactivating conda environment (if any)
Purging all modules
Done! Environment has been torn down
Loading cuda and miniforge...
Activating conda environment...
Redirecting into the satellite repo...
Done! Environment has now been set up
Processing 2022/12 chunk [110:220]
Fetching satellite data for PIREPs in /cluster/tufts/capstone25skyblue/scleme01/SatelliteTurbulencePrediction/pireps/2022/12_turb_pireps.csv
Processing chunk [110:220] (110 PIREPs) from /cluster/tufts/capstone25skyblue/scleme01/SatelliteTurbulencePrediction/pireps/2022/12_turb_pireps.csv
[1/110] PIREP at (45.71, -121.10) FL37000 2022-12-07 23:55:00 (cache: 0 images)
  SAVED /cluster/tufts/capstone25skyblue/scleme01/SatelliteTurbulencePrediction/model_inputs/2022_12/0000473.npz (216.4s total | fetch=186.0s project=2.1s smooth=21.2s | cache hits=0 misses=15)
[2/110] PIREP at (66.57, -145.24) FL10000 2022-12-08 01:00:00 (cache: 15 images)
  SAVED /cluster/tufts/capstone25skyblue/scleme01/SatelliteTurbulencePrediction/model_inputs/2022_12/0000335.npz (200.6s total | fetch=174.5s project=1.7s smooth=18.4s | cache hits=2 misses=13)
[3/110] PIREP at (44.48, -88.14) FL32000 2022-12-08 02:22:00 (cache: 28 images)
  SAVED /cluster/tufts/capstone25skyblue/scleme01/SatelliteTurbulencePrediction/model_inputs/2022_12/0000424.npz (215.2s total | fetch=184.9s project=2.0s smooth=21.1s | cache hits=0 misses=15)
[4/110] PIREP at (33.05, -111.65) FL5500 2022-12-08 03:23:00 (cache: 43 images)
  SAVED /cluster/tufts/capstone25skyblue/scleme01/SatelliteTurbulencePrediction/model_inputs/2022_12/0000370.npz (138.1s total | fetch=113.8s project=1.6s smooth=17.0s | cache hits=3 misses=12)
[5/110] PIREP at (49.72, -66.27) FL35000 2022-12-08 04:25:00 (cache: 55 images)
  SAVED /cluster/tufts/capstone25skyblue/scleme01/SatelliteTurbulencePrediction/model_inputs/2022_12/0000054.npz (182.9s total | fetch=156.7s project=1.8s smooth=18.3s | cache hits=2 misses=13)
[6/110] PIREP at (38.10, -85.58) FL32000 2022-12-08 08:35:00 (cache: 68 images)
  SAVED /cluster/tufts/capstone25skyblue/scleme01/SatelliteTurbulencePrediction/model_inputs/2022_12/0000383.npz (147.8s total | fetch=117.5s project=2.0s smooth=21.1s | cache hits=0 misses=15)
[7/110] PIREP at (58.36, -134.70) FL8000 2022-12-08 09:54:00 (cache: 83 images)
  SAVED /cluster/tufts/capstone25skyblue/scleme01/SatelliteTurbulencePrediction/model_inputs/2022_12/0000465.npz (133.2s total | fetch=103.0s project=2.0s smooth=21.2s | cache hits=0 misses=15)
[8/110] PIREP at (43.15, -92.87) FL25000 2022-12-08 12:42:00 (cache: 98 images)
  SAVED /cluster/tufts/capstone25skyblue/scleme01/SatelliteTurbulencePrediction/model_inputs/2022_12/0000336.npz (211.6s total | fetch=181.3s project=2.0s smooth=21.2s | cache hits=0 misses=15)
[9/110] PIREP at (39.91, -84.22) FL19000 2022-12-08 13:12:00 (cache: 113 images)
  SAVED /cluster/tufts/capstone25skyblue/scleme01/SatelliteTurbulencePrediction/model_inputs/2022_12/0000310.npz (103.1s total | fetch=90.8s project=0.8s smooth=8.5s | cache hits=9 misses=6)
[10/110] PIREP at (44.08, -91.71) FL3500 2022-12-08 14:30:00 (cache: 119 images)
  SAVED /cluster/tufts/capstone25skyblue/scleme01/SatelliteTurbulencePrediction/model_inputs/2022_12/0000514.npz (15761.4s total | fetch=15731.0s project=2.0s smooth=21.2s | cache hits=0 misses=15)
[11/110] PIREP at (44.00, -65.67) FL34000 2022-12-08 16:30:00 (cache: 134 images)
  SAVED /cluster/tufts/capstone25skyblue/scleme01/SatelliteTurbulencePrediction/model_inputs/2022_12/0000055.npz (17762.2s total | fetch=17731.8s project=2.0s smooth=21.2s | cache hits=0 misses=15)
[12/110] PIREP at (42.99, -77.77) FL27000 2022-12-08 17:13:00 (cache: 149 images)
