Resetting environment
Deactivating conda environment (if any)
Purging all modules
Done! Environment has been torn down
Loading cuda and miniforge...
Activating conda environment...
Redirecting into the satellite repo...
Done! Environment has now been set up
Processing 2017/06 chunk [150:300]
Fetching satellite data for PIREPs in /cluster/tufts/capstone25skyblue/scleme01/SatelliteTurbulencePrediction/pireps/2017/06_turb_pireps.csv
Processing chunk [150:300] (150 PIREPs) from /cluster/tufts/capstone25skyblue/scleme01/SatelliteTurbulencePrediction/pireps/2017/06_turb_pireps.csv
[1/150] PIREP at (39.80, -98.22) FL35000 2017-06-15 22:40:00 (cache: 0 images)
  SAVED /cluster/tufts/capstone25skyblue/scleme01/SatelliteTurbulencePrediction/model_inputs/2017_06/0000068.npz (6363.0s total | fetch=6339.9s project=1.7s smooth=16.6s | cache hits=0 misses=15)
[2/150] PIREP at (37.69, -122.51) FL3000 2017-06-15 22:53:00 (cache: 15 images)
  SAVED /cluster/tufts/capstone25skyblue/scleme01/SatelliteTurbulencePrediction/model_inputs/2017_06/0000069.npz (842.3s total | fetch=839.2s project=0.2s smooth=2.2s | cache hits=13 misses=2)
[3/150] PIREP at (34.29, -100.86) FL16000 2017-06-15 23:52:00 (cache: 17 images)
  SAVED /cluster/tufts/capstone25skyblue/scleme01/SatelliteTurbulencePrediction/model_inputs/2017_06/0000070.npz (5634.1s total | fetch=5615.7s project=1.3s smooth=13.2s | cache hits=3 misses=12)
[4/150] PIREP at (37.48, -98.02) FL37000 2017-06-16 00:15:00 (cache: 29 images)
  SAVED /cluster/tufts/capstone25skyblue/scleme01/SatelliteTurbulencePrediction/model_inputs/2017_06/0000071.npz (2467.5s total | fetch=2459.8s project=0.6s smooth=5.4s | cache hits=10 misses=5)
[5/150] PIREP at (41.67, -95.82) FL35000 2017-06-16 01:44:00 (cache: 34 images)
  SAVED /cluster/tufts/capstone25skyblue/scleme01/SatelliteTurbulencePrediction/model_inputs/2017_06/0000072.npz (7322.6s total | fetch=7299.6s project=1.7s smooth=16.5s | cache hits=0 misses=15)
[6/150] PIREP at (41.88, -91.72) FL2500 2017-06-16 02:00:00 (cache: 49 images)
  SAVED /cluster/tufts/capstone25skyblue/scleme01/SatelliteTurbulencePrediction/model_inputs/2017_06/0000073.npz (118.2s total | fetch=112.0s project=0.4s smooth=4.3s | cache hits=11 misses=4)
[7/150] PIREP at (37.85, -97.22) FL4000 2017-06-16 02:00:00 (cache: 53 images)
  SAVED /cluster/tufts/capstone25skyblue/scleme01/SatelliteTurbulencePrediction/model_inputs/2017_06/0000074.npz (0.1s total | fetch=0.0s project=0.0s smooth=0.0s | cache hits=15 misses=0)
[8/150] PIREP at (38.22, -97.27) FL4000 2017-06-16 02:17:00 (cache: 53 images)
  SAVED /cluster/tufts/capstone25skyblue/scleme01/SatelliteTurbulencePrediction/model_inputs/2017_06/0000075.npz (18.5s total | fetch=13.8s project=0.3s smooth=3.2s | cache hits=12 misses=3)
[9/150] PIREP at (39.47, -95.99) FL24000 2017-06-16 02:20:00 (cache: 56 images)
  SAVED /cluster/tufts/capstone25skyblue/scleme01/SatelliteTurbulencePrediction/model_inputs/2017_06/0000076.npz (5.6s total | fetch=3.9s project=0.1s smooth=1.1s | cache hits=14 misses=1)
[10/150] PIREP at (43.12, -88.28) FL36000 2017-06-16 11:34:00 (cache: 57 images)
  SAVED /cluster/tufts/capstone25skyblue/scleme01/SatelliteTurbulencePrediction/model_inputs/2017_06/0000193.npz (6523.6s total | fetch=6500.8s project=1.7s smooth=16.3s | cache hits=0 misses=15)
[11/150] PIREP at (41.05, -96.18) FL16000 2017-06-16 12:26:00 (cache: 72 images)
  SAVED /cluster/tufts/capstone25skyblue/scleme01/SatelliteTurbulencePrediction/model_inputs/2017_06/0000290.npz (6002.9s total | fetch=5986.4s project=1.2s smooth=11.8s | cache hits=4 misses=11)
[12/150] PIREP at (39.81, -86.44) FL35000 2017-06-16 16:48:00 (cache: 83 images)
  SAVED /cluster/tufts/capstone25skyblue/scleme01/SatelliteTurbulencePrediction/model_inputs/2017_06/0000327.npz (10271.8s total | fetch=10249.2s project=1.6s smooth=16.1s | cache hits=0 misses=15)
[13/150] PIREP at (58.35, -135.52) FL25000 2017-06-16 18:50:00 (cache: 98 images)
  SAVED /cluster/tufts/capstone25skyblue/scleme01/SatelliteTurbulencePrediction/model_inputs/2017_06/0000182.npz (12786.2s total | fetch=12763.8s project=1.6s smooth=16.0s | cache hits=0 misses=15)
[14/150] PIREP at (40.29, -106.22) FL45000 2017-06-16 19:35:00 (cache: 113 images)
