Resetting environment
Deactivating conda environment (if any)
Purging all modules
Done! Environment has been torn down
Loading cuda and miniforge...
Activating conda environment...
Redirecting into the satellite repo...
Done! Environment has now been set up
Processing 2018/11 chunk [450:600]
Fetching satellite data for PIREPs in /cluster/tufts/capstone25skyblue/scleme01/SatelliteTurbulencePrediction/pireps/2018/11_turb_pireps.csv
Processing chunk [450:600] (134 PIREPs) from /cluster/tufts/capstone25skyblue/scleme01/SatelliteTurbulencePrediction/pireps/2018/11_turb_pireps.csv
[1/134] SKIPPING /cluster/tufts/capstone25skyblue/scleme01/SatelliteTurbulencePrediction/model_inputs/2018_11/0000228.npz (already exists)
[2/134] SKIPPING /cluster/tufts/capstone25skyblue/scleme01/SatelliteTurbulencePrediction/model_inputs/2018_11/0000229.npz (already exists)
[3/134] SKIPPING /cluster/tufts/capstone25skyblue/scleme01/SatelliteTurbulencePrediction/model_inputs/2018_11/0000230.npz (already exists)
[4/134] SKIPPING /cluster/tufts/capstone25skyblue/scleme01/SatelliteTurbulencePrediction/model_inputs/2018_11/0000231.npz (already exists)
[5/134] PIREP at (42.15, -79.26) FL35000 2018-11-24 12:51:00 (cache: 0 images)
  SAVED /cluster/tufts/capstone25skyblue/scleme01/SatelliteTurbulencePrediction/model_inputs/2018_11/0000432.npz (1966.9s total | fetch=1941.8s project=2.1s smooth=16.9s | cache hits=0 misses=15)
[6/134] PIREP at (35.70, -99.44) FL34000 2018-11-24 13:36:00 (cache: 15 images)
  SAVED /cluster/tufts/capstone25skyblue/scleme01/SatelliteTurbulencePrediction/model_inputs/2018_11/0000459.npz (3207.4s total | fetch=3191.0s project=1.4s smooth=10.7s | cache hits=6 misses=9)
[7/134] PIREP at (30.50, -82.55) FL18000 2018-11-24 13:38:00 (cache: 24 images)
  SAVED /cluster/tufts/capstone25skyblue/scleme01/SatelliteTurbulencePrediction/model_inputs/2018_11/0000565.npz (0.2s total | fetch=0.0s project=0.0s smooth=0.0s | cache hits=15 misses=0)
[8/134] PIREP at (60.83, -46.00) FL37000 2018-11-24 13:52:00 (cache: 24 images)
  SAVED /cluster/tufts/capstone25skyblue/scleme01/SatelliteTurbulencePrediction/model_inputs/2018_11/0000232.npz (1030.5s total | fetch=1025.0s project=0.5s smooth=3.6s | cache hits=12 misses=3)
[9/134] PIREP at (37.42, -108.10) FL30000 2018-11-24 16:19:00 (cache: 27 images)
  SAVED /cluster/tufts/capstone25skyblue/scleme01/SatelliteTurbulencePrediction/model_inputs/2018_11/0000294.npz (6060.2s total | fetch=6033.5s project=2.2s smooth=17.5s | cache hits=0 misses=15)
[10/134] PIREP at (27.99, -84.38) FL34000 2018-11-24 19:17:00 (cache: 42 images)
  SAVED /cluster/tufts/capstone25skyblue/scleme01/SatelliteTurbulencePrediction/model_inputs/2018_11/0000533.npz (7078.7s total | fetch=7051.7s project=2.2s smooth=17.6s | cache hits=0 misses=15)
[11/134] PIREP at (41.80, -76.69) FL35000 2018-11-24 20:04:00 (cache: 57 images)
  SAVED /cluster/tufts/capstone25skyblue/scleme01/SatelliteTurbulencePrediction/model_inputs/2018_11/0000328.npz (3848.0s total | fetch=3832.0s project=1.4s smooth=10.5s | cache hits=6 misses=9)
[12/134] PIREP at (37.96, -76.36) FL35000 2018-11-24 21:54:00 (cache: 66 images)
  SAVED /cluster/tufts/capstone25skyblue/scleme01/SatelliteTurbulencePrediction/model_inputs/2018_11/0000233.npz (6609.7s total | fetch=6583.1s project=2.3s smooth=17.4s | cache hits=0 misses=15)
[13/134] PIREP at (27.90, -85.20) FL34000 2018-11-24 22:00:00 (cache: 81 images)
  SAVED /cluster/tufts/capstone25skyblue/scleme01/SatelliteTurbulencePrediction/model_inputs/2018_11/0000566.npz (985.4s total | fetch=981.6s project=0.3s smooth=2.3s | cache hits=13 misses=2)
[14/134] PIREP at (37.87, -76.35) FL36000 2018-11-24 22:37:00 (cache: 83 images)
  SAVED /cluster/tufts/capstone25skyblue/scleme01/SatelliteTurbulencePrediction/model_inputs/2018_11/0000234.npz (3184.6s total | fetch=3172.0s project=1.1s smooth=8.2s | cache hits=8 misses=7)
[15/134] PIREP at (36.19, -76.97) FL34000 2018-11-24 22:43:00 (cache: 90 images)
  SAVED /cluster/tufts/capstone25skyblue/scleme01/SatelliteTurbulencePrediction/model_inputs/2018_11/0000370.npz (449.7s total | fetch=447.7s project=0.1s smooth=1.2s | cache hits=14 misses=1)
[16/134] PIREP at (38.96, -109.15) FL11500 2018-11-24 22:51:00 (cache: 91 images)
  SAVED /cluster/tufts/capstone25skyblue/scleme01/SatelliteTurbulencePrediction/model_inputs/2018_11/0000235.npz (959.3s total | fetch=955.6s project=0.3s smooth=2.3s | cache hits=13 misses=2)
[17/134] PIREP at (42.87, -88.28) FL28000 2018-11-24 22:54:00 (cache: 93 images)
  SAVED /cluster/tufts/capstone25skyblue/scleme01/SatelliteTurbulencePrediction/model_inputs/2018_11/0000486.npz (0.2s total | fetch=0.0s project=0.0s smooth=0.0s | cache hits=15 misses=0)
[18/134] PIREP at (38.29, -104.18) FL8000 2018-11-24 23:04:00 (cache: 93 images)
  SAVED /cluster/tufts/capstone25skyblue/scleme01/SatelliteTurbulencePrediction/model_inputs/2018_11/0000236.npz (25.5s total | fetch=22.0s project=0.3s smooth=2.3s | cache hits=13 misses=2)
[19/134] PIREP at (40.58, -106.44) FL21000 2018-11-24 23:12:00 (cache: 95 images)
  SAVED /cluster/tufts/capstone25skyblue/scleme01/SatelliteTurbulencePrediction/model_inputs/2018_11/0000237.npz (16.0s total | fetch=12.6s project=0.3s smooth=2.3s | cache hits=13 misses=2)
[20/134] PIREP at (38.88, -76.28) FL5500 2018-11-24 23:24:00 (cache: 97 images)
  SAVED /cluster/tufts/capstone25skyblue/scleme01/SatelliteTurbulencePrediction/model_inputs/2018_11/0000238.npz (21.0s total | fetch=17.5s project=0.3s smooth=2.3s | cache hits=13 misses=2)
[21/134] PIREP at (39.80, -98.22) FL34000 2018-11-25 02:56:00 (cache: 99 images)
  SAVED /cluster/tufts/capstone25skyblue/scleme01/SatelliteTurbulencePrediction/model_inputs/2018_11/0000401.npz (126.9s total | fetch=101.4s project=2.3s smooth=17.5s | cache hits=0 misses=15)
[22/134] PIREP at (38.67, -96.35) FL20600 2018-11-25 03:07:00 (cache: 114 images)
  SAVED /cluster/tufts/capstone25skyblue/scleme01/SatelliteTurbulencePrediction/model_inputs/2018_11/0000507.npz (9.9s total | fetch=6.3s project=0.3s smooth=2.4s | cache hits=13 misses=2)
[23/134] PIREP at (41.88, -91.72) FL37000 2018-11-25 05:37:00 (cache: 116 images)
  SAVED /cluster/tufts/capstone25skyblue/scleme01/SatelliteTurbulencePrediction/model_inputs/2018_11/0000383.npz (118.0s total | fetch=92.4s project=2.3s smooth=17.7s | cache hits=0 misses=15)
[24/134] PIREP at (43.15, -93.33) FL31000 2018-11-25 11:58:00 (cache: 131 images)
  SAVED /cluster/tufts/capstone25skyblue/scleme01/SatelliteTurbulencePrediction/model_inputs/2018_11/0000581.npz (128.3s total | fetch=103.1s project=2.2s smooth=17.4s | cache hits=0 misses=15)
[25/134] PIREP at (33.87, -82.09) FL23000 2018-11-25 12:05:00 (cache: 146 images)
  SAVED /cluster/tufts/capstone25skyblue/scleme01/SatelliteTurbulencePrediction/model_inputs/2018_11/0000572.npz (22.7s total | fetch=19.2s project=0.3s smooth=2.3s | cache hits=13 misses=2)
[26/134] PIREP at (32.93, -87.54) FL37000 2018-11-25 12:47:00 (cache: 148 images)
  SAVED /cluster/tufts/capstone25skyblue/scleme01/SatelliteTurbulencePrediction/model_inputs/2018_11/0000516.npz (1094.2s total | fetch=1080.3s project=1.2s smooth=9.4s | cache hits=7 misses=8)
[27/134] PIREP at (42.62, -89.04) FL28000 2018-11-25 12:58:00 (cache: 156 images)
  SAVED /cluster/tufts/capstone25skyblue/scleme01/SatelliteTurbulencePrediction/model_inputs/2018_11/0000394.npz (743.2s total | fetch=739.6s project=0.3s smooth=2.2s | cache hits=13 misses=2)
[28/134] PIREP at (41.78, -88.31) FL2500 2018-11-25 14:17:00 (cache: 158 images)
  SAVED /cluster/tufts/capstone25skyblue/scleme01/SatelliteTurbulencePrediction/model_inputs/2018_11/0000473.npz (7037.3s total | fetch=7010.5s project=2.3s smooth=17.5s | cache hits=0 misses=15)
[29/134] PIREP at (36.94, -96.72) FL38000 2018-11-25 17:57:00 (cache: 173 images)
  SAVED /cluster/tufts/capstone25skyblue/scleme01/SatelliteTurbulencePrediction/model_inputs/2018_11/0000324.npz (9173.9s total | fetch=9147.1s project=2.3s smooth=17.4s | cache hits=0 misses=15)
[30/134] PIREP at (47.23, -123.15) FL15000 2018-11-25 18:50:00 (cache: 188 images)
  SAVED /cluster/tufts/capstone25skyblue/scleme01/SatelliteTurbulencePrediction/model_inputs/2018_11/0000499.npz (7185.4s total | fetch=7165.8s project=1.7s smooth=12.8s | cache hits=4 misses=11)
[31/134] PIREP at (47.10, -58.47) FL39000 2018-11-25 18:55:00 (cache: 199 images)
  SAVED /cluster/tufts/capstone25skyblue/scleme01/SatelliteTurbulencePrediction/model_inputs/2018_11/0000241.npz (650.2s total | fetch=648.3s project=0.2s smooth=1.1s | cache hits=14 misses=1)
[32/134] PIREP at (46.00, -58.00) FL39000 2018-11-25 18:55:00 (cache: 200 images)
  SAVED /cluster/tufts/capstone25skyblue/scleme01/SatelliteTurbulencePrediction/model_inputs/2018_11/0000240.npz (0.1s total | fetch=0.0s project=0.0s smooth=0.0s | cache hits=15 misses=0)
[33/134] PIREP at (46.00, -58.00) FL39000 2018-11-25 18:55:00 (cache: 200 images)
  SAVED /cluster/tufts/capstone25skyblue/scleme01/SatelliteTurbulencePrediction/model_inputs/2018_11/0000239.npz (0.1s total | fetch=0.0s project=0.0s smooth=0.0s | cache hits=15 misses=0)
[34/134] PIREP at (62.50, -54.00) FL36000 2018-11-25 19:53:00 (cache: 200 images)
