Resetting environment
Deactivating conda environment (if any)
Purging all modules
Done! Environment has been torn down
Loading cuda and miniforge...
Activating conda environment...
Redirecting into the satellite repo...
Done! Environment has now been set up
Processing 2020/01 chunk [220:330]
Fetching satellite data for PIREPs in /cluster/tufts/capstone25skyblue/scleme01/SatelliteTurbulencePrediction/pireps/2020/01_turb_pireps.csv
Processing chunk [220:330] (110 PIREPs) from /cluster/tufts/capstone25skyblue/scleme01/SatelliteTurbulencePrediction/pireps/2020/01_turb_pireps.csv
[1/110] PIREP at (51.50, -34.00) FL36000 2020-01-05 21:10:00 (cache: 0 images)
  SAVED /cluster/tufts/capstone25skyblue/scleme01/SatelliteTurbulencePrediction/model_inputs/2020_01/0000141.npz (10425.6s total | fetch=10401.4s project=1.6s smooth=16.9s | cache hits=0 misses=15)
[2/110] PIREP at (34.40, -119.62) FL5500 2020-01-05 22:40:00 (cache: 15 images)
  SAVED /cluster/tufts/capstone25skyblue/scleme01/SatelliteTurbulencePrediction/model_inputs/2020_01/0000142.npz (5331.8s total | fetch=5307.4s project=1.6s smooth=17.0s | cache hits=0 misses=15)
[3/110] PIREP at (34.76, -120.30) FL6500 2020-01-05 22:54:00 (cache: 30 images)
  SAVED /cluster/tufts/capstone25skyblue/scleme01/SatelliteTurbulencePrediction/model_inputs/2020_01/0000143.npz (30.0s total | fetch=26.7s project=0.2s smooth=2.2s | cache hits=13 misses=2)
[4/110] PIREP at (34.17, -117.32) FL8000 2020-01-05 23:00:00 (cache: 32 images)
  SAVED /cluster/tufts/capstone25skyblue/scleme01/SatelliteTurbulencePrediction/model_inputs/2020_01/0000145.npz (31.3s total | fetch=28.0s project=0.2s smooth=2.2s | cache hits=13 misses=2)
[5/110] PIREP at (34.17, -117.32) FL8000 2020-01-05 23:00:00 (cache: 34 images)
  SAVED /cluster/tufts/capstone25skyblue/scleme01/SatelliteTurbulencePrediction/model_inputs/2020_01/0000144.npz (0.1s total | fetch=0.0s project=0.0s smooth=0.0s | cache hits=15 misses=0)
[6/110] PIREP at (40.45, -150.00) FL38000 2020-01-05 23:32:00 (cache: 34 images)
  SAVED /cluster/tufts/capstone25skyblue/scleme01/SatelliteTurbulencePrediction/model_inputs/2020_01/0000146.npz (83.6s total | fetch=73.9s project=0.6s smooth=6.7s | cache hits=9 misses=6)
[7/110] PIREP at (40.45, -150.00) FL38000 2020-01-05 23:32:00 (cache: 40 images)
  SAVED /cluster/tufts/capstone25skyblue/scleme01/SatelliteTurbulencePrediction/model_inputs/2020_01/0000147.npz (0.1s total | fetch=0.0s project=0.0s smooth=0.0s | cache hits=15 misses=0)
[8/110] PIREP at (34.23, -117.78) FL8000 2020-01-06 00:20:00 (cache: 40 images)
  SAVED /cluster/tufts/capstone25skyblue/scleme01/SatelliteTurbulencePrediction/model_inputs/2020_01/0000149.npz (163.9s total | fetch=147.5s project=1.1s smooth=11.4s | cache hits=5 misses=10)
[9/110] PIREP at (34.23, -117.78) FL8000 2020-01-06 00:20:00 (cache: 50 images)
  SAVED /cluster/tufts/capstone25skyblue/scleme01/SatelliteTurbulencePrediction/model_inputs/2020_01/0000148.npz (0.1s total | fetch=0.0s project=0.0s smooth=0.0s | cache hits=15 misses=0)
[10/110] PIREP at (40.45, -156.00) FL38000 2020-01-06 00:33:00 (cache: 50 images)
  SAVED /cluster/tufts/capstone25skyblue/scleme01/SatelliteTurbulencePrediction/model_inputs/2020_01/0000150.npz (28.5s total | fetch=25.1s project=0.2s smooth=2.3s | cache hits=13 misses=2)
[11/110] PIREP at (40.45, -156.00) FL38000 2020-01-06 00:33:00 (cache: 52 images)
  SAVED /cluster/tufts/capstone25skyblue/scleme01/SatelliteTurbulencePrediction/model_inputs/2020_01/0000151.npz (0.1s total | fetch=0.0s project=0.0s smooth=0.0s | cache hits=15 misses=0)
[12/110] PIREP at (58.67, -156.64) FL4500 2020-01-06 01:45:00 (cache: 52 images)
  SAVED /cluster/tufts/capstone25skyblue/scleme01/SatelliteTurbulencePrediction/model_inputs/2020_01/0000421.npz (139.5s total | fetch=115.2s project=1.6s smooth=17.0s | cache hits=0 misses=15)
[13/110] PIREP at (42.42, -117.47) FL38000 2020-01-06 03:45:00 (cache: 67 images)
  SAVED /cluster/tufts/capstone25skyblue/scleme01/SatelliteTurbulencePrediction/model_inputs/2020_01/0000152.npz (221.8s total | fetch=197.4s project=1.6s smooth=17.0s | cache hits=0 misses=15)
[14/110] PIREP at (45.57, -84.80) FL7000 2020-01-06 12:48:00 (cache: 82 images)
  SAVED /cluster/tufts/capstone25skyblue/scleme01/SatelliteTurbulencePrediction/model_inputs/2020_01/0000501.npz (153.8s total | fetch=129.6s project=1.6s smooth=16.9s | cache hits=0 misses=15)
[15/110] PIREP at (28.88, -80.68) FL38000 2020-01-06 13:28:00 (cache: 97 images)
  SAVED /cluster/tufts/capstone25skyblue/scleme01/SatelliteTurbulencePrediction/model_inputs/2020_01/0000730.npz (106.7s total | fetch=93.7s project=0.9s smooth=9.0s | cache hits=7 misses=8)
[16/110] PIREP at (33.02, -116.78) FL6000 2020-01-06 16:12:00 (cache: 105 images)
  SAVED /cluster/tufts/capstone25skyblue/scleme01/SatelliteTurbulencePrediction/model_inputs/2020_01/0000153.npz (13561.9s total | fetch=13537.7s project=1.6s smooth=16.8s | cache hits=0 misses=15)
[17/110] PIREP at (39.83, -104.66) FL16000 2020-01-06 16:25:00 (cache: 120 images)
  SAVED /cluster/tufts/capstone25skyblue/scleme01/SatelliteTurbulencePrediction/model_inputs/2020_01/0000154.npz (2726.1s total | fetch=2721.2s project=0.3s smooth=3.3s | cache hits=12 misses=3)
[18/110] PIREP at (39.57, -104.85) FL14500 2020-01-06 16:52:00 (cache: 123 images)
  SAVED /cluster/tufts/capstone25skyblue/scleme01/SatelliteTurbulencePrediction/model_inputs/2020_01/0000155.npz (4536.2s total | fetch=4528.0s project=0.5s smooth=5.6s | cache hits=10 misses=5)
[19/110] PIREP at (41.53, -93.65) FL38000 2020-01-06 17:03:00 (cache: 128 images)
  SAVED /cluster/tufts/capstone25skyblue/scleme01/SatelliteTurbulencePrediction/model_inputs/2020_01/0000493.npz (1766.5s total | fetch=1763.1s project=0.2s smooth=2.2s | cache hits=13 misses=2)
[20/110] PIREP at (43.47, -115.45) FL14000 2020-01-06 19:59:00 (cache: 130 images)
  SAVED /cluster/tufts/capstone25skyblue/scleme01/SatelliteTurbulencePrediction/model_inputs/2020_01/0000807.npz (14587.7s total | fetch=14563.6s project=1.6s smooth=16.7s | cache hits=0 misses=15)
[21/110] PIREP at (39.25, -105.20) FL14000 2020-01-06 20:17:00 (cache: 145 images)
  SAVED /cluster/tufts/capstone25skyblue/scleme01/SatelliteTurbulencePrediction/model_inputs/2020_01/0000156.npz (3578.4s total | fetch=3571.8s project=0.4s smooth=4.5s | cache hits=11 misses=4)
[22/110] PIREP at (39.25, -105.20) FL13500 2020-01-06 20:17:00 (cache: 149 images)
  SAVED /cluster/tufts/capstone25skyblue/scleme01/SatelliteTurbulencePrediction/model_inputs/2020_01/0000157.npz (0.1s total | fetch=0.0s project=0.0s smooth=0.0s | cache hits=15 misses=0)
[23/110] PIREP at (41.19, -73.08) FL3500 2020-01-06 23:08:00 (cache: 149 images)
  WARNING: Failed to fetch image at 2020-01-06 23:08:00: noaa-goes16/ABI-L2-MCMIPC/2020/006/23
  WARNING: Failed to fetch image at 2020-01-06 23:03:00: noaa-goes16/ABI-L2-MCMIPC/2020/006/23
  WARNING: Failed to fetch image at 2020-01-06 22:58:00: noaa-goes16/ABI-L2-MCMIPC/2020/006/23
  WARNING: Failed to fetch image at 2020-01-06 22:53:00: noaa-goes16/ABI-L2-MCMIPC/2020/006/23
  WARNING: Failed to fetch image at 2020-01-06 22:48:00: noaa-goes16/ABI-L2-MCMIPC/2020/006/23
  WARNING: Failed to fetch image at 2020-01-06 22:43:00: noaa-goes16/ABI-L2-MCMIPC/2020/006/23
  WARNING: Failed to fetch image at 2020-01-06 22:38:00: noaa-goes16/ABI-L2-MCMIPC/2020/006/23
  WARNING: Failed to fetch image at 2020-01-06 22:33:00: noaa-goes16/ABI-L2-MCMIPC/2020/006/23
  WARNING: Failed to fetch image at 2020-01-06 22:28:00: noaa-goes16/ABI-L2-MCMIPC/2020/006/23
  WARNING: Failed to fetch image at 2020-01-06 22:23:00: noaa-goes16/ABI-L2-MCMIPC/2020/006/23
  WARNING: Failed to fetch image at 2020-01-06 22:18:00: noaa-goes16/ABI-L2-MCMIPC/2020/006/23
  WARNING: Failed to fetch image at 2020-01-06 22:13:00: noaa-goes16/ABI-L2-MCMIPC/2020/006/23
  WARNING: Failed to fetch image at 2020-01-06 22:08:00: noaa-goes16/ABI-L2-MCMIPC/2020/006/23
  WARNING: Failed to fetch image at 2020-01-06 22:03:00: noaa-goes16/ABI-L2-MCMIPC/2020/006/23
  SAVED /cluster/tufts/capstone25skyblue/scleme01/SatelliteTurbulencePrediction/model_inputs/2020_01/0000456.npz (930.9s total | fetch=926.6s project=0.1s smooth=1.1s | cache hits=0 misses=1)
[24/110] PIREP at (63.50, -41.10) FL34000 2020-01-07 05:03:00 (cache: 164 images)
  SAVED /cluster/tufts/capstone25skyblue/scleme01/SatelliteTurbulencePrediction/model_inputs/2020_01/0000158.npz (124.3s total | fetch=100.2s project=1.6s smooth=16.9s | cache hits=0 misses=15)
[25/110] PIREP at (35.22, -101.71) FL38000 2020-01-07 13:31:00 (cache: 179 images)
  SAVED /cluster/tufts/capstone25skyblue/scleme01/SatelliteTurbulencePrediction/model_inputs/2020_01/0000795.npz (3306.1s total | fetch=3282.0s project=1.6s smooth=16.8s | cache hits=0 misses=15)
[26/110] PIREP at (33.28, -83.26) FL37000 2020-01-07 14:00:00 (cache: 194 images)
  SAVED /cluster/tufts/capstone25skyblue/scleme01/SatelliteTurbulencePrediction/model_inputs/2020_01/0000633.npz (5080.7s total | fetch=5070.9s project=0.6s smooth=6.7s | cache hits=9 misses=6)
[27/110] PIREP at (32.64, -82.50) FL36000 2020-01-07 14:21:00 (cache: 200 images)
  SAVED /cluster/tufts/capstone25skyblue/scleme01/SatelliteTurbulencePrediction/model_inputs/2020_01/0000581.npz (2970.5s total | fetch=2964.0s project=0.4s smooth=4.4s | cache hits=11 misses=4)
[28/110] PIREP at (37.32, -79.21) FL22000 2020-01-07 15:15:00 (cache: 204 images)
  SAVED /cluster/tufts/capstone25skyblue/scleme01/SatelliteTurbulencePrediction/model_inputs/2020_01/0000159.npz (8483.0s total | fetch=8465.2s project=1.2s smooth=12.4s | cache hits=4 misses=11)
[29/110] PIREP at (37.32, -79.21) FL20000 2020-01-07 15:18:00 (cache: 215 images)
  SAVED /cluster/tufts/capstone25skyblue/scleme01/SatelliteTurbulencePrediction/model_inputs/2020_01/0000160.npz (0.1s total | fetch=0.0s project=0.0s smooth=0.0s | cache hits=15 misses=0)
[30/110] PIREP at (20.96, -156.48) FL1800 2020-01-07 17:40:00 (cache: 215 images)
