Resetting environment
Deactivating conda environment (if any)
Purging all modules
Done! Environment has been torn down
Loading cuda and miniforge...
Activating conda environment...
Redirecting into the satellite repo...
Done! Environment has now been set up
Processing 2023/04 chunk [550:660]
Fetching satellite data for PIREPs in /cluster/tufts/capstone25skyblue/scleme01/SatelliteTurbulencePrediction/pireps/2023/04_turb_pireps.csv
Processing chunk [550:660] (110 PIREPs) from /cluster/tufts/capstone25skyblue/scleme01/SatelliteTurbulencePrediction/pireps/2023/04_turb_pireps.csv
[1/110] PIREP at (44.64, -93.23) FL7000 2023-04-23 20:27:00 (cache: 0 images)
  SAVED /cluster/tufts/capstone25skyblue/scleme01/SatelliteTurbulencePrediction/model_inputs/2023_04/0000538.npz (11279.7s total | fetch=11254.5s project=2.4s smooth=16.1s | cache hits=0 misses=15)
[2/110] PIREP at (27.60, -78.33) FL36000 2023-04-23 21:04:00 (cache: 15 images)
  SAVED /cluster/tufts/capstone25skyblue/scleme01/SatelliteTurbulencePrediction/model_inputs/2023_04/0000400.npz (5562.0s total | fetch=5550.1s project=1.0s smooth=7.6s | cache hits=8 misses=7)
[3/110] PIREP at (48.54, -109.76) FL12500 2023-04-23 21:44:00 (cache: 22 images)
  SAVED /cluster/tufts/capstone25skyblue/scleme01/SatelliteTurbulencePrediction/model_inputs/2023_04/0000646.npz (5818.2s total | fetch=5805.0s project=1.1s smooth=8.5s | cache hits=7 misses=8)
[4/110] PIREP at (34.55, -113.64) FL8500 2023-04-23 21:45:00 (cache: 30 images)
  SAVED /cluster/tufts/capstone25skyblue/scleme01/SatelliteTurbulencePrediction/model_inputs/2023_04/0000294.npz (858.5s total | fetch=856.7s project=0.1s smooth=1.1s | cache hits=14 misses=1)
[5/110] PIREP at (34.55, -113.64) FL8500 2023-04-23 21:45:00 (cache: 31 images)
  SAVED /cluster/tufts/capstone25skyblue/scleme01/SatelliteTurbulencePrediction/model_inputs/2023_04/0000295.npz (0.2s total | fetch=0.0s project=0.0s smooth=0.0s | cache hits=15 misses=0)
[6/110] PIREP at (34.66, -114.26) FL8500 2023-04-23 21:52:00 (cache: 31 images)
  SAVED /cluster/tufts/capstone25skyblue/scleme01/SatelliteTurbulencePrediction/model_inputs/2023_04/0000296.npz (659.6s total | fetch=657.7s project=0.1s smooth=1.1s | cache hits=14 misses=1)
[7/110] PIREP at (32.61, -84.23) FL38000 2023-04-24 01:04:00 (cache: 32 images)
  SAVED /cluster/tufts/capstone25skyblue/scleme01/SatelliteTurbulencePrediction/model_inputs/2023_04/0000428.npz (161.6s total | fetch=138.0s project=2.1s smooth=16.0s | cache hits=0 misses=15)
[8/110] PIREP at (25.50, -79.30) FL40000 2023-04-24 09:45:00 (cache: 47 images)
  SAVED /cluster/tufts/capstone25skyblue/scleme01/SatelliteTurbulencePrediction/model_inputs/2023_04/0000362.npz (146.0s total | fetch=122.5s project=2.1s smooth=15.9s | cache hits=0 misses=15)
[9/110] PIREP at (27.66, -80.42) FL23000 2023-04-24 11:31:00 (cache: 62 images)
  SAVED /cluster/tufts/capstone25skyblue/scleme01/SatelliteTurbulencePrediction/model_inputs/2023_04/0000585.npz (156.8s total | fetch=133.3s project=2.1s smooth=15.9s | cache hits=0 misses=15)
[10/110] PIREP at (42.37, -83.11) FL5000 2023-04-24 13:57:00 (cache: 77 images)
  SAVED /cluster/tufts/capstone25skyblue/scleme01/SatelliteTurbulencePrediction/model_inputs/2023_04/0000431.npz (9544.9s total | fetch=9520.2s project=2.1s smooth=15.9s | cache hits=0 misses=15)
[11/110] PIREP at (34.92, -118.43) FL9500 2023-04-24 18:50:00 (cache: 92 images)
  SAVED /cluster/tufts/capstone25skyblue/scleme01/SatelliteTurbulencePrediction/model_inputs/2023_04/0000298.npz (10760.8s total | fetch=10735.1s project=2.3s smooth=16.5s | cache hits=0 misses=15)
[12/110] PIREP at (34.88, -118.47) FL9500 2023-04-24 18:50:00 (cache: 107 images)
  SAVED /cluster/tufts/capstone25skyblue/scleme01/SatelliteTurbulencePrediction/model_inputs/2023_04/0000297.npz (0.2s total | fetch=0.0s project=0.0s smooth=0.0s | cache hits=15 misses=0)
[13/110] PIREP at (29.16, -82.22) FL13000 2023-04-24 19:18:00 (cache: 107 images)
  SAVED /cluster/tufts/capstone25skyblue/scleme01/SatelliteTurbulencePrediction/model_inputs/2023_04/0000299.npz (3529.7s total | fetch=3520.9s project=0.7s smooth=5.6s | cache hits=10 misses=5)
[14/110] PIREP at (40.56, -87.07) FL26000 2023-04-24 19:55:00 (cache: 112 images)
