Resetting environment
Deactivating conda environment (if any)
Purging all modules
Done! Environment has been torn down
Loading cuda and miniforge...
Activating conda environment...
Redirecting into the satellite repo...
Done! Environment has now been set up
Processing 2020/01 chunk [330:440]
Fetching satellite data for PIREPs in /cluster/tufts/capstone25skyblue/scleme01/SatelliteTurbulencePrediction/pireps/2020/01_turb_pireps.csv
Processing chunk [330:440] (110 PIREPs) from /cluster/tufts/capstone25skyblue/scleme01/SatelliteTurbulencePrediction/pireps/2020/01_turb_pireps.csv
[1/110] PIREP at (27.77, -96.57) FL25000 2020-01-11 06:05:00 (cache: 0 images)
  SAVED /cluster/tufts/capstone25skyblue/scleme01/SatelliteTurbulencePrediction/model_inputs/2020_01/0000202.npz (166.6s total | fetch=141.6s project=1.6s smooth=17.3s | cache hits=0 misses=15)
[2/110] PIREP at (44.96, -95.48) FL29000 2020-01-11 06:06:00 (cache: 15 images)
  SAVED /cluster/tufts/capstone25skyblue/scleme01/SatelliteTurbulencePrediction/model_inputs/2020_01/0000203.npz (0.1s total | fetch=0.0s project=0.0s smooth=0.0s | cache hits=15 misses=0)
[3/110] PIREP at (38.34, -98.86) FL36000 2020-01-11 07:47:00 (cache: 15 images)
  SAVED /cluster/tufts/capstone25skyblue/scleme01/SatelliteTurbulencePrediction/model_inputs/2020_01/0000204.npz (147.4s total | fetch=122.5s project=1.7s smooth=17.2s | cache hits=0 misses=15)
[4/110] PIREP at (46.84, -92.19) FL31000 2020-01-11 08:38:00 (cache: 30 images)
  SAVED /cluster/tufts/capstone25skyblue/scleme01/SatelliteTurbulencePrediction/model_inputs/2020_01/0000205.npz (107.5s total | fetch=91.1s project=1.1s smooth=11.4s | cache hits=5 misses=10)
[5/110] PIREP at (45.13, -95.08) FL33000 2020-01-11 09:30:00 (cache: 40 images)
  SAVED /cluster/tufts/capstone25skyblue/scleme01/SatelliteTurbulencePrediction/model_inputs/2020_01/0000206.npz (114.0s total | fetch=95.8s project=1.2s smooth=12.6s | cache hits=4 misses=11)
[6/110] PIREP at (43.58, -96.75) FL27000 2020-01-11 09:48:00 (cache: 51 images)
  SAVED /cluster/tufts/capstone25skyblue/scleme01/SatelliteTurbulencePrediction/model_inputs/2020_01/0000207.npz (34.5s total | fetch=29.5s project=0.3s smooth=3.4s | cache hits=12 misses=3)
[7/110] PIREP at (33.57, -86.74) FL3000 2020-01-11 09:48:00 (cache: 54 images)
  SAVED /cluster/tufts/capstone25skyblue/scleme01/SatelliteTurbulencePrediction/model_inputs/2020_01/0000208.npz (0.2s total | fetch=0.0s project=0.0s smooth=0.0s | cache hits=15 misses=0)
[8/110] PIREP at (44.27, -86.25) FL34000 2020-01-11 13:00:00 (cache: 54 images)
  SAVED /cluster/tufts/capstone25skyblue/scleme01/SatelliteTurbulencePrediction/model_inputs/2020_01/0000656.npz (171.2s total | fetch=146.8s project=1.6s smooth=17.0s | cache hits=0 misses=15)
[9/110] PIREP at (44.22, -93.92) FL27500 2020-01-11 13:08:00 (cache: 69 images)
  SAVED /cluster/tufts/capstone25skyblue/scleme01/SatelliteTurbulencePrediction/model_inputs/2020_01/0000209.npz (607.6s total | fetch=605.8s project=0.1s smooth=1.1s | cache hits=14 misses=1)
[10/110] PIREP at (44.28, -85.42) FL16000 2020-01-11 14:33:00 (cache: 70 images)
  SAVED /cluster/tufts/capstone25skyblue/scleme01/SatelliteTurbulencePrediction/model_inputs/2020_01/0000791.npz (11026.1s total | fetch=11001.9s project=1.6s smooth=16.8s | cache hits=0 misses=15)
[11/110] PIREP at (35.39, -90.69) FL17000 2020-01-11 15:03:00 (cache: 85 images)
  SAVED /cluster/tufts/capstone25skyblue/scleme01/SatelliteTurbulencePrediction/model_inputs/2020_01/0000525.npz (5725.6s total | fetch=5715.7s project=0.6s smooth=6.8s | cache hits=9 misses=6)
[12/110] PIREP at (41.41, -74.59) FL3000 2020-01-11 15:23:00 (cache: 91 images)
  SAVED /cluster/tufts/capstone25skyblue/scleme01/SatelliteTurbulencePrediction/model_inputs/2020_01/0000210.npz (3502.0s total | fetch=3495.5s project=0.4s smooth=4.4s | cache hits=11 misses=4)
[13/110] PIREP at (47.17, -88.49) FL34000 2020-01-11 15:42:00 (cache: 95 images)
  SAVED /cluster/tufts/capstone25skyblue/scleme01/SatelliteTurbulencePrediction/model_inputs/2020_01/0000660.npz (3463.3s total | fetch=3456.7s project=0.4s smooth=4.5s | cache hits=11 misses=4)
[14/110] PIREP at (47.55, -58.58) FL39000 2020-01-11 15:53:00 (cache: 99 images)
  SAVED /cluster/tufts/capstone25skyblue/scleme01/SatelliteTurbulencePrediction/model_inputs/2020_01/0000211.npz (2055.0s total | fetch=2051.7s project=0.2s smooth=2.2s | cache hits=13 misses=2)
[15/110] PIREP at (42.72, -90.35) FL24000 2020-01-11 16:48:00 (cache: 101 images)
  SAVED /cluster/tufts/capstone25skyblue/scleme01/SatelliteTurbulencePrediction/model_inputs/2020_01/0000212.npz (11063.6s total | fetch=11045.8s project=1.2s smooth=12.4s | cache hits=4 misses=11)
[16/110] PIREP at (44.78, -89.67) FL34000 2020-01-11 17:18:00 (cache: 112 images)
  SAVED /cluster/tufts/capstone25skyblue/scleme01/SatelliteTurbulencePrediction/model_inputs/2020_01/0000478.npz (5417.8s total | fetch=5408.1s project=0.6s smooth=6.7s | cache hits=9 misses=6)
[17/110] PIREP at (43.53, -72.95) FL4000 2020-01-11 17:21:00 (cache: 118 images)
  SAVED /cluster/tufts/capstone25skyblue/scleme01/SatelliteTurbulencePrediction/model_inputs/2020_01/0000213.npz (1058.5s total | fetch=1056.7s project=0.1s smooth=1.1s | cache hits=14 misses=1)
[18/110] PIREP at (41.17, -95.74) FL20000 2020-01-11 17:32:00 (cache: 119 images)
  SAVED /cluster/tufts/capstone25skyblue/scleme01/SatelliteTurbulencePrediction/model_inputs/2020_01/0000214.npz (1885.0s total | fetch=1881.7s project=0.2s smooth=2.2s | cache hits=13 misses=2)
[19/110] PIREP at (34.55, -97.54) FL38000 2020-01-11 17:59:00 (cache: 121 images)
  SAVED /cluster/tufts/capstone25skyblue/scleme01/SatelliteTurbulencePrediction/model_inputs/2020_01/0000776.npz (4828.3s total | fetch=4820.1s project=0.5s smooth=5.6s | cache hits=10 misses=5)
[20/110] PIREP at (40.70, -90.23) FL25600 2020-01-11 18:05:00 (cache: 126 images)
  SAVED /cluster/tufts/capstone25skyblue/scleme01/SatelliteTurbulencePrediction/model_inputs/2020_01/0000215.npz (1965.9s total | fetch=1962.6s project=0.2s smooth=2.2s | cache hits=13 misses=2)
[21/110] PIREP at (40.96, -90.53) FL20600 2020-01-11 18:34:00 (cache: 128 images)
  SAVED /cluster/tufts/capstone25skyblue/scleme01/SatelliteTurbulencePrediction/model_inputs/2020_01/0000216.npz (4955.3s total | fetch=4947.1s project=0.5s smooth=5.6s | cache hits=10 misses=5)
[22/110] PIREP at (44.97, -95.71) FL36000 2020-01-11 18:56:00 (cache: 133 images)
  SAVED /cluster/tufts/capstone25skyblue/scleme01/SatelliteTurbulencePrediction/model_inputs/2020_01/0000674.npz (4898.6s total | fetch=4890.5s project=0.5s smooth=5.5s | cache hits=10 misses=5)
[23/110] PIREP at (38.77, -91.90) FL19000 2020-01-11 19:05:00 (cache: 138 images)
  SAVED /cluster/tufts/capstone25skyblue/scleme01/SatelliteTurbulencePrediction/model_inputs/2020_01/0000217.npz (1926.9s total | fetch=1923.6s project=0.2s smooth=2.2s | cache hits=13 misses=2)
[24/110] PIREP at (39.00, -119.15) FL12000 2020-01-11 19:12:00 (cache: 140 images)
  SAVED /cluster/tufts/capstone25skyblue/scleme01/SatelliteTurbulencePrediction/model_inputs/2020_01/0000451.npz (858.4s total | fetch=856.6s project=0.1s smooth=1.1s | cache hits=14 misses=1)
[25/110] PIREP at (34.94, -118.30) FL7000 2020-01-11 19:15:00 (cache: 141 images)
  SAVED /cluster/tufts/capstone25skyblue/scleme01/SatelliteTurbulencePrediction/model_inputs/2020_01/0000218.npz (840.4s total | fetch=838.7s project=0.1s smooth=1.1s | cache hits=14 misses=1)
[26/110] PIREP at (41.79, -87.75) FL1000 2020-01-11 19:19:00 (cache: 142 images)
  SAVED /cluster/tufts/capstone25skyblue/scleme01/SatelliteTurbulencePrediction/model_inputs/2020_01/0000535.npz (0.1s total | fetch=0.0s project=0.0s smooth=0.0s | cache hits=15 misses=0)
[27/110] PIREP at (35.91, -117.83) FL5000 2020-01-11 19:35:00 (cache: 142 images)
  SAVED /cluster/tufts/capstone25skyblue/scleme01/SatelliteTurbulencePrediction/model_inputs/2020_01/0000219.npz (3509.1s total | fetch=3502.5s project=0.4s smooth=4.5s | cache hits=11 misses=4)
[28/110] PIREP at (36.48, -82.41) FL9000 2020-01-11 19:38:00 (cache: 146 images)
  SAVED /cluster/tufts/capstone25skyblue/scleme01/SatelliteTurbulencePrediction/model_inputs/2020_01/0000220.npz (0.2s total | fetch=0.0s project=0.0s smooth=0.0s | cache hits=15 misses=0)
[29/110] PIREP at (49.23, -52.57) FL38000 2020-01-11 19:46:00 (cache: 146 images)
  SAVED /cluster/tufts/capstone25skyblue/scleme01/SatelliteTurbulencePrediction/model_inputs/2020_01/0000221.npz (1798.0s total | fetch=1794.7s project=0.2s smooth=2.2s | cache hits=13 misses=2)
[30/110] PIREP at (41.97, -89.52) FL29000 2020-01-11 19:50:00 (cache: 148 images)
  SAVED /cluster/tufts/capstone25skyblue/scleme01/SatelliteTurbulencePrediction/model_inputs/2020_01/0000222.npz (747.5s total | fetch=745.8s project=0.1s smooth=1.1s | cache hits=14 misses=1)
[31/110] PIREP at (42.55, -87.95) FL23000 2020-01-11 19:57:00 (cache: 149 images)
  SAVED /cluster/tufts/capstone25skyblue/scleme01/SatelliteTurbulencePrediction/model_inputs/2020_01/0000223.npz (857.2s total | fetch=855.5s project=0.1s smooth=1.1s | cache hits=14 misses=1)
[32/110] PIREP at (35.65, -83.99) FL8000 2020-01-11 20:22:00 (cache: 150 images)
  SAVED /cluster/tufts/capstone25skyblue/scleme01/SatelliteTurbulencePrediction/model_inputs/2020_01/0000224.npz (4126.7s total | fetch=4118.4s project=0.5s smooth=5.7s | cache hits=10 misses=5)
[33/110] PIREP at (35.43, -111.47) FL10000 2020-01-11 20:50:00 (cache: 155 images)
  SAVED /cluster/tufts/capstone25skyblue/scleme01/SatelliteTurbulencePrediction/model_inputs/2020_01/0000225.npz (4800.4s total | fetch=4790.6s project=0.6s smooth=6.8s | cache hits=9 misses=6)
[34/110] PIREP at (35.43, -111.47) FL10000 2020-01-11 20:50:00 (cache: 161 images)
  SAVED /cluster/tufts/capstone25skyblue/scleme01/SatelliteTurbulencePrediction/model_inputs/2020_01/0000226.npz (0.2s total | fetch=0.0s project=0.0s smooth=0.0s | cache hits=15 misses=0)
[35/110] PIREP at (37.66, -89.26) FL40000 2020-01-11 21:20:00 (cache: 161 images)
  SAVED /cluster/tufts/capstone25skyblue/scleme01/SatelliteTurbulencePrediction/model_inputs/2020_01/0000227.npz (4478.5s total | fetch=4468.6s project=0.6s smooth=6.8s | cache hits=9 misses=6)
[36/110] PIREP at (27.47, -82.19) FL6500 2020-01-11 21:37:00 (cache: 167 images)
