Resetting environment
Deactivating conda environment (if any)
Purging all modules
Done! Environment has been torn down
Allocating resources with slurm...
Loading cuda and miniforge...
Activating conda environment...
Redirecting into the satellite repo...
Done! Environment has now been set up
Processing 2021/11 chunk [300:450]
Fetching satellite data for PIREPs in /cluster/tufts/capstone25skyblue/scleme01/SatelliteTurbulencePrediction/pireps/2021/11_turb_pireps.csv
Processing chunk [300:450] (110 PIREPs) from /cluster/tufts/capstone25skyblue/scleme01/SatelliteTurbulencePrediction/pireps/2021/11_turb_pireps.csv
[1/110] PIREP at (52.71, 174.11) FL37000 2021-11-22 21:22:00 (cache: 0 images)
  SAVED /cluster/tufts/capstone25skyblue/scleme01/SatelliteTurbulencePrediction/model_inputs/2021_11/0000145.npz (14020.1s total | fetch=13977.7s project=4.1s smooth=28.2s | cache hits=0 misses=15)
[2/110] PIREP at (49.26, 160.69) FL39000 2021-11-22 21:28:00 (cache: 15 images)
  SAVED /cluster/tufts/capstone25skyblue/scleme01/SatelliteTurbulencePrediction/model_inputs/2021_11/0000146.npz (743.9s total | fetch=740.9s project=0.3s smooth=1.9s | cache hits=14 misses=1)
[3/110] PIREP at (50.33, -65.62) FL35000 2021-11-23 00:45:00 (cache: 16 images)
  SAVED /cluster/tufts/capstone25skyblue/scleme01/SatelliteTurbulencePrediction/model_inputs/2021_11/0000147.npz (191.5s total | fetch=149.6s project=4.0s smooth=28.1s | cache hits=0 misses=15)
[4/110] PIREP at (52.22, -111.93) FL14000 2021-11-23 01:40:00 (cache: 31 images)
  SAVED /cluster/tufts/capstone25skyblue/scleme01/SatelliteTurbulencePrediction/model_inputs/2021_11/0000148.npz (146.7s total | fetch=115.9s project=2.9s smooth=20.6s | cache hits=4 misses=11)
[5/110] PIREP at (51.78, -57.33) FL35000 2021-11-23 01:55:00 (cache: 42 images)
  SAVED /cluster/tufts/capstone25skyblue/scleme01/SatelliteTurbulencePrediction/model_inputs/2021_11/0000149.npz (46.3s total | fetch=37.9s project=0.8s smooth=5.6s | cache hits=12 misses=3)
[6/110] PIREP at (26.60, -128.60) FL38000 2021-11-23 02:44:00 (cache: 45 images)
  SAVED /cluster/tufts/capstone25skyblue/scleme01/SatelliteTurbulencePrediction/model_inputs/2021_11/0000150.npz (113.2s total | fetch=88.1s project=2.4s smooth=16.9s | cache hits=6 misses=9)
[7/110] PIREP at (49.73, 158.99) FL40000 2021-11-23 04:10:00 (cache: 54 images)
  SAVED /cluster/tufts/capstone25skyblue/scleme01/SatelliteTurbulencePrediction/model_inputs/2021_11/0000151.npz (161.0s total | fetch=119.0s project=4.0s smooth=28.1s | cache hits=0 misses=15)
[8/110] PIREP at (41.36, -94.02) FL37000 2021-11-23 11:17:00 (cache: 69 images)
  SAVED /cluster/tufts/capstone25skyblue/scleme01/SatelliteTurbulencePrediction/model_inputs/2021_11/0000318.npz (169.7s total | fetch=127.7s project=4.0s smooth=28.1s | cache hits=0 misses=15)
[9/110] PIREP at (36.41, -81.82) FL7500 2021-11-23 16:17:00 (cache: 84 images)
