Resetting environment
Deactivating conda environment (if any)
Purging all modules
Done! Environment has been torn down
Loading cuda and miniforge...
Activating conda environment...
Redirecting into the satellite repo...
Done! Environment has now been set up
Processing 2017/05 chunk [110:220]
Fetching satellite data for PIREPs in /cluster/tufts/capstone25skyblue/scleme01/SatelliteTurbulencePrediction/pireps/2017/05_turb_pireps.csv
Processing chunk [110:220] (110 PIREPs) from /cluster/tufts/capstone25skyblue/scleme01/SatelliteTurbulencePrediction/pireps/2017/05_turb_pireps.csv
[1/110] PIREP at (35.64, -82.21) FL9000 2017-05-06 19:45:00 (cache: 0 images)
  SAVED /cluster/tufts/capstone25skyblue/scleme01/SatelliteTurbulencePrediction/model_inputs/2017_05/0000068.npz (14734.9s total | fetch=14707.7s project=2.0s smooth=19.3s | cache hits=0 misses=15)
[2/110] PIREP at (36.07, -112.27) FL9500 2017-05-06 21:08:00 (cache: 15 images)
  SAVED /cluster/tufts/capstone25skyblue/scleme01/SatelliteTurbulencePrediction/model_inputs/2017_05/0000069.npz (18871.1s total | fetch=18844.0s project=2.0s smooth=19.3s | cache hits=0 misses=15)
[3/110] PIREP at (46.97, -71.14) FL7000 2017-05-07 00:50:00 (cache: 30 images)
  SAVED /cluster/tufts/capstone25skyblue/scleme01/SatelliteTurbulencePrediction/model_inputs/2017_05/0000070.npz (16672.0s total | fetch=16644.8s project=2.0s smooth=19.4s | cache hits=0 misses=15)
[4/110] PIREP at (60.97, -149.35) FL6500 2017-05-07 02:20:00 (cache: 45 images)
  SAVED /cluster/tufts/capstone25skyblue/scleme01/SatelliteTurbulencePrediction/model_inputs/2017_05/0000072.npz (410.8s total | fetch=383.9s project=2.0s smooth=19.2s | cache hits=0 misses=15)
[5/110] PIREP at (60.97, -149.35) FL6500 2017-05-07 02:20:00 (cache: 60 images)
  SAVED /cluster/tufts/capstone25skyblue/scleme01/SatelliteTurbulencePrediction/model_inputs/2017_05/0000071.npz (0.1s total | fetch=0.0s project=0.0s smooth=0.0s | cache hits=15 misses=0)
[6/110] PIREP at (33.67, -67.75) FL33000 2017-05-07 03:00:00 (cache: 60 images)
  SAVED /cluster/tufts/capstone25skyblue/scleme01/SatelliteTurbulencePrediction/model_inputs/2017_05/0000073.npz (121.3s total | fetch=106.8s project=1.1s smooth=10.3s | cache hits=7 misses=8)
[7/110] PIREP at (28.92, -82.42) FL8000 2017-05-07 13:43:00 (cache: 68 images)
  SAVED /cluster/tufts/capstone25skyblue/scleme01/SatelliteTurbulencePrediction/model_inputs/2017_05/0000299.npz (17006.5s total | fetch=16979.1s project=2.0s smooth=19.4s | cache hits=0 misses=15)
[8/110] PIREP at (38.94, -104.63) FL40000 2017-05-07 15:22:00 (cache: 83 images)
  SAVED /cluster/tufts/capstone25skyblue/scleme01/SatelliteTurbulencePrediction/model_inputs/2017_05/0000356.npz (9698.0s total | fetch=9670.4s project=2.0s smooth=19.8s | cache hits=0 misses=15)
[9/110] PIREP at (34.27, -110.01) FL38000 2017-05-07 16:48:00 (cache: 98 images)
  SAVED /cluster/tufts/capstone25skyblue/scleme01/SatelliteTurbulencePrediction/model_inputs/2017_05/0000417.npz (190.3s total | fetch=163.0s project=2.0s smooth=19.6s | cache hits=0 misses=15)
[10/110] PIREP at (70.19, -148.46) FL1500 2017-05-07 19:46:00 (cache: 113 images)
  SAVED /cluster/tufts/capstone25skyblue/scleme01/SatelliteTurbulencePrediction/model_inputs/2017_05/0000301.npz (195.7s total | fetch=168.5s project=2.0s smooth=19.6s | cache hits=0 misses=15)
[11/110] PIREP at (35.36, -97.61) FL37000 2017-05-07 22:02:00 (cache: 128 images)
  SAVED /cluster/tufts/capstone25skyblue/scleme01/SatelliteTurbulencePrediction/model_inputs/2017_05/0000367.npz (155.7s total | fetch=128.4s project=2.0s smooth=19.6s | cache hits=0 misses=15)
[12/110] PIREP at (31.75, -105.09) FL10500 2017-05-07 23:55:00 (cache: 143 images)
  SAVED /cluster/tufts/capstone25skyblue/scleme01/SatelliteTurbulencePrediction/model_inputs/2017_05/0000074.npz (141.4s total | fetch=114.1s project=2.0s smooth=19.6s | cache hits=0 misses=15)
[13/110] PIREP at (52.80, 166.05) FL36000 2017-05-08 00:45:00 (cache: 158 images)
  SAVED /cluster/tufts/capstone25skyblue/scleme01/SatelliteTurbulencePrediction/model_inputs/2017_05/0000447.npz (113.3s total | fetch=95.1s project=1.3s smooth=13.1s | cache hits=5 misses=10)
[14/110] PIREP at (40.92, -60.42) FL36000 2017-05-08 02:20:00 (cache: 168 images)
  SAVED /cluster/tufts/capstone25skyblue/scleme01/SatelliteTurbulencePrediction/model_inputs/2017_05/0000075.npz (119.8s total | fetch=92.6s project=2.0s smooth=19.6s | cache hits=0 misses=15)
[15/110] PIREP at (34.00, -168.00) FL31000 2017-05-08 13:46:00 (cache: 183 images)
  SAVED /cluster/tufts/capstone25skyblue/scleme01/SatelliteTurbulencePrediction/model_inputs/2017_05/0000076.npz (169.2s total | fetch=141.8s project=2.0s smooth=19.8s | cache hits=0 misses=15)
[16/110] PIREP at (34.43, -114.07) FL33000 2017-05-08 15:02:00 (cache: 198 images)
  SAVED /cluster/tufts/capstone25skyblue/scleme01/SatelliteTurbulencePrediction/model_inputs/2017_05/0000244.npz (141.9s total | fetch=114.2s project=2.1s smooth=19.8s | cache hits=0 misses=15)
[17/110] PIREP at (55.28, -76.45) FL36000 2017-05-08 19:40:00 (cache: 213 images)
