Resetting environment
Deactivating conda environment (if any)
Purging all modules
Done! Environment has been torn down
Loading cuda and miniforge...
Activating conda environment...
Redirecting into the satellite repo...
Done! Environment has now been set up
Processing 2017/05 chunk [450:600]
Fetching satellite data for PIREPs in /cluster/tufts/capstone25skyblue/scleme01/SatelliteTurbulencePrediction/pireps/2017/05_turb_pireps.csv
Processing chunk [450:600] (30 PIREPs) from /cluster/tufts/capstone25skyblue/scleme01/SatelliteTurbulencePrediction/pireps/2017/05_turb_pireps.csv
[1/30] SKIPPING /cluster/tufts/capstone25skyblue/scleme01/SatelliteTurbulencePrediction/model_inputs/2017_05/0000377.npz (already exists)
[2/30] PIREP at (41.53, -93.21) FL9000 2017-05-30 16:23:00 (cache: 0 images)
  SAVED /cluster/tufts/capstone25skyblue/scleme01/SatelliteTurbulencePrediction/model_inputs/2017_05/0000478.npz (7350.6s total | fetch=7327.6s project=1.7s smooth=16.5s | cache hits=0 misses=15)
[3/30] PIREP at (37.95, -119.31) FL11500 2017-05-30 19:02:00 (cache: 15 images)
  SAVED /cluster/tufts/capstone25skyblue/scleme01/SatelliteTurbulencePrediction/model_inputs/2017_05/0000463.npz (7789.1s total | fetch=7766.2s project=1.7s smooth=16.4s | cache hits=0 misses=15)
[4/30] PIREP at (30.75, -82.55) FL11000 2017-05-30 19:10:00 (cache: 30 images)
  SAVED /cluster/tufts/capstone25skyblue/scleme01/SatelliteTurbulencePrediction/model_inputs/2017_05/0000223.npz (852.1s total | fetch=848.9s project=0.2s smooth=2.2s | cache hits=13 misses=2)
[5/30] PIREP at (32.65, -97.31) FL37000 2017-05-30 20:27:00 (cache: 32 images)
  SAVED /cluster/tufts/capstone25skyblue/scleme01/SatelliteTurbulencePrediction/model_inputs/2017_05/0000277.npz (8107.9s total | fetch=8084.9s project=1.7s smooth=16.5s | cache hits=0 misses=15)
[6/30] PIREP at (33.48, -91.72) FL40000 2017-05-30 20:40:00 (cache: 47 images)
  SAVED /cluster/tufts/capstone25skyblue/scleme01/SatelliteTurbulencePrediction/model_inputs/2017_05/0000224.npz (1833.7s total | fetch=1829.0s project=0.3s smooth=3.3s | cache hits=12 misses=3)
[7/30] PIREP at (41.89, -75.32) FL15000 2017-05-30 21:11:00 (cache: 50 images)
  SAVED /cluster/tufts/capstone25skyblue/scleme01/SatelliteTurbulencePrediction/model_inputs/2017_05/0000225.npz (3781.9s total | fetch=3772.8s project=0.7s smooth=6.4s | cache hits=9 misses=6)
[8/30] PIREP at (41.89, -75.32) FL15000 2017-05-30 21:11:00 (cache: 56 images)
  SAVED /cluster/tufts/capstone25skyblue/scleme01/SatelliteTurbulencePrediction/model_inputs/2017_05/0000226.npz (0.1s total | fetch=0.0s project=0.0s smooth=0.0s | cache hits=15 misses=0)
[9/30] PIREP at (37.76, -90.43) FL39000 2017-05-30 21:16:00 (cache: 56 images)
  SAVED /cluster/tufts/capstone25skyblue/scleme01/SatelliteTurbulencePrediction/model_inputs/2017_05/0000460.npz (465.8s total | fetch=464.1s project=0.1s smooth=1.1s | cache hits=14 misses=1)
[10/30] PIREP at (38.64, -78.08) FL10000 2017-05-30 22:18:00 (cache: 57 images)
  SAVED /cluster/tufts/capstone25skyblue/scleme01/SatelliteTurbulencePrediction/model_inputs/2017_05/0000227.npz (7584.8s total | fetch=7566.8s project=1.3s smooth=12.9s | cache hits=3 misses=12)
[11/30] PIREP at (33.07, -96.07) FL30000 2017-05-30 22:22:00 (cache: 69 images)
  SAVED /cluster/tufts/capstone25skyblue/scleme01/SatelliteTurbulencePrediction/model_inputs/2017_05/0000461.npz (478.3s total | fetch=476.6s project=0.1s smooth=1.1s | cache hits=14 misses=1)
[12/30] PIREP at (36.19, -84.63) FL33000 2017-05-31 01:00:00 (cache: 70 images)
  SAVED /cluster/tufts/capstone25skyblue/scleme01/SatelliteTurbulencePrediction/model_inputs/2017_05/0000228.npz (9872.7s total | fetch=9850.1s project=1.6s smooth=16.1s | cache hits=0 misses=15)
[13/30] PIREP at (41.25, -70.06) FL6000 2017-05-31 11:16:00 (cache: 85 images)
  SAVED /cluster/tufts/capstone25skyblue/scleme01/SatelliteTurbulencePrediction/model_inputs/2017_05/0000310.npz (6364.9s total | fetch=6342.6s project=1.6s smooth=16.0s | cache hits=0 misses=15)
[14/30] PIREP at (33.03, -102.47) FL34000 2017-05-31 13:33:00 (cache: 100 images)
