Resetting environment
Deactivating conda environment (if any)
Purging all modules
Done! Environment has been torn down
Loading cuda and miniforge...
Activating conda environment...
Redirecting into the satellite repo...
Done! Environment has now been set up
Processing 2017/05 chunk [0:150]
Fetching satellite data for PIREPs in /cluster/tufts/capstone25skyblue/scleme01/SatelliteTurbulencePrediction/pireps/2017/05_turb_pireps.csv
Processing chunk [0:150] (150 PIREPs) from /cluster/tufts/capstone25skyblue/scleme01/SatelliteTurbulencePrediction/pireps/2017/05_turb_pireps.csv
[1/150] SKIPPING /cluster/tufts/capstone25skyblue/scleme01/SatelliteTurbulencePrediction/model_inputs/2017_05/0000346.npz (already exists)
[2/150] SKIPPING /cluster/tufts/capstone25skyblue/scleme01/SatelliteTurbulencePrediction/model_inputs/2017_05/0000385.npz (already exists)
[3/150] SKIPPING /cluster/tufts/capstone25skyblue/scleme01/SatelliteTurbulencePrediction/model_inputs/2017_05/0000374.npz (already exists)
[4/150] SKIPPING /cluster/tufts/capstone25skyblue/scleme01/SatelliteTurbulencePrediction/model_inputs/2017_05/0000407.npz (already exists)
[5/150] SKIPPING /cluster/tufts/capstone25skyblue/scleme01/SatelliteTurbulencePrediction/model_inputs/2017_05/0000319.npz (already exists)
[6/150] SKIPPING /cluster/tufts/capstone25skyblue/scleme01/SatelliteTurbulencePrediction/model_inputs/2017_05/0000000.npz (already exists)
[7/150] PIREP at (38.70, -81.32) FL24000 2017-05-01 14:13:00 (cache: 0 images)
  WARNING: Failed to fetch image at 2017-05-01 14:13:00: noaa-goes16/ABI-L2-MCMIPC/2017/121/14
  WARNING: Failed to fetch image at 2017-05-01 14:08:00: noaa-goes16/ABI-L2-MCMIPC/2017/121/14
  WARNING: Failed to fetch image at 2017-05-01 14:03:00: noaa-goes16/ABI-L2-MCMIPC/2017/121/14
  WARNING: Failed to fetch image at 2017-05-01 13:58:00: noaa-goes16/ABI-L2-MCMIPC/2017/121/14
  WARNING: Failed to fetch image at 2017-05-01 13:53:00: noaa-goes16/ABI-L2-MCMIPC/2017/121/14
  WARNING: Failed to fetch image at 2017-05-01 13:48:00: noaa-goes16/ABI-L2-MCMIPC/2017/121/14
  WARNING: Failed to fetch image at 2017-05-01 13:43:00: noaa-goes16/ABI-L2-MCMIPC/2017/121/14
  WARNING: Failed to fetch image at 2017-05-01 13:38:00: noaa-goes16/ABI-L2-MCMIPC/2017/121/14
  WARNING: Failed to fetch image at 2017-05-01 13:33:00: noaa-goes16/ABI-L2-MCMIPC/2017/121/14
  WARNING: Failed to fetch image at 2017-05-01 13:28:00: noaa-goes16/ABI-L2-MCMIPC/2017/121/14
  WARNING: Failed to fetch image at 2017-05-01 13:23:00: noaa-goes16/ABI-L2-MCMIPC/2017/121/14
  WARNING: Failed to fetch image at 2017-05-01 13:18:00: noaa-goes16/ABI-L2-MCMIPC/2017/121/14
  WARNING: Failed to fetch image at 2017-05-01 13:13:00: noaa-goes16/ABI-L2-MCMIPC/2017/121/14
  WARNING: Failed to fetch image at 2017-05-01 13:08:00: noaa-goes16/ABI-L2-MCMIPC/2017/121/14
  WARNING: Failed to fetch image at 2017-05-01 13:03:00: noaa-goes16/ABI-L2-MCMIPC/2017/121/14
  SKIPPED: no frames fetched
[8/150] PIREP at (46.95, -85.19) FL33000 2017-05-01 15:45:00 (cache: 15 images)
  WARNING: Failed to fetch image at 2017-05-01 15:45:00: noaa-goes16/ABI-L2-MCMIPC/2017/121/14
  WARNING: Failed to fetch image at 2017-05-01 15:40:00: noaa-goes16/ABI-L2-MCMIPC/2017/121/14
  WARNING: Failed to fetch image at 2017-05-01 15:35:00: noaa-goes16/ABI-L2-MCMIPC/2017/121/14
  WARNING: Failed to fetch image at 2017-05-01 15:30:00: noaa-goes16/ABI-L2-MCMIPC/2017/121/14
  WARNING: Failed to fetch image at 2017-05-01 15:25:00: noaa-goes16/ABI-L2-MCMIPC/2017/121/14
  WARNING: Failed to fetch image at 2017-05-01 15:20:00: noaa-goes16/ABI-L2-MCMIPC/2017/121/14
  WARNING: Failed to fetch image at 2017-05-01 15:15:00: noaa-goes16/ABI-L2-MCMIPC/2017/121/14
  WARNING: Failed to fetch image at 2017-05-01 15:10:00: noaa-goes16/ABI-L2-MCMIPC/2017/121/14
  WARNING: Failed to fetch image at 2017-05-01 15:05:00: noaa-goes16/ABI-L2-MCMIPC/2017/121/14
  WARNING: Failed to fetch image at 2017-05-01 15:00:00: noaa-goes16/ABI-L2-MCMIPC/2017/121/14
  WARNING: Failed to fetch image at 2017-05-01 14:55:00: noaa-goes16/ABI-L2-MCMIPC/2017/121/14
  WARNING: Failed to fetch image at 2017-05-01 14:50:00: noaa-goes16/ABI-L2-MCMIPC/2017/121/14
  WARNING: Failed to fetch image at 2017-05-01 14:45:00: noaa-goes16/ABI-L2-MCMIPC/2017/121/14
  WARNING: Failed to fetch image at 2017-05-01 14:40:00: noaa-goes16/ABI-L2-MCMIPC/2017/121/14
  WARNING: Failed to fetch image at 2017-05-01 14:35:00: noaa-goes16/ABI-L2-MCMIPC/2017/121/14
  SKIPPED: no frames fetched
[9/150] SKIPPING /cluster/tufts/capstone25skyblue/scleme01/SatelliteTurbulencePrediction/model_inputs/2017_05/0000002.npz (already exists)
[10/150] SKIPPING /cluster/tufts/capstone25skyblue/scleme01/SatelliteTurbulencePrediction/model_inputs/2017_05/0000003.npz (already exists)
[11/150] SKIPPING /cluster/tufts/capstone25skyblue/scleme01/SatelliteTurbulencePrediction/model_inputs/2017_05/0000288.npz (already exists)
[12/150] SKIPPING /cluster/tufts/capstone25skyblue/scleme01/SatelliteTurbulencePrediction/model_inputs/2017_05/0000004.npz (already exists)
[13/150] SKIPPING /cluster/tufts/capstone25skyblue/scleme01/SatelliteTurbulencePrediction/model_inputs/2017_05/0000418.npz (already exists)
[14/150] SKIPPING /cluster/tufts/capstone25skyblue/scleme01/SatelliteTurbulencePrediction/model_inputs/2017_05/0000005.npz (already exists)
[15/150] SKIPPING /cluster/tufts/capstone25skyblue/scleme01/SatelliteTurbulencePrediction/model_inputs/2017_05/0000006.npz (already exists)
[16/150] SKIPPING /cluster/tufts/capstone25skyblue/scleme01/SatelliteTurbulencePrediction/model_inputs/2017_05/0000308.npz (already exists)
[17/150] SKIPPING /cluster/tufts/capstone25skyblue/scleme01/SatelliteTurbulencePrediction/model_inputs/2017_05/0000007.npz (already exists)
[18/150] SKIPPING /cluster/tufts/capstone25skyblue/scleme01/SatelliteTurbulencePrediction/model_inputs/2017_05/0000008.npz (already exists)
[19/150] SKIPPING /cluster/tufts/capstone25skyblue/scleme01/SatelliteTurbulencePrediction/model_inputs/2017_05/0000009.npz (already exists)
[20/150] SKIPPING /cluster/tufts/capstone25skyblue/scleme01/SatelliteTurbulencePrediction/model_inputs/2017_05/0000010.npz (already exists)
[21/150] SKIPPING /cluster/tufts/capstone25skyblue/scleme01/SatelliteTurbulencePrediction/model_inputs/2017_05/0000011.npz (already exists)
[22/150] SKIPPING /cluster/tufts/capstone25skyblue/scleme01/SatelliteTurbulencePrediction/model_inputs/2017_05/0000012.npz (already exists)
[23/150] SKIPPING /cluster/tufts/capstone25skyblue/scleme01/SatelliteTurbulencePrediction/model_inputs/2017_05/0000295.npz (already exists)
[24/150] SKIPPING /cluster/tufts/capstone25skyblue/scleme01/SatelliteTurbulencePrediction/model_inputs/2017_05/0000013.npz (already exists)
[25/150] SKIPPING /cluster/tufts/capstone25skyblue/scleme01/SatelliteTurbulencePrediction/model_inputs/2017_05/0000014.npz (already exists)
[26/150] SKIPPING /cluster/tufts/capstone25skyblue/scleme01/SatelliteTurbulencePrediction/model_inputs/2017_05/0000451.npz (already exists)
[27/150] PIREP at (45.13, -87.64) FL23000 2017-05-02 13:10:00 (cache: 30 images)
  SAVED /cluster/tufts/capstone25skyblue/scleme01/SatelliteTurbulencePrediction/model_inputs/2017_05/0000324.npz (5751.6s total | fetch=5728.8s project=1.7s smooth=16.4s | cache hits=0 misses=15)
[28/150] SKIPPING /cluster/tufts/capstone25skyblue/scleme01/SatelliteTurbulencePrediction/model_inputs/2017_05/0000015.npz (already exists)
[29/150] PIREP at (30.45, -90.20) FL10100 2017-05-02 15:22:00 (cache: 45 images)
  WARNING: Failed to fetch image at 2017-05-02 15:22:00: noaa-goes16/ABI-L2-MCMIPC/2017/122/15
  WARNING: Failed to fetch image at 2017-05-02 15:17:00: noaa-goes16/ABI-L2-MCMIPC/2017/122/15
  WARNING: Failed to fetch image at 2017-05-02 15:12:00: noaa-goes16/ABI-L2-MCMIPC/2017/122/15
  WARNING: Failed to fetch image at 2017-05-02 15:07:00: noaa-goes16/ABI-L2-MCMIPC/2017/122/15
  WARNING: Failed to fetch image at 2017-05-02 15:02:00: noaa-goes16/ABI-L2-MCMIPC/2017/122/15
  WARNING: Failed to fetch image at 2017-05-02 14:57:00: noaa-goes16/ABI-L2-MCMIPC/2017/122/15
  WARNING: Failed to fetch image at 2017-05-02 14:52:00: noaa-goes16/ABI-L2-MCMIPC/2017/122/15
  WARNING: Failed to fetch image at 2017-05-02 14:47:00: noaa-goes16/ABI-L2-MCMIPC/2017/122/15
  WARNING: Failed to fetch image at 2017-05-02 14:42:00: noaa-goes16/ABI-L2-MCMIPC/2017/122/15
  WARNING: Failed to fetch image at 2017-05-02 14:37:00: noaa-goes16/ABI-L2-MCMIPC/2017/122/15
  WARNING: Failed to fetch image at 2017-05-02 14:32:00: noaa-goes16/ABI-L2-MCMIPC/2017/122/15
  WARNING: Failed to fetch image at 2017-05-02 14:27:00: noaa-goes16/ABI-L2-MCMIPC/2017/122/15
  WARNING: Failed to fetch image at 2017-05-02 14:22:00: noaa-goes16/ABI-L2-MCMIPC/2017/122/15
  WARNING: Failed to fetch image at 2017-05-02 14:17:00: noaa-goes16/ABI-L2-MCMIPC/2017/122/15
  WARNING: Failed to fetch image at 2017-05-02 14:12:00: noaa-goes16/ABI-L2-MCMIPC/2017/122/15
  SKIPPED: no frames fetched
[30/150] PIREP at (39.07, -78.06) FL5500 2017-05-02 16:08:00 (cache: 60 images)
  WARNING: Failed to fetch image at 2017-05-02 16:08:00: noaa-goes16/ABI-L2-MCMIPC/2017/122/15
  WARNING: Failed to fetch image at 2017-05-02 16:03:00: noaa-goes16/ABI-L2-MCMIPC/2017/122/15
  WARNING: Failed to fetch image at 2017-05-02 15:58:00: noaa-goes16/ABI-L2-MCMIPC/2017/122/15
  WARNING: Failed to fetch image at 2017-05-02 15:53:00: noaa-goes16/ABI-L2-MCMIPC/2017/122/15
  WARNING: Failed to fetch image at 2017-05-02 15:48:00: noaa-goes16/ABI-L2-MCMIPC/2017/122/15
  WARNING: Failed to fetch image at 2017-05-02 15:43:00: noaa-goes16/ABI-L2-MCMIPC/2017/122/15
  WARNING: Failed to fetch image at 2017-05-02 15:38:00: noaa-goes16/ABI-L2-MCMIPC/2017/122/15
  WARNING: Failed to fetch image at 2017-05-02 15:33:00: noaa-goes16/ABI-L2-MCMIPC/2017/122/15
  WARNING: Failed to fetch image at 2017-05-02 15:28:00: noaa-goes16/ABI-L2-MCMIPC/2017/122/15
  SKIPPED: no frames fetched
[31/150] PIREP at (36.43, -85.16) FL7000 2017-05-02 17:08:00 (cache: 69 images)
  WARNING: Failed to fetch image at 2017-05-02 16:58:00: noaa-goes16/ABI-L2-MCMIPC/2017/122/15
  WARNING: Failed to fetch image at 2017-05-02 16:53:00: noaa-goes16/ABI-L2-MCMIPC/2017/122/15
  WARNING: Failed to fetch image at 2017-05-02 16:48:00: noaa-goes16/ABI-L2-MCMIPC/2017/122/15
  WARNING: Failed to fetch image at 2017-05-02 16:43:00: noaa-goes16/ABI-L2-MCMIPC/2017/122/15
  WARNING: Failed to fetch image at 2017-05-02 16:38:00: noaa-goes16/ABI-L2-MCMIPC/2017/122/15
  WARNING: Failed to fetch image at 2017-05-02 16:33:00: noaa-goes16/ABI-L2-MCMIPC/2017/122/15
  WARNING: Failed to fetch image at 2017-05-02 16:28:00: noaa-goes16/ABI-L2-MCMIPC/2017/122/15
  WARNING: Failed to fetch image at 2017-05-02 16:23:00: noaa-goes16/ABI-L2-MCMIPC/2017/122/15
  WARNING: Failed to fetch image at 2017-05-02 16:18:00: noaa-goes16/ABI-L2-MCMIPC/2017/122/15
  WARNING: Failed to fetch image at 2017-05-02 16:13:00: noaa-goes16/ABI-L2-MCMIPC/2017/122/15
  SAVED /cluster/tufts/capstone25skyblue/scleme01/SatelliteTurbulencePrediction/model_inputs/2017_05/0000318.npz (772.6s total | fetch=768.6s project=0.2s smooth=2.2s | cache hits=9 misses=2)
[32/150] SKIPPING /cluster/tufts/capstone25skyblue/scleme01/SatelliteTurbulencePrediction/model_inputs/2017_05/0000017.npz (already exists)
[33/150] PIREP at (53.04, 172.44) FL35000 2017-05-02 18:22:00 (cache: 81 images)
  SAVED /cluster/tufts/capstone25skyblue/scleme01/SatelliteTurbulencePrediction/model_inputs/2017_05/0000394.npz (6646.9s total | fetch=6624.2s project=1.7s smooth=16.4s | cache hits=0 misses=15)
[34/150] SKIPPING /cluster/tufts/capstone25skyblue/scleme01/SatelliteTurbulencePrediction/model_inputs/2017_05/0000018.npz (already exists)
[35/150] SKIPPING /cluster/tufts/capstone25skyblue/scleme01/SatelliteTurbulencePrediction/model_inputs/2017_05/0000019.npz (already exists)
[36/150] PIREP at (44.84, -121.90) FL9000 2017-05-02 20:39:00 (cache: 96 images)
  SAVED /cluster/tufts/capstone25skyblue/scleme01/SatelliteTurbulencePrediction/model_inputs/2017_05/0000276.npz (7756.0s total | fetch=7733.1s project=1.7s smooth=16.5s | cache hits=0 misses=15)
[37/150] PIREP at (41.78, -96.81) FL3000 2017-05-02 22:57:00 (cache: 111 images)
  SAVED /cluster/tufts/capstone25skyblue/scleme01/SatelliteTurbulencePrediction/model_inputs/2017_05/0000465.npz (8445.2s total | fetch=8422.4s project=1.7s smooth=16.3s | cache hits=0 misses=15)
[38/150] SKIPPING /cluster/tufts/capstone25skyblue/scleme01/SatelliteTurbulencePrediction/model_inputs/2017_05/0000021.npz (already exists)
[39/150] SKIPPING /cluster/tufts/capstone25skyblue/scleme01/SatelliteTurbulencePrediction/model_inputs/2017_05/0000020.npz (already exists)
[40/150] PIREP at (41.25, -92.75) FL34000 2017-05-03 12:05:00 (cache: 126 images)
  SAVED /cluster/tufts/capstone25skyblue/scleme01/SatelliteTurbulencePrediction/model_inputs/2017_05/0000421.npz (1089.6s total | fetch=1067.2s project=1.6s smooth=16.0s | cache hits=0 misses=15)
[41/150] SKIPPING /cluster/tufts/capstone25skyblue/scleme01/SatelliteTurbulencePrediction/model_inputs/2017_05/0000023.npz (already exists)
[42/150] SKIPPING /cluster/tufts/capstone25skyblue/scleme01/SatelliteTurbulencePrediction/model_inputs/2017_05/0000022.npz (already exists)
[43/150] SKIPPING /cluster/tufts/capstone25skyblue/scleme01/SatelliteTurbulencePrediction/model_inputs/2017_05/0000024.npz (already exists)
[44/150] PIREP at (40.06, -98.28) FL36000 2017-05-03 15:20:00 (cache: 141 images)
  SAVED /cluster/tufts/capstone25skyblue/scleme01/SatelliteTurbulencePrediction/model_inputs/2017_05/0000267.npz (8789.2s total | fetch=8766.7s project=1.6s smooth=16.1s | cache hits=0 misses=15)
[45/150] PIREP at (39.15, -80.98) FL7500 2017-05-03 16:35:00 (cache: 156 images)
  SAVED /cluster/tufts/capstone25skyblue/scleme01/SatelliteTurbulencePrediction/model_inputs/2017_05/0000388.npz (10911.2s total | fetch=10888.9s project=1.6s smooth=15.9s | cache hits=0 misses=15)
[46/150] PIREP at (38.67, -92.11) FL26000 2017-05-03 16:54:00 (cache: 171 images)
  SAVED /cluster/tufts/capstone25skyblue/scleme01/SatelliteTurbulencePrediction/model_inputs/2017_05/0000256.npz (2231.6s total | fetch=2227.0s project=0.3s smooth=3.2s | cache hits=12 misses=3)
[47/150] PIREP at (39.74, -114.71) FL10500 2017-05-03 17:20:00 (cache: 174 images)
  SAVED /cluster/tufts/capstone25skyblue/scleme01/SatelliteTurbulencePrediction/model_inputs/2017_05/0000249.npz (4635.4s total | fetch=4626.4s project=0.7s smooth=6.4s | cache hits=9 misses=6)
[48/150] SKIPPING /cluster/tufts/capstone25skyblue/scleme01/SatelliteTurbulencePrediction/model_inputs/2017_05/0000025.npz (already exists)
[49/150] PIREP at (36.26, -77.00) FL7000 2017-05-03 18:17:00 (cache: 180 images)
