Resetting environment
Deactivating conda environment (if any)
Purging all modules
Done! Environment has been torn down
Loading cuda and miniforge...
Activating conda environment...
Redirecting into the satellite repo...
Done! Environment has now been set up
Processing 2022/03 chunk [440:550]
Fetching satellite data for PIREPs in /cluster/tufts/capstone25skyblue/scleme01/SatelliteTurbulencePrediction/pireps/2022/03_turb_pireps.csv
Processing chunk [440:550] (110 PIREPs) from /cluster/tufts/capstone25skyblue/scleme01/SatelliteTurbulencePrediction/pireps/2022/03_turb_pireps.csv
[1/110] PIREP at (33.66, -102.22) FL32000 2022-03-19 15:59:00 (cache: 0 images)
  SAVED /cluster/tufts/capstone25skyblue/scleme01/SatelliteTurbulencePrediction/model_inputs/2022_03/0000804.npz (11149.1s total | fetch=11124.0s project=2.1s smooth=15.9s | cache hits=0 misses=15)
[2/110] PIREP at (37.26, -104.34) FL11500 2022-03-19 18:26:00 (cache: 15 images)
  SAVED /cluster/tufts/capstone25skyblue/scleme01/SatelliteTurbulencePrediction/model_inputs/2022_03/0000573.npz (11799.7s total | fetch=11775.0s project=2.2s smooth=15.7s | cache hits=0 misses=15)
[3/110] PIREP at (44.82, -98.75) FL33000 2022-03-19 20:08:00 (cache: 30 images)
  SAVED /cluster/tufts/capstone25skyblue/scleme01/SatelliteTurbulencePrediction/model_inputs/2022_03/0000824.npz (12518.8s total | fetch=12493.4s project=2.3s smooth=16.2s | cache hits=0 misses=15)
[4/110] PIREP at (43.58, -96.75) FL36000 2022-03-19 20:10:00 (cache: 45 images)
  SAVED /cluster/tufts/capstone25skyblue/scleme01/SatelliteTurbulencePrediction/model_inputs/2022_03/0000441.npz (883.7s total | fetch=881.9s project=0.1s smooth=1.1s | cache hits=14 misses=1)
[5/110] PIREP at (34.63, -117.88) FL6300 2022-03-19 20:25:00 (cache: 46 images)
  SAVED /cluster/tufts/capstone25skyblue/scleme01/SatelliteTurbulencePrediction/model_inputs/2022_03/0000181.npz (2042.9s total | fetch=2037.8s project=0.4s smooth=3.1s | cache hits=12 misses=3)
[6/110] PIREP at (39.60, -78.76) FL3000 2022-03-19 20:35:00 (cache: 49 images)
  SAVED /cluster/tufts/capstone25skyblue/scleme01/SatelliteTurbulencePrediction/model_inputs/2022_03/0000182.npz (1451.8s total | fetch=1448.3s project=0.3s smooth=2.1s | cache hits=13 misses=2)
[7/110] PIREP at (40.71, -76.45) FL30000 2022-03-19 21:10:00 (cache: 51 images)
  SAVED /cluster/tufts/capstone25skyblue/scleme01/SatelliteTurbulencePrediction/model_inputs/2022_03/0000183.npz (5543.4s total | fetch=5531.6s project=1.0s smooth=7.4s | cache hits=8 misses=7)
[8/110] PIREP at (40.55, -76.71) FL32000 2022-03-19 21:12:00 (cache: 58 images)
  SAVED /cluster/tufts/capstone25skyblue/scleme01/SatelliteTurbulencePrediction/model_inputs/2022_03/0000185.npz (0.2s total | fetch=0.0s project=0.0s smooth=0.0s | cache hits=15 misses=0)
[9/110] PIREP at (40.55, -76.71) FL32000 2022-03-19 21:12:00 (cache: 58 images)
  SAVED /cluster/tufts/capstone25skyblue/scleme01/SatelliteTurbulencePrediction/model_inputs/2022_03/0000184.npz (0.2s total | fetch=0.0s project=0.0s smooth=0.0s | cache hits=15 misses=0)
[10/110] PIREP at (30.23, -84.69) FL23000 2022-03-19 22:20:00 (cache: 58 images)
  SAVED /cluster/tufts/capstone25skyblue/scleme01/SatelliteTurbulencePrediction/model_inputs/2022_03/0000186.npz (9943.0s total | fetch=9919.9s project=2.0s smooth=14.8s | cache hits=1 misses=14)
[11/110] PIREP at (30.85, -81.28) FL33000 2022-03-19 23:37:00 (cache: 72 images)
  SAVED /cluster/tufts/capstone25skyblue/scleme01/SatelliteTurbulencePrediction/model_inputs/2022_03/0000187.npz (9445.9s total | fetch=9420.5s project=2.2s smooth=16.3s | cache hits=0 misses=15)
[12/110] PIREP at (38.74, -118.03) FL30000 2022-03-19 23:41:00 (cache: 87 images)
  SAVED /cluster/tufts/capstone25skyblue/scleme01/SatelliteTurbulencePrediction/model_inputs/2022_03/0000798.npz (595.1s total | fetch=593.2s project=0.2s smooth=1.1s | cache hits=14 misses=1)
[13/110] PIREP at (30.64, -84.30) FL39000 2022-03-20 01:12:00 (cache: 88 images)
  SAVED /cluster/tufts/capstone25skyblue/scleme01/SatelliteTurbulencePrediction/model_inputs/2022_03/0000188.npz (143.2s total | fetch=119.0s project=2.2s smooth=16.5s | cache hits=0 misses=15)
[14/110] PIREP at (29.34, -83.44) FL23000 2022-03-20 01:15:00 (cache: 103 images)
  SAVED /cluster/tufts/capstone25skyblue/scleme01/SatelliteTurbulencePrediction/model_inputs/2022_03/0000189.npz (14.8s total | fetch=13.1s project=0.2s smooth=1.1s | cache hits=14 misses=1)
[15/110] PIREP at (50.63, -115.13) FL24000 2022-03-20 04:10:00 (cache: 104 images)
  SAVED /cluster/tufts/capstone25skyblue/scleme01/SatelliteTurbulencePrediction/model_inputs/2022_03/0000190.npz (159.3s total | fetch=135.0s project=2.2s smooth=16.6s | cache hits=0 misses=15)
[16/110] PIREP at (44.28, -85.42) FL36000 2022-03-20 11:43:00 (cache: 119 images)
  SAVED /cluster/tufts/capstone25skyblue/scleme01/SatelliteTurbulencePrediction/model_inputs/2022_03/0000715.npz (160.9s total | fetch=136.7s project=2.2s smooth=16.5s | cache hits=0 misses=15)
[17/110] PIREP at (40.77, -91.13) FL36000 2022-03-20 11:49:00 (cache: 134 images)
  SAVED /cluster/tufts/capstone25skyblue/scleme01/SatelliteTurbulencePrediction/model_inputs/2022_03/0000479.npz (6.2s total | fetch=4.4s project=0.2s smooth=1.1s | cache hits=14 misses=1)
[18/110] PIREP at (41.16, -89.59) FL36000 2022-03-20 12:40:00 (cache: 135 images)
  SAVED /cluster/tufts/capstone25skyblue/scleme01/SatelliteTurbulencePrediction/model_inputs/2022_03/0000834.npz (3805.6s total | fetch=3786.7s project=1.6s smooth=12.5s | cache hits=4 misses=11)
[19/110] PIREP at (42.39, -97.06) FL34000 2022-03-20 13:21:00 (cache: 146 images)
  SAVED /cluster/tufts/capstone25skyblue/scleme01/SatelliteTurbulencePrediction/model_inputs/2022_03/0000766.npz (4998.4s total | fetch=4984.5s project=1.2s smooth=8.9s | cache hits=7 misses=8)
[20/110] PIREP at (36.10, -79.94) FL36000 2022-03-20 13:23:00 (cache: 154 images)
  SAVED /cluster/tufts/capstone25skyblue/scleme01/SatelliteTurbulencePrediction/model_inputs/2022_03/0000483.npz (0.2s total | fetch=0.0s project=0.0s smooth=0.0s | cache hits=15 misses=0)
[21/110] PIREP at (42.54, -113.21) FL16000 2022-03-20 15:50:00 (cache: 154 images)
