Resetting environment
Deactivating conda environment (if any)
Purging all modules
Done! Environment has been torn down
Loading cuda and miniforge...
Activating conda environment...
Redirecting into the satellite repo...
Done! Environment has now been set up
Processing 2017/12 chunk [600:750]
Fetching satellite data for PIREPs in /cluster/tufts/capstone25skyblue/scleme01/SatelliteTurbulencePrediction/pireps/2017/12_turb_pireps.csv
Processing chunk [600:750] (148 PIREPs) from /cluster/tufts/capstone25skyblue/scleme01/SatelliteTurbulencePrediction/pireps/2017/12_turb_pireps.csv
[1/148] PIREP at (39.83, -77.66) FL19000 2017-12-23 21:01:00 (cache: 0 images)
  SAVED /cluster/tufts/capstone25skyblue/scleme01/SatelliteTurbulencePrediction/model_inputs/2017_12/0000293.npz (5542.6s total | fetch=5516.1s project=2.3s smooth=17.3s | cache hits=0 misses=15)
[2/148] PIREP at (39.43, -77.47) FL19000 2017-12-23 21:02:00 (cache: 15 images)
  SAVED /cluster/tufts/capstone25skyblue/scleme01/SatelliteTurbulencePrediction/model_inputs/2017_12/0000295.npz (0.1s total | fetch=0.0s project=0.0s smooth=0.0s | cache hits=15 misses=0)
[3/148] PIREP at (39.83, -77.66) FL19000 2017-12-23 21:02:00 (cache: 15 images)
  SAVED /cluster/tufts/capstone25skyblue/scleme01/SatelliteTurbulencePrediction/model_inputs/2017_12/0000294.npz (0.1s total | fetch=0.0s project=0.0s smooth=0.0s | cache hits=15 misses=0)
[4/148] PIREP at (44.73, -109.76) FL37000 2017-12-23 21:05:00 (cache: 15 images)
  SAVED /cluster/tufts/capstone25skyblue/scleme01/SatelliteTurbulencePrediction/model_inputs/2017_12/0000625.npz (297.2s total | fetch=295.3s project=0.2s smooth=1.2s | cache hits=14 misses=1)
[5/148] PIREP at (32.91, -104.98) FL30000 2017-12-23 21:13:00 (cache: 16 images)
  SAVED /cluster/tufts/capstone25skyblue/scleme01/SatelliteTurbulencePrediction/model_inputs/2017_12/0000452.npz (369.4s total | fetch=367.5s project=0.2s smooth=1.1s | cache hits=14 misses=1)
[6/148] PIREP at (46.60, -74.00) FL29000 2017-12-23 21:20:00 (cache: 17 images)
  SAVED /cluster/tufts/capstone25skyblue/scleme01/SatelliteTurbulencePrediction/model_inputs/2017_12/0000296.npz (707.7s total | fetch=704.1s project=0.3s smooth=2.3s | cache hits=13 misses=2)
[7/148] PIREP at (60.13, -148.91) FL5500 2017-12-23 21:40:00 (cache: 19 images)
  SAVED /cluster/tufts/capstone25skyblue/scleme01/SatelliteTurbulencePrediction/model_inputs/2017_12/0000297.npz (1487.2s total | fetch=1480.1s project=0.6s smooth=4.6s | cache hits=11 misses=4)
[8/148] PIREP at (60.13, -148.91) FL5500 2017-12-23 21:40:00 (cache: 23 images)
  SAVED /cluster/tufts/capstone25skyblue/scleme01/SatelliteTurbulencePrediction/model_inputs/2017_12/0000298.npz (0.1s total | fetch=0.0s project=0.0s smooth=0.0s | cache hits=15 misses=0)
[9/148] PIREP at (44.76, -73.56) FL27000 2017-12-23 21:41:00 (cache: 23 images)
  SAVED /cluster/tufts/capstone25skyblue/scleme01/SatelliteTurbulencePrediction/model_inputs/2017_12/0000299.npz (0.1s total | fetch=0.0s project=0.0s smooth=0.0s | cache hits=15 misses=0)
[10/148] PIREP at (44.76, -73.56) FL27000 2017-12-23 21:41:00 (cache: 23 images)
  SAVED /cluster/tufts/capstone25skyblue/scleme01/SatelliteTurbulencePrediction/model_inputs/2017_12/0000300.npz (0.1s total | fetch=0.0s project=0.0s smooth=0.0s | cache hits=15 misses=0)
[11/148] PIREP at (35.65, -105.14) FL12000 2017-12-23 22:40:00 (cache: 23 images)
  SAVED /cluster/tufts/capstone25skyblue/scleme01/SatelliteTurbulencePrediction/model_inputs/2017_12/0000301.npz (4124.4s total | fetch=4103.0s project=1.8s smooth=13.9s | cache hits=3 misses=12)
[12/148] PIREP at (35.65, -105.14) FL12000 2017-12-23 22:40:00 (cache: 35 images)
  SAVED /cluster/tufts/capstone25skyblue/scleme01/SatelliteTurbulencePrediction/model_inputs/2017_12/0000302.npz (0.2s total | fetch=0.0s project=0.0s smooth=0.0s | cache hits=15 misses=0)
[13/148] PIREP at (38.79, -76.17) FL4000 2017-12-23 23:31:00 (cache: 35 images)
  SAVED /cluster/tufts/capstone25skyblue/scleme01/SatelliteTurbulencePrediction/model_inputs/2017_12/0000303.npz (2060.6s total | fetch=2043.2s project=1.5s smooth=11.6s | cache hits=5 misses=10)
[14/148] PIREP at (35.53, -110.37) FL32000 2017-12-23 23:33:00 (cache: 45 images)
  SAVED /cluster/tufts/capstone25skyblue/scleme01/SatelliteTurbulencePrediction/model_inputs/2017_12/0000665.npz (0.2s total | fetch=0.0s project=0.0s smooth=0.0s | cache hits=15 misses=0)
[15/148] PIREP at (30.72, -95.84) FL30000 2017-12-24 01:07:00 (cache: 45 images)
  SAVED /cluster/tufts/capstone25skyblue/scleme01/SatelliteTurbulencePrediction/model_inputs/2017_12/0000702.npz (68.7s total | fetch=43.6s project=2.2s smooth=17.2s | cache hits=0 misses=15)
[16/148] PIREP at (34.55, -92.45) FL39000 2017-12-24 02:46:00 (cache: 60 images)
  SAVED /cluster/tufts/capstone25skyblue/scleme01/SatelliteTurbulencePrediction/model_inputs/2017_12/0000722.npz (125.3s total | fetch=100.1s project=2.2s smooth=17.4s | cache hits=0 misses=15)
[17/148] PIREP at (38.98, -105.30) FL19000 2017-12-24 05:00:00 (cache: 75 images)
  SAVED /cluster/tufts/capstone25skyblue/scleme01/SatelliteTurbulencePrediction/model_inputs/2017_12/0000304.npz (105.9s total | fetch=80.6s project=2.3s smooth=17.4s | cache hits=0 misses=15)
[18/148] PIREP at (47.87, -57.67) FL35000 2017-12-24 06:00:00 (cache: 90 images)
  SAVED /cluster/tufts/capstone25skyblue/scleme01/SatelliteTurbulencePrediction/model_inputs/2017_12/0000305.npz (57.1s total | fetch=37.0s project=1.8s smooth=13.8s | cache hits=3 misses=12)
[19/148] PIREP at (46.12, -61.63) FL33000 2017-12-24 06:10:00 (cache: 102 images)
  SAVED /cluster/tufts/capstone25skyblue/scleme01/SatelliteTurbulencePrediction/model_inputs/2017_12/0000306.npz (10.7s total | fetch=7.3s project=0.3s smooth=2.3s | cache hits=13 misses=2)
[20/148] PIREP at (37.60, -105.79) FL40000 2017-12-24 07:54:00 (cache: 104 images)
  SAVED /cluster/tufts/capstone25skyblue/scleme01/SatelliteTurbulencePrediction/model_inputs/2017_12/0000307.npz (88.4s total | fetch=63.6s project=2.2s smooth=17.2s | cache hits=0 misses=15)
[21/148] PIREP at (38.06, -82.77) FL45000 2017-12-24 15:19:00 (cache: 119 images)
  SAVED /cluster/tufts/capstone25skyblue/scleme01/SatelliteTurbulencePrediction/model_inputs/2017_12/0000494.npz (4270.1s total | fetch=4244.2s project=2.3s smooth=17.1s | cache hits=0 misses=15)
[22/148] PIREP at (35.73, -78.79) FL3000 2017-12-24 16:02:00 (cache: 134 images)
  SAVED /cluster/tufts/capstone25skyblue/scleme01/SatelliteTurbulencePrediction/model_inputs/2017_12/0000308.npz (2855.7s total | fetch=2840.3s project=1.4s smooth=10.3s | cache hits=6 misses=9)
[23/148] PIREP at (64.81, -147.85) FL6500 2017-12-24 20:20:00 (cache: 143 images)
  SAVED /cluster/tufts/capstone25skyblue/scleme01/SatelliteTurbulencePrediction/model_inputs/2017_12/0000460.npz (7170.9s total | fetch=7144.5s project=2.3s smooth=17.2s | cache hits=0 misses=15)
[24/148] PIREP at (35.22, -101.71) FL25000 2017-12-24 20:55:00 (cache: 158 images)
  SAVED /cluster/tufts/capstone25skyblue/scleme01/SatelliteTurbulencePrediction/model_inputs/2017_12/0000562.npz (3573.5s total | fetch=3561.0s project=1.1s smooth=8.1s | cache hits=8 misses=7)
[25/148] PIREP at (35.66, -101.70) FL37000 2017-12-24 21:41:00 (cache: 165 images)
  SAVED /cluster/tufts/capstone25skyblue/scleme01/SatelliteTurbulencePrediction/model_inputs/2017_12/0000651.npz (4430.6s total | fetch=4414.7s project=1.4s smooth=10.3s | cache hits=6 misses=9)
[26/148] PIREP at (35.39, -99.01) FL38000 2017-12-24 21:42:00 (cache: 174 images)
  SAVED /cluster/tufts/capstone25skyblue/scleme01/SatelliteTurbulencePrediction/model_inputs/2017_12/0000564.npz (0.2s total | fetch=0.0s project=0.0s smooth=0.0s | cache hits=15 misses=0)
[27/148] PIREP at (42.49, -76.23) FL20000 2017-12-24 22:21:00 (cache: 174 images)
  SAVED /cluster/tufts/capstone25skyblue/scleme01/SatelliteTurbulencePrediction/model_inputs/2017_12/0000556.npz (3746.4s total | fetch=3732.2s project=1.2s smooth=9.2s | cache hits=7 misses=8)
[28/148] PIREP at (35.56, -77.44) FL40000 2017-12-25 12:22:00 (cache: 182 images)
  SAVED /cluster/tufts/capstone25skyblue/scleme01/SatelliteTurbulencePrediction/model_inputs/2017_12/0000597.npz (84.0s total | fetch=58.5s project=2.4s smooth=17.4s | cache hits=0 misses=15)
[29/148] PIREP at (39.49, -86.82) FL36000 2017-12-25 14:46:00 (cache: 197 images)
  SAVED /cluster/tufts/capstone25skyblue/scleme01/SatelliteTurbulencePrediction/model_inputs/2017_12/0000541.npz (7667.3s total | fetch=7640.8s project=2.3s smooth=17.2s | cache hits=0 misses=15)
[30/148] PIREP at (40.73, -73.41) FL1500 2017-12-25 17:34:00 (cache: 212 images)
  SAVED /cluster/tufts/capstone25skyblue/scleme01/SatelliteTurbulencePrediction/model_inputs/2017_12/0000551.npz (9699.8s total | fetch=9673.6s project=2.3s smooth=16.9s | cache hits=0 misses=15)
[31/148] PIREP at (37.54, -95.73) FL34000 2017-12-25 19:38:00 (cache: 227 images)
