Resetting environment
Deactivating conda environment (if any)
Purging all modules
Done! Environment has been torn down
Loading cuda and miniforge...
Activating conda environment...
Redirecting into the satellite repo...
Done! Environment has now been set up
Processing 2018/11 chunk [110:220]
Fetching satellite data for PIREPs in /cluster/tufts/capstone25skyblue/scleme01/SatelliteTurbulencePrediction/pireps/2018/11_turb_pireps.csv
Processing chunk [110:220] (110 PIREPs) from /cluster/tufts/capstone25skyblue/scleme01/SatelliteTurbulencePrediction/pireps/2018/11_turb_pireps.csv
[1/110] PIREP at (37.93, -100.72) FL36000 2018-11-03 22:10:00 (cache: 0 images)
  SAVED /cluster/tufts/capstone25skyblue/scleme01/SatelliteTurbulencePrediction/model_inputs/2018_11/0000388.npz (12985.2s total | fetch=12954.8s project=2.0s smooth=21.2s | cache hits=0 misses=15)
[2/110] PIREP at (52.62, -66.73) FL28000 2018-11-03 23:45:00 (cache: 15 images)
  SAVED /cluster/tufts/capstone25skyblue/scleme01/SatelliteTurbulencePrediction/model_inputs/2018_11/0000069.npz (9334.7s total | fetch=9304.4s project=2.0s smooth=21.2s | cache hits=0 misses=15)
[3/110] PIREP at (29.69, -82.28) FL5500 2018-11-04 00:23:00 (cache: 30 images)
  SAVED /cluster/tufts/capstone25skyblue/scleme01/SatelliteTurbulencePrediction/model_inputs/2018_11/0000511.npz (91.7s total | fetch=77.3s project=0.9s smooth=9.9s | cache hits=8 misses=7)
[4/110] PIREP at (22.01, -159.30) FL2800 2018-11-04 01:10:00 (cache: 37 images)
  SAVED /cluster/tufts/capstone25skyblue/scleme01/SatelliteTurbulencePrediction/model_inputs/2018_11/0000349.npz (131.2s total | fetch=111.0s project=1.4s smooth=14.1s | cache hits=5 misses=10)
[5/110] PIREP at (21.65, -154.08) FL36000 2018-11-04 02:25:00 (cache: 47 images)
  SAVED /cluster/tufts/capstone25skyblue/scleme01/SatelliteTurbulencePrediction/model_inputs/2018_11/0000480.npz (258.2s total | fetch=228.2s project=2.0s smooth=21.0s | cache hits=0 misses=15)
[6/110] PIREP at (54.33, -57.00) FL43000 2018-11-04 03:28:00 (cache: 62 images)
  SAVED /cluster/tufts/capstone25skyblue/scleme01/SatelliteTurbulencePrediction/model_inputs/2018_11/0000070.npz (198.9s total | fetch=174.8s project=1.6s smooth=16.8s | cache hits=3 misses=12)
[7/110] PIREP at (57.30, -67.76) FL31000 2018-11-04 06:30:00 (cache: 74 images)
  SAVED /cluster/tufts/capstone25skyblue/scleme01/SatelliteTurbulencePrediction/model_inputs/2018_11/0000071.npz (297.7s total | fetch=267.8s project=2.0s smooth=21.0s | cache hits=0 misses=15)
[8/110] PIREP at (37.02, -92.88) FL34000 2018-11-04 13:15:00 (cache: 89 images)
  SAVED /cluster/tufts/capstone25skyblue/scleme01/SatelliteTurbulencePrediction/model_inputs/2018_11/0000532.npz (16380.0s total | fetch=16349.8s project=2.0s smooth=21.0s | cache hits=0 misses=15)
[9/110] PIREP at (63.50, -42.50) FL36000 2018-11-04 14:05:00 (cache: 104 images)
  SAVED /cluster/tufts/capstone25skyblue/scleme01/SatelliteTurbulencePrediction/model_inputs/2018_11/0000072.npz (11784.3s total | fetch=11764.2s project=1.3s smooth=14.0s | cache hits=5 misses=10)
[10/110] PIREP at (38.28, -94.34) FL37000 2018-11-04 14:37:00 (cache: 114 images)
  SAVED /cluster/tufts/capstone25skyblue/scleme01/SatelliteTurbulencePrediction/model_inputs/2018_11/0000342.npz (6841.1s total | fetch=6828.8s project=0.8s smooth=8.4s | cache hits=9 misses=6)
[11/110] PIREP at (38.75, -90.37) FL6000 2018-11-04 15:39:00 (cache: 120 images)
  SAVED /cluster/tufts/capstone25skyblue/scleme01/SatelliteTurbulencePrediction/model_inputs/2018_11/0000314.npz (13462.4s total | fetch=13438.2s project=1.6s smooth=16.8s | cache hits=3 misses=12)
[12/110] PIREP at (38.32, -88.86) FL6000 2018-11-04 15:50:00 (cache: 132 images)
  SAVED /cluster/tufts/capstone25skyblue/scleme01/SatelliteTurbulencePrediction/model_inputs/2018_11/0000502.npz (3306.5s total | fetch=3300.3s project=0.4s smooth=4.2s | cache hits=12 misses=3)
[13/110] PIREP at (40.03, -90.10) FL4000 2018-11-04 19:48:00 (cache: 135 images)
