Resetting environment
Deactivating conda environment (if any)
Purging all modules
Done! Environment has been torn down
Loading cuda and miniforge...
Activating conda environment...
Redirecting into the satellite repo...
Done! Environment has now been set up
Processing 2017/12 chunk [660:770]
Fetching satellite data for PIREPs in /cluster/tufts/capstone25skyblue/scleme01/SatelliteTurbulencePrediction/pireps/2017/12_turb_pireps.csv
Processing chunk [660:770] (88 PIREPs) from /cluster/tufts/capstone25skyblue/scleme01/SatelliteTurbulencePrediction/pireps/2017/12_turb_pireps.csv
[1/88] PIREP at (39.24, -104.85) FL14000 2017-12-27 19:54:00 (cache: 0 images)
  SAVED /cluster/tufts/capstone25skyblue/scleme01/SatelliteTurbulencePrediction/model_inputs/2017_12/0000324.npz (14122.8s total | fetch=14092.2s project=2.1s smooth=21.3s | cache hits=0 misses=15)
[2/88] PIREP at (39.70, 176.60) FL33000 2017-12-27 19:55:00 (cache: 15 images)
  SAVED /cluster/tufts/capstone25skyblue/scleme01/SatelliteTurbulencePrediction/model_inputs/2017_12/0000325.npz (933.2s total | fetch=931.0s project=0.1s smooth=1.4s | cache hits=14 misses=1)
[3/88] PIREP at (37.12, -107.06) FL32000 2017-12-27 21:15:00 (cache: 16 images)
  SAVED /cluster/tufts/capstone25skyblue/scleme01/SatelliteTurbulencePrediction/model_inputs/2017_12/0000400.npz (17101.8s total | fetch=17071.2s project=2.0s smooth=21.4s | cache hits=0 misses=15)
[4/88] PIREP at (38.75, -90.36) FL32000 2017-12-28 00:46:00 (cache: 31 images)
  SAVED /cluster/tufts/capstone25skyblue/scleme01/SatelliteTurbulencePrediction/model_inputs/2017_12/0000636.npz (151.1s total | fetch=120.6s project=2.0s smooth=21.3s | cache hits=0 misses=15)
[5/88] PIREP at (45.84, -108.78) FL6000 2017-12-28 01:35:00 (cache: 46 images)
  SAVED /cluster/tufts/capstone25skyblue/scleme01/SatelliteTurbulencePrediction/model_inputs/2017_12/0000326.npz (143.3s total | fetch=123.0s project=1.3s smooth=14.2s | cache hits=5 misses=10)
[6/88] PIREP at (56.42, -46.00) FL36000 2017-12-28 11:37:00 (cache: 56 images)
  SAVED /cluster/tufts/capstone25skyblue/scleme01/SatelliteTurbulencePrediction/model_inputs/2017_12/0000578.npz (223.0s total | fetch=192.7s project=2.0s smooth=21.3s | cache hits=0 misses=15)
[7/88] PIREP at (32.52, -107.19) FL37000 2017-12-28 13:48:00 (cache: 71 images)
  SAVED /cluster/tufts/capstone25skyblue/scleme01/SatelliteTurbulencePrediction/model_inputs/2017_12/0000606.npz (7249.4s total | fetch=7218.8s project=2.0s smooth=21.3s | cache hits=0 misses=15)
[8/88] PIREP at (50.85, 159.69) FL34000 2017-12-28 15:43:00 (cache: 86 images)
  SAVED /cluster/tufts/capstone25skyblue/scleme01/SatelliteTurbulencePrediction/model_inputs/2017_12/0000329.npz (16331.6s total | fetch=16300.9s project=2.1s smooth=21.5s | cache hits=0 misses=15)
[9/88] PIREP at (50.85, 159.69) FL34000 2017-12-28 15:43:00 (cache: 101 images)
  SAVED /cluster/tufts/capstone25skyblue/scleme01/SatelliteTurbulencePrediction/model_inputs/2017_12/0000327.npz (0.1s total | fetch=0.0s project=0.0s smooth=0.0s | cache hits=15 misses=0)
[10/88] PIREP at (50.85, 159.69) FL34000 2017-12-28 15:43:00 (cache: 101 images)
  SAVED /cluster/tufts/capstone25skyblue/scleme01/SatelliteTurbulencePrediction/model_inputs/2017_12/0000328.npz (0.1s total | fetch=0.0s project=0.0s smooth=0.0s | cache hits=15 misses=0)
[11/88] PIREP at (42.81, -123.69) FL21000 2017-12-28 18:47:00 (cache: 101 images)
  SAVED /cluster/tufts/capstone25skyblue/scleme01/SatelliteTurbulencePrediction/model_inputs/2017_12/0000588.npz (17329.1s total | fetch=17298.4s project=2.0s smooth=21.3s | cache hits=0 misses=15)
[12/88] PIREP at (44.29, -72.90) FL5700 2017-12-28 20:12:00 (cache: 116 images)
  SAVED /cluster/tufts/capstone25skyblue/scleme01/SatelliteTurbulencePrediction/model_inputs/2017_12/0000331.npz (14552.4s total | fetch=14521.7s project=2.1s smooth=21.3s | cache hits=0 misses=15)
[13/88] PIREP at (44.29, -72.90) FL5700 2017-12-28 20:12:00 (cache: 131 images)
  SAVED /cluster/tufts/capstone25skyblue/scleme01/SatelliteTurbulencePrediction/model_inputs/2017_12/0000330.npz (0.2s total | fetch=0.0s project=0.0s smooth=0.0s | cache hits=15 misses=0)
[14/88] PIREP at (39.76, -92.54) FL30000 2017-12-28 21:17:00 (cache: 131 images)
