Resetting environment
Deactivating conda environment (if any)
Purging all modules
Done! Environment has been torn down
Allocating resources with slurm...
Loading cuda and miniforge...
Activating conda environment...
Redirecting into the satellite repo...
Done! Environment has now been set up
Processing 2020/08 chunk [150:300]
Fetching satellite data for PIREPs in /cluster/tufts/capstone25skyblue/scleme01/SatelliteTurbulencePrediction/pireps/2020/08_turb_pireps.csv
Processing chunk [150:300] (100 PIREPs) from /cluster/tufts/capstone25skyblue/scleme01/SatelliteTurbulencePrediction/pireps/2020/08_turb_pireps.csv
[1/100] PIREP at (42.88, -85.52) FL32000 2020-08-18 01:03:00 (cache: 0 images)
  SAVED /cluster/tufts/capstone25skyblue/scleme01/SatelliteTurbulencePrediction/model_inputs/2020_08/0000148.npz (10070.9s total | fetch=10040.8s project=2.0s smooth=21.0s | cache hits=0 misses=15)
[2/100] PIREP at (40.72, -95.02) FL23000 2020-08-18 19:17:00 (cache: 15 images)
  SAVED /cluster/tufts/capstone25skyblue/scleme01/SatelliteTurbulencePrediction/model_inputs/2020_08/0000167.npz (14334.3s total | fetch=14304.6s project=1.9s smooth=20.6s | cache hits=0 misses=15)
[3/100] PIREP at (38.20, -106.12) FL14500 2020-08-18 19:27:00 (cache: 30 images)
  SAVED /cluster/tufts/capstone25skyblue/scleme01/SatelliteTurbulencePrediction/model_inputs/2020_08/0000081.npz (2210.1s total | fetch=2206.0s project=0.3s smooth=2.7s | cache hits=13 misses=2)
[4/100] PIREP at (51.08, -115.34) FL10500 2020-08-18 19:45:00 (cache: 32 images)
  SAVED /cluster/tufts/capstone25skyblue/scleme01/SatelliteTurbulencePrediction/model_inputs/2020_08/0000082.npz (3950.6s total | fetch=3942.6s project=0.5s smooth=5.5s | cache hits=11 misses=4)
[5/100] PIREP at (38.73, -118.59) FL18000 2020-08-18 21:53:00 (cache: 36 images)
