Resetting environment
Deactivating conda environment (if any)
Purging all modules
Done! Environment has been torn down
Loading cuda and miniforge...
Activating conda environment...
Redirecting into the satellite repo...
Done! Environment has now been set up
Processing 2023/01 chunk [330:440]
Fetching satellite data for PIREPs in /cluster/tufts/capstone25skyblue/scleme01/SatelliteTurbulencePrediction/pireps/2023/01_turb_pireps.csv
Processing chunk [330:440] (110 PIREPs) from /cluster/tufts/capstone25skyblue/scleme01/SatelliteTurbulencePrediction/pireps/2023/01_turb_pireps.csv
[1/110] PIREP at (42.12, -87.93) FL7000 2023-01-16 14:36:00 (cache: 0 images)
  SAVED /cluster/tufts/capstone25skyblue/scleme01/SatelliteTurbulencePrediction/model_inputs/2023_01/0000577.npz (11970.4s total | fetch=11944.9s project=2.2s smooth=16.3s | cache hits=0 misses=15)
[2/110] PIREP at (27.21, -84.40) FL32000 2023-01-16 14:42:00 (cache: 15 images)
  SAVED /cluster/tufts/capstone25skyblue/scleme01/SatelliteTurbulencePrediction/model_inputs/2023_01/0000497.npz (896.1s total | fetch=894.2s project=0.1s smooth=1.1s | cache hits=14 misses=1)
[3/110] PIREP at (27.53, -80.91) FL28000 2023-01-16 16:36:00 (cache: 16 images)
  SAVED /cluster/tufts/capstone25skyblue/scleme01/SatelliteTurbulencePrediction/model_inputs/2023_01/0000668.npz (11988.0s total | fetch=11962.8s project=2.2s smooth=16.1s | cache hits=0 misses=15)
[4/110] PIREP at (35.22, -101.71) FL10000 2023-01-16 16:39:00 (cache: 31 images)
  SAVED /cluster/tufts/capstone25skyblue/scleme01/SatelliteTurbulencePrediction/model_inputs/2023_01/0000368.npz (0.2s total | fetch=0.0s project=0.0s smooth=0.0s | cache hits=15 misses=0)
[5/110] PIREP at (28.06, -83.29) FL34000 2023-01-16 17:24:00 (cache: 31 images)
  SAVED /cluster/tufts/capstone25skyblue/scleme01/SatelliteTurbulencePrediction/model_inputs/2023_01/0000670.npz (7005.3s total | fetch=6989.8s project=1.3s smooth=9.9s | cache hits=6 misses=9)
[6/110] PIREP at (37.05, -84.62) FL30000 2023-01-16 17:39:00 (cache: 40 images)
  SAVED /cluster/tufts/capstone25skyblue/scleme01/SatelliteTurbulencePrediction/model_inputs/2023_01/0000537.npz (2460.2s total | fetch=2455.1s project=0.4s smooth=3.2s | cache hits=12 misses=3)
[7/110] PIREP at (45.81, -111.22) FL5000 2023-01-16 19:50:00 (cache: 43 images)
  SAVED /cluster/tufts/capstone25skyblue/scleme01/SatelliteTurbulencePrediction/model_inputs/2023_01/0000373.npz (10873.0s total | fetch=10847.5s project=2.2s smooth=16.3s | cache hits=0 misses=15)
[8/110] PIREP at (28.74, -82.69) FL35000 2023-01-16 21:11:00 (cache: 58 images)
  SAVED /cluster/tufts/capstone25skyblue/scleme01/SatelliteTurbulencePrediction/model_inputs/2023_01/0000638.npz (10561.9s total | fetch=10536.5s project=2.1s smooth=16.2s | cache hits=0 misses=15)
[9/110] PIREP at (36.20, -96.40) FL37000 2023-01-16 21:13:00 (cache: 73 images)
  SAVED /cluster/tufts/capstone25skyblue/scleme01/SatelliteTurbulencePrediction/model_inputs/2023_01/0000523.npz (0.2s total | fetch=0.0s project=0.0s smooth=0.0s | cache hits=15 misses=0)
[10/110] PIREP at (37.72, -83.26) FL38000 2023-01-17 01:03:00 (cache: 73 images)
  SAVED /cluster/tufts/capstone25skyblue/scleme01/SatelliteTurbulencePrediction/model_inputs/2023_01/0000453.npz (158.0s total | fetch=133.6s project=2.2s smooth=16.5s | cache hits=0 misses=15)
[11/110] PIREP at (30.43, -87.14) FL4000 2023-01-17 11:38:00 (cache: 88 images)
  SAVED /cluster/tufts/capstone25skyblue/scleme01/SatelliteTurbulencePrediction/model_inputs/2023_01/0000677.npz (113.7s total | fetch=89.8s project=2.1s smooth=16.2s | cache hits=0 misses=15)
[12/110] PIREP at (43.52, -89.43) FL32000 2023-01-17 13:46:00 (cache: 103 images)
