Resetting environment
Deactivating conda environment (if any)
Purging all modules
Done! Environment has been torn down
Loading cuda and miniforge...
Activating conda environment...
Redirecting into the satellite repo...
Done! Environment has now been set up
Processing 2020/03 chunk [660:770]
Fetching satellite data for PIREPs in /cluster/tufts/capstone25skyblue/scleme01/SatelliteTurbulencePrediction/pireps/2020/03_turb_pireps.csv
Processing chunk [660:770] (34 PIREPs) from /cluster/tufts/capstone25skyblue/scleme01/SatelliteTurbulencePrediction/pireps/2020/03_turb_pireps.csv
[1/34] PIREP at (44.85, -63.00) FL40000 2020-03-29 18:55:00 (cache: 0 images)
  SAVED /cluster/tufts/capstone25skyblue/scleme01/SatelliteTurbulencePrediction/model_inputs/2020_03/0000338.npz (15296.7s total | fetch=15266.5s project=2.0s smooth=21.1s | cache hits=0 misses=15)
[2/34] PIREP at (39.14, -78.14) FL12000 2020-03-29 19:35:00 (cache: 15 images)
  SAVED /cluster/tufts/capstone25skyblue/scleme01/SatelliteTurbulencePrediction/model_inputs/2020_03/0000339.npz (8923.5s total | fetch=8907.2s project=1.1s smooth=11.2s | cache hits=7 misses=8)
[3/34] PIREP at (59.32, -155.90) FL12000 2020-03-29 19:35:00 (cache: 23 images)
  SAVED /cluster/tufts/capstone25skyblue/scleme01/SatelliteTurbulencePrediction/model_inputs/2020_03/0000340.npz (0.1s total | fetch=0.0s project=0.0s smooth=0.0s | cache hits=15 misses=0)
[4/34] PIREP at (35.53, -102.64) FL34000 2020-03-29 22:50:00 (cache: 23 images)
  SAVED /cluster/tufts/capstone25skyblue/scleme01/SatelliteTurbulencePrediction/model_inputs/2020_03/0000379.npz (16580.1s total | fetch=16549.9s project=2.0s smooth=21.0s | cache hits=0 misses=15)
[5/34] PIREP at (31.12, -95.97) FL32000 2020-03-30 00:05:00 (cache: 38 images)
  SAVED /cluster/tufts/capstone25skyblue/scleme01/SatelliteTurbulencePrediction/model_inputs/2020_03/0000524.npz (14462.5s total | fetch=14432.3s project=2.0s smooth=21.0s | cache hits=0 misses=15)
[6/34] PIREP at (38.68, -76.22) FL17000 2020-03-30 00:55:00 (cache: 53 images)
  SAVED /cluster/tufts/capstone25skyblue/scleme01/SatelliteTurbulencePrediction/model_inputs/2020_03/0000341.npz (172.8s total | fetch=152.6s project=1.3s smooth=14.0s | cache hits=5 misses=10)
[7/34] PIREP at (33.03, -98.38) FL18000 2020-03-30 12:58:00 (cache: 63 images)
  SAVED /cluster/tufts/capstone25skyblue/scleme01/SatelliteTurbulencePrediction/model_inputs/2020_03/0000669.npz (11930.4s total | fetch=11900.2s project=2.0s smooth=21.0s | cache hits=0 misses=15)
[8/34] PIREP at (46.80, -102.80) FL38000 2020-03-30 14:07:00 (cache: 78 images)
  SAVED /cluster/tufts/capstone25skyblue/scleme01/SatelliteTurbulencePrediction/model_inputs/2020_03/0000363.npz (14530.2s total | fetch=14502.0s project=1.9s smooth=19.6s | cache hits=1 misses=14)
[9/34] PIREP at (45.72, -87.09) FL3000 2020-03-30 14:10:00 (cache: 92 images)
  SAVED /cluster/tufts/capstone25skyblue/scleme01/SatelliteTurbulencePrediction/model_inputs/2020_03/0000681.npz (935.0s total | fetch=932.8s project=0.1s smooth=1.4s | cache hits=14 misses=1)
[10/34] PIREP at (51.10, -100.05) FL4500 2020-03-30 16:05:00 (cache: 93 images)
