Resetting environment
Deactivating conda environment (if any)
Purging all modules
Done! Environment has been torn down
Loading cuda and miniforge...
Activating conda environment...
Redirecting into the satellite repo...
Done! Environment has now been set up
Processing 2020/06 chunk [0:110]
Fetching satellite data for PIREPs in /cluster/tufts/capstone25skyblue/scleme01/SatelliteTurbulencePrediction/pireps/2020/06_turb_pireps.csv
Processing chunk [0:110] (110 PIREPs) from /cluster/tufts/capstone25skyblue/scleme01/SatelliteTurbulencePrediction/pireps/2020/06_turb_pireps.csv
[1/110] SKIPPING /cluster/tufts/capstone25skyblue/scleme01/SatelliteTurbulencePrediction/model_inputs/2020_06/0000000.npz (already exists)
[2/110] PIREP at (37.36, -118.36) FL9500 2020-06-01 20:45:00 (cache: 0 images)
  SAVED /cluster/tufts/capstone25skyblue/scleme01/SatelliteTurbulencePrediction/model_inputs/2020_06/0000138.npz (12808.7s total | fetch=12784.4s project=1.6s smooth=16.9s | cache hits=0 misses=15)
[3/110] PIREP at (29.37, -82.72) FL35000 2020-06-02 11:25:00 (cache: 15 images)
  SAVED /cluster/tufts/capstone25skyblue/scleme01/SatelliteTurbulencePrediction/model_inputs/2020_06/0000177.npz (12738.0s total | fetch=12713.9s project=1.5s smooth=16.8s | cache hits=0 misses=15)
[4/110] SKIPPING /cluster/tufts/capstone25skyblue/scleme01/SatelliteTurbulencePrediction/model_inputs/2020_06/0000001.npz (already exists)
[5/110] PIREP at (60.81, -152.29) FL4500 2020-06-02 23:05:00 (cache: 30 images)
  SAVED /cluster/tufts/capstone25skyblue/scleme01/SatelliteTurbulencePrediction/model_inputs/2020_06/0000234.npz (14883.7s total | fetch=14859.8s project=1.6s smooth=16.7s | cache hits=0 misses=15)
[6/110] PIREP at (43.25, -110.65) FL40000 2020-06-02 23:20:00 (cache: 45 images)
  SAVED /cluster/tufts/capstone25skyblue/scleme01/SatelliteTurbulencePrediction/model_inputs/2020_06/0000196.npz (2857.3s total | fetch=2852.4s project=0.3s smooth=3.3s | cache hits=12 misses=3)
[7/110] PIREP at (61.10, -155.63) FL9500 2020-06-03 20:04:00 (cache: 48 images)
  WARNING: Failed to fetch image at 2020-06-03 20:04:00: noaa-goes16/ABI-L2-MCMIPC/2020/155/19
  WARNING: Failed to fetch image at 2020-06-03 19:59:00: noaa-goes16/ABI-L2-MCMIPC/2020/155/18
  WARNING: Failed to fetch image at 2020-06-03 19:54:00: noaa-goes16/ABI-L2-MCMIPC/2020/155/18
  WARNING: Failed to fetch image at 2020-06-03 19:49:00: noaa-goes16/ABI-L2-MCMIPC/2020/155/18
  WARNING: Failed to fetch image at 2020-06-03 19:44:00: noaa-goes16/ABI-L2-MCMIPC/2020/155/18
  WARNING: Failed to fetch image at 2020-06-03 19:39:00: noaa-goes16/ABI-L2-MCMIPC/2020/155/18
  WARNING: Failed to fetch image at 2020-06-03 19:34:00: noaa-goes16/ABI-L2-MCMIPC/2020/155/18
  WARNING: Failed to fetch image at 2020-06-03 19:29:00: noaa-goes16/ABI-L2-MCMIPC/2020/155/18
  WARNING: Failed to fetch image at 2020-06-03 19:24:00: noaa-goes16/ABI-L2-MCMIPC/2020/155/18
  WARNING: Failed to fetch image at 2020-06-03 19:19:00: noaa-goes16/ABI-L2-MCMIPC/2020/155/18
  WARNING: Failed to fetch image at 2020-06-03 19:14:00: noaa-goes16/ABI-L2-MCMIPC/2020/155/18
  WARNING: Failed to fetch image at 2020-06-03 19:09:00: noaa-goes16/ABI-L2-MCMIPC/2020/155/18
  WARNING: Failed to fetch image at 2020-06-03 19:04:00: noaa-goes16/ABI-L2-MCMIPC/2020/155/18
  WARNING: Failed to fetch image at 2020-06-03 18:59:00: noaa-goes16/ABI-L2-MCMIPC/2020/155/17
  WARNING: Failed to fetch image at 2020-06-03 18:54:00: noaa-goes16/ABI-L2-MCMIPC/2020/155/17
  SKIPPED: no frames fetched
[8/110] PIREP at (32.39, -110.51) FL9500 2020-06-03 20:16:00 (cache: 63 images)
  WARNING: Failed to fetch image at 2020-06-03 20:16:00: noaa-goes16/ABI-L2-MCMIPC/2020/155/19
  WARNING: Failed to fetch image at 2020-06-03 20:11:00: noaa-goes16/ABI-L2-MCMIPC/2020/155/19
  WARNING: Failed to fetch image at 2020-06-03 20:06:00: noaa-goes16/ABI-L2-MCMIPC/2020/155/19
  SKIPPED: no frames fetched
[9/110] PIREP at (31.79, -82.51) FL13000 2020-06-03 21:58:00 (cache: 66 images)
  WARNING: Failed to fetch image at 2020-06-03 21:58:00: noaa-goes16/ABI-L2-MCMIPC/2020/155/20
  WARNING: Failed to fetch image at 2020-06-03 21:53:00: noaa-goes16/ABI-L2-MCMIPC/2020/155/20
  WARNING: Failed to fetch image at 2020-06-03 21:48:00: noaa-goes16/ABI-L2-MCMIPC/2020/155/20
  WARNING: Failed to fetch image at 2020-06-03 21:43:00: noaa-goes16/ABI-L2-MCMIPC/2020/155/20
  WARNING: Failed to fetch image at 2020-06-03 21:38:00: noaa-goes16/ABI-L2-MCMIPC/2020/155/20
  WARNING: Failed to fetch image at 2020-06-03 21:33:00: noaa-goes16/ABI-L2-MCMIPC/2020/155/20
  WARNING: Failed to fetch image at 2020-06-03 21:28:00: noaa-goes16/ABI-L2-MCMIPC/2020/155/20
  WARNING: Failed to fetch image at 2020-06-03 21:23:00: noaa-goes16/ABI-L2-MCMIPC/2020/155/20
  WARNING: Failed to fetch image at 2020-06-03 21:18:00: noaa-goes16/ABI-L2-MCMIPC/2020/155/20
  WARNING: Failed to fetch image at 2020-06-03 21:13:00: noaa-goes16/ABI-L2-MCMIPC/2020/155/20
  WARNING: Failed to fetch image at 2020-06-03 21:08:00: noaa-goes16/ABI-L2-MCMIPC/2020/155/20
  WARNING: Failed to fetch image at 2020-06-03 21:03:00: noaa-goes16/ABI-L2-MCMIPC/2020/155/20
  WARNING: Failed to fetch image at 2020-06-03 20:58:00: noaa-goes16/ABI-L2-MCMIPC/2020/155/19
  WARNING: Failed to fetch image at 2020-06-03 20:53:00: noaa-goes16/ABI-L2-MCMIPC/2020/155/19
  WARNING: Failed to fetch image at 2020-06-03 20:48:00: noaa-goes16/ABI-L2-MCMIPC/2020/155/19
  SKIPPED: no frames fetched
[10/110] SKIPPING /cluster/tufts/capstone25skyblue/scleme01/SatelliteTurbulencePrediction/model_inputs/2020_06/0000004.npz (already exists)
[11/110] SKIPPING /cluster/tufts/capstone25skyblue/scleme01/SatelliteTurbulencePrediction/model_inputs/2020_06/0000005.npz (already exists)
[12/110] PIREP at (46.80, -102.80) FL37000 2020-06-04 03:15:00 (cache: 81 images)
  SAVED /cluster/tufts/capstone25skyblue/scleme01/SatelliteTurbulencePrediction/model_inputs/2020_06/0000147.npz (216.8s total | fetch=193.0s project=1.5s smooth=16.7s | cache hits=12 misses=15)
[13/110] PIREP at (44.22, -88.88) FL4500 2020-06-04 11:41:00 (cache: 96 images)
  SAVED /cluster/tufts/capstone25skyblue/scleme01/SatelliteTurbulencePrediction/model_inputs/2020_06/0000210.npz (12515.8s total | fetch=12492.0s project=1.6s smooth=16.7s | cache hits=0 misses=15)
[14/110] PIREP at (44.13, -87.68) FL41000 2020-06-04 12:28:00 (cache: 111 images)
  SAVED /cluster/tufts/capstone25skyblue/scleme01/SatelliteTurbulencePrediction/model_inputs/2020_06/0000184.npz (8183.1s total | fetch=8168.8s project=0.9s smooth=9.9s | cache hits=6 misses=9)
[15/110] PIREP at (41.32, -90.64) FL32000 2020-06-04 14:13:00 (cache: 120 images)
  SAVED /cluster/tufts/capstone25skyblue/scleme01/SatelliteTurbulencePrediction/model_inputs/2020_06/0000187.npz (12831.9s total | fetch=12808.0s project=1.6s smooth=16.7s | cache hits=0 misses=15)
[16/110] PIREP at (33.13, -94.06) FL33000 2020-06-04 14:52:00 (cache: 135 images)
  SAVED /cluster/tufts/capstone25skyblue/scleme01/SatelliteTurbulencePrediction/model_inputs/2020_06/0000213.npz (6814.0s total | fetch=6801.0s project=0.8s smooth=9.0s | cache hits=7 misses=8)
[17/110] SKIPPING /cluster/tufts/capstone25skyblue/scleme01/SatelliteTurbulencePrediction/model_inputs/2020_06/0000006.npz (already exists)
[18/110] SKIPPING /cluster/tufts/capstone25skyblue/scleme01/SatelliteTurbulencePrediction/model_inputs/2020_06/0000008.npz (already exists)
[19/110] SKIPPING /cluster/tufts/capstone25skyblue/scleme01/SatelliteTurbulencePrediction/model_inputs/2020_06/0000007.npz (already exists)
[20/110] SKIPPING /cluster/tufts/capstone25skyblue/scleme01/SatelliteTurbulencePrediction/model_inputs/2020_06/0000009.npz (already exists)
[21/110] PIREP at (32.94, -95.36) FL8500 2020-06-05 13:23:00 (cache: 143 images)
