Resetting environment
Deactivating conda environment (if any)
Purging all modules
Done! Environment has been torn down
Loading cuda and miniforge...
Activating conda environment...
Redirecting into the satellite repo...
Done! Environment has now been set up
Processing 2018/12 chunk [440:550]
Fetching satellite data for PIREPs in /cluster/tufts/capstone25skyblue/scleme01/SatelliteTurbulencePrediction/pireps/2018/12_turb_pireps.csv
Processing chunk [440:550] (110 PIREPs) from /cluster/tufts/capstone25skyblue/scleme01/SatelliteTurbulencePrediction/pireps/2018/12_turb_pireps.csv
[1/110] PIREP at (37.22, -102.89) FL36000 2018-12-20 13:42:00 (cache: 0 images)
  SAVED /cluster/tufts/capstone25skyblue/scleme01/SatelliteTurbulencePrediction/model_inputs/2018_12/0000751.npz (6403.8s total | fetch=6373.7s project=2.0s smooth=21.0s | cache hits=0 misses=15)
[2/110] PIREP at (26.97, -82.60) FL12000 2018-12-20 14:18:00 (cache: 15 images)
  SAVED /cluster/tufts/capstone25skyblue/scleme01/SatelliteTurbulencePrediction/model_inputs/2018_12/0000196.npz (6690.0s total | fetch=6675.8s project=1.0s smooth=9.8s | cache hits=8 misses=7)
[3/110] PIREP at (26.94, -82.56) FL12000 2018-12-20 14:20:00 (cache: 22 images)
  SAVED /cluster/tufts/capstone25skyblue/scleme01/SatelliteTurbulencePrediction/model_inputs/2018_12/0000197.npz (1150.8s total | fetch=1148.5s project=0.1s smooth=1.5s | cache hits=14 misses=1)
[4/110] PIREP at (33.43, -100.25) FL34000 2018-12-20 14:21:00 (cache: 23 images)
  SAVED /cluster/tufts/capstone25skyblue/scleme01/SatelliteTurbulencePrediction/model_inputs/2018_12/0000416.npz (0.3s total | fetch=0.0s project=0.0s smooth=0.0s | cache hits=15 misses=0)
[5/110] PIREP at (26.89, -82.60) FL12000 2018-12-20 14:21:00 (cache: 23 images)
  SAVED /cluster/tufts/capstone25skyblue/scleme01/SatelliteTurbulencePrediction/model_inputs/2018_12/0000198.npz (0.2s total | fetch=0.0s project=0.0s smooth=0.0s | cache hits=15 misses=0)
[6/110] PIREP at (41.33, -86.66) FL30000 2018-12-20 14:36:00 (cache: 23 images)
  SAVED /cluster/tufts/capstone25skyblue/scleme01/SatelliteTurbulencePrediction/model_inputs/2018_12/0000481.npz (3571.4s total | fetch=3565.3s project=0.4s smooth=4.2s | cache hits=12 misses=3)
[7/110] PIREP at (41.60, -88.83) FL27000 2018-12-20 15:01:00 (cache: 26 images)
  SAVED /cluster/tufts/capstone25skyblue/scleme01/SatelliteTurbulencePrediction/model_inputs/2018_12/0000199.npz (5105.4s total | fetch=5095.2s project=0.7s smooth=7.0s | cache hits=10 misses=5)
[8/110] PIREP at (41.60, -88.83) FL27000 2018-12-20 15:01:00 (cache: 31 images)
  SAVED /cluster/tufts/capstone25skyblue/scleme01/SatelliteTurbulencePrediction/model_inputs/2018_12/0000200.npz (0.2s total | fetch=0.0s project=0.0s smooth=0.0s | cache hits=15 misses=0)
[9/110] PIREP at (41.07, -82.38) FL22000 2018-12-20 15:07:00 (cache: 31 images)
  SAVED /cluster/tufts/capstone25skyblue/scleme01/SatelliteTurbulencePrediction/model_inputs/2018_12/0000509.npz (1050.4s total | fetch=1048.2s project=0.1s smooth=1.4s | cache hits=14 misses=1)
[10/110] PIREP at (32.75, -96.52) FL20000 2018-12-20 15:32:00 (cache: 32 images)
  SAVED /cluster/tufts/capstone25skyblue/scleme01/SatelliteTurbulencePrediction/model_inputs/2018_12/0000528.npz (5034.3s total | fetch=5024.1s project=0.7s smooth=7.0s | cache hits=10 misses=5)
[11/110] PIREP at (32.75, -96.52) FL20000 2018-12-20 15:32:00 (cache: 37 images)
  SAVED /cluster/tufts/capstone25skyblue/scleme01/SatelliteTurbulencePrediction/model_inputs/2018_12/0000560.npz (0.2s total | fetch=0.0s project=0.0s smooth=0.0s | cache hits=15 misses=0)
[12/110] PIREP at (34.62, -83.33) FL36000 2018-12-20 15:50:00 (cache: 37 images)
  SAVED /cluster/tufts/capstone25skyblue/scleme01/SatelliteTurbulencePrediction/model_inputs/2018_12/0000728.npz (4613.0s total | fetch=4604.8s project=0.5s smooth=5.5s | cache hits=11 misses=4)
[13/110] PIREP at (27.33, -82.63) FL21000 2018-12-20 16:06:00 (cache: 41 images)
  SAVED /cluster/tufts/capstone25skyblue/scleme01/SatelliteTurbulencePrediction/model_inputs/2018_12/0000201.npz (3755.3s total | fetch=3749.1s project=0.4s smooth=4.2s | cache hits=12 misses=3)
[14/110] PIREP at (27.54, -81.95) FL35000 2018-12-20 16:52:00 (cache: 44 images)
  SAVED /cluster/tufts/capstone25skyblue/scleme01/SatelliteTurbulencePrediction/model_inputs/2018_12/0000202.npz (10685.5s total | fetch=10667.4s project=1.2s smooth=12.5s | cache hits=6 misses=9)
[15/110] PIREP at (59.50, -139.66) FL25000 2018-12-20 17:14:00 (cache: 53 images)
  SAVED /cluster/tufts/capstone25skyblue/scleme01/SatelliteTurbulencePrediction/model_inputs/2018_12/0000483.npz (4703.5s total | fetch=4695.4s project=0.5s smooth=5.6s | cache hits=11 misses=4)
[16/110] PIREP at (26.45, -82.10) FL4000 2018-12-20 17:37:00 (cache: 57 images)
  SAVED /cluster/tufts/capstone25skyblue/scleme01/SatelliteTurbulencePrediction/model_inputs/2018_12/0000203.npz (5945.3s total | fetch=5935.1s project=0.7s smooth=6.9s | cache hits=10 misses=5)
[17/110] PIREP at (26.62, -81.92) FL6000 2018-12-20 17:56:00 (cache: 62 images)
  SAVED /cluster/tufts/capstone25skyblue/scleme01/SatelliteTurbulencePrediction/model_inputs/2018_12/0000204.npz (4413.9s total | fetch=4405.7s project=0.5s smooth=5.6s | cache hits=11 misses=4)
[18/110] PIREP at (26.54, -81.76) FL4000 2018-12-20 17:58:00 (cache: 66 images)
  SAVED /cluster/tufts/capstone25skyblue/scleme01/SatelliteTurbulencePrediction/model_inputs/2018_12/0000205.npz (0.2s total | fetch=0.0s project=0.0s smooth=0.0s | cache hits=15 misses=0)
[19/110] PIREP at (33.57, -86.74) FL1100 2018-12-20 18:33:00 (cache: 66 images)
  SAVED /cluster/tufts/capstone25skyblue/scleme01/SatelliteTurbulencePrediction/model_inputs/2018_12/0000546.npz (8153.1s total | fetch=8138.8s project=1.0s smooth=9.9s | cache hits=8 misses=7)
[20/110] PIREP at (26.41, -81.51) FL18000 2018-12-20 18:50:00 (cache: 73 images)
  SAVED /cluster/tufts/capstone25skyblue/scleme01/SatelliteTurbulencePrediction/model_inputs/2018_12/0000206.npz (4287.9s total | fetch=4279.6s project=0.5s smooth=5.6s | cache hits=11 misses=4)
[21/110] PIREP at (26.83, -81.57) FL21000 2018-12-20 18:52:00 (cache: 77 images)
  SAVED /cluster/tufts/capstone25skyblue/scleme01/SatelliteTurbulencePrediction/model_inputs/2018_12/0000207.npz (0.2s total | fetch=0.0s project=0.0s smooth=0.0s | cache hits=15 misses=0)
[22/110] PIREP at (44.73, -97.67) FL33000 2018-12-20 19:00:00 (cache: 77 images)
  SAVED /cluster/tufts/capstone25skyblue/scleme01/SatelliteTurbulencePrediction/model_inputs/2018_12/0000444.npz (1957.9s total | fetch=1953.5s project=0.3s smooth=2.9s | cache hits=13 misses=2)
[23/110] PIREP at (47.61, -122.52) FL2200 2018-12-20 19:05:00 (cache: 79 images)
  SAVED /cluster/tufts/capstone25skyblue/scleme01/SatelliteTurbulencePrediction/model_inputs/2018_12/0000208.npz (1018.8s total | fetch=1016.5s project=0.1s smooth=1.5s | cache hits=14 misses=1)
[24/110] PIREP at (33.98, -117.64) FL2100 2018-12-20 19:06:00 (cache: 80 images)
  SAVED /cluster/tufts/capstone25skyblue/scleme01/SatelliteTurbulencePrediction/model_inputs/2018_12/0000719.npz (0.2s total | fetch=0.0s project=0.0s smooth=0.0s | cache hits=15 misses=0)
[25/110] PIREP at (37.37, -118.36) FL31000 2018-12-20 20:12:00 (cache: 80 images)
