Resetting environment
Deactivating conda environment (if any)
Purging all modules
Done! Environment has been torn down
Allocating resources with slurm...
Loading cuda and miniforge...
Activating conda environment...
Redirecting into the satellite repo...
Done! Environment has now been set up
Processing 2019/10 chunk [450:600]
Fetching satellite data for PIREPs in /cluster/tufts/capstone25skyblue/scleme01/SatelliteTurbulencePrediction/pireps/2019/10_turb_pireps.csv
Processing chunk [450:600] (110 PIREPs) from /cluster/tufts/capstone25skyblue/scleme01/SatelliteTurbulencePrediction/pireps/2019/10_turb_pireps.csv
[1/110] SKIPPING /cluster/tufts/capstone25skyblue/scleme01/SatelliteTurbulencePrediction/model_inputs/2019_10/0000214.npz (already exists)
[2/110] SKIPPING /cluster/tufts/capstone25skyblue/scleme01/SatelliteTurbulencePrediction/model_inputs/2019_10/0000215.npz (already exists)
[3/110] SKIPPING /cluster/tufts/capstone25skyblue/scleme01/SatelliteTurbulencePrediction/model_inputs/2019_10/0000216.npz (already exists)
[4/110] SKIPPING /cluster/tufts/capstone25skyblue/scleme01/SatelliteTurbulencePrediction/model_inputs/2019_10/0000217.npz (already exists)
[5/110] SKIPPING /cluster/tufts/capstone25skyblue/scleme01/SatelliteTurbulencePrediction/model_inputs/2019_10/0000218.npz (already exists)
[6/110] SKIPPING /cluster/tufts/capstone25skyblue/scleme01/SatelliteTurbulencePrediction/model_inputs/2019_10/0000219.npz (already exists)
[7/110] SKIPPING /cluster/tufts/capstone25skyblue/scleme01/SatelliteTurbulencePrediction/model_inputs/2019_10/0000220.npz (already exists)
[8/110] PIREP at (41.10, -102.98) FL39500 2019-10-26 20:34:00 (cache: 0 images)
  SAVED /cluster/tufts/capstone25skyblue/scleme01/SatelliteTurbulencePrediction/model_inputs/2019_10/0000221.npz (6215.2s total | fetch=6189.0s project=2.3s smooth=17.1s | cache hits=0 misses=15)
[9/110] PIREP at (41.91, -88.25) FL1400 2019-10-26 21:29:00 (cache: 15 images)
  SAVED /cluster/tufts/capstone25skyblue/scleme01/SatelliteTurbulencePrediction/model_inputs/2019_10/0000475.npz (4862.9s total | fetch=4843.7s project=1.6s smooth=12.5s | cache hits=4 misses=11)
[10/110] PIREP at (41.32, -90.64) FL18000 2019-10-26 22:36:00 (cache: 26 images)
  SAVED /cluster/tufts/capstone25skyblue/scleme01/SatelliteTurbulencePrediction/model_inputs/2019_10/0000222.npz (5890.2s total | fetch=5866.0s project=2.0s smooth=15.8s | cache hits=1 misses=14)
[11/110] PIREP at (42.20, -107.43) FL22000 2019-10-27 00:15:00 (cache: 40 images)
  SAVED /cluster/tufts/capstone25skyblue/scleme01/SatelliteTurbulencePrediction/model_inputs/2019_10/0000223.npz (627.1s total | fetch=602.4s project=2.2s smooth=16.9s | cache hits=0 misses=15)
[12/110] PIREP at (43.25, -102.42) FL29000 2019-10-27 02:43:00 (cache: 55 images)
  SAVED /cluster/tufts/capstone25skyblue/scleme01/SatelliteTurbulencePrediction/model_inputs/2019_10/0000224.npz (120.4s total | fetch=96.0s project=2.1s smooth=16.9s | cache hits=0 misses=15)
[13/110] PIREP at (19.85, -155.16) FL2500 2019-10-27 05:25:00 (cache: 70 images)
  SAVED /cluster/tufts/capstone25skyblue/scleme01/SatelliteTurbulencePrediction/model_inputs/2019_10/0000501.npz (123.6s total | fetch=99.2s project=2.2s smooth=16.9s | cache hits=0 misses=15)
[14/110] PIREP at (43.11, -76.11) FL36000 2019-10-27 11:34:00 (cache: 85 images)
  SAVED /cluster/tufts/capstone25skyblue/scleme01/SatelliteTurbulencePrediction/model_inputs/2019_10/0000331.npz (127.9s total | fetch=103.4s project=2.2s smooth=16.9s | cache hits=0 misses=15)
[15/110] PIREP at (30.50, -82.55) FL29000 2019-10-27 11:59:00 (cache: 100 images)
  SAVED /cluster/tufts/capstone25skyblue/scleme01/SatelliteTurbulencePrediction/model_inputs/2019_10/0000286.npz (44.1s total | fetch=35.8s project=0.7s smooth=5.6s | cache hits=10 misses=5)
[16/110] PIREP at (41.78, -91.66) FL34000 2019-10-27 12:05:00 (cache: 105 images)
  SAVED /cluster/tufts/capstone25skyblue/scleme01/SatelliteTurbulencePrediction/model_inputs/2019_10/0000490.npz (20.8s total | fetch=17.4s project=0.3s smooth=2.2s | cache hits=13 misses=2)
[17/110] PIREP at (27.98, -86.26) FL30000 2019-10-27 12:34:00 (cache: 107 images)
  SAVED /cluster/tufts/capstone25skyblue/scleme01/SatelliteTurbulencePrediction/model_inputs/2019_10/0000432.npz (1898.2s total | fetch=1889.3s project=0.8s smooth=5.7s | cache hits=10 misses=5)
[18/110] PIREP at (40.92, -149.35) FL40000 2019-10-27 13:14:00 (cache: 112 images)
  SAVED /cluster/tufts/capstone25skyblue/scleme01/SatelliteTurbulencePrediction/model_inputs/2019_10/0000225.npz (3490.0s total | fetch=3475.9s project=1.2s smooth=9.2s | cache hits=7 misses=8)
[19/110] PIREP at (45.56, -93.61) FL18000 2019-10-27 13:18:00 (cache: 120 images)
  SAVED /cluster/tufts/capstone25skyblue/scleme01/SatelliteTurbulencePrediction/model_inputs/2019_10/0000437.npz (449.3s total | fetch=447.4s project=0.1s smooth=1.1s | cache hits=14 misses=1)
[20/110] PIREP at (42.56, -74.55) FL6000 2019-10-27 16:03:00 (cache: 121 images)
  SAVED /cluster/tufts/capstone25skyblue/scleme01/SatelliteTurbulencePrediction/model_inputs/2019_10/0000226.npz (7471.2s total | fetch=7445.0s project=2.2s smooth=17.0s | cache hits=0 misses=15)
[21/110] PIREP at (39.46, -74.58) FL2000 2019-10-27 16:40:00 (cache: 136 images)
  SAVED /cluster/tufts/capstone25skyblue/scleme01/SatelliteTurbulencePrediction/model_inputs/2019_10/0000227.npz (4544.0s total | fetch=4529.9s project=1.2s smooth=9.1s | cache hits=7 misses=8)
[22/110] PIREP at (45.47, -73.74) FL24000 2019-10-27 16:53:00 (cache: 144 images)
  SAVED /cluster/tufts/capstone25skyblue/scleme01/SatelliteTurbulencePrediction/model_inputs/2019_10/0000228.npz (1174.8s total | fetch=1171.2s project=0.3s smooth=2.3s | cache hits=13 misses=2)
[23/110] PIREP at (37.43, -121.87) FL5000 2019-10-27 17:19:00 (cache: 146 images)
  SAVED /cluster/tufts/capstone25skyblue/scleme01/SatelliteTurbulencePrediction/model_inputs/2019_10/0000229.npz (3096.6s total | fetch=3087.8s project=0.7s smooth=5.6s | cache hits=10 misses=5)
[24/110] PIREP at (36.66, -111.85) FL12000 2019-10-27 17:45:00 (cache: 151 images)
  SAVED /cluster/tufts/capstone25skyblue/scleme01/SatelliteTurbulencePrediction/model_inputs/2019_10/0000230.npz (3758.2s total | fetch=3747.5s project=0.9s smooth=6.9s | cache hits=9 misses=6)
[25/110] PIREP at (45.37, -102.14) FL32000 2019-10-27 17:57:00 (cache: 157 images)
  SAVED /cluster/tufts/capstone25skyblue/scleme01/SatelliteTurbulencePrediction/model_inputs/2019_10/0000419.npz (1452.4s total | fetch=1448.8s project=0.3s smooth=2.3s | cache hits=13 misses=2)
[26/110] PIREP at (36.84, -120.02) FL24000 2019-10-27 18:39:00 (cache: 159 images)
  SAVED /cluster/tufts/capstone25skyblue/scleme01/SatelliteTurbulencePrediction/model_inputs/2019_10/0000231.npz (4838.7s total | fetch=4824.8s project=1.2s smooth=8.9s | cache hits=7 misses=8)
[27/110] PIREP at (41.67, -72.26) FL10000 2019-10-27 19:12:00 (cache: 167 images)
  SAVED /cluster/tufts/capstone25skyblue/scleme01/SatelliteTurbulencePrediction/model_inputs/2019_10/0000232.npz (4546.6s total | fetch=4534.2s project=1.1s smooth=8.0s | cache hits=8 misses=7)
[28/110] PIREP at (33.27, -116.46) FL7500 2019-10-27 20:18:00 (cache: 174 images)
