Resetting environment
Deactivating conda environment (if any)
Purging all modules
Done! Environment has been torn down
Loading cuda and miniforge...
Activating conda environment...
Redirecting into the satellite repo...
Done! Environment has now been set up
Processing 2022/04 chunk [0:110]
Fetching satellite data for PIREPs in /cluster/tufts/capstone25skyblue/scleme01/SatelliteTurbulencePrediction/pireps/2022/04_turb_pireps.csv
Processing chunk [0:110] (110 PIREPs) from /cluster/tufts/capstone25skyblue/scleme01/SatelliteTurbulencePrediction/pireps/2022/04_turb_pireps.csv
[1/110] PIREP at (42.99, -105.86) FL8200 2022-04-01 01:15:00 (cache: 0 images)
  SAVED /cluster/tufts/capstone25skyblue/scleme01/SatelliteTurbulencePrediction/model_inputs/2022_04/0000637.npz (246.0s total | fetch=221.9s project=2.2s smooth=16.4s | cache hits=0 misses=15)
[2/110] PIREP at (35.90, -83.89) FL36000 2022-04-01 01:29:00 (cache: 15 images)
  SAVED /cluster/tufts/capstone25skyblue/scleme01/SatelliteTurbulencePrediction/model_inputs/2022_04/0000345.npz (12.7s total | fetch=9.4s project=0.3s smooth=2.2s | cache hits=13 misses=2)
[3/110] PIREP at (37.27, -84.80) FL11000 2022-04-01 02:03:00 (cache: 17 images)
  SAVED /cluster/tufts/capstone25skyblue/scleme01/SatelliteTurbulencePrediction/model_inputs/2022_04/0000546.npz (67.4s total | fetch=56.0s project=1.0s smooth=7.8s | cache hits=8 misses=7)
[4/110] SKIPPING /cluster/tufts/capstone25skyblue/scleme01/SatelliteTurbulencePrediction/model_inputs/2022_04/0000000.npz (already exists)
[5/110] SKIPPING /cluster/tufts/capstone25skyblue/scleme01/SatelliteTurbulencePrediction/model_inputs/2022_04/0000001.npz (already exists)
[6/110] PIREP at (28.35, -81.31) FL1500 2022-04-01 08:52:00 (cache: 24 images)
  SAVED /cluster/tufts/capstone25skyblue/scleme01/SatelliteTurbulencePrediction/model_inputs/2022_04/0000369.npz (141.2s total | fetch=117.4s project=2.1s smooth=16.2s | cache hits=0 misses=15)
[7/110] PIREP at (42.62, -89.49) FL36000 2022-04-01 15:10:00 (cache: 39 images)
  SAVED /cluster/tufts/capstone25skyblue/scleme01/SatelliteTurbulencePrediction/model_inputs/2022_04/0000512.npz (11472.4s total | fetch=11447.5s project=2.1s smooth=15.8s | cache hits=0 misses=15)
[8/110] SKIPPING /cluster/tufts/capstone25skyblue/scleme01/SatelliteTurbulencePrediction/model_inputs/2022_04/0000002.npz (already exists)
[9/110] SKIPPING /cluster/tufts/capstone25skyblue/scleme01/SatelliteTurbulencePrediction/model_inputs/2022_04/0000003.npz (already exists)
[10/110] SKIPPING /cluster/tufts/capstone25skyblue/scleme01/SatelliteTurbulencePrediction/model_inputs/2022_04/0000004.npz (already exists)
[11/110] SKIPPING /cluster/tufts/capstone25skyblue/scleme01/SatelliteTurbulencePrediction/model_inputs/2022_04/0000005.npz (already exists)
[12/110] SKIPPING /cluster/tufts/capstone25skyblue/scleme01/SatelliteTurbulencePrediction/model_inputs/2022_04/0000006.npz (already exists)
[13/110] SKIPPING /cluster/tufts/capstone25skyblue/scleme01/SatelliteTurbulencePrediction/model_inputs/2022_04/0000007.npz (already exists)
[14/110] PIREP at (32.75, -96.43) FL3500 2022-04-01 16:48:00 (cache: 54 images)
  SAVED /cluster/tufts/capstone25skyblue/scleme01/SatelliteTurbulencePrediction/model_inputs/2022_04/0000611.npz (12318.6s total | fetch=12293.8s project=2.1s smooth=15.8s | cache hits=0 misses=15)
[15/110] PIREP at (41.24, -88.47) FL5000 2022-04-01 17:07:00 (cache: 69 images)
  SAVED /cluster/tufts/capstone25skyblue/scleme01/SatelliteTurbulencePrediction/model_inputs/2022_04/0000539.npz (3462.2s total | fetch=3455.1s project=0.6s smooth=4.5s | cache hits=11 misses=4)
[16/110] PIREP at (39.98, -95.19) FL10500 2022-04-01 17:08:00 (cache: 73 images)
  SAVED /cluster/tufts/capstone25skyblue/scleme01/SatelliteTurbulencePrediction/model_inputs/2022_04/0000516.npz (0.2s total | fetch=0.0s project=0.0s smooth=0.0s | cache hits=15 misses=0)
[17/110] PIREP at (63.78, -171.73) FL6000 2022-04-01 17:36:00 (cache: 73 images)
  SAVED /cluster/tufts/capstone25skyblue/scleme01/SatelliteTurbulencePrediction/model_inputs/2022_04/0000523.npz (4876.0s total | fetch=4865.8s project=0.9s smooth=6.5s | cache hits=9 misses=6)
[18/110] PIREP at (45.82, -92.37) FL5000 2022-04-01 17:56:00 (cache: 79 images)
  SAVED /cluster/tufts/capstone25skyblue/scleme01/SatelliteTurbulencePrediction/model_inputs/2022_04/0000565.npz (3346.1s total | fetch=3339.3s project=0.6s smooth=4.2s | cache hits=11 misses=4)
[19/110] PIREP at (65.67, -152.10) FL10500 2022-04-01 18:00:00 (cache: 83 images)
  SAVED /cluster/tufts/capstone25skyblue/scleme01/SatelliteTurbulencePrediction/model_inputs/2022_04/0000422.npz (795.3s total | fetch=793.5s project=0.1s smooth=1.1s | cache hits=14 misses=1)
[20/110] PIREP at (43.15, -93.33) FL33000 2022-04-01 19:47:00 (cache: 84 images)
  SAVED /cluster/tufts/capstone25skyblue/scleme01/SatelliteTurbulencePrediction/model_inputs/2022_04/0000381.npz (11100.0s total | fetch=11074.8s project=2.1s smooth=16.1s | cache hits=0 misses=15)
[21/110] PIREP at (34.57, -114.36) FL8500 2022-04-01 20:12:00 (cache: 99 images)
  SAVED /cluster/tufts/capstone25skyblue/scleme01/SatelliteTurbulencePrediction/model_inputs/2022_04/0000383.npz (3754.1s total | fetch=3745.6s project=0.7s smooth=5.3s | cache hits=10 misses=5)
[22/110] SKIPPING /cluster/tufts/capstone25skyblue/scleme01/SatelliteTurbulencePrediction/model_inputs/2022_04/0000008.npz (already exists)
[23/110] PIREP at (37.13, -85.68) FL8500 2022-04-01 21:10:00 (cache: 104 images)
  SAVED /cluster/tufts/capstone25skyblue/scleme01/SatelliteTurbulencePrediction/model_inputs/2022_04/0000414.npz (8811.6s total | fetch=8791.2s project=1.7s smooth=13.2s | cache hits=3 misses=12)
[24/110] SKIPPING /cluster/tufts/capstone25skyblue/scleme01/SatelliteTurbulencePrediction/model_inputs/2022_04/0000009.npz (already exists)
[25/110] SKIPPING /cluster/tufts/capstone25skyblue/scleme01/SatelliteTurbulencePrediction/model_inputs/2022_04/0000010.npz (already exists)
[26/110] SKIPPING /cluster/tufts/capstone25skyblue/scleme01/SatelliteTurbulencePrediction/model_inputs/2022_04/0000011.npz (already exists)
[27/110] SKIPPING /cluster/tufts/capstone25skyblue/scleme01/SatelliteTurbulencePrediction/model_inputs/2022_04/0000012.npz (already exists)
[28/110] PIREP at (32.77, -93.81) FL37000 2022-04-02 11:27:00 (cache: 116 images)
  SAVED /cluster/tufts/capstone25skyblue/scleme01/SatelliteTurbulencePrediction/model_inputs/2022_04/0000446.npz (151.4s total | fetch=127.0s project=2.2s smooth=16.5s | cache hits=0 misses=15)
[29/110] PIREP at (28.82, -81.81) FL4000 2022-04-02 13:43:00 (cache: 131 images)
  SAVED /cluster/tufts/capstone25skyblue/scleme01/SatelliteTurbulencePrediction/model_inputs/2022_04/0000547.npz (8919.4s total | fetch=8893.5s project=2.3s smooth=16.7s | cache hits=0 misses=15)
[30/110] PIREP at (46.40, -94.13) FL4000 2022-04-02 13:48:00 (cache: 146 images)
  SAVED /cluster/tufts/capstone25skyblue/scleme01/SatelliteTurbulencePrediction/model_inputs/2022_04/0000580.npz (436.0s total | fetch=434.1s project=0.2s smooth=1.2s | cache hits=14 misses=1)
[31/110] SKIPPING /cluster/tufts/capstone25skyblue/scleme01/SatelliteTurbulencePrediction/model_inputs/2022_04/0000013.npz (already exists)
[32/110] SKIPPING /cluster/tufts/capstone25skyblue/scleme01/SatelliteTurbulencePrediction/model_inputs/2022_04/0000014.npz (already exists)
[33/110] PIREP at (40.52, -90.65) FL16000 2022-04-02 16:43:00 (cache: 147 images)
