Resetting environment
Deactivating conda environment (if any)
Purging all modules
Done! Environment has been torn down
Loading cuda and miniforge...
Activating conda environment...
Redirecting into the satellite repo...
Done! Environment has now been set up
Processing 2023/01 chunk [220:330]
Fetching satellite data for PIREPs in /cluster/tufts/capstone25skyblue/scleme01/SatelliteTurbulencePrediction/pireps/2023/01_turb_pireps.csv
Processing chunk [220:330] (110 PIREPs) from /cluster/tufts/capstone25skyblue/scleme01/SatelliteTurbulencePrediction/pireps/2023/01_turb_pireps.csv
[1/110] PIREP at (41.70, -84.64) FL38000 2023-01-12 17:29:00 (cache: 0 images)
  SAVED /cluster/tufts/capstone25skyblue/scleme01/SatelliteTurbulencePrediction/model_inputs/2023_01/0000355.npz (16097.0s total | fetch=16066.8s project=2.0s smooth=21.2s | cache hits=0 misses=15)
[2/110] PIREP at (37.39, -82.84) FL7000 2023-01-12 17:33:00 (cache: 15 images)
  SAVED /cluster/tufts/capstone25skyblue/scleme01/SatelliteTurbulencePrediction/model_inputs/2023_01/0000097.npz (944.1s total | fetch=941.9s project=0.1s smooth=1.4s | cache hits=14 misses=1)
[3/110] PIREP at (41.31, -73.20) FL6000 2023-01-12 17:40:00 (cache: 16 images)
  SAVED /cluster/tufts/capstone25skyblue/scleme01/SatelliteTurbulencePrediction/model_inputs/2023_01/0000594.npz (2195.3s total | fetch=2191.1s project=0.3s smooth=2.8s | cache hits=13 misses=2)
[4/110] PIREP at (41.17, -95.74) FL7000 2023-01-12 18:32:00 (cache: 18 images)
  SAVED /cluster/tufts/capstone25skyblue/scleme01/SatelliteTurbulencePrediction/model_inputs/2023_01/0000593.npz (11519.1s total | fetch=11498.8s project=1.3s smooth=14.1s | cache hits=5 misses=10)
[5/110] PIREP at (44.62, -123.59) FL4000 2023-01-12 18:36:00 (cache: 28 images)
  SAVED /cluster/tufts/capstone25skyblue/scleme01/SatelliteTurbulencePrediction/model_inputs/2023_01/0000098.npz (1184.8s total | fetch=1182.6s project=0.1s smooth=1.4s | cache hits=14 misses=1)
[6/110] PIREP at (40.24, -85.50) FL28000 2023-01-12 18:59:00 (cache: 29 images)
  SAVED /cluster/tufts/capstone25skyblue/scleme01/SatelliteTurbulencePrediction/model_inputs/2023_01/0000099.npz (4631.2s total | fetch=4623.0s project=0.5s smooth=5.6s | cache hits=11 misses=4)
[7/110] PIREP at (40.24, -85.40) FL28000 2023-01-12 19:00:00 (cache: 33 images)
  SAVED /cluster/tufts/capstone25skyblue/scleme01/SatelliteTurbulencePrediction/model_inputs/2023_01/0000100.npz (1186.2s total | fetch=1184.0s project=0.1s smooth=1.4s | cache hits=14 misses=1)
[8/110] PIREP at (31.23, -95.24) FL18000 2023-01-12 19:27:00 (cache: 34 images)
