Resetting environment
Deactivating conda environment (if any)
Purging all modules
Done! Environment has been torn down
Loading cuda and miniforge...
Activating conda environment...
Redirecting into the satellite repo...
Done! Environment has now been set up
Processing 2024/04 chunk [330:440]
Fetching satellite data for PIREPs in /cluster/tufts/capstone25skyblue/scleme01/SatelliteTurbulencePrediction/pireps/2024/04_turb_pireps.csv
Processing chunk [330:440] (110 PIREPs) from /cluster/tufts/capstone25skyblue/scleme01/SatelliteTurbulencePrediction/pireps/2024/04_turb_pireps.csv
[1/110] PIREP at (28.77, -99.35) FL14000 2024-04-10 02:15:00 (cache: 0 images)
  SAVED /cluster/tufts/capstone25skyblue/scleme01/SatelliteTurbulencePrediction/model_inputs/2024_04/0000214.npz (171.4s total | fetch=147.3s project=2.2s smooth=16.4s | cache hits=0 misses=15)
[2/110] PIREP at (29.86, -97.67) FL12000 2024-04-10 02:45:00 (cache: 15 images)
  SAVED /cluster/tufts/capstone25skyblue/scleme01/SatelliteTurbulencePrediction/model_inputs/2024_04/0000215.npz (76.7s total | fetch=67.0s project=0.9s smooth=6.5s | cache hits=9 misses=6)
[3/110] PIREP at (31.47, -96.38) FL14000 2024-04-10 03:16:00 (cache: 21 images)
  SAVED /cluster/tufts/capstone25skyblue/scleme01/SatelliteTurbulencePrediction/model_inputs/2024_04/0000216.npz (73.0s total | fetch=63.5s project=0.8s smooth=6.4s | cache hits=9 misses=6)
[4/110] PIREP at (40.71, -93.46) FL37000 2024-04-10 03:18:00 (cache: 27 images)
  SAVED /cluster/tufts/capstone25skyblue/scleme01/SatelliteTurbulencePrediction/model_inputs/2024_04/0000471.npz (0.2s total | fetch=0.0s project=0.0s smooth=0.0s | cache hits=15 misses=0)
[5/110] PIREP at (42.40, -90.71) FL34000 2024-04-10 03:29:00 (cache: 27 images)
  SAVED /cluster/tufts/capstone25skyblue/scleme01/SatelliteTurbulencePrediction/model_inputs/2024_04/0000411.npz (25.5s total | fetch=22.3s project=0.3s smooth=2.1s | cache hits=13 misses=2)
[6/110] PIREP at (38.80, -86.30) FL40000 2024-04-10 04:33:00 (cache: 29 images)
  SAVED /cluster/tufts/capstone25skyblue/scleme01/SatelliteTurbulencePrediction/model_inputs/2024_04/0000217.npz (134.2s total | fetch=113.6s project=1.8s smooth=14.0s | cache hits=2 misses=13)
[7/110] PIREP at (39.04, -84.67) FL37000 2024-04-10 08:05:00 (cache: 42 images)
  SAVED /cluster/tufts/capstone25skyblue/scleme01/SatelliteTurbulencePrediction/model_inputs/2024_04/0000653.npz (154.0s total | fetch=130.0s project=2.1s smooth=16.3s | cache hits=0 misses=15)
[8/110] PIREP at (36.49, -96.51) FL22000 2024-04-10 10:19:00 (cache: 57 images)
  SAVED /cluster/tufts/capstone25skyblue/scleme01/SatelliteTurbulencePrediction/model_inputs/2024_04/0000218.npz (143.1s total | fetch=118.9s project=2.1s smooth=16.6s | cache hits=0 misses=15)
[9/110] PIREP at (31.10, -83.91) FL18000 2024-04-10 10:26:00 (cache: 72 images)
  SAVED /cluster/tufts/capstone25skyblue/scleme01/SatelliteTurbulencePrediction/model_inputs/2024_04/0000593.npz (28.0s total | fetch=24.8s project=0.3s smooth=2.1s | cache hits=13 misses=2)
[10/110] PIREP at (42.40, -90.71) FL38000 2024-04-10 11:43:00 (cache: 74 images)
  SAVED /cluster/tufts/capstone25skyblue/scleme01/SatelliteTurbulencePrediction/model_inputs/2024_04/0000600.npz (152.1s total | fetch=127.6s project=2.1s smooth=16.8s | cache hits=0 misses=15)
[11/110] PIREP at (29.08, -78.26) FL26000 2024-04-10 12:10:00 (cache: 89 images)
  SAVED /cluster/tufts/capstone25skyblue/scleme01/SatelliteTurbulencePrediction/model_inputs/2024_04/0000366.npz (40.5s total | fetch=30.7s project=0.9s smooth=6.6s | cache hits=9 misses=6)
[12/110] PIREP at (38.79, -97.65) FL36000 2024-04-10 12:10:00 (cache: 95 images)
  SAVED /cluster/tufts/capstone25skyblue/scleme01/SatelliteTurbulencePrediction/model_inputs/2024_04/0000592.npz (0.1s total | fetch=0.0s project=0.0s smooth=0.0s | cache hits=15 misses=0)
[13/110] PIREP at (42.22, -94.20) FL41000 2024-04-10 12:14:00 (cache: 95 images)
  SAVED /cluster/tufts/capstone25skyblue/scleme01/SatelliteTurbulencePrediction/model_inputs/2024_04/0000551.npz (0.2s total | fetch=0.0s project=0.0s smooth=0.0s | cache hits=15 misses=0)
[14/110] PIREP at (37.20, -93.91) FL18500 2024-04-10 12:25:00 (cache: 95 images)
  SAVED /cluster/tufts/capstone25skyblue/scleme01/SatelliteTurbulencePrediction/model_inputs/2024_04/0000718.npz (43.3s total | fetch=38.3s project=0.4s smooth=3.3s | cache hits=12 misses=3)
[15/110] PIREP at (30.34, -81.51) FL36000 2024-04-10 12:34:00 (cache: 98 images)
  SAVED /cluster/tufts/capstone25skyblue/scleme01/SatelliteTurbulencePrediction/model_inputs/2024_04/0000427.npz (13.1s total | fetch=11.2s project=0.2s smooth=1.1s | cache hits=14 misses=1)
[16/110] PIREP at (43.15, -75.38) FL41000 2024-04-10 12:53:00 (cache: 99 images)
  SAVED /cluster/tufts/capstone25skyblue/scleme01/SatelliteTurbulencePrediction/model_inputs/2024_04/0000669.npz (43.6s total | fetch=37.0s project=0.6s smooth=4.4s | cache hits=11 misses=4)
[17/110] PIREP at (38.10, -85.58) FL41000 2024-04-10 13:25:00 (cache: 103 images)
  SAVED /cluster/tufts/capstone25skyblue/scleme01/SatelliteTurbulencePrediction/model_inputs/2024_04/0000638.npz (1933.8s total | fetch=1922.1s project=1.0s smooth=7.7s | cache hits=8 misses=7)
[18/110] PIREP at (39.65, -92.48) FL27000 2024-04-10 13:40:00 (cache: 110 images)
  SAVED /cluster/tufts/capstone25skyblue/scleme01/SatelliteTurbulencePrediction/model_inputs/2024_04/0000219.npz (1815.5s total | fetch=1810.2s project=0.5s smooth=3.3s | cache hits=12 misses=3)
[19/110] PIREP at (41.53, -93.65) FL25000 2024-04-10 14:05:00 (cache: 113 images)
  SAVED /cluster/tufts/capstone25skyblue/scleme01/SatelliteTurbulencePrediction/model_inputs/2024_04/0000220.npz (3071.3s total | fetch=3062.7s project=0.7s smooth=5.5s | cache hits=10 misses=5)
[20/110] PIREP at (31.66, -97.88) FL19000 2024-04-10 14:32:00 (cache: 118 images)
  SAVED /cluster/tufts/capstone25skyblue/scleme01/SatelliteTurbulencePrediction/model_inputs/2024_04/0000221.npz (3084.6s total | fetch=3075.9s project=0.7s smooth=5.6s | cache hits=10 misses=5)
[21/110] PIREP at (37.76, -90.43) FL36000 2024-04-10 14:33:00 (cache: 123 images)
  SAVED /cluster/tufts/capstone25skyblue/scleme01/SatelliteTurbulencePrediction/model_inputs/2024_04/0000696.npz (0.2s total | fetch=0.0s project=0.0s smooth=0.0s | cache hits=15 misses=0)
[22/110] PIREP at (32.21, -83.50) FL33000 2024-04-10 14:43:00 (cache: 123 images)
  SAVED /cluster/tufts/capstone25skyblue/scleme01/SatelliteTurbulencePrediction/model_inputs/2024_04/0000533.npz (1239.4s total | fetch=1235.7s project=0.3s smooth=2.3s | cache hits=13 misses=2)
[23/110] PIREP at (40.18, -103.22) FL39000 2024-04-10 14:54:00 (cache: 125 images)
  SAVED /cluster/tufts/capstone25skyblue/scleme01/SatelliteTurbulencePrediction/model_inputs/2024_04/0000382.npz (1333.3s total | fetch=1329.7s project=0.3s smooth=2.2s | cache hits=13 misses=2)
[24/110] PIREP at (41.32, -90.64) FL30000 2024-04-10 14:57:00 (cache: 127 images)
  SAVED /cluster/tufts/capstone25skyblue/scleme01/SatelliteTurbulencePrediction/model_inputs/2024_04/0000222.npz (582.7s total | fetch=580.8s project=0.2s smooth=1.1s | cache hits=14 misses=1)
[25/110] PIREP at (41.54, -90.47) FL28000 2024-04-10 15:07:00 (cache: 128 images)
  SAVED /cluster/tufts/capstone25skyblue/scleme01/SatelliteTurbulencePrediction/model_inputs/2024_04/0000223.npz (1245.3s total | fetch=1241.7s project=0.3s smooth=2.2s | cache hits=13 misses=2)
[26/110] PIREP at (35.35, -95.21) FL39000 2024-04-10 16:34:00 (cache: 130 images)
