Resetting environment
Deactivating conda environment (if any)
Purging all modules
Done! Environment has been torn down
Loading cuda and miniforge...
Activating conda environment...
Redirecting into the satellite repo...
Done! Environment has now been set up
Processing 2018/11 chunk [330:440]
Fetching satellite data for PIREPs in /cluster/tufts/capstone25skyblue/scleme01/SatelliteTurbulencePrediction/pireps/2018/11_turb_pireps.csv
Processing chunk [330:440] (110 PIREPs) from /cluster/tufts/capstone25skyblue/scleme01/SatelliteTurbulencePrediction/pireps/2018/11_turb_pireps.csv
[1/110] PIREP at (45.81, -73.89) FL1800 2018-11-14 15:15:00 (cache: 0 images)
  SAVED /cluster/tufts/capstone25skyblue/scleme01/SatelliteTurbulencePrediction/model_inputs/2018_11/0000170.npz (13502.7s total | fetch=13472.4s project=2.0s smooth=21.0s | cache hits=0 misses=15)
[2/110] PIREP at (30.85, -85.28) FL12000 2018-11-14 17:10:00 (cache: 15 images)
  SAVED /cluster/tufts/capstone25skyblue/scleme01/SatelliteTurbulencePrediction/model_inputs/2018_11/0000425.npz (17276.5s total | fetch=17246.2s project=2.0s smooth=21.0s | cache hits=0 misses=15)
[3/110] PIREP at (41.14, -80.16) FL4600 2018-11-14 18:15:00 (cache: 30 images)
  SAVED /cluster/tufts/capstone25skyblue/scleme01/SatelliteTurbulencePrediction/model_inputs/2018_11/0000419.npz (15947.0s total | fetch=15920.8s project=1.7s smooth=18.2s | cache hits=2 misses=13)
[4/110] PIREP at (38.35, -81.34) FL22000 2018-11-14 19:35:00 (cache: 43 images)
  SAVED /cluster/tufts/capstone25skyblue/scleme01/SatelliteTurbulencePrediction/model_inputs/2018_11/0000488.npz (17605.2s total | fetch=17575.0s project=2.0s smooth=21.0s | cache hits=0 misses=15)
[5/110] PIREP at (42.41, -83.59) FL27000 2018-11-14 19:41:00 (cache: 58 images)
  SAVED /cluster/tufts/capstone25skyblue/scleme01/SatelliteTurbulencePrediction/model_inputs/2018_11/0000171.npz (1216.8s total | fetch=1214.6s project=0.1s smooth=1.4s | cache hits=14 misses=1)
[6/110] PIREP at (42.41, -83.59) FL27000 2018-11-14 19:48:00 (cache: 59 images)
  SAVED /cluster/tufts/capstone25skyblue/scleme01/SatelliteTurbulencePrediction/model_inputs/2018_11/0000172.npz (1363.6s total | fetch=1361.4s project=0.1s smooth=1.4s | cache hits=14 misses=1)
[7/110] PIREP at (41.80, -84.42) FL25000 2018-11-14 20:36:00 (cache: 60 images)
  SAVED /cluster/tufts/capstone25skyblue/scleme01/SatelliteTurbulencePrediction/model_inputs/2018_11/0000173.npz (10581.6s total | fetch=10561.2s project=1.3s smooth=14.1s | cache hits=5 misses=10)
[8/110] PIREP at (42.06, -84.77) FL29000 2018-11-14 20:51:00 (cache: 70 images)
  SAVED /cluster/tufts/capstone25skyblue/scleme01/SatelliteTurbulencePrediction/model_inputs/2018_11/0000174.npz (3142.3s total | fetch=3136.1s project=0.4s smooth=4.2s | cache hits=12 misses=3)
[9/110] PIREP at (42.06, -84.77) FL29000 2018-11-14 20:55:00 (cache: 73 images)
  SAVED /cluster/tufts/capstone25skyblue/scleme01/SatelliteTurbulencePrediction/model_inputs/2018_11/0000175.npz (1034.2s total | fetch=1032.0s project=0.1s smooth=1.4s | cache hits=14 misses=1)
[10/110] PIREP at (42.36, -80.37) FL32000 2018-11-14 21:02:00 (cache: 74 images)
  SAVED /cluster/tufts/capstone25skyblue/scleme01/SatelliteTurbulencePrediction/model_inputs/2018_11/0000177.npz (1121.1s total | fetch=1118.9s project=0.1s smooth=1.4s | cache hits=14 misses=1)
[11/110] PIREP at (42.36, -80.37) FL32000 2018-11-14 21:02:00 (cache: 75 images)
  SAVED /cluster/tufts/capstone25skyblue/scleme01/SatelliteTurbulencePrediction/model_inputs/2018_11/0000176.npz (0.2s total | fetch=0.0s project=0.0s smooth=0.0s | cache hits=15 misses=0)
[12/110] PIREP at (31.04, -92.90) FL23000 2018-11-14 21:16:00 (cache: 75 images)
  SAVED /cluster/tufts/capstone25skyblue/scleme01/SatelliteTurbulencePrediction/model_inputs/2018_11/0000178.npz (3162.1s total | fetch=3155.9s project=0.4s smooth=4.2s | cache hits=12 misses=3)
[13/110] PIREP at (41.33, -86.66) FL31000 2018-11-14 21:19:00 (cache: 78 images)
  SAVED /cluster/tufts/capstone25skyblue/scleme01/SatelliteTurbulencePrediction/model_inputs/2018_11/0000179.npz (0.2s total | fetch=0.0s project=0.0s smooth=0.0s | cache hits=15 misses=0)
[14/110] PIREP at (41.44, -84.83) FL24000 2018-11-14 22:03:00 (cache: 78 images)
