Resetting environment
Deactivating conda environment (if any)
Purging all modules
Done! Environment has been torn down
Loading cuda and miniforge...
Activating conda environment...
Redirecting into the satellite repo...
Done! Environment has now been set up
Processing 2020/03 chunk [220:330]
Fetching satellite data for PIREPs in /cluster/tufts/capstone25skyblue/scleme01/SatelliteTurbulencePrediction/pireps/2020/03_turb_pireps.csv
Processing chunk [220:330] (110 PIREPs) from /cluster/tufts/capstone25skyblue/scleme01/SatelliteTurbulencePrediction/pireps/2020/03_turb_pireps.csv
[1/110] PIREP at (33.66, -111.22) FL22000 2020-03-08 14:04:00 (cache: 0 images)
  SAVED /cluster/tufts/capstone25skyblue/scleme01/SatelliteTurbulencePrediction/model_inputs/2020_03/0000394.npz (15040.8s total | fetch=15013.2s project=1.8s smooth=19.2s | cache hits=0 misses=15)
[2/110] PIREP at (39.83, -104.66) FL15000 2020-03-08 15:15:00 (cache: 15 images)
  SAVED /cluster/tufts/capstone25skyblue/scleme01/SatelliteTurbulencePrediction/model_inputs/2020_03/0000125.npz (16557.8s total | fetch=16530.3s project=1.8s smooth=19.2s | cache hits=0 misses=15)
[3/110] PIREP at (41.10, -92.44) FL3000 2020-03-08 15:30:00 (cache: 30 images)
  SAVED /cluster/tufts/capstone25skyblue/scleme01/SatelliteTurbulencePrediction/model_inputs/2020_03/0000126.npz (3864.7s total | fetch=3859.0s project=0.4s smooth=3.8s | cache hits=12 misses=3)
[4/110] PIREP at (36.38, -95.89) FL8000 2020-03-08 15:45:00 (cache: 33 images)
  SAVED /cluster/tufts/capstone25skyblue/scleme01/SatelliteTurbulencePrediction/model_inputs/2020_03/0000362.npz (3652.4s total | fetch=3646.8s project=0.4s smooth=3.8s | cache hits=12 misses=3)
[5/110] PIREP at (32.23, -96.76) FL18000 2020-03-08 17:10:00 (cache: 36 images)
  SAVED /cluster/tufts/capstone25skyblue/scleme01/SatelliteTurbulencePrediction/model_inputs/2020_03/0000631.npz (19446.6s total | fetch=19419.0s project=1.8s smooth=19.2s | cache hits=0 misses=15)
[6/110] PIREP at (39.91, -105.12) FL6500 2020-03-08 18:44:00 (cache: 51 images)
  SAVED /cluster/tufts/capstone25skyblue/scleme01/SatelliteTurbulencePrediction/model_inputs/2020_03/0000127.npz (17442.0s total | fetch=17414.4s project=1.8s smooth=19.2s | cache hits=0 misses=15)
[7/110] PIREP at (39.91, -105.12) FL6500 2020-03-08 18:44:00 (cache: 66 images)
  SAVED /cluster/tufts/capstone25skyblue/scleme01/SatelliteTurbulencePrediction/model_inputs/2020_03/0000128.npz (0.2s total | fetch=0.0s project=0.0s smooth=0.0s | cache hits=15 misses=0)
[8/110] PIREP at (36.20, -95.89) FL24000 2020-03-08 19:32:00 (cache: 66 images)
  SAVED /cluster/tufts/capstone25skyblue/scleme01/SatelliteTurbulencePrediction/model_inputs/2020_03/0000403.npz (10695.0s total | fetch=10676.5s project=1.2s smooth=12.8s | cache hits=5 misses=10)
[9/110] PIREP at (31.65, -83.49) FL5500 2020-03-08 19:46:00 (cache: 76 images)
