Resetting environment
Deactivating conda environment (if any)
Purging all modules
Done! Environment has been torn down
Allocating resources with slurm...
Loading cuda and miniforge...
Activating conda environment...
Redirecting into the satellite repo...
Done! Environment has now been set up
Processing 2021/11 chunk [150:300]
Fetching satellite data for PIREPs in /cluster/tufts/capstone25skyblue/scleme01/SatelliteTurbulencePrediction/pireps/2021/11_turb_pireps.csv
Processing chunk [150:300] (150 PIREPs) from /cluster/tufts/capstone25skyblue/scleme01/SatelliteTurbulencePrediction/pireps/2021/11_turb_pireps.csv
[1/150] PIREP at (47.40, -120.21) FL8000 2021-11-13 03:19:00 (cache: 0 images)
  SAVED /cluster/tufts/capstone25skyblue/scleme01/SatelliteTurbulencePrediction/model_inputs/2021_11/0000071.npz (183.0s total | fetch=152.1s project=2.1s smooth=21.5s | cache hits=0 misses=15)
[2/150] PIREP at (39.14, -96.68) FL39000 2021-11-13 03:30:00 (cache: 15 images)
  SAVED /cluster/tufts/capstone25skyblue/scleme01/SatelliteTurbulencePrediction/model_inputs/2021_11/0000298.npz (46.1s total | fetch=39.7s project=0.4s smooth=4.3s | cache hits=12 misses=3)
[3/150] PIREP at (37.74, -87.17) FL31000 2021-11-13 08:15:00 (cache: 18 images)
  SAVED /cluster/tufts/capstone25skyblue/scleme01/SatelliteTurbulencePrediction/model_inputs/2021_11/0000292.npz (182.7s total | fetch=151.7s project=2.1s smooth=21.6s | cache hits=0 misses=15)
[4/150] PIREP at (41.28, -73.58) FL30000 2021-11-13 12:18:00 (cache: 33 images)
  SAVED /cluster/tufts/capstone25skyblue/scleme01/SatelliteTurbulencePrediction/model_inputs/2021_11/0000358.npz (192.2s total | fetch=161.1s project=2.1s smooth=21.6s | cache hits=0 misses=15)
[5/150] PIREP at (57.71, -154.72) FL36000 2021-11-13 12:21:00 (cache: 48 images)
  SAVED /cluster/tufts/capstone25skyblue/scleme01/SatelliteTurbulencePrediction/model_inputs/2021_11/0000072.npz (15.0s total | fetch=12.8s project=0.1s smooth=1.5s | cache hits=14 misses=1)
[6/150] PIREP at (47.05, -109.47) FL45000 2021-11-13 13:26:00 (cache: 49 images)
  SAVED /cluster/tufts/capstone25skyblue/scleme01/SatelliteTurbulencePrediction/model_inputs/2021_11/0000073.npz (10529.8s total | fetch=10494.8s project=3.2s smooth=23.5s | cache hits=2 misses=13)
[7/150] PIREP at (55.35, -131.71) FL4000 2021-11-13 14:51:00 (cache: 62 images)
