Resetting environment
Deactivating conda environment (if any)
Purging all modules
Done! Environment has been torn down
Loading cuda and miniforge...
Activating conda environment...
Redirecting into the satellite repo...
Done! Environment has now been set up
Processing 2022/11 chunk [550:660]
Fetching satellite data for PIREPs in /cluster/tufts/capstone25skyblue/scleme01/SatelliteTurbulencePrediction/pireps/2022/11_turb_pireps.csv
Processing chunk [550:660] (18 PIREPs) from /cluster/tufts/capstone25skyblue/scleme01/SatelliteTurbulencePrediction/pireps/2022/11_turb_pireps.csv
[1/18] PIREP at (58.17, -135.25) FL38000 2022-11-30 04:50:00 (cache: 0 images)
  SAVED /cluster/tufts/capstone25skyblue/scleme01/SatelliteTurbulencePrediction/model_inputs/2022_11/0000492.npz (202.3s total | fetch=159.9s project=4.0s smooth=28.1s | cache hits=0 misses=15)
[2/18] PIREP at (38.04, -87.52) FL24000 2022-11-30 05:06:00 (cache: 15 images)
  SAVED /cluster/tufts/capstone25skyblue/scleme01/SatelliteTurbulencePrediction/model_inputs/2022_11/0000274.npz (49.1s total | fetch=40.4s project=0.8s smooth=5.6s | cache hits=12 misses=3)
[3/18] PIREP at (38.04, -87.52) FL24000 2022-11-30 05:06:00 (cache: 18 images)
  SAVED /cluster/tufts/capstone25skyblue/scleme01/SatelliteTurbulencePrediction/model_inputs/2022_11/0000273.npz (0.2s total | fetch=0.0s project=0.0s smooth=0.0s | cache hits=15 misses=0)
[4/18] PIREP at (40.61, -83.64) FL26000 2022-11-30 09:25:00 (cache: 18 images)
  SAVED /cluster/tufts/capstone25skyblue/scleme01/SatelliteTurbulencePrediction/model_inputs/2022_11/0000275.npz (164.0s total | fetch=121.5s project=4.0s smooth=28.1s | cache hits=0 misses=15)
[5/18] PIREP at (37.38, -84.29) FL31000 2022-11-30 13:25:00 (cache: 33 images)
  SAVED /cluster/tufts/capstone25skyblue/scleme01/SatelliteTurbulencePrediction/model_inputs/2022_11/0000360.npz (3857.7s total | fetch=3815.5s project=4.0s smooth=28.0s | cache hits=0 misses=15)
[6/18] PIREP at (38.16, -83.23) FL21000 2022-11-30 14:24:00 (cache: 48 images)
  SAVED /cluster/tufts/capstone25skyblue/scleme01/SatelliteTurbulencePrediction/model_inputs/2022_11/0000316.npz (11568.8s total | fetch=11542.8s project=2.1s smooth=17.7s | cache hits=4 misses=11)
[7/18] PIREP at (39.46, -119.75) FL8000 2022-11-30 19:38:00 (cache: 59 images)
  SAVED /cluster/tufts/capstone25skyblue/scleme01/SatelliteTurbulencePrediction/model_inputs/2022_11/0000276.npz (16509.5s total | fetch=16476.1s project=2.5s smooth=22.9s | cache hits=0 misses=15)
[8/18] PIREP at (45.79, -111.40) FL5000 2022-11-30 20:00:00 (cache: 74 images)
  SAVED /cluster/tufts/capstone25skyblue/scleme01/SatelliteTurbulencePrediction/model_inputs/2022_11/0000277.npz (5635.7s total | fetch=5625.5s project=0.7s smooth=7.0s | cache hits=10 misses=5)
[9/18] PIREP at (50.60, 164.54) FL37000 2022-11-30 20:30:00 (cache: 79 images)
