Resetting environment
Deactivating conda environment (if any)
Purging all modules
Done! Environment has been torn down
Loading cuda and miniforge...
Activating conda environment...
Redirecting into the satellite repo...
Done! Environment has now been set up
Processing 2022/03 chunk [660:770]
Fetching satellite data for PIREPs in /cluster/tufts/capstone25skyblue/scleme01/SatelliteTurbulencePrediction/pireps/2022/03_turb_pireps.csv
Processing chunk [660:770] (110 PIREPs) from /cluster/tufts/capstone25skyblue/scleme01/SatelliteTurbulencePrediction/pireps/2022/03_turb_pireps.csv
[1/110] PIREP at (36.03, -81.78) FL13000 2022-03-24 21:34:00 (cache: 0 images)
  SAVED /cluster/tufts/capstone25skyblue/scleme01/SatelliteTurbulencePrediction/model_inputs/2022_03/0000316.npz (11523.0s total | fetch=11498.0s project=2.2s smooth=15.9s | cache hits=0 misses=15)
[2/110] PIREP at (46.10, -98.68) FL36000 2022-03-24 21:57:00 (cache: 15 images)
  SAVED /cluster/tufts/capstone25skyblue/scleme01/SatelliteTurbulencePrediction/model_inputs/2022_03/0000482.npz (3825.7s total | fetch=3817.4s project=0.7s smooth=5.3s | cache hits=10 misses=5)
[3/110] PIREP at (37.09, -84.08) FL36000 2022-03-24 22:09:00 (cache: 20 images)
  SAVED /cluster/tufts/capstone25skyblue/scleme01/SatelliteTurbulencePrediction/model_inputs/2022_03/0000436.npz (1466.1s total | fetch=1462.7s project=0.3s smooth=2.1s | cache hits=13 misses=2)
[4/110] PIREP at (42.88, -85.52) FL28000 2022-03-24 22:50:00 (cache: 22 images)
  SAVED /cluster/tufts/capstone25skyblue/scleme01/SatelliteTurbulencePrediction/model_inputs/2022_03/0000588.npz (7030.0s total | fetch=7014.8s project=1.3s smooth=9.7s | cache hits=6 misses=9)
[5/110] PIREP at (39.18, -76.67) FL19000 2022-03-25 00:10:00 (cache: 31 images)
  SAVED /cluster/tufts/capstone25skyblue/scleme01/SatelliteTurbulencePrediction/model_inputs/2022_03/0000317.npz (7363.6s total | fetch=7338.5s project=2.4s smooth=16.2s | cache hits=0 misses=15)
[6/110] PIREP at (61.13, -146.24) FL0 2022-03-25 00:20:00 (cache: 46 images)
  SAVED /cluster/tufts/capstone25skyblue/scleme01/SatelliteTurbulencePrediction/model_inputs/2022_03/0000582.npz (26.1s total | fetch=22.9s project=0.3s smooth=2.1s | cache hits=13 misses=2)
[7/110] PIREP at (38.47, -77.87) FL14000 2022-03-25 00:25:00 (cache: 48 images)
  SAVED /cluster/tufts/capstone25skyblue/scleme01/SatelliteTurbulencePrediction/model_inputs/2022_03/0000318.npz (13.7s total | fetch=12.0s project=0.1s smooth=1.1s | cache hits=14 misses=1)
[8/110] PIREP at (40.91, -76.25) FL19000 2022-03-25 00:40:00 (cache: 49 images)
  SAVED /cluster/tufts/capstone25skyblue/scleme01/SatelliteTurbulencePrediction/model_inputs/2022_03/0000319.npz (45.9s total | fetch=41.1s project=0.4s smooth=3.2s | cache hits=12 misses=3)
[9/110] PIREP at (39.75, -75.13) FL17000 2022-03-25 01:01:00 (cache: 52 images)
  SAVED /cluster/tufts/capstone25skyblue/scleme01/SatelliteTurbulencePrediction/model_inputs/2022_03/0000320.npz (56.1s total | fetch=49.6s project=0.6s smooth=4.4s | cache hits=11 misses=4)
[10/110] PIREP at (40.58, -75.68) FL25000 2022-03-25 01:08:00 (cache: 56 images)
  SAVED /cluster/tufts/capstone25skyblue/scleme01/SatelliteTurbulencePrediction/model_inputs/2022_03/0000321.npz (19.4s total | fetch=17.7s project=0.1s smooth=1.0s | cache hits=14 misses=1)
[11/110] PIREP at (39.57, -75.78) FL21000 2022-03-25 01:34:00 (cache: 57 images)
  SAVED /cluster/tufts/capstone25skyblue/scleme01/SatelliteTurbulencePrediction/model_inputs/2022_03/0000322.npz (47.2s total | fetch=39.2s project=0.7s smooth=5.3s | cache hits=10 misses=5)
[12/110] PIREP at (47.44, -103.53) FL34000 2022-03-25 01:40:00 (cache: 62 images)
  SAVED /cluster/tufts/capstone25skyblue/scleme01/SatelliteTurbulencePrediction/model_inputs/2022_03/0000323.npz (16.8s total | fetch=13.5s project=0.3s smooth=2.1s | cache hits=13 misses=2)
[13/110] PIREP at (46.00, -59.40) FL43000 2022-03-25 02:00:00 (cache: 64 images)
  SAVED /cluster/tufts/capstone25skyblue/scleme01/SatelliteTurbulencePrediction/model_inputs/2022_03/0000324.npz (44.6s total | fetch=38.2s project=0.6s smooth=4.2s | cache hits=11 misses=4)
[14/110] PIREP at (43.15, -92.75) FL35000 2022-03-25 02:00:00 (cache: 68 images)
  SAVED /cluster/tufts/capstone25skyblue/scleme01/SatelliteTurbulencePrediction/model_inputs/2022_03/0000513.npz (0.1s total | fetch=0.0s project=0.0s smooth=0.0s | cache hits=15 misses=0)
[15/110] PIREP at (42.41, -75.45) FL23000 2022-03-25 02:31:00 (cache: 68 images)
  SAVED /cluster/tufts/capstone25skyblue/scleme01/SatelliteTurbulencePrediction/model_inputs/2022_03/0000325.npz (65.2s total | fetch=55.7s project=0.9s smooth=6.4s | cache hits=9 misses=6)
[16/110] PIREP at (40.36, -77.99) FL15000 2022-03-25 02:36:00 (cache: 74 images)
  SAVED /cluster/tufts/capstone25skyblue/scleme01/SatelliteTurbulencePrediction/model_inputs/2022_03/0000326.npz (10.6s total | fetch=8.9s project=0.1s smooth=1.1s | cache hits=14 misses=1)
[17/110] PIREP at (46.80, -102.80) FL35000 2022-03-25 02:53:00 (cache: 75 images)
  SAVED /cluster/tufts/capstone25skyblue/scleme01/SatelliteTurbulencePrediction/model_inputs/2022_03/0000773.npz (35.7s total | fetch=30.6s project=0.5s smooth=3.3s | cache hits=12 misses=3)
[18/110] PIREP at (41.81, -77.25) FL23000 2022-03-25 02:58:00 (cache: 78 images)
  SAVED /cluster/tufts/capstone25skyblue/scleme01/SatelliteTurbulencePrediction/model_inputs/2022_03/0000327.npz (10.0s total | fetch=8.3s project=0.1s smooth=1.1s | cache hits=14 misses=1)
[19/110] PIREP at (46.53, -66.67) FL41000 2022-03-25 04:41:00 (cache: 79 images)
  SAVED /cluster/tufts/capstone25skyblue/scleme01/SatelliteTurbulencePrediction/model_inputs/2022_03/0000328.npz (171.9s total | fetch=148.1s project=2.2s smooth=16.1s | cache hits=0 misses=15)
[20/110] PIREP at (61.75, -147.89) FL29000 2022-03-25 06:05:00 (cache: 94 images)
  SAVED /cluster/tufts/capstone25skyblue/scleme01/SatelliteTurbulencePrediction/model_inputs/2022_03/0000329.npz (150.2s total | fetch=126.9s project=2.2s smooth=15.8s | cache hits=0 misses=15)
[21/110] PIREP at (37.09, -84.08) FL19000 2022-03-25 10:01:00 (cache: 109 images)
  SAVED /cluster/tufts/capstone25skyblue/scleme01/SatelliteTurbulencePrediction/model_inputs/2022_03/0000432.npz (200.5s total | fetch=177.1s project=2.2s smooth=15.8s | cache hits=0 misses=15)
[22/110] PIREP at (46.79, -70.91) FL25000 2022-03-25 11:20:00 (cache: 124 images)
  SAVED /cluster/tufts/capstone25skyblue/scleme01/SatelliteTurbulencePrediction/model_inputs/2022_03/0000330.npz (153.5s total | fetch=129.3s project=2.3s smooth=16.3s | cache hits=0 misses=15)
[23/110] PIREP at (38.48, -79.17) FL26000 2022-03-25 12:19:00 (cache: 139 images)
  SAVED /cluster/tufts/capstone25skyblue/scleme01/SatelliteTurbulencePrediction/model_inputs/2022_03/0000331.npz (2058.3s total | fetch=2040.8s project=1.6s smooth=11.6s | cache hits=4 misses=11)
[24/110] PIREP at (25.94, -77.83) FL10000 2022-03-25 13:35:00 (cache: 150 images)
  SAVED /cluster/tufts/capstone25skyblue/scleme01/SatelliteTurbulencePrediction/model_inputs/2022_03/0000332.npz (10556.0s total | fetch=10531.2s project=2.2s smooth=15.7s | cache hits=0 misses=15)
[25/110] PIREP at (40.12, -76.29) FL19000 2022-03-25 13:50:00 (cache: 165 images)
  SAVED /cluster/tufts/capstone25skyblue/scleme01/SatelliteTurbulencePrediction/model_inputs/2022_03/0000333.npz (2063.5s total | fetch=2058.4s project=0.5s smooth=3.2s | cache hits=12 misses=3)
[26/110] PIREP at (61.08, -147.92) FL29000 2022-03-25 14:09:00 (cache: 168 images)
  SAVED /cluster/tufts/capstone25skyblue/scleme01/SatelliteTurbulencePrediction/model_inputs/2022_03/0000334.npz (2083.6s total | fetch=2078.6s project=0.4s smooth=3.1s | cache hits=12 misses=3)
[27/110] PIREP at (39.11, -76.37) FL19000 2022-03-25 14:20:00 (cache: 171 images)
  SAVED /cluster/tufts/capstone25skyblue/scleme01/SatelliteTurbulencePrediction/model_inputs/2022_03/0000336.npz (2176.1s total | fetch=2170.9s project=0.4s smooth=3.2s | cache hits=12 misses=3)
[28/110] PIREP at (39.11, -76.37) FL19000 2022-03-25 14:20:00 (cache: 174 images)
  SAVED /cluster/tufts/capstone25skyblue/scleme01/SatelliteTurbulencePrediction/model_inputs/2022_03/0000335.npz (0.2s total | fetch=0.0s project=0.0s smooth=0.0s | cache hits=15 misses=0)
[29/110] PIREP at (49.00, -50.00) FL27000 2022-03-25 15:20:00 (cache: 174 images)
  SAVED /cluster/tufts/capstone25skyblue/scleme01/SatelliteTurbulencePrediction/model_inputs/2022_03/0000338.npz (8536.8s total | fetch=8516.6s project=1.7s smooth=12.8s | cache hits=3 misses=12)
[30/110] PIREP at (48.00, -50.00) FL27000 2022-03-25 15:20:00 (cache: 186 images)
  SAVED /cluster/tufts/capstone25skyblue/scleme01/SatelliteTurbulencePrediction/model_inputs/2022_03/0000337.npz (0.1s total | fetch=0.0s project=0.0s smooth=0.0s | cache hits=15 misses=0)
[31/110] PIREP at (63.54, -148.49) FL35000 2022-03-25 15:40:00 (cache: 186 images)
  SAVED /cluster/tufts/capstone25skyblue/scleme01/SatelliteTurbulencePrediction/model_inputs/2022_03/0000466.npz (2796.4s total | fetch=2789.6s project=0.6s smooth=4.3s | cache hits=11 misses=4)
[32/110] PIREP at (48.28, -66.93) FL35000 2022-03-25 15:55:00 (cache: 190 images)
  SAVED /cluster/tufts/capstone25skyblue/scleme01/SatelliteTurbulencePrediction/model_inputs/2022_03/0000339.npz (1893.6s total | fetch=1888.5s project=0.4s smooth=3.2s | cache hits=12 misses=3)
[33/110] PIREP at (28.78, -81.43) FL5000 2022-03-25 17:15:00 (cache: 193 images)
  SAVED /cluster/tufts/capstone25skyblue/scleme01/SatelliteTurbulencePrediction/model_inputs/2022_03/0000340.npz (9889.9s total | fetch=9864.1s project=2.3s smooth=16.5s | cache hits=0 misses=15)
[34/110] PIREP at (46.69, -68.04) FL20000 2022-03-25 17:18:00 (cache: 208 images)
  SAVED /cluster/tufts/capstone25skyblue/scleme01/SatelliteTurbulencePrediction/model_inputs/2022_03/0000341.npz (0.1s total | fetch=0.0s project=0.0s smooth=0.0s | cache hits=15 misses=0)
[35/110] PIREP at (37.73, -100.68) FL6500 2022-03-25 17:31:00 (cache: 208 images)
