Resetting environment
Deactivating conda environment (if any)
Purging all modules
Done! Environment has been torn down
Loading cuda and miniforge...
Activating conda environment...
Redirecting into the satellite repo...
Done! Environment has now been set up
Processing 2017/07 chunk [0:110]
Fetching satellite data for PIREPs in /cluster/tufts/capstone25skyblue/scleme01/SatelliteTurbulencePrediction/pireps/2017/07_turb_pireps.csv
Processing chunk [0:110] (110 PIREPs) from /cluster/tufts/capstone25skyblue/scleme01/SatelliteTurbulencePrediction/pireps/2017/07_turb_pireps.csv
[1/110] PIREP at (33.56, -96.90) FL40000 2017-07-01 13:37:00 (cache: 0 images)
  SAVED /cluster/tufts/capstone25skyblue/scleme01/SatelliteTurbulencePrediction/model_inputs/2017_07/0000175.npz (14833.1s total | fetch=14805.4s project=2.1s smooth=19.8s | cache hits=0 misses=15)
[2/110] PIREP at (35.74, -97.58) FL26000 2017-07-01 17:01:00 (cache: 15 images)
  SAVED /cluster/tufts/capstone25skyblue/scleme01/SatelliteTurbulencePrediction/model_inputs/2017_07/0000151.npz (17946.7s total | fetch=17919.0s project=2.1s smooth=19.8s | cache hits=0 misses=15)
[3/110] PIREP at (41.94, -72.65) FL7000 2017-07-01 18:48:00 (cache: 30 images)
  SAVED /cluster/tufts/capstone25skyblue/scleme01/SatelliteTurbulencePrediction/model_inputs/2017_07/0000167.npz (18463.2s total | fetch=18435.5s project=2.1s smooth=19.8s | cache hits=0 misses=15)
[4/110] PIREP at (21.27, -157.88) FL8000 2017-07-01 19:29:00 (cache: 45 images)
  SAVED /cluster/tufts/capstone25skyblue/scleme01/SatelliteTurbulencePrediction/model_inputs/2017_07/0000226.npz (10304.9s total | fetch=10290.2s project=1.1s smooth=10.5s | cache hits=7 misses=8)
[5/110] PIREP at (46.27, -122.43) FL8500 2017-07-01 20:41:00 (cache: 53 images)
  SAVED /cluster/tufts/capstone25skyblue/scleme01/SatelliteTurbulencePrediction/model_inputs/2017_07/0000140.npz (17339.3s total | fetch=17311.7s project=2.1s smooth=19.7s | cache hits=0 misses=15)
[6/110] PIREP at (62.96, -141.92) FL36000 2017-07-01 21:24:00 (cache: 68 images)
  SAVED /cluster/tufts/capstone25skyblue/scleme01/SatelliteTurbulencePrediction/model_inputs/2017_07/0000131.npz (8320.0s total | fetch=8305.3s project=1.1s smooth=10.5s | cache hits=7 misses=8)
[7/110] SKIPPING /cluster/tufts/capstone25skyblue/scleme01/SatelliteTurbulencePrediction/model_inputs/2017_07/0000000.npz (already exists)
[8/110] SKIPPING /cluster/tufts/capstone25skyblue/scleme01/SatelliteTurbulencePrediction/model_inputs/2017_07/0000001.npz (already exists)
[9/110] SKIPPING /cluster/tufts/capstone25skyblue/scleme01/SatelliteTurbulencePrediction/model_inputs/2017_07/0000002.npz (already exists)
[10/110] SKIPPING /cluster/tufts/capstone25skyblue/scleme01/SatelliteTurbulencePrediction/model_inputs/2017_07/0000003.npz (already exists)
[11/110] PIREP at (35.22, -106.40) FL12000 2017-07-02 01:39:00 (cache: 76 images)
