Resetting environment
Deactivating conda environment (if any)
Purging all modules
Done! Environment has been torn down
Loading cuda and miniforge...
Activating conda environment...
Redirecting into the satellite repo...
Done! Environment has now been set up
Processing 2023/05 chunk [0:110]
Fetching satellite data for PIREPs in /cluster/tufts/capstone25skyblue/scleme01/SatelliteTurbulencePrediction/pireps/2023/05_turb_pireps.csv
Processing chunk [0:110] (110 PIREPs) from /cluster/tufts/capstone25skyblue/scleme01/SatelliteTurbulencePrediction/pireps/2023/05_turb_pireps.csv
[1/110] PIREP at (42.56, -96.38) FL45000 2023-05-01 01:18:00 (cache: 0 images)
  SAVED /cluster/tufts/capstone25skyblue/scleme01/SatelliteTurbulencePrediction/model_inputs/2023_05/0000376.npz (217.3s total | fetch=187.1s project=2.0s smooth=21.0s | cache hits=0 misses=15)
[2/110] PIREP at (36.44, -82.13) FL11000 2023-05-01 15:20:00 (cache: 15 images)
  SAVED /cluster/tufts/capstone25skyblue/scleme01/SatelliteTurbulencePrediction/model_inputs/2023_05/0000342.npz (17047.6s total | fetch=17017.5s project=2.0s smooth=21.0s | cache hits=0 misses=15)
[3/110] SKIPPING /cluster/tufts/capstone25skyblue/scleme01/SatelliteTurbulencePrediction/model_inputs/2023_05/0000000.npz (already exists)
[4/110] SKIPPING /cluster/tufts/capstone25skyblue/scleme01/SatelliteTurbulencePrediction/model_inputs/2023_05/0000001.npz (already exists)
[5/110] PIREP at (44.06, -69.10) FL38000 2023-05-01 16:03:00 (cache: 30 images)
  SAVED /cluster/tufts/capstone25skyblue/scleme01/SatelliteTurbulencePrediction/model_inputs/2023_05/0000345.npz (8724.5s total | fetch=8708.3s project=1.1s smooth=11.2s | cache hits=7 misses=8)
[6/110] PIREP at (41.25, -85.50) FL13000 2023-05-01 16:49:00 (cache: 38 images)
