Resetting environment
Deactivating conda environment (if any)
Purging all modules
Done! Environment has been torn down
Loading cuda and miniforge...
Activating conda environment...
Redirecting into the satellite repo...
Done! Environment has now been set up
Processing 2018/03 chunk [660:770]
Fetching satellite data for PIREPs in /cluster/tufts/capstone25skyblue/scleme01/SatelliteTurbulencePrediction/pireps/2018/03_turb_pireps.csv
Processing chunk [660:770] (4 PIREPs) from /cluster/tufts/capstone25skyblue/scleme01/SatelliteTurbulencePrediction/pireps/2018/03_turb_pireps.csv
[1/4] PIREP at (42.06, -84.77) FL12000 2018-03-31 22:15:00 (cache: 0 images)
  SAVED /cluster/tufts/capstone25skyblue/scleme01/SatelliteTurbulencePrediction/model_inputs/2018_03/0000331.npz (14788.2s total | fetch=14757.9s project=2.0s smooth=21.1s | cache hits=0 misses=15)
[2/4] PIREP at (42.06, -84.77) FL12000 2018-03-31 22:15:00 (cache: 15 images)
  SAVED /cluster/tufts/capstone25skyblue/scleme01/SatelliteTurbulencePrediction/model_inputs/2018_03/0000330.npz (0.2s total | fetch=0.0s project=0.0s smooth=0.0s | cache hits=15 misses=0)
[3/4] PIREP at (32.86, -112.81) FL9000 2018-03-31 23:25:00 (cache: 15 images)
  SAVED /cluster/tufts/capstone25skyblue/scleme01/SatelliteTurbulencePrediction/model_inputs/2018_03/0000421.npz (14971.0s total | fetch=14942.6s project=1.9s smooth=19.8s | cache hits=1 misses=14)
[4/4] PIREP at (40.95, -121.73) FL27000 2018-03-31 23:59:00 (cache: 29 images)
  SAVED /cluster/tufts/capstone25skyblue/scleme01/SatelliteTurbulencePrediction/model_inputs/2018_03/0000417.npz (6742.6s total | fetch=6730.3s project=0.8s smooth=8.5s | cache hits=9 misses=6)

Done. Saved 4, skipped 0, failed 0 / 4 PIREPs in chunk. Total time: 608.4 min
Unique satellite images in cache at exit: 35
Python script exit code: 0
All done!
