Resetting environment
Deactivating conda environment (if any)
Purging all modules
Done! Environment has been torn down
Loading cuda and miniforge...
Activating conda environment...
Redirecting into the satellite repo...
Done! Environment has now been set up
Processing 2017/04 chunk [0:150]
Fetching satellite data for PIREPs in /cluster/tufts/capstone25skyblue/scleme01/SatelliteTurbulencePrediction/pireps/2017/04_turb_pireps.csv
Processing chunk [0:150] (150 PIREPs) from /cluster/tufts/capstone25skyblue/scleme01/SatelliteTurbulencePrediction/pireps/2017/04_turb_pireps.csv
[1/150] SKIPPING /cluster/tufts/capstone25skyblue/scleme01/SatelliteTurbulencePrediction/model_inputs/2017_04/0000321.npz (already exists)
[2/150] SKIPPING /cluster/tufts/capstone25skyblue/scleme01/SatelliteTurbulencePrediction/model_inputs/2017_04/0000000.npz (already exists)
[3/150] SKIPPING /cluster/tufts/capstone25skyblue/scleme01/SatelliteTurbulencePrediction/model_inputs/2017_04/0000001.npz (already exists)
[4/150] SKIPPING /cluster/tufts/capstone25skyblue/scleme01/SatelliteTurbulencePrediction/model_inputs/2017_04/0000002.npz (already exists)
[5/150] SKIPPING /cluster/tufts/capstone25skyblue/scleme01/SatelliteTurbulencePrediction/model_inputs/2017_04/0000003.npz (already exists)
[6/150] SKIPPING /cluster/tufts/capstone25skyblue/scleme01/SatelliteTurbulencePrediction/model_inputs/2017_04/0000004.npz (already exists)
[7/150] SKIPPING /cluster/tufts/capstone25skyblue/scleme01/SatelliteTurbulencePrediction/model_inputs/2017_04/0000398.npz (already exists)
[8/150] SKIPPING /cluster/tufts/capstone25skyblue/scleme01/SatelliteTurbulencePrediction/model_inputs/2017_04/0000005.npz (already exists)
[9/150] SKIPPING /cluster/tufts/capstone25skyblue/scleme01/SatelliteTurbulencePrediction/model_inputs/2017_04/0000006.npz (already exists)
[10/150] SKIPPING /cluster/tufts/capstone25skyblue/scleme01/SatelliteTurbulencePrediction/model_inputs/2017_04/0000438.npz (already exists)
[11/150] SKIPPING /cluster/tufts/capstone25skyblue/scleme01/SatelliteTurbulencePrediction/model_inputs/2017_04/0000271.npz (already exists)
[12/150] SKIPPING /cluster/tufts/capstone25skyblue/scleme01/SatelliteTurbulencePrediction/model_inputs/2017_04/0000481.npz (already exists)
[13/150] SKIPPING /cluster/tufts/capstone25skyblue/scleme01/SatelliteTurbulencePrediction/model_inputs/2017_04/0000479.npz (already exists)
[14/150] SKIPPING /cluster/tufts/capstone25skyblue/scleme01/SatelliteTurbulencePrediction/model_inputs/2017_04/0000245.npz (already exists)
[15/150] PIREP at (39.41, -94.06) FL40000 2017-04-01 23:55:00 (cache: 0 images)
  SAVED /cluster/tufts/capstone25skyblue/scleme01/SatelliteTurbulencePrediction/model_inputs/2017_04/0000312.npz (6243.3s total | fetch=6220.3s project=1.7s smooth=16.5s | cache hits=0 misses=15)
[16/150] PIREP at (35.77, -100.73) FL35000 2017-04-02 09:42:00 (cache: 15 images)
  SAVED /cluster/tufts/capstone25skyblue/scleme01/SatelliteTurbulencePrediction/model_inputs/2017_04/0000257.npz (104.1s total | fetch=81.1s project=1.7s smooth=16.6s | cache hits=0 misses=15)
[17/150] SKIPPING /cluster/tufts/capstone25skyblue/scleme01/SatelliteTurbulencePrediction/model_inputs/2017_04/0000007.npz (already exists)
[18/150] PIREP at (41.20, -70.02) FL1600 2017-04-02 12:15:00 (cache: 30 images)
  SAVED /cluster/tufts/capstone25skyblue/scleme01/SatelliteTurbulencePrediction/model_inputs/2017_04/0000436.npz (552.1s total | fetch=529.5s project=1.6s smooth=16.2s | cache hits=0 misses=15)
[19/150] SKIPPING /cluster/tufts/capstone25skyblue/scleme01/SatelliteTurbulencePrediction/model_inputs/2017_04/0000008.npz (already exists)
[20/150] PIREP at (33.37, -94.58) FL36000 2017-04-02 12:49:00 (cache: 45 images)
  SAVED /cluster/tufts/capstone25skyblue/scleme01/SatelliteTurbulencePrediction/model_inputs/2017_04/0000263.npz (2632.6s total | fetch=2623.4s project=0.7s smooth=6.5s | cache hits=9 misses=6)
[21/150] SKIPPING /cluster/tufts/capstone25skyblue/scleme01/SatelliteTurbulencePrediction/model_inputs/2017_04/0000009.npz (already exists)
[22/150] SKIPPING /cluster/tufts/capstone25skyblue/scleme01/SatelliteTurbulencePrediction/model_inputs/2017_04/0000010.npz (already exists)
[23/150] PIREP at (38.35, -81.77) FL38000 2017-04-02 15:51:00 (cache: 51 images)
  SAVED /cluster/tufts/capstone25skyblue/scleme01/SatelliteTurbulencePrediction/model_inputs/2017_04/0000329.npz (6749.7s total | fetch=6726.9s project=1.7s smooth=16.3s | cache hits=0 misses=15)
[24/150] PIREP at (38.84, -99.27) FL45000 2017-04-02 16:42:00 (cache: 66 images)
  SAVED /cluster/tufts/capstone25skyblue/scleme01/SatelliteTurbulencePrediction/model_inputs/2017_04/0000341.npz (5137.5s total | fetch=5122.0s project=1.1s smooth=11.1s | cache hits=5 misses=10)
[25/150] SKIPPING /cluster/tufts/capstone25skyblue/scleme01/SatelliteTurbulencePrediction/model_inputs/2017_04/0000011.npz (already exists)
[26/150] PIREP at (40.67, -98.07) FL34000 2017-04-02 19:53:00 (cache: 76 images)
  SAVED /cluster/tufts/capstone25skyblue/scleme01/SatelliteTurbulencePrediction/model_inputs/2017_04/0000284.npz (8588.4s total | fetch=8565.6s project=1.6s smooth=16.4s | cache hits=0 misses=15)
[27/150] PIREP at (31.54, -97.26) FL32000 2017-04-02 19:57:00 (cache: 91 images)
  SAVED /cluster/tufts/capstone25skyblue/scleme01/SatelliteTurbulencePrediction/model_inputs/2017_04/0000242.npz (532.3s total | fetch=530.6s project=0.1s smooth=1.1s | cache hits=14 misses=1)
[28/150] PIREP at (62.06, -163.30) FL6000 2017-04-02 20:24:00 (cache: 92 images)
  SAVED /cluster/tufts/capstone25skyblue/scleme01/SatelliteTurbulencePrediction/model_inputs/2017_04/0000290.npz (2961.5s total | fetch=2954.0s project=0.5s smooth=5.4s | cache hits=10 misses=5)
[29/150] SKIPPING /cluster/tufts/capstone25skyblue/scleme01/SatelliteTurbulencePrediction/model_inputs/2017_04/0000012.npz (already exists)
[30/150] PIREP at (39.35, -94.13) FL17000 2017-04-02 23:20:00 (cache: 97 images)
  SAVED /cluster/tufts/capstone25skyblue/scleme01/SatelliteTurbulencePrediction/model_inputs/2017_04/0000258.npz (8546.6s total | fetch=8524.1s project=1.6s smooth=16.1s | cache hits=0 misses=15)
[31/150] SKIPPING /cluster/tufts/capstone25skyblue/scleme01/SatelliteTurbulencePrediction/model_inputs/2017_04/0000013.npz (already exists)
[32/150] SKIPPING /cluster/tufts/capstone25skyblue/scleme01/SatelliteTurbulencePrediction/model_inputs/2017_04/0000014.npz (already exists)
[33/150] SKIPPING /cluster/tufts/capstone25skyblue/scleme01/SatelliteTurbulencePrediction/model_inputs/2017_04/0000015.npz (already exists)
[34/150] SKIPPING /cluster/tufts/capstone25skyblue/scleme01/SatelliteTurbulencePrediction/model_inputs/2017_04/0000016.npz (already exists)
[35/150] SKIPPING /cluster/tufts/capstone25skyblue/scleme01/SatelliteTurbulencePrediction/model_inputs/2017_04/0000017.npz (already exists)
[36/150] SKIPPING /cluster/tufts/capstone25skyblue/scleme01/SatelliteTurbulencePrediction/model_inputs/2017_04/0000018.npz (already exists)
[37/150] SKIPPING /cluster/tufts/capstone25skyblue/scleme01/SatelliteTurbulencePrediction/model_inputs/2017_04/0000019.npz (already exists)
[38/150] SKIPPING /cluster/tufts/capstone25skyblue/scleme01/SatelliteTurbulencePrediction/model_inputs/2017_04/0000020.npz (already exists)
[39/150] PIREP at (36.71, -77.38) FL22000 2017-04-03 17:45:00 (cache: 112 images)
  SAVED /cluster/tufts/capstone25skyblue/scleme01/SatelliteTurbulencePrediction/model_inputs/2017_04/0000443.npz (11701.6s total | fetch=11679.1s project=1.6s smooth=16.0s | cache hits=0 misses=15)
[40/150] SKIPPING /cluster/tufts/capstone25skyblue/scleme01/SatelliteTurbulencePrediction/model_inputs/2017_04/0000021.npz (already exists)
[41/150] SKIPPING /cluster/tufts/capstone25skyblue/scleme01/SatelliteTurbulencePrediction/model_inputs/2017_04/0000022.npz (already exists)
[42/150] PIREP at (59.35, -138.38) FL4000 2017-04-03 21:28:00 (cache: 127 images)
