Resetting environment
Deactivating conda environment (if any)
Purging all modules
Done! Environment has been torn down
Loading cuda and miniforge...
Activating conda environment...
Redirecting into the satellite repo...
Done! Environment has now been set up
Processing 2018/12 chunk [220:330]
Fetching satellite data for PIREPs in /cluster/tufts/capstone25skyblue/scleme01/SatelliteTurbulencePrediction/pireps/2018/12_turb_pireps.csv
Processing chunk [220:330] (110 PIREPs) from /cluster/tufts/capstone25skyblue/scleme01/SatelliteTurbulencePrediction/pireps/2018/12_turb_pireps.csv
[1/110] PIREP at (30.48, -87.19) FL6500 2018-12-12 18:54:00 (cache: 0 images)
  SAVED /cluster/tufts/capstone25skyblue/scleme01/SatelliteTurbulencePrediction/model_inputs/2018_12/0000431.npz (14345.0s total | fetch=14314.9s project=2.0s smooth=21.0s | cache hits=0 misses=15)
[2/110] PIREP at (63.88, -152.30) FL10000 2018-12-12 19:30:00 (cache: 15 images)
  SAVED /cluster/tufts/capstone25skyblue/scleme01/SatelliteTurbulencePrediction/model_inputs/2018_12/0000577.npz (8961.6s total | fetch=8945.6s project=1.1s smooth=11.2s | cache hits=7 misses=8)
[3/110] PIREP at (40.89, -105.78) FL43000 2018-12-12 20:46:00 (cache: 23 images)
  SAVED /cluster/tufts/capstone25skyblue/scleme01/SatelliteTurbulencePrediction/model_inputs/2018_12/0000091.npz (17669.4s total | fetch=17639.4s project=2.0s smooth=21.0s | cache hits=0 misses=15)
[4/110] PIREP at (34.52, -109.38) FL33000 2018-12-12 22:25:00 (cache: 38 images)
  SAVED /cluster/tufts/capstone25skyblue/scleme01/SatelliteTurbulencePrediction/model_inputs/2018_12/0000093.npz (16181.3s total | fetch=16151.1s project=2.0s smooth=21.1s | cache hits=0 misses=15)
[5/110] PIREP at (34.52, -109.38) FL33000 2018-12-12 22:25:00 (cache: 53 images)
  SAVED /cluster/tufts/capstone25skyblue/scleme01/SatelliteTurbulencePrediction/model_inputs/2018_12/0000094.npz (0.2s total | fetch=0.0s project=0.0s smooth=0.0s | cache hits=15 misses=0)
[6/110] PIREP at (34.52, -109.38) FL33000 2018-12-12 22:25:00 (cache: 53 images)
  SAVED /cluster/tufts/capstone25skyblue/scleme01/SatelliteTurbulencePrediction/model_inputs/2018_12/0000092.npz (0.2s total | fetch=0.0s project=0.0s smooth=0.0s | cache hits=15 misses=0)
[7/110] PIREP at (38.79, -82.30) FL40000 2018-12-12 22:39:00 (cache: 53 images)
  SAVED /cluster/tufts/capstone25skyblue/scleme01/SatelliteTurbulencePrediction/model_inputs/2018_12/0000435.npz (2157.6s total | fetch=2153.4s project=0.3s smooth=2.8s | cache hits=13 misses=2)
[8/110] PIREP at (39.63, -111.36) FL31000 2018-12-12 22:54:00 (cache: 55 images)
  SAVED /cluster/tufts/capstone25skyblue/scleme01/SatelliteTurbulencePrediction/model_inputs/2018_12/0000809.npz (2911.0s total | fetch=2904.9s project=0.4s smooth=4.2s | cache hits=12 misses=3)
[9/110] PIREP at (33.59, -111.86) FL35000 2018-12-12 23:03:00 (cache: 58 images)
  SAVED /cluster/tufts/capstone25skyblue/scleme01/SatelliteTurbulencePrediction/model_inputs/2018_12/0000095.npz (2101.8s total | fetch=2097.6s project=0.3s smooth=2.8s | cache hits=13 misses=2)
[10/110] PIREP at (40.63, -109.24) FL36000 2018-12-13 01:50:00 (cache: 60 images)
  SAVED /cluster/tufts/capstone25skyblue/scleme01/SatelliteTurbulencePrediction/model_inputs/2018_12/0000096.npz (222.6s total | fetch=192.5s project=2.0s smooth=21.0s | cache hits=0 misses=15)
[11/110] PIREP at (40.83, -108.49) FL36000 2018-12-13 01:54:00 (cache: 75 images)
  SAVED /cluster/tufts/capstone25skyblue/scleme01/SatelliteTurbulencePrediction/model_inputs/2018_12/0000097.npz (0.2s total | fetch=0.0s project=0.0s smooth=0.0s | cache hits=15 misses=0)
[12/110] PIREP at (38.38, -83.60) FL38000 2018-12-13 02:18:00 (cache: 75 images)
  SAVED /cluster/tufts/capstone25skyblue/scleme01/SatelliteTurbulencePrediction/model_inputs/2018_12/0000668.npz (82.5s total | fetch=72.4s project=0.6s smooth=7.0s | cache hits=10 misses=5)
[13/110] PIREP at (20.78, -156.95) FL4000 2018-12-13 04:35:00 (cache: 80 images)
  SAVED /cluster/tufts/capstone25skyblue/scleme01/SatelliteTurbulencePrediction/model_inputs/2018_12/0000725.npz (216.9s total | fetch=187.0s project=1.9s smooth=21.0s | cache hits=0 misses=15)
[14/110] PIREP at (58.35, -134.57) FL10000 2018-12-13 06:45:00 (cache: 95 images)
  SAVED /cluster/tufts/capstone25skyblue/scleme01/SatelliteTurbulencePrediction/model_inputs/2018_12/0000417.npz (243.8s total | fetch=213.7s project=2.0s smooth=21.1s | cache hits=0 misses=15)
[15/110] PIREP at (27.54, -99.46) FL15000 2018-12-13 07:06:00 (cache: 110 images)
  SAVED /cluster/tufts/capstone25skyblue/scleme01/SatelliteTurbulencePrediction/model_inputs/2018_12/0000098.npz (78.8s total | fetch=70.6s project=0.5s smooth=5.6s | cache hits=11 misses=4)
[16/110] PIREP at (55.55, -179.67) FL33000 2018-12-13 09:59:00 (cache: 114 images)
  SAVED /cluster/tufts/capstone25skyblue/scleme01/SatelliteTurbulencePrediction/model_inputs/2018_12/0000653.npz (219.1s total | fetch=189.1s project=2.0s smooth=21.1s | cache hits=0 misses=15)
[17/110] PIREP at (38.38, -91.83) FL21000 2018-12-13 13:16:00 (cache: 129 images)
  SAVED /cluster/tufts/capstone25skyblue/scleme01/SatelliteTurbulencePrediction/model_inputs/2018_12/0000473.npz (11752.2s total | fetch=11721.9s project=2.0s smooth=21.2s | cache hits=0 misses=15)
[18/110] PIREP at (34.08, -100.97) FL33000 2018-12-13 13:42:00 (cache: 144 images)
  SAVED /cluster/tufts/capstone25skyblue/scleme01/SatelliteTurbulencePrediction/model_inputs/2018_12/0000551.npz (4789.4s total | fetch=4779.2s project=0.7s smooth=7.0s | cache hits=10 misses=5)
[19/110] PIREP at (33.27, -148.13) FL32000 2018-12-13 13:48:00 (cache: 149 images)
  SAVED /cluster/tufts/capstone25skyblue/scleme01/SatelliteTurbulencePrediction/model_inputs/2018_12/0000099.npz (939.3s total | fetch=937.3s project=0.1s smooth=1.4s | cache hits=14 misses=1)
[20/110] PIREP at (33.63, -97.54) FL12000 2018-12-13 14:06:00 (cache: 150 images)
  SAVED /cluster/tufts/capstone25skyblue/scleme01/SatelliteTurbulencePrediction/model_inputs/2018_12/0000480.npz (3580.5s total | fetch=3572.1s project=0.5s smooth=5.7s | cache hits=11 misses=4)
[21/110] PIREP at (43.15, -75.61) FL36000 2018-12-13 14:11:00 (cache: 154 images)
  SAVED /cluster/tufts/capstone25skyblue/scleme01/SatelliteTurbulencePrediction/model_inputs/2018_12/0000593.npz (871.4s total | fetch=869.2s project=0.1s smooth=1.4s | cache hits=14 misses=1)
[22/110] PIREP at (40.24, -85.40) FL26000 2018-12-13 14:24:00 (cache: 155 images)
  SAVED /cluster/tufts/capstone25skyblue/scleme01/SatelliteTurbulencePrediction/model_inputs/2018_12/0000646.npz (2115.4s total | fetch=2111.2s project=0.3s smooth=2.8s | cache hits=13 misses=2)
[23/110] PIREP at (37.04, -100.54) FL38000 2018-12-13 15:18:00 (cache: 157 images)
