Resetting environment
Deactivating conda environment (if any)
Purging all modules
Done! Environment has been torn down
Loading cuda and miniforge...
Activating conda environment...
Redirecting into the satellite repo...
Done! Environment has now been set up
Processing 2017/06 chunk [0:110]
Fetching satellite data for PIREPs in /cluster/tufts/capstone25skyblue/scleme01/SatelliteTurbulencePrediction/pireps/2017/06_turb_pireps.csv
Processing chunk [0:110] (110 PIREPs) from /cluster/tufts/capstone25skyblue/scleme01/SatelliteTurbulencePrediction/pireps/2017/06_turb_pireps.csv
[1/110] PIREP at (42.99, -74.22) FL38000 2017-06-01 10:27:00 (cache: 0 images)
  SAVED /cluster/tufts/capstone25skyblue/scleme01/SatelliteTurbulencePrediction/model_inputs/2017_06/0000225.npz (138.1s total | fetch=110.2s project=2.1s smooth=19.9s | cache hits=0 misses=15)
[2/110] PIREP at (34.33, -86.28) FL38000 2017-06-01 13:02:00 (cache: 15 images)
  SAVED /cluster/tufts/capstone25skyblue/scleme01/SatelliteTurbulencePrediction/model_inputs/2017_06/0000312.npz (13557.0s total | fetch=13529.3s project=2.1s smooth=19.7s | cache hits=0 misses=15)
[3/110] PIREP at (62.08, -152.72) FL6500 2017-06-01 18:00:00 (cache: 30 images)
  SAVED /cluster/tufts/capstone25skyblue/scleme01/SatelliteTurbulencePrediction/model_inputs/2017_06/0000172.npz (18249.9s total | fetch=18222.3s project=2.1s smooth=19.6s | cache hits=0 misses=15)
[4/110] PIREP at (41.38, -74.35) FL38000 2017-06-01 18:24:00 (cache: 45 images)
  SAVED /cluster/tufts/capstone25skyblue/scleme01/SatelliteTurbulencePrediction/model_inputs/2017_06/0000224.npz (5264.5s total | fetch=5257.0s project=0.6s smooth=5.2s | cache hits=11 misses=4)
[5/110] PIREP at (35.46, -80.85) FL43000 2017-06-01 22:56:00 (cache: 49 images)
  SAVED /cluster/tufts/capstone25skyblue/scleme01/SatelliteTurbulencePrediction/model_inputs/2017_06/0000241.npz (17874.8s total | fetch=17846.5s project=2.2s smooth=20.0s | cache hits=0 misses=15)
[6/110] PIREP at (41.17, -71.58) FL10000 2017-06-01 23:14:00 (cache: 64 images)
  SAVED /cluster/tufts/capstone25skyblue/scleme01/SatelliteTurbulencePrediction/model_inputs/2017_06/0000264.npz (3325.0s total | fetch=3319.3s project=0.4s smooth=3.9s | cache hits=12 misses=3)
[7/110] SKIPPING /cluster/tufts/capstone25skyblue/scleme01/SatelliteTurbulencePrediction/model_inputs/2017_06/0000000.npz (already exists)
[8/110] SKIPPING /cluster/tufts/capstone25skyblue/scleme01/SatelliteTurbulencePrediction/model_inputs/2017_06/0000001.npz (already exists)
[9/110] PIREP at (34.41, -111.24) FL35000 2017-06-02 03:16:00 (cache: 67 images)
  SAVED /cluster/tufts/capstone25skyblue/scleme01/SatelliteTurbulencePrediction/model_inputs/2017_06/0000253.npz (259.1s total | fetch=231.4s project=2.1s smooth=19.7s | cache hits=0 misses=15)
[10/110] PIREP at (66.16, -148.16) FL4500 2017-06-02 04:16:00 (cache: 82 images)
  SAVED /cluster/tufts/capstone25skyblue/scleme01/SatelliteTurbulencePrediction/model_inputs/2017_06/0000167.npz (174.6s total | fetch=152.5s project=1.7s smooth=15.7s | cache hits=3 misses=12)
[11/110] SKIPPING /cluster/tufts/capstone25skyblue/scleme01/SatelliteTurbulencePrediction/model_inputs/2017_06/0000002.npz (already exists)
[12/110] PIREP at (32.54, -99.56) FL29000 2017-06-02 15:02:00 (cache: 94 images)
  SAVED /cluster/tufts/capstone25skyblue/scleme01/SatelliteTurbulencePrediction/model_inputs/2017_06/0000254.npz (16589.7s total | fetch=16562.0s project=2.1s smooth=19.6s | cache hits=0 misses=15)
[13/110] PIREP at (32.16, -98.57) FL36000 2017-06-02 15:04:00 (cache: 109 images)
  SAVED /cluster/tufts/capstone25skyblue/scleme01/SatelliteTurbulencePrediction/model_inputs/2017_06/0000320.npz (0.2s total | fetch=0.0s project=0.0s smooth=0.0s | cache hits=15 misses=0)
[14/110] SKIPPING /cluster/tufts/capstone25skyblue/scleme01/SatelliteTurbulencePrediction/model_inputs/2017_06/0000003.npz (already exists)
[15/110] PIREP at (39.10, -74.80) FL36000 2017-06-02 17:56:00 (cache: 109 images)
