Resetting environment
Deactivating conda environment (if any)
Purging all modules
Done! Environment has been torn down
Loading cuda and miniforge...
Activating conda environment...
Redirecting into the satellite repo...
Done! Environment has now been set up
Processing 2020/06 chunk [220:330]
Fetching satellite data for PIREPs in /cluster/tufts/capstone25skyblue/scleme01/SatelliteTurbulencePrediction/pireps/2020/06_turb_pireps.csv
Processing chunk [220:330] (24 PIREPs) from /cluster/tufts/capstone25skyblue/scleme01/SatelliteTurbulencePrediction/pireps/2020/06_turb_pireps.csv
[1/24] PIREP at (38.79, -119.06) FL14000 2020-06-28 21:52:00 (cache: 0 images)
  SAVED /cluster/tufts/capstone25skyblue/scleme01/SatelliteTurbulencePrediction/model_inputs/2020_06/0000101.npz (15713.0s total | fetch=15682.9s project=2.0s smooth=21.0s | cache hits=0 misses=15)
[2/24] PIREP at (33.92, -116.85) FL3500 2020-06-28 21:58:00 (cache: 15 images)
  SAVED /cluster/tufts/capstone25skyblue/scleme01/SatelliteTurbulencePrediction/model_inputs/2020_06/0000102.npz (1262.2s total | fetch=1260.0s project=0.1s smooth=1.4s | cache hits=14 misses=1)
[3/24] PIREP at (39.00, -119.75) FL14000 2020-06-28 22:03:00 (cache: 16 images)
  SAVED /cluster/tufts/capstone25skyblue/scleme01/SatelliteTurbulencePrediction/model_inputs/2020_06/0000103.npz (1212.0s total | fetch=1209.9s project=0.1s smooth=1.4s | cache hits=14 misses=1)
[4/24] PIREP at (39.00, -119.75) FL14000 2020-06-28 22:03:00 (cache: 17 images)
  SAVED /cluster/tufts/capstone25skyblue/scleme01/SatelliteTurbulencePrediction/model_inputs/2020_06/0000104.npz (0.2s total | fetch=0.0s project=0.0s smooth=0.0s | cache hits=15 misses=0)
[5/24] PIREP at (38.86, -121.54) FL7000 2020-06-28 23:14:00 (cache: 17 images)
  SAVED /cluster/tufts/capstone25skyblue/scleme01/SatelliteTurbulencePrediction/model_inputs/2020_06/0000133.npz (17127.7s total | fetch=17099.5s project=1.9s smooth=19.6s | cache hits=1 misses=14)
[6/24] PIREP at (40.65, -111.91) FL8000 2020-06-28 23:32:00 (cache: 31 images)
  SAVED /cluster/tufts/capstone25skyblue/scleme01/SatelliteTurbulencePrediction/model_inputs/2020_06/0000105.npz (4537.7s total | fetch=4529.5s project=0.5s smooth=5.6s | cache hits=11 misses=4)
[7/24] PIREP at (40.19, -111.96) FL9500 2020-06-29 00:10:00 (cache: 35 images)
  SAVED /cluster/tufts/capstone25skyblue/scleme01/SatelliteTurbulencePrediction/model_inputs/2020_06/0000106.npz (9164.7s total | fetch=9148.5s project=1.1s smooth=11.2s | cache hits=7 misses=8)
[8/24] PIREP at (37.56, -122.18) FL1000 2020-06-29 00:34:00 (cache: 43 images)
  SAVED /cluster/tufts/capstone25skyblue/scleme01/SatelliteTurbulencePrediction/model_inputs/2020_06/0000107.npz (4305.1s total | fetch=4296.9s project=0.5s smooth=5.6s | cache hits=11 misses=4)
[9/24] PIREP at (41.66, -111.72) FL13000 2020-06-29 01:00:00 (cache: 47 images)
  SAVED /cluster/tufts/capstone25skyblue/scleme01/SatelliteTurbulencePrediction/model_inputs/2020_06/0000108.npz (6360.2s total | fetch=6348.1s project=0.8s smooth=8.4s | cache hits=9 misses=6)
[10/24] PIREP at (36.02, -114.86) FL34000 2020-06-29 01:40:00 (cache: 53 images)
  SAVED /cluster/tufts/capstone25skyblue/scleme01/SatelliteTurbulencePrediction/model_inputs/2020_06/0000110.npz (7876.4s total | fetch=7860.4s project=1.1s smooth=11.1s | cache hits=7 misses=8)
[11/24] PIREP at (36.00, -114.86) FL34000 2020-06-29 01:40:00 (cache: 61 images)
  SAVED /cluster/tufts/capstone25skyblue/scleme01/SatelliteTurbulencePrediction/model_inputs/2020_06/0000111.npz (0.2s total | fetch=0.0s project=0.0s smooth=0.0s | cache hits=15 misses=0)
[12/24] PIREP at (36.02, -114.86) FL34000 2020-06-29 01:40:00 (cache: 61 images)
  SAVED /cluster/tufts/capstone25skyblue/scleme01/SatelliteTurbulencePrediction/model_inputs/2020_06/0000109.npz (0.2s total | fetch=0.0s project=0.0s smooth=0.0s | cache hits=15 misses=0)
[13/24] PIREP at (31.76, -97.47) FL2000 2020-06-29 14:08:00 (cache: 61 images)
  SAVED /cluster/tufts/capstone25skyblue/scleme01/SatelliteTurbulencePrediction/model_inputs/2020_06/0000112.npz (15963.8s total | fetch=15933.5s project=2.0s smooth=21.0s | cache hits=0 misses=15)
[14/24] PIREP at (31.76, -97.47) FL2000 2020-06-29 14:10:00 (cache: 76 images)
  SAVED /cluster/tufts/capstone25skyblue/scleme01/SatelliteTurbulencePrediction/model_inputs/2020_06/0000113.npz (1053.1s total | fetch=1050.8s project=0.1s smooth=1.4s | cache hits=14 misses=1)
[15/24] PIREP at (39.98, -103.58) FL9500 2020-06-29 19:35:00 (cache: 77 images)
