Resetting environment
Deactivating conda environment (if any)
Purging all modules
Done! Environment has been torn down
Allocating resources with slurm...
Loading cuda and miniforge...
Activating conda environment...
Redirecting into the satellite repo...
Done! Environment has now been set up
Processing 2020/05 chunk [150:300]
Fetching satellite data for PIREPs in /cluster/tufts/capstone25skyblue/scleme01/SatelliteTurbulencePrediction/pireps/2020/05_turb_pireps.csv
Processing chunk [150:300] (68 PIREPs) from /cluster/tufts/capstone25skyblue/scleme01/SatelliteTurbulencePrediction/pireps/2020/05_turb_pireps.csv
[1/68] PIREP at (30.24, -84.42) FL39000 2020-05-21 02:01:00 (cache: 0 images)
  SAVED /cluster/tufts/capstone25skyblue/scleme01/SatelliteTurbulencePrediction/model_inputs/2020_05/0000078.npz (1563.8s total | fetch=1532.6s project=2.1s smooth=21.7s | cache hits=0 misses=15)
[2/68] PIREP at (27.96, -99.46) FL4000 2020-05-21 12:15:00 (cache: 15 images)
  SAVED /cluster/tufts/capstone25skyblue/scleme01/SatelliteTurbulencePrediction/model_inputs/2020_05/0000080.npz (9958.9s total | fetch=9928.0s project=2.1s smooth=21.6s | cache hits=0 misses=15)
[3/68] PIREP at (27.96, -99.46) FL4000 2020-05-21 12:15:00 (cache: 30 images)
  SAVED /cluster/tufts/capstone25skyblue/scleme01/SatelliteTurbulencePrediction/model_inputs/2020_05/0000079.npz (0.2s total | fetch=0.0s project=0.0s smooth=0.0s | cache hits=15 misses=0)
[4/68] PIREP at (64.92, -157.67) FL37000 2020-05-21 16:48:00 (cache: 30 images)
  SAVED /cluster/tufts/capstone25skyblue/scleme01/SatelliteTurbulencePrediction/model_inputs/2020_05/0000121.npz (13209.2s total | fetch=13179.1s project=2.0s smooth=20.9s | cache hits=0 misses=15)
[5/68] PIREP at (34.60, -117.59) FL11500 2020-05-21 17:42:00 (cache: 45 images)
