Resetting environment
Deactivating conda environment (if any)
Purging all modules
Done! Environment has been torn down
Loading cuda and miniforge...
Activating conda environment...
Redirecting into the satellite repo...
Done! Environment has now been set up
Processing 2024/05 chunk [330:440]
Fetching satellite data for PIREPs in /cluster/tufts/capstone25skyblue/scleme01/SatelliteTurbulencePrediction/pireps/2024/05_turb_pireps.csv
Processing chunk [330:440] (110 PIREPs) from /cluster/tufts/capstone25skyblue/scleme01/SatelliteTurbulencePrediction/pireps/2024/05_turb_pireps.csv
[1/110] PIREP at (34.73, -92.24) FL31000 2024-05-14 02:15:00 (cache: 0 images)
  SAVED /cluster/tufts/capstone25skyblue/scleme01/SatelliteTurbulencePrediction/model_inputs/2024_05/0000175.npz (250.2s total | fetch=219.4s project=2.0s smooth=21.5s | cache hits=0 misses=15)
[2/110] PIREP at (34.73, -92.24) FL31000 2024-05-14 02:40:00 (cache: 15 images)
  SAVED /cluster/tufts/capstone25skyblue/scleme01/SatelliteTurbulencePrediction/model_inputs/2024_05/0000176.npz (67.3s total | fetch=56.9s project=0.7s smooth=7.2s | cache hits=10 misses=5)
[3/110] PIREP at (35.96, -90.93) FL40000 2024-05-14 03:46:00 (cache: 20 images)
  SAVED /cluster/tufts/capstone25skyblue/scleme01/SatelliteTurbulencePrediction/model_inputs/2024_05/0000177.npz (181.2s total | fetch=154.5s project=1.7s smooth=18.7s | cache hits=2 misses=13)
[4/110] PIREP at (39.78, -88.28) FL28000 2024-05-14 04:35:00 (cache: 33 images)
  SAVED /cluster/tufts/capstone25skyblue/scleme01/SatelliteTurbulencePrediction/model_inputs/2024_05/0000178.npz (145.7s total | fetch=125.1s project=1.4s smooth=14.4s | cache hits=5 misses=10)
[5/110] PIREP at (34.46, -98.14) FL38000 2024-05-14 04:38:00 (cache: 43 images)
  SAVED /cluster/tufts/capstone25skyblue/scleme01/SatelliteTurbulencePrediction/model_inputs/2024_05/0000649.npz (0.3s total | fetch=0.0s project=0.0s smooth=0.0s | cache hits=15 misses=0)
[6/110] PIREP at (40.03, -88.28) FL31000 2024-05-14 04:42:00 (cache: 43 images)
  SAVED /cluster/tufts/capstone25skyblue/scleme01/SatelliteTurbulencePrediction/model_inputs/2024_05/0000179.npz (12.7s total | fetch=10.4s project=0.1s smooth=1.4s | cache hits=14 misses=1)
[7/110] PIREP at (40.03, -88.28) FL31000 2024-05-14 04:42:00 (cache: 44 images)
  SAVED /cluster/tufts/capstone25skyblue/scleme01/SatelliteTurbulencePrediction/model_inputs/2024_05/0000180.npz (0.2s total | fetch=0.0s project=0.0s smooth=0.0s | cache hits=15 misses=0)
[8/110] PIREP at (39.84, -90.12) FL31000 2024-05-14 05:02:00 (cache: 44 images)
  SAVED /cluster/tufts/capstone25skyblue/scleme01/SatelliteTurbulencePrediction/model_inputs/2024_05/0000181.npz (54.0s total | fetch=45.6s project=0.5s smooth=5.8s | cache hits=11 misses=4)
[9/110] PIREP at (36.83, -81.77) FL24000 2024-05-14 10:57:00 (cache: 48 images)
  SAVED /cluster/tufts/capstone25skyblue/scleme01/SatelliteTurbulencePrediction/model_inputs/2024_05/0000388.npz (165.6s total | fetch=134.4s project=2.1s smooth=21.9s | cache hits=0 misses=15)
[10/110] PIREP at (25.21, -81.63) FL38000 2024-05-14 11:43:00 (cache: 63 images)
  SAVED /cluster/tufts/capstone25skyblue/scleme01/SatelliteTurbulencePrediction/model_inputs/2024_05/0000477.npz (103.8s total | fetch=85.0s project=1.2s smooth=13.1s | cache hits=6 misses=9)
[11/110] PIREP at (30.78, -87.01) FL13000 2024-05-14 12:05:00 (cache: 72 images)
  SAVED /cluster/tufts/capstone25skyblue/scleme01/SatelliteTurbulencePrediction/model_inputs/2024_05/0000182.npz (105.4s total | fetch=94.9s project=0.7s smooth=7.2s | cache hits=10 misses=5)
[12/110] PIREP at (34.92, -81.96) FL28000 2024-05-14 12:08:00 (cache: 77 images)
  SAVED /cluster/tufts/capstone25skyblue/scleme01/SatelliteTurbulencePrediction/model_inputs/2024_05/0000400.npz (0.2s total | fetch=0.0s project=0.0s smooth=0.0s | cache hits=15 misses=0)
[13/110] PIREP at (27.50, -78.88) FL39000 2024-05-14 12:09:00 (cache: 77 images)
  SAVED /cluster/tufts/capstone25skyblue/scleme01/SatelliteTurbulencePrediction/model_inputs/2024_05/0000459.npz (0.3s total | fetch=0.0s project=0.0s smooth=0.0s | cache hits=15 misses=0)
[14/110] PIREP at (42.76, -73.80) FL29000 2024-05-14 12:19:00 (cache: 77 images)
  SAVED /cluster/tufts/capstone25skyblue/scleme01/SatelliteTurbulencePrediction/model_inputs/2024_05/0000549.npz (37.8s total | fetch=33.5s project=0.3s smooth=2.9s | cache hits=13 misses=2)
[15/110] PIREP at (48.38, -102.90) FL32000 2024-05-14 13:48:00 (cache: 79 images)
