Resetting environment
Deactivating conda environment (if any)
Purging all modules
Done! Environment has been torn down
Loading cuda and miniforge...
Activating conda environment...
Redirecting into the satellite repo...
Done! Environment has now been set up
Processing 2018/03 chunk [300:450]
Fetching satellite data for PIREPs in /cluster/tufts/capstone25skyblue/scleme01/SatelliteTurbulencePrediction/pireps/2018/03_turb_pireps.csv
Processing chunk [300:450] (150 PIREPs) from /cluster/tufts/capstone25skyblue/scleme01/SatelliteTurbulencePrediction/pireps/2018/03_turb_pireps.csv
[1/150] PIREP at (47.34, -58.35) FL32000 2018-03-13 14:45:00 (cache: 0 images)
  SAVED /cluster/tufts/capstone25skyblue/scleme01/SatelliteTurbulencePrediction/model_inputs/2018_03/0000168.npz (7207.3s total | fetch=7177.0s project=2.1s smooth=21.2s | cache hits=0 misses=15)
[2/150] PIREP at (34.50, -102.84) FL41000 2018-03-13 15:16:00 (cache: 15 images)
  SAVED /cluster/tufts/capstone25skyblue/scleme01/SatelliteTurbulencePrediction/model_inputs/2018_03/0000398.npz (2761.3s total | fetch=2749.0s project=0.8s smooth=8.4s | cache hits=9 misses=6)
[3/150] PIREP at (33.62, -114.52) FL26000 2018-03-13 15:27:00 (cache: 21 images)
  SAVED /cluster/tufts/capstone25skyblue/scleme01/SatelliteTurbulencePrediction/model_inputs/2018_03/0000169.npz (1063.3s total | fetch=1059.1s project=0.3s smooth=2.8s | cache hits=13 misses=2)
[4/150] PIREP at (40.24, -85.40) FL32000 2018-03-13 16:05:00 (cache: 23 images)
  SAVED /cluster/tufts/capstone25skyblue/scleme01/SatelliteTurbulencePrediction/model_inputs/2018_03/0000426.npz (4660.3s total | fetch=4644.0s project=1.1s smooth=11.3s | cache hits=7 misses=8)
[5/150] PIREP at (45.25, -122.77) FL1500 2018-03-13 17:49:00 (cache: 31 images)
  SAVED /cluster/tufts/capstone25skyblue/scleme01/SatelliteTurbulencePrediction/model_inputs/2018_03/0000443.npz (9202.4s total | fetch=9171.9s project=2.0s smooth=21.3s | cache hits=0 misses=15)
[6/150] PIREP at (34.02, -107.20) FL8500 2018-03-13 18:01:00 (cache: 46 images)
  SAVED /cluster/tufts/capstone25skyblue/scleme01/SatelliteTurbulencePrediction/model_inputs/2018_03/0000488.npz (1963.4s total | fetch=1957.1s project=0.4s smooth=4.2s | cache hits=12 misses=3)
[7/150] PIREP at (66.91, -151.52) FL6500 2018-03-13 18:07:00 (cache: 49 images)
  SAVED /cluster/tufts/capstone25skyblue/scleme01/SatelliteTurbulencePrediction/model_inputs/2018_03/0000631.npz (762.5s total | fetch=760.4s project=0.1s smooth=1.4s | cache hits=14 misses=1)
[8/150] PIREP at (55.35, -131.71) FL6000 2018-03-13 18:27:00 (cache: 50 images)
  SAVED /cluster/tufts/capstone25skyblue/scleme01/SatelliteTurbulencePrediction/model_inputs/2018_03/0000577.npz (2685.0s total | fetch=2676.8s project=0.5s smooth=5.7s | cache hits=11 misses=4)
[9/150] PIREP at (38.99, -89.16) FL8000 2018-03-13 19:22:00 (cache: 54 images)
  SAVED /cluster/tufts/capstone25skyblue/scleme01/SatelliteTurbulencePrediction/model_inputs/2018_03/0000390.npz (7677.9s total | fetch=7655.5s project=1.5s smooth=15.5s | cache hits=4 misses=11)
[10/150] PIREP at (43.17, -86.24) FL39000 2018-03-14 01:20:00 (cache: 65 images)
  SAVED /cluster/tufts/capstone25skyblue/scleme01/SatelliteTurbulencePrediction/model_inputs/2018_03/0000396.npz (189.4s total | fetch=159.2s project=2.0s smooth=21.1s | cache hits=0 misses=15)
[11/150] PIREP at (38.50, -122.81) FL4000 2018-03-14 01:59:00 (cache: 80 images)
  SAVED /cluster/tufts/capstone25skyblue/scleme01/SatelliteTurbulencePrediction/model_inputs/2018_03/0000170.npz (82.5s total | fetch=68.3s project=0.9s smooth=9.9s | cache hits=8 misses=7)
[12/150] PIREP at (31.28, -81.27) FL7000 2018-03-14 15:54:00 (cache: 87 images)
  SAVED /cluster/tufts/capstone25skyblue/scleme01/SatelliteTurbulencePrediction/model_inputs/2018_03/0000468.npz (12730.5s total | fetch=12700.2s project=2.0s smooth=21.1s | cache hits=0 misses=15)
[13/150] PIREP at (45.92, -64.57) FL13000 2018-03-14 17:13:00 (cache: 102 images)
