Resetting environment
Deactivating conda environment (if any)
Purging all modules
Done! Environment has been torn down
Loading cuda and miniforge...
Activating conda environment...
Redirecting into the satellite repo...
Done! Environment has now been set up
Processing 2018/11 chunk [300:450]
Fetching satellite data for PIREPs in /cluster/tufts/capstone25skyblue/scleme01/SatelliteTurbulencePrediction/pireps/2018/11_turb_pireps.csv
Processing chunk [300:450] (150 PIREPs) from /cluster/tufts/capstone25skyblue/scleme01/SatelliteTurbulencePrediction/pireps/2018/11_turb_pireps.csv
[1/150] PIREP at (34.89, -97.40) FL19000 2018-11-13 13:38:00 (cache: 0 images)
  SAVED /cluster/tufts/capstone25skyblue/scleme01/SatelliteTurbulencePrediction/model_inputs/2018_11/0000153.npz (4048.9s total | fetch=4022.7s project=2.2s smooth=17.3s | cache hits=0 misses=15)
[2/150] PIREP at (34.89, -97.40) FL19000 2018-11-13 13:38:00 (cache: 15 images)
  SAVED /cluster/tufts/capstone25skyblue/scleme01/SatelliteTurbulencePrediction/model_inputs/2018_11/0000154.npz (0.2s total | fetch=0.0s project=0.0s smooth=0.0s | cache hits=15 misses=0)
[3/150] PIREP at (36.77, -77.79) FL9000 2018-11-13 16:00:00 (cache: 15 images)
  SAVED /cluster/tufts/capstone25skyblue/scleme01/SatelliteTurbulencePrediction/model_inputs/2018_11/0000155.npz (6182.6s total | fetch=6155.4s project=2.3s smooth=17.8s | cache hits=0 misses=15)
[4/150] PIREP at (31.67, -89.17) FL9000 2018-11-13 16:00:00 (cache: 30 images)
  SAVED /cluster/tufts/capstone25skyblue/scleme01/SatelliteTurbulencePrediction/model_inputs/2018_11/0000156.npz (0.2s total | fetch=0.0s project=0.0s smooth=0.0s | cache hits=15 misses=0)
[5/150] PIREP at (31.71, -89.14) FL9000 2018-11-13 16:06:00 (cache: 30 images)
  SAVED /cluster/tufts/capstone25skyblue/scleme01/SatelliteTurbulencePrediction/model_inputs/2018_11/0000157.npz (468.8s total | fetch=466.9s project=0.2s smooth=1.2s | cache hits=14 misses=1)
[6/150] PIREP at (32.30, -78.32) FL36000 2018-11-13 16:27:00 (cache: 31 images)
  SAVED /cluster/tufts/capstone25skyblue/scleme01/SatelliteTurbulencePrediction/model_inputs/2018_11/0000477.npz (1804.9s total | fetch=1797.5s project=0.6s smooth=4.8s | cache hits=11 misses=4)
[7/150] PIREP at (58.35, -134.57) FL5000 2018-11-13 16:40:00 (cache: 35 images)
  SAVED /cluster/tufts/capstone25skyblue/scleme01/SatelliteTurbulencePrediction/model_inputs/2018_11/0000309.npz (1237.7s total | fetch=1232.3s project=0.4s smooth=3.5s | cache hits=12 misses=3)
[8/150] PIREP at (33.98, -117.64) FL1500 2018-11-13 19:21:00 (cache: 38 images)
  SAVED /cluster/tufts/capstone25skyblue/scleme01/SatelliteTurbulencePrediction/model_inputs/2018_11/0000505.npz (6560.5s total | fetch=6533.5s project=2.3s smooth=17.6s | cache hits=0 misses=15)
[9/150] PIREP at (40.98, -85.19) FL24000 2018-11-13 20:28:00 (cache: 53 images)
  SAVED /cluster/tufts/capstone25skyblue/scleme01/SatelliteTurbulencePrediction/model_inputs/2018_11/0000158.npz (5945.8s total | fetch=5922.5s project=1.9s smooth=15.2s | cache hits=2 misses=13)
[10/150] PIREP at (46.58, -62.42) FL31000 2018-11-13 20:40:00 (cache: 66 images)
  SAVED /cluster/tufts/capstone25skyblue/scleme01/SatelliteTurbulencePrediction/model_inputs/2018_11/0000159.npz (1321.1s total | fetch=1315.6s project=0.5s smooth=3.5s | cache hits=12 misses=3)
[11/150] PIREP at (33.08, -87.48) FL15000 2018-11-13 20:49:00 (cache: 69 images)
  SAVED /cluster/tufts/capstone25skyblue/scleme01/SatelliteTurbulencePrediction/model_inputs/2018_11/0000160.npz (487.1s total | fetch=485.1s project=0.2s smooth=1.2s | cache hits=14 misses=1)
[12/150] PIREP at (40.98, -85.19) FL27000 2018-11-13 21:10:00 (cache: 70 images)
  SAVED /cluster/tufts/capstone25skyblue/scleme01/SatelliteTurbulencePrediction/model_inputs/2018_11/0000161.npz (2113.7s total | fetch=2104.6s project=0.8s smooth=5.9s | cache hits=10 misses=5)
[13/150] PIREP at (39.81, -86.70) FL36000 2018-11-13 21:11:00 (cache: 75 images)
  SAVED /cluster/tufts/capstone25skyblue/scleme01/SatelliteTurbulencePrediction/model_inputs/2018_11/0000406.npz (0.1s total | fetch=0.0s project=0.0s smooth=0.0s | cache hits=15 misses=0)
[14/150] PIREP at (35.78, -119.40) FL36000 2018-11-13 21:38:00 (cache: 75 images)
  SAVED /cluster/tufts/capstone25skyblue/scleme01/SatelliteTurbulencePrediction/model_inputs/2018_11/0000366.npz (2232.5s total | fetch=2223.6s project=0.8s smooth=5.8s | cache hits=10 misses=5)
[15/150] PIREP at (34.07, -117.45) FL16500 2018-11-13 22:00:00 (cache: 80 images)
  SAVED /cluster/tufts/capstone25skyblue/scleme01/SatelliteTurbulencePrediction/model_inputs/2018_11/0000404.npz (2071.8s total | fetch=2062.7s project=0.8s smooth=5.8s | cache hits=10 misses=5)
[16/150] PIREP at (38.58, -90.54) FL21000 2018-11-13 22:33:00 (cache: 85 images)
  SAVED /cluster/tufts/capstone25skyblue/scleme01/SatelliteTurbulencePrediction/model_inputs/2018_11/0000162.npz (2729.0s total | fetch=2718.0s project=0.9s smooth=7.2s | cache hits=9 misses=6)
[17/150] PIREP at (41.01, -83.67) FL27000 2018-11-13 22:36:00 (cache: 91 images)
  SAVED /cluster/tufts/capstone25skyblue/scleme01/SatelliteTurbulencePrediction/model_inputs/2018_11/0000163.npz (416.3s total | fetch=414.3s project=0.2s smooth=1.2s | cache hits=14 misses=1)
[18/150] PIREP at (39.63, -85.82) FL25000 2018-11-13 23:17:00 (cache: 92 images)
  SAVED /cluster/tufts/capstone25skyblue/scleme01/SatelliteTurbulencePrediction/model_inputs/2018_11/0000164.npz (584.5s total | fetch=571.0s project=1.1s smooth=9.3s | cache hits=7 misses=8)
[19/150] PIREP at (47.83, -61.83) FL32000 2018-11-13 23:30:00 (cache: 100 images)
  SAVED /cluster/tufts/capstone25skyblue/scleme01/SatelliteTurbulencePrediction/model_inputs/2018_11/0000165.npz (30.9s total | fetch=25.7s project=0.4s smooth=3.5s | cache hits=12 misses=3)
[20/150] PIREP at (58.35, -134.57) FL2700 2018-11-14 00:45:00 (cache: 103 images)
  SAVED /cluster/tufts/capstone25skyblue/scleme01/SatelliteTurbulencePrediction/model_inputs/2018_11/0000405.npz (110.8s total | fetch=85.5s project=2.3s smooth=17.5s | cache hits=0 misses=15)
[21/150] PIREP at (71.28, -156.76) FL3500 2018-11-14 03:35:00 (cache: 118 images)
  SAVED /cluster/tufts/capstone25skyblue/scleme01/SatelliteTurbulencePrediction/model_inputs/2018_11/0000348.npz (122.7s total | fetch=97.4s project=2.3s smooth=17.5s | cache hits=0 misses=15)
[22/150] PIREP at (48.45, -59.33) FL29000 2018-11-14 04:12:00 (cache: 133 images)
  SAVED /cluster/tufts/capstone25skyblue/scleme01/SatelliteTurbulencePrediction/model_inputs/2018_11/0000166.npz (90.5s total | fetch=78.7s project=1.0s smooth=8.1s | cache hits=8 misses=7)
[23/150] PIREP at (49.00, -55.00) FL34000 2018-11-14 06:54:00 (cache: 140 images)
  SAVED /cluster/tufts/capstone25skyblue/scleme01/SatelliteTurbulencePrediction/model_inputs/2018_11/0000167.npz (139.5s total | fetch=114.2s project=2.3s smooth=17.4s | cache hits=0 misses=15)
[24/150] PIREP at (48.73, -41.50) FL37000 2018-11-14 07:37:00 (cache: 155 images)
  SAVED /cluster/tufts/capstone25skyblue/scleme01/SatelliteTurbulencePrediction/model_inputs/2018_11/0000168.npz (85.6s total | fetch=70.4s project=1.4s smooth=10.4s | cache hits=6 misses=9)
[25/150] PIREP at (40.94, -90.43) FL33000 2018-11-14 12:13:00 (cache: 164 images)
  SAVED /cluster/tufts/capstone25skyblue/scleme01/SatelliteTurbulencePrediction/model_inputs/2018_11/0000482.npz (164.7s total | fetch=139.4s project=2.3s smooth=17.4s | cache hits=0 misses=15)
[26/150] PIREP at (42.48, -85.55) FL30000 2018-11-14 14:08:00 (cache: 179 images)
  SAVED /cluster/tufts/capstone25skyblue/scleme01/SatelliteTurbulencePrediction/model_inputs/2018_11/0000448.npz (7454.1s total | fetch=7427.4s project=2.3s smooth=17.4s | cache hits=0 misses=15)
[27/150] PIREP at (33.48, -99.56) FL30000 2018-11-14 14:12:00 (cache: 194 images)
  SAVED /cluster/tufts/capstone25skyblue/scleme01/SatelliteTurbulencePrediction/model_inputs/2018_11/0000447.npz (587.5s total | fetch=585.5s project=0.2s smooth=1.2s | cache hits=14 misses=1)
[28/150] PIREP at (44.74, -85.58) FL43000 2018-11-14 14:22:00 (cache: 195 images)
  SAVED /cluster/tufts/capstone25skyblue/scleme01/SatelliteTurbulencePrediction/model_inputs/2018_11/0000555.npz (1314.9s total | fetch=1311.2s project=0.3s smooth=2.3s | cache hits=13 misses=2)
[29/150] PIREP at (28.19, -98.59) FL26000 2018-11-14 15:03:00 (cache: 197 images)
  SAVED /cluster/tufts/capstone25skyblue/scleme01/SatelliteTurbulencePrediction/model_inputs/2018_11/0000169.npz (4897.7s total | fetch=4883.2s project=1.2s smooth=9.3s | cache hits=7 misses=8)
[30/150] PIREP at (45.87, -95.39) FL34000 2018-11-14 15:10:00 (cache: 205 images)
  SAVED /cluster/tufts/capstone25skyblue/scleme01/SatelliteTurbulencePrediction/model_inputs/2018_11/0000551.npz (1226.7s total | fetch=1223.0s project=0.3s smooth=2.3s | cache hits=13 misses=2)
[31/150] SKIPPING /cluster/tufts/capstone25skyblue/scleme01/SatelliteTurbulencePrediction/model_inputs/2018_11/0000170.npz (already exists)
[32/150] SKIPPING /cluster/tufts/capstone25skyblue/scleme01/SatelliteTurbulencePrediction/model_inputs/2018_11/0000425.npz (already exists)
[33/150] SKIPPING /cluster/tufts/capstone25skyblue/scleme01/SatelliteTurbulencePrediction/model_inputs/2018_11/0000419.npz (already exists)
[34/150] SKIPPING /cluster/tufts/capstone25skyblue/scleme01/SatelliteTurbulencePrediction/model_inputs/2018_11/0000488.npz (already exists)
[35/150] SKIPPING /cluster/tufts/capstone25skyblue/scleme01/SatelliteTurbulencePrediction/model_inputs/2018_11/0000171.npz (already exists)
[36/150] SKIPPING /cluster/tufts/capstone25skyblue/scleme01/SatelliteTurbulencePrediction/model_inputs/2018_11/0000172.npz (already exists)
[37/150] SKIPPING /cluster/tufts/capstone25skyblue/scleme01/SatelliteTurbulencePrediction/model_inputs/2018_11/0000173.npz (already exists)
[38/150] SKIPPING /cluster/tufts/capstone25skyblue/scleme01/SatelliteTurbulencePrediction/model_inputs/2018_11/0000174.npz (already exists)
[39/150] SKIPPING /cluster/tufts/capstone25skyblue/scleme01/SatelliteTurbulencePrediction/model_inputs/2018_11/0000175.npz (already exists)
[40/150] SKIPPING /cluster/tufts/capstone25skyblue/scleme01/SatelliteTurbulencePrediction/model_inputs/2018_11/0000177.npz (already exists)
[41/150] SKIPPING /cluster/tufts/capstone25skyblue/scleme01/SatelliteTurbulencePrediction/model_inputs/2018_11/0000176.npz (already exists)
[42/150] SKIPPING /cluster/tufts/capstone25skyblue/scleme01/SatelliteTurbulencePrediction/model_inputs/2018_11/0000178.npz (already exists)
[43/150] SKIPPING /cluster/tufts/capstone25skyblue/scleme01/SatelliteTurbulencePrediction/model_inputs/2018_11/0000179.npz (already exists)
[44/150] PIREP at (41.44, -84.83) FL24000 2018-11-14 22:03:00 (cache: 207 images)
  SAVED /cluster/tufts/capstone25skyblue/scleme01/SatelliteTurbulencePrediction/model_inputs/2018_11/0000180.npz (9126.6s total | fetch=9099.8s project=2.3s smooth=17.5s | cache hits=0 misses=15)
[45/150] PIREP at (41.58, -84.81) FL24000 2018-11-14 22:05:00 (cache: 222 images)
  SAVED /cluster/tufts/capstone25skyblue/scleme01/SatelliteTurbulencePrediction/model_inputs/2018_11/0000181.npz (623.2s total | fetch=621.3s project=0.1s smooth=1.2s | cache hits=14 misses=1)
[46/150] PIREP at (28.58, -82.16) FL15000 2018-11-14 22:18:00 (cache: 223 images)
