Resetting environment
Deactivating conda environment (if any)
Purging all modules
Done! Environment has been torn down
Loading cuda and miniforge...
Activating conda environment...
Redirecting into the satellite repo...
Done! Environment has now been set up
Processing 2020/02 chunk [220:330]
Fetching satellite data for PIREPs in /cluster/tufts/capstone25skyblue/scleme01/SatelliteTurbulencePrediction/pireps/2020/02_turb_pireps.csv
Processing chunk [220:330] (110 PIREPs) from /cluster/tufts/capstone25skyblue/scleme01/SatelliteTurbulencePrediction/pireps/2020/02_turb_pireps.csv
[1/110] PIREP at (28.71, -86.62) FL38000 2020-02-06 22:52:00 (cache: 0 images)
  SAVED /cluster/tufts/capstone25skyblue/scleme01/SatelliteTurbulencePrediction/model_inputs/2020_02/0000107.npz (11640.9s total | fetch=11616.7s project=1.6s smooth=16.8s | cache hits=0 misses=15)
[2/110] PIREP at (40.29, -84.04) FL38000 2020-02-06 22:55:00 (cache: 15 images)
  SAVED /cluster/tufts/capstone25skyblue/scleme01/SatelliteTurbulencePrediction/model_inputs/2020_02/0000705.npz (777.7s total | fetch=776.0s project=0.1s smooth=1.1s | cache hits=14 misses=1)
[3/110] PIREP at (46.43, -120.98) FL7000 2020-02-06 23:00:00 (cache: 16 images)
  SAVED /cluster/tufts/capstone25skyblue/scleme01/SatelliteTurbulencePrediction/model_inputs/2020_02/0000108.npz (633.4s total | fetch=631.7s project=0.1s smooth=1.1s | cache hits=14 misses=1)
[4/110] PIREP at (30.20, -83.57) FL12000 2020-02-06 23:49:00 (cache: 17 images)
  SAVED /cluster/tufts/capstone25skyblue/scleme01/SatelliteTurbulencePrediction/model_inputs/2020_02/0000109.npz (2226.2s total | fetch=2211.7s project=0.9s smooth=10.1s | cache hits=6 misses=9)
[5/110] PIREP at (34.14, -86.44) FL15000 2020-02-06 23:56:00 (cache: 26 images)
  SAVED /cluster/tufts/capstone25skyblue/scleme01/SatelliteTurbulencePrediction/model_inputs/2020_02/0000110.npz (34.8s total | fetch=31.5s project=0.2s smooth=2.2s | cache hits=13 misses=2)
[6/110] PIREP at (37.59, -86.71) FL33000 2020-02-06 23:56:00 (cache: 28 images)
  SAVED /cluster/tufts/capstone25skyblue/scleme01/SatelliteTurbulencePrediction/model_inputs/2020_02/0000793.npz (0.1s total | fetch=0.0s project=0.0s smooth=0.0s | cache hits=15 misses=0)
[7/110] PIREP at (33.95, -83.33) FL30000 2020-02-07 00:09:00 (cache: 28 images)
  SAVED /cluster/tufts/capstone25skyblue/scleme01/SatelliteTurbulencePrediction/model_inputs/2020_02/0000111.npz (33.3s total | fetch=30.1s project=0.2s smooth=2.2s | cache hits=13 misses=2)
[8/110] PIREP at (41.34, -80.31) FL33000 2020-02-07 00:39:00 (cache: 30 images)
  SAVED /cluster/tufts/capstone25skyblue/scleme01/SatelliteTurbulencePrediction/model_inputs/2020_02/0000865.npz (80.6s total | fetch=71.0s project=0.6s smooth=6.7s | cache hits=9 misses=6)
[9/110] PIREP at (35.05, -85.54) FL17000 2020-02-07 00:53:00 (cache: 36 images)
  SAVED /cluster/tufts/capstone25skyblue/scleme01/SatelliteTurbulencePrediction/model_inputs/2020_02/0000112.npz (42.3s total | fetch=37.4s project=0.3s smooth=3.3s | cache hits=12 misses=3)
[10/110] PIREP at (38.64, -82.45) FL20000 2020-02-07 00:58:00 (cache: 39 images)
  SAVED /cluster/tufts/capstone25skyblue/scleme01/SatelliteTurbulencePrediction/model_inputs/2020_02/0000113.npz (14.0s total | fetch=12.3s project=0.1s smooth=1.1s | cache hits=14 misses=1)
[11/110] PIREP at (21.36, -157.92) FL1500 2020-02-07 01:00:00 (cache: 40 images)
  SAVED /cluster/tufts/capstone25skyblue/scleme01/SatelliteTurbulencePrediction/model_inputs/2020_02/0000687.npz (11.8s total | fetch=10.2s project=0.1s smooth=1.1s | cache hits=14 misses=1)
[12/110] PIREP at (44.40, -121.61) FL14000 2020-02-07 01:00:00 (cache: 41 images)
  SAVED /cluster/tufts/capstone25skyblue/scleme01/SatelliteTurbulencePrediction/model_inputs/2020_02/0000114.npz (0.1s total | fetch=0.0s project=0.0s smooth=0.0s | cache hits=15 misses=0)
[13/110] PIREP at (34.08, -84.77) FL10000 2020-02-07 01:06:00 (cache: 41 images)
  SAVED /cluster/tufts/capstone25skyblue/scleme01/SatelliteTurbulencePrediction/model_inputs/2020_02/0000115.npz (4.9s total | fetch=3.2s project=0.1s smooth=1.1s | cache hits=14 misses=1)
[14/110] PIREP at (30.02, -83.83) FL32000 2020-02-07 01:41:00 (cache: 42 images)
  SAVED /cluster/tufts/capstone25skyblue/scleme01/SatelliteTurbulencePrediction/model_inputs/2020_02/0000116.npz (91.3s total | fetch=80.2s project=0.7s smooth=7.7s | cache hits=8 misses=7)
[15/110] PIREP at (35.99, -82.68) FL15000 2020-02-07 01:41:00 (cache: 49 images)
  SAVED /cluster/tufts/capstone25skyblue/scleme01/SatelliteTurbulencePrediction/model_inputs/2020_02/0000117.npz (0.1s total | fetch=0.0s project=0.0s smooth=0.0s | cache hits=15 misses=0)
[16/110] PIREP at (29.69, -82.28) FL33000 2020-02-07 01:46:00 (cache: 49 images)
  SAVED /cluster/tufts/capstone25skyblue/scleme01/SatelliteTurbulencePrediction/model_inputs/2020_02/0000460.npz (12.0s total | fetch=10.3s project=0.1s smooth=1.1s | cache hits=14 misses=1)
[17/110] PIREP at (69.94, -148.59) FL8000 2020-02-07 01:59:00 (cache: 50 images)
  SAVED /cluster/tufts/capstone25skyblue/scleme01/SatelliteTurbulencePrediction/model_inputs/2020_02/0000788.npz (23.9s total | fetch=20.7s project=0.2s smooth=2.2s | cache hits=13 misses=2)
[18/110] PIREP at (31.91, -83.27) FL34000 2020-02-07 02:25:00 (cache: 52 images)
  SAVED /cluster/tufts/capstone25skyblue/scleme01/SatelliteTurbulencePrediction/model_inputs/2020_02/0000118.npz (87.8s total | fetch=78.1s project=0.6s smooth=6.6s | cache hits=9 misses=6)
[19/110] PIREP at (31.79, -81.88) FL36000 2020-02-07 02:35:00 (cache: 58 images)
  SAVED /cluster/tufts/capstone25skyblue/scleme01/SatelliteTurbulencePrediction/model_inputs/2020_02/0000119.npz (16.8s total | fetch=13.5s project=0.2s smooth=2.2s | cache hits=13 misses=2)
[20/110] PIREP at (40.49, -77.30) FL15000 2020-02-07 02:45:00 (cache: 60 images)
  SAVED /cluster/tufts/capstone25skyblue/scleme01/SatelliteTurbulencePrediction/model_inputs/2020_02/0000121.npz (16.5s total | fetch=13.2s project=0.2s smooth=2.2s | cache hits=13 misses=2)
[21/110] PIREP at (31.54, -81.53) FL36000 2020-02-07 02:45:00 (cache: 62 images)
  SAVED /cluster/tufts/capstone25skyblue/scleme01/SatelliteTurbulencePrediction/model_inputs/2020_02/0000120.npz (0.1s total | fetch=0.0s project=0.0s smooth=0.0s | cache hits=15 misses=0)
[22/110] PIREP at (35.52, -83.49) FL12000 2020-02-07 02:48:00 (cache: 62 images)
  SAVED /cluster/tufts/capstone25skyblue/scleme01/SatelliteTurbulencePrediction/model_inputs/2020_02/0000123.npz (0.1s total | fetch=0.0s project=0.0s smooth=0.0s | cache hits=15 misses=0)
[23/110] PIREP at (32.11, -82.12) FL29000 2020-02-07 02:48:00 (cache: 62 images)
  SAVED /cluster/tufts/capstone25skyblue/scleme01/SatelliteTurbulencePrediction/model_inputs/2020_02/0000122.npz (0.1s total | fetch=0.0s project=0.0s smooth=0.0s | cache hits=15 misses=0)
[24/110] PIREP at (34.94, -83.92) FL13000 2020-02-07 02:55:00 (cache: 62 images)
  SAVED /cluster/tufts/capstone25skyblue/scleme01/SatelliteTurbulencePrediction/model_inputs/2020_02/0000124.npz (42.6s total | fetch=39.3s project=0.2s smooth=2.2s | cache hits=13 misses=2)
[25/110] PIREP at (34.94, -83.51) FL16000 2020-02-07 03:04:00 (cache: 64 images)
  SAVED /cluster/tufts/capstone25skyblue/scleme01/SatelliteTurbulencePrediction/model_inputs/2020_02/0000125.npz (12.2s total | fetch=10.4s project=0.1s smooth=1.1s | cache hits=14 misses=1)
[26/110] PIREP at (31.64, -81.10) FL35000 2020-02-07 03:14:00 (cache: 65 images)
  SAVED /cluster/tufts/capstone25skyblue/scleme01/SatelliteTurbulencePrediction/model_inputs/2020_02/0000126.npz (43.3s total | fetch=40.0s project=0.2s smooth=2.2s | cache hits=13 misses=2)
[27/110] PIREP at (32.64, -78.28) FL32000 2020-02-07 03:52:00 (cache: 67 images)
  SAVED /cluster/tufts/capstone25skyblue/scleme01/SatelliteTurbulencePrediction/model_inputs/2020_02/0000127.npz (122.5s total | fetch=109.3s project=0.9s smooth=9.1s | cache hits=7 misses=8)
[28/110] PIREP at (42.31, -80.30) FL20000 2020-02-07 03:58:00 (cache: 75 images)
  SAVED /cluster/tufts/capstone25skyblue/scleme01/SatelliteTurbulencePrediction/model_inputs/2020_02/0000128.npz (4.7s total | fetch=2.9s project=0.1s smooth=1.1s | cache hits=14 misses=1)
[29/110] PIREP at (35.98, -77.70) FL34000 2020-02-07 04:10:00 (cache: 76 images)
  SAVED /cluster/tufts/capstone25skyblue/scleme01/SatelliteTurbulencePrediction/model_inputs/2020_02/0000494.npz (15.3s total | fetch=10.3s project=0.3s smooth=3.4s | cache hits=12 misses=3)
[30/110] PIREP at (35.93, -79.94) FL33000 2020-02-07 04:15:00 (cache: 79 images)
  SAVED /cluster/tufts/capstone25skyblue/scleme01/SatelliteTurbulencePrediction/model_inputs/2020_02/0000129.npz (5.4s total | fetch=3.7s project=0.1s smooth=1.1s | cache hits=14 misses=1)
[31/110] PIREP at (41.01, -83.67) FL20000 2020-02-07 04:17:00 (cache: 80 images)
  SAVED /cluster/tufts/capstone25skyblue/scleme01/SatelliteTurbulencePrediction/model_inputs/2020_02/0000130.npz (0.2s total | fetch=0.0s project=0.0s smooth=0.0s | cache hits=15 misses=0)
[32/110] PIREP at (34.57, -82.26) FL12000 2020-02-07 04:35:00 (cache: 80 images)
  SAVED /cluster/tufts/capstone25skyblue/scleme01/SatelliteTurbulencePrediction/model_inputs/2020_02/0000131.npz (41.3s total | fetch=34.7s project=0.4s smooth=4.5s | cache hits=11 misses=4)
[33/110] PIREP at (45.00, -75.55) FL20000 2020-02-07 04:45:00 (cache: 84 images)
  SAVED /cluster/tufts/capstone25skyblue/scleme01/SatelliteTurbulencePrediction/model_inputs/2020_02/0000132.npz (25.5s total | fetch=22.1s project=0.2s smooth=2.3s | cache hits=13 misses=2)
[34/110] PIREP at (42.89, -79.89) FL19000 2020-02-07 04:47:00 (cache: 86 images)
  SAVED /cluster/tufts/capstone25skyblue/scleme01/SatelliteTurbulencePrediction/model_inputs/2020_02/0000133.npz (0.1s total | fetch=0.0s project=0.0s smooth=0.0s | cache hits=15 misses=0)
[35/110] PIREP at (42.37, -82.52) FL19000 2020-02-07 05:03:00 (cache: 86 images)
  SAVED /cluster/tufts/capstone25skyblue/scleme01/SatelliteTurbulencePrediction/model_inputs/2020_02/0000134.npz (46.0s total | fetch=41.0s project=0.3s smooth=3.4s | cache hits=12 misses=3)
[36/110] PIREP at (45.00, -75.55) FL20000 2020-02-07 05:45:00 (cache: 89 images)
  SAVED /cluster/tufts/capstone25skyblue/scleme01/SatelliteTurbulencePrediction/model_inputs/2020_02/0000135.npz (113.8s total | fetch=99.2s project=1.0s smooth=10.2s | cache hits=6 misses=9)
[37/110] PIREP at (31.74, -83.30) FL8000 2020-02-07 05:56:00 (cache: 98 images)
  SAVED /cluster/tufts/capstone25skyblue/scleme01/SatelliteTurbulencePrediction/model_inputs/2020_02/0000136.npz (23.9s total | fetch=20.5s project=0.2s smooth=2.3s | cache hits=13 misses=2)
[38/110] PIREP at (36.06, -81.44) FL17000 2020-02-07 05:58:00 (cache: 100 images)
  SAVED /cluster/tufts/capstone25skyblue/scleme01/SatelliteTurbulencePrediction/model_inputs/2020_02/0000137.npz (0.1s total | fetch=0.0s project=0.0s smooth=0.0s | cache hits=15 misses=0)
[39/110] PIREP at (35.11, -83.32) FL19000 2020-02-07 06:00:00 (cache: 100 images)
  SAVED /cluster/tufts/capstone25skyblue/scleme01/SatelliteTurbulencePrediction/model_inputs/2020_02/0000138.npz (11.2s total | fetch=9.5s project=0.1s smooth=1.1s | cache hits=14 misses=1)
[40/110] PIREP at (50.38, -47.00) FL33000 2020-02-07 07:35:00 (cache: 101 images)
  SAVED /cluster/tufts/capstone25skyblue/scleme01/SatelliteTurbulencePrediction/model_inputs/2020_02/0000139.npz (179.6s total | fetch=155.5s project=1.6s smooth=16.8s | cache hits=0 misses=15)
[41/110] PIREP at (34.19, -79.93) FL8000 2020-02-07 10:23:00 (cache: 116 images)
  SAVED /cluster/tufts/capstone25skyblue/scleme01/SatelliteTurbulencePrediction/model_inputs/2020_02/0000140.npz (189.4s total | fetch=165.4s project=1.6s smooth=16.7s | cache hits=0 misses=15)
[42/110] PIREP at (40.17, -77.64) FL24000 2020-02-07 11:14:00 (cache: 131 images)
  SAVED /cluster/tufts/capstone25skyblue/scleme01/SatelliteTurbulencePrediction/model_inputs/2020_02/0000141.npz (91.5s total | fetch=75.4s project=1.1s smooth=11.2s | cache hits=5 misses=10)
[43/110] PIREP at (41.25, -80.23) FL27000 2020-02-07 12:02:00 (cache: 141 images)
  SAVED /cluster/tufts/capstone25skyblue/scleme01/SatelliteTurbulencePrediction/model_inputs/2020_02/0000142.npz (110.6s total | fetch=94.6s project=1.0s smooth=11.1s | cache hits=5 misses=10)
[44/110] PIREP at (39.27, -71.57) FL34000 2020-02-07 12:15:00 (cache: 151 images)
  SAVED /cluster/tufts/capstone25skyblue/scleme01/SatelliteTurbulencePrediction/model_inputs/2020_02/0000143.npz (44.2s total | fetch=39.4s project=0.3s smooth=3.3s | cache hits=12 misses=3)
[45/110] PIREP at (38.16, -78.17) FL21000 2020-02-07 12:28:00 (cache: 154 images)
  SAVED /cluster/tufts/capstone25skyblue/scleme01/SatelliteTurbulencePrediction/model_inputs/2020_02/0000144.npz (28.6s total | fetch=25.2s project=0.2s smooth=2.2s | cache hits=13 misses=2)
[46/110] PIREP at (38.58, -77.52) FL21000 2020-02-07 12:48:00 (cache: 156 images)
  SAVED /cluster/tufts/capstone25skyblue/scleme01/SatelliteTurbulencePrediction/model_inputs/2020_02/0000146.npz (57.8s total | fetch=51.2s project=0.4s smooth=4.5s | cache hits=11 misses=4)
[47/110] PIREP at (38.16, -78.17) FL21000 2020-02-07 12:48:00 (cache: 160 images)
  SAVED /cluster/tufts/capstone25skyblue/scleme01/SatelliteTurbulencePrediction/model_inputs/2020_02/0000145.npz (0.2s total | fetch=0.0s project=0.0s smooth=0.0s | cache hits=15 misses=0)
[48/110] PIREP at (38.58, -77.52) FL21000 2020-02-07 12:49:00 (cache: 160 images)
  SAVED /cluster/tufts/capstone25skyblue/scleme01/SatelliteTurbulencePrediction/model_inputs/2020_02/0000147.npz (0.1s total | fetch=0.0s project=0.0s smooth=0.0s | cache hits=15 misses=0)
[49/110] PIREP at (38.64, -77.66) FL21000 2020-02-07 12:50:00 (cache: 160 images)
  SAVED /cluster/tufts/capstone25skyblue/scleme01/SatelliteTurbulencePrediction/model_inputs/2020_02/0000148.npz (708.6s total | fetch=706.8s project=0.1s smooth=1.2s | cache hits=14 misses=1)
[50/110] PIREP at (33.22, -92.81) FL38000 2020-02-07 13:02:00 (cache: 161 images)
  SAVED /cluster/tufts/capstone25skyblue/scleme01/SatelliteTurbulencePrediction/model_inputs/2020_02/0000729.npz (1711.1s total | fetch=1707.7s project=0.2s smooth=2.2s | cache hits=13 misses=2)
[51/110] PIREP at (40.82, -76.86) FL28000 2020-02-07 13:12:00 (cache: 163 images)
  SAVED /cluster/tufts/capstone25skyblue/scleme01/SatelliteTurbulencePrediction/model_inputs/2020_02/0000149.npz (1493.5s total | fetch=1490.1s project=0.2s smooth=2.3s | cache hits=13 misses=2)
[52/110] PIREP at (37.07, -77.96) FL16000 2020-02-07 13:17:00 (cache: 165 images)
  SAVED /cluster/tufts/capstone25skyblue/scleme01/SatelliteTurbulencePrediction/model_inputs/2020_02/0000150.npz (726.0s total | fetch=724.3s project=0.1s smooth=1.1s | cache hits=14 misses=1)
[53/110] PIREP at (27.57, -77.24) FL39000 2020-02-07 13:24:00 (cache: 166 images)
  SAVED /cluster/tufts/capstone25skyblue/scleme01/SatelliteTurbulencePrediction/model_inputs/2020_02/0000561.npz (701.9s total | fetch=700.1s project=0.1s smooth=1.1s | cache hits=14 misses=1)
[54/110] PIREP at (37.51, -77.32) FL13000 2020-02-07 13:26:00 (cache: 167 images)
  SAVED /cluster/tufts/capstone25skyblue/scleme01/SatelliteTurbulencePrediction/model_inputs/2020_02/0000151.npz (898.6s total | fetch=896.9s project=0.1s smooth=1.1s | cache hits=14 misses=1)
[55/110] PIREP at (36.77, -77.79) FL13000 2020-02-07 13:31:00 (cache: 168 images)
  SAVED /cluster/tufts/capstone25skyblue/scleme01/SatelliteTurbulencePrediction/model_inputs/2020_02/0000152.npz (874.5s total | fetch=872.7s project=0.1s smooth=1.1s | cache hits=14 misses=1)
[56/110] PIREP at (36.77, -77.79) FL15000 2020-02-07 13:32:00 (cache: 169 images)
  SAVED /cluster/tufts/capstone25skyblue/scleme01/SatelliteTurbulencePrediction/model_inputs/2020_02/0000153.npz (0.2s total | fetch=0.0s project=0.0s smooth=0.0s | cache hits=15 misses=0)
[57/110] PIREP at (33.00, 150.00) FL39000 2020-02-07 13:35:00 (cache: 169 images)
  SAVED /cluster/tufts/capstone25skyblue/scleme01/SatelliteTurbulencePrediction/model_inputs/2020_02/0000556.npz (750.2s total | fetch=748.5s project=0.1s smooth=1.1s | cache hits=14 misses=1)
[58/110] PIREP at (45.74, -110.81) FL12000 2020-02-07 14:00:00 (cache: 170 images)
  SAVED /cluster/tufts/capstone25skyblue/scleme01/SatelliteTurbulencePrediction/model_inputs/2020_02/0000752.npz (4589.3s total | fetch=4581.1s project=0.5s smooth=5.6s | cache hits=10 misses=5)
[59/110] PIREP at (39.12, -75.92) FL15000 2020-02-07 14:12:00 (cache: 175 images)
  SAVED /cluster/tufts/capstone25skyblue/scleme01/SatelliteTurbulencePrediction/model_inputs/2020_02/0000154.npz (1659.7s total | fetch=1656.4s project=0.2s smooth=2.2s | cache hits=13 misses=2)
[60/110] PIREP at (43.11, -76.11) FL32000 2020-02-07 14:15:00 (cache: 177 images)
  SAVED /cluster/tufts/capstone25skyblue/scleme01/SatelliteTurbulencePrediction/model_inputs/2020_02/0000155.npz (824.5s total | fetch=822.8s project=0.1s smooth=1.1s | cache hits=14 misses=1)
[61/110] PIREP at (38.71, -76.31) FL17000 2020-02-07 14:20:00 (cache: 178 images)
  SAVED /cluster/tufts/capstone25skyblue/scleme01/SatelliteTurbulencePrediction/model_inputs/2020_02/0000156.npz (803.7s total | fetch=802.0s project=0.1s smooth=1.1s | cache hits=14 misses=1)
[62/110] PIREP at (39.84, -110.87) FL12000 2020-02-07 14:47:00 (cache: 179 images)
  SAVED /cluster/tufts/capstone25skyblue/scleme01/SatelliteTurbulencePrediction/model_inputs/2020_02/0000157.npz (4320.9s total | fetch=4312.8s project=0.5s smooth=5.5s | cache hits=10 misses=5)
[63/110] PIREP at (41.49, -71.55) FL15000 2020-02-07 15:38:00 (cache: 184 images)
  SAVED /cluster/tufts/capstone25skyblue/scleme01/SatelliteTurbulencePrediction/model_inputs/2020_02/0000158.npz (8924.9s total | fetch=8908.8s project=1.0s smooth=11.2s | cache hits=5 misses=10)
[64/110] PIREP at (36.47, -126.93) FL36000 2020-02-07 15:46:00 (cache: 194 images)
  SAVED /cluster/tufts/capstone25skyblue/scleme01/SatelliteTurbulencePrediction/model_inputs/2020_02/0000603.npz (1852.1s total | fetch=1848.9s project=0.2s smooth=2.2s | cache hits=13 misses=2)
[65/110] PIREP at (38.71, -76.31) FL19000 2020-02-07 15:46:00 (cache: 196 images)
  SAVED /cluster/tufts/capstone25skyblue/scleme01/SatelliteTurbulencePrediction/model_inputs/2020_02/0000159.npz (0.1s total | fetch=0.0s project=0.0s smooth=0.0s | cache hits=15 misses=0)
[66/110] PIREP at (41.74, -72.65) FL17000 2020-02-07 15:53:00 (cache: 196 images)
  SAVED /cluster/tufts/capstone25skyblue/scleme01/SatelliteTurbulencePrediction/model_inputs/2020_02/0000160.npz (1049.2s total | fetch=1047.5s project=0.1s smooth=1.1s | cache hits=14 misses=1)
[67/110] PIREP at (40.20, -74.50) FL19000 2020-02-07 16:07:00 (cache: 197 images)
  SAVED /cluster/tufts/capstone25skyblue/scleme01/SatelliteTurbulencePrediction/model_inputs/2020_02/0000161.npz (2935.5s total | fetch=2930.6s project=0.3s smooth=3.3s | cache hits=12 misses=3)
[68/110] PIREP at (40.73, -113.76) FL7000 2020-02-07 16:27:00 (cache: 200 images)
  SAVED /cluster/tufts/capstone25skyblue/scleme01/SatelliteTurbulencePrediction/model_inputs/2020_02/0000162.npz (4086.4s total | fetch=4079.9s project=0.4s smooth=4.5s | cache hits=11 misses=4)
[69/110] PIREP at (39.49, -74.43) FL17000 2020-02-07 16:39:00 (cache: 204 images)
  SAVED /cluster/tufts/capstone25skyblue/scleme01/SatelliteTurbulencePrediction/model_inputs/2020_02/0000163.npz (1944.7s total | fetch=1941.4s project=0.2s smooth=2.2s | cache hits=13 misses=2)
[70/110] PIREP at (39.66, -74.18) FL19000 2020-02-07 16:45:00 (cache: 206 images)
  SAVED /cluster/tufts/capstone25skyblue/scleme01/SatelliteTurbulencePrediction/model_inputs/2020_02/0000164.npz (1769.8s total | fetch=1766.5s project=0.2s smooth=2.2s | cache hits=13 misses=2)
[71/110] PIREP at (35.20, -82.64) FL6000 2020-02-07 17:02:00 (cache: 208 images)
  SAVED /cluster/tufts/capstone25skyblue/scleme01/SatelliteTurbulencePrediction/model_inputs/2020_02/0000635.npz (2630.6s total | fetch=2625.7s project=0.3s smooth=3.3s | cache hits=12 misses=3)
[72/110] PIREP at (44.39, -74.21) FL30000 2020-02-07 17:06:00 (cache: 211 images)
  SAVED /cluster/tufts/capstone25skyblue/scleme01/SatelliteTurbulencePrediction/model_inputs/2020_02/0000165.npz (918.2s total | fetch=916.5s project=0.1s smooth=1.1s | cache hits=14 misses=1)
[73/110] PIREP at (33.06, -79.81) FL9000 2020-02-07 17:34:00 (cache: 212 images)
  SAVED /cluster/tufts/capstone25skyblue/scleme01/SatelliteTurbulencePrediction/model_inputs/2020_02/0000166.npz (4776.5s total | fetch=4768.3s project=0.5s smooth=5.6s | cache hits=10 misses=5)
[74/110] PIREP at (40.73, -114.20) FL36000 2020-02-07 17:47:00 (cache: 217 images)
  SAVED /cluster/tufts/capstone25skyblue/scleme01/SatelliteTurbulencePrediction/model_inputs/2020_02/0000812.npz (2632.3s total | fetch=2627.4s project=0.3s smooth=3.3s | cache hits=12 misses=3)
[75/110] PIREP at (34.35, -84.94) FL9000 2020-02-07 18:06:00 (cache: 220 images)
  SAVED /cluster/tufts/capstone25skyblue/scleme01/SatelliteTurbulencePrediction/model_inputs/2020_02/0000749.npz (3793.6s total | fetch=3787.0s project=0.4s smooth=4.5s | cache hits=11 misses=4)
[76/110] PIREP at (41.50, -74.66) FL4000 2020-02-07 18:54:00 (cache: 224 images)
  SAVED /cluster/tufts/capstone25skyblue/scleme01/SatelliteTurbulencePrediction/model_inputs/2020_02/0000167.npz (7387.6s total | fetch=7373.0s project=0.9s smooth=10.1s | cache hits=6 misses=9)
[77/110] PIREP at (37.38, -85.68) FL8000 2020-02-07 19:05:00 (cache: 233 images)
  SAVED /cluster/tufts/capstone25skyblue/scleme01/SatelliteTurbulencePrediction/model_inputs/2020_02/0000621.npz (2603.7s total | fetch=2598.7s project=0.3s smooth=3.4s | cache hits=12 misses=3)
[78/110] PIREP at (42.60, -70.69) FL4000 2020-02-07 19:10:00 (cache: 236 images)
  SAVED /cluster/tufts/capstone25skyblue/scleme01/SatelliteTurbulencePrediction/model_inputs/2020_02/0000168.npz (873.0s total | fetch=871.2s project=0.1s smooth=1.2s | cache hits=14 misses=1)
[79/110] PIREP at (41.67, -73.82) FL34000 2020-02-07 20:00:00 (cache: 237 images)
