Resetting environment
Deactivating conda environment (if any)
Purging all modules
Done! Environment has been torn down
Loading cuda and miniforge...
Activating conda environment...
Redirecting into the satellite repo...
Done! Environment has now been set up
Processing 2019/11 chunk [330:440]
Fetching satellite data for PIREPs in /cluster/tufts/capstone25skyblue/scleme01/SatelliteTurbulencePrediction/pireps/2019/11_turb_pireps.csv
Processing chunk [330:440] (110 PIREPs) from /cluster/tufts/capstone25skyblue/scleme01/SatelliteTurbulencePrediction/pireps/2019/11_turb_pireps.csv
[1/110] PIREP at (53.68, -178.97) FL36000 2019-11-25 02:57:00 (cache: 0 images)
  SAVED /cluster/tufts/capstone25skyblue/scleme01/SatelliteTurbulencePrediction/model_inputs/2019_11/0000390.npz (196.0s total | fetch=165.6s project=2.0s smooth=21.3s | cache hits=0 misses=15)
[2/110] PIREP at (47.45, -56.60) FL39000 2019-11-25 04:42:00 (cache: 15 images)
  SAVED /cluster/tufts/capstone25skyblue/scleme01/SatelliteTurbulencePrediction/model_inputs/2019_11/0000128.npz (180.5s total | fetch=150.2s project=2.0s smooth=21.1s | cache hits=0 misses=15)
[3/110] PIREP at (47.00, -50.00) FL35000 2019-11-25 05:14:00 (cache: 30 images)
  SAVED /cluster/tufts/capstone25skyblue/scleme01/SatelliteTurbulencePrediction/model_inputs/2019_11/0000129.npz (72.7s total | fetch=60.5s project=0.8s smooth=8.5s | cache hits=9 misses=6)
[4/110] PIREP at (36.80, -118.17) FL17500 2019-11-25 15:27:00 (cache: 36 images)
  SAVED /cluster/tufts/capstone25skyblue/scleme01/SatelliteTurbulencePrediction/model_inputs/2019_11/0000130.npz (15787.7s total | fetch=15757.3s project=2.0s smooth=21.0s | cache hits=0 misses=15)
[5/110] PIREP at (42.83, -77.28) FL36000 2019-11-25 15:33:00 (cache: 51 images)
  SAVED /cluster/tufts/capstone25skyblue/scleme01/SatelliteTurbulencePrediction/model_inputs/2019_11/0000448.npz (1068.4s total | fetch=1066.1s project=0.1s smooth=1.4s | cache hits=14 misses=1)
[6/110] PIREP at (34.36, -118.88) FL35000 2019-11-25 15:46:00 (cache: 52 images)
  SAVED /cluster/tufts/capstone25skyblue/scleme01/SatelliteTurbulencePrediction/model_inputs/2019_11/0000131.npz (3148.2s total | fetch=3142.0s project=0.4s smooth=4.2s | cache hits=12 misses=3)
[7/110] PIREP at (34.36, -118.88) FL35000 2019-11-25 15:46:00 (cache: 55 images)
  SAVED /cluster/tufts/capstone25skyblue/scleme01/SatelliteTurbulencePrediction/model_inputs/2019_11/0000132.npz (0.2s total | fetch=0.0s project=0.0s smooth=0.0s | cache hits=15 misses=0)
[8/110] PIREP at (34.36, -118.88) FL35000 2019-11-25 15:46:00 (cache: 55 images)
  SAVED /cluster/tufts/capstone25skyblue/scleme01/SatelliteTurbulencePrediction/model_inputs/2019_11/0000133.npz (0.2s total | fetch=0.0s project=0.0s smooth=0.0s | cache hits=15 misses=0)
[9/110] PIREP at (33.99, -116.54) FL6500 2019-11-25 16:47:00 (cache: 55 images)
  SAVED /cluster/tufts/capstone25skyblue/scleme01/SatelliteTurbulencePrediction/model_inputs/2019_11/0000134.npz (13746.7s total | fetch=13722.4s project=1.6s smooth=16.8s | cache hits=3 misses=12)
[10/110] PIREP at (34.76, -118.55) FL5000 2019-11-25 17:30:00 (cache: 67 images)
  SAVED /cluster/tufts/capstone25skyblue/scleme01/SatelliteTurbulencePrediction/model_inputs/2019_11/0000135.npz (10484.4s total | fetch=10466.1s project=1.2s smooth=12.6s | cache hits=6 misses=9)
[11/110] PIREP at (37.66, -121.99) FL1500 2019-11-25 17:35:00 (cache: 76 images)
  SAVED /cluster/tufts/capstone25skyblue/scleme01/SatelliteTurbulencePrediction/model_inputs/2019_11/0000136.npz (1047.1s total | fetch=1044.9s project=0.1s smooth=1.4s | cache hits=14 misses=1)
[12/110] PIREP at (34.80, -118.86) FL8000 2019-11-25 17:40:00 (cache: 77 images)
  SAVED /cluster/tufts/capstone25skyblue/scleme01/SatelliteTurbulencePrediction/model_inputs/2019_11/0000137.npz (1140.7s total | fetch=1138.5s project=0.1s smooth=1.4s | cache hits=14 misses=1)
[13/110] PIREP at (34.80, -118.86) FL8000 2019-11-25 17:40:00 (cache: 78 images)
  SAVED /cluster/tufts/capstone25skyblue/scleme01/SatelliteTurbulencePrediction/model_inputs/2019_11/0000138.npz (0.2s total | fetch=0.0s project=0.0s smooth=0.0s | cache hits=15 misses=0)
[14/110] PIREP at (34.51, -119.77) FL37000 2019-11-25 17:48:00 (cache: 78 images)
  SAVED /cluster/tufts/capstone25skyblue/scleme01/SatelliteTurbulencePrediction/model_inputs/2019_11/0000141.npz (1182.0s total | fetch=1179.8s project=0.1s smooth=1.4s | cache hits=14 misses=1)
[15/110] PIREP at (34.51, -119.77) FL37000 2019-11-25 17:48:00 (cache: 79 images)
  SAVED /cluster/tufts/capstone25skyblue/scleme01/SatelliteTurbulencePrediction/model_inputs/2019_11/0000140.npz (0.2s total | fetch=0.0s project=0.0s smooth=0.0s | cache hits=15 misses=0)
[16/110] PIREP at (34.51, -119.77) FL37000 2019-11-25 17:48:00 (cache: 79 images)
  SAVED /cluster/tufts/capstone25skyblue/scleme01/SatelliteTurbulencePrediction/model_inputs/2019_11/0000139.npz (0.2s total | fetch=0.0s project=0.0s smooth=0.0s | cache hits=15 misses=0)
[17/110] PIREP at (35.42, -119.40) FL37000 2019-11-25 17:50:00 (cache: 79 images)
  SAVED /cluster/tufts/capstone25skyblue/scleme01/SatelliteTurbulencePrediction/model_inputs/2019_11/0000145.npz (1193.8s total | fetch=1191.6s project=0.1s smooth=1.4s | cache hits=14 misses=1)
[18/110] PIREP at (35.42, -119.40) FL37000 2019-11-25 17:50:00 (cache: 80 images)
  SAVED /cluster/tufts/capstone25skyblue/scleme01/SatelliteTurbulencePrediction/model_inputs/2019_11/0000144.npz (0.2s total | fetch=0.0s project=0.0s smooth=0.0s | cache hits=15 misses=0)
[19/110] PIREP at (35.42, -119.40) FL37000 2019-11-25 17:50:00 (cache: 80 images)
  SAVED /cluster/tufts/capstone25skyblue/scleme01/SatelliteTurbulencePrediction/model_inputs/2019_11/0000142.npz (0.2s total | fetch=0.0s project=0.0s smooth=0.0s | cache hits=15 misses=0)
[20/110] PIREP at (35.42, -119.40) FL37000 2019-11-25 17:50:00 (cache: 80 images)
  SAVED /cluster/tufts/capstone25skyblue/scleme01/SatelliteTurbulencePrediction/model_inputs/2019_11/0000143.npz (0.2s total | fetch=0.0s project=0.0s smooth=0.0s | cache hits=15 misses=0)
[21/110] PIREP at (35.43, -119.05) FL35000 2019-11-25 17:52:00 (cache: 80 images)
  SAVED /cluster/tufts/capstone25skyblue/scleme01/SatelliteTurbulencePrediction/model_inputs/2019_11/0000148.npz (0.2s total | fetch=0.0s project=0.0s smooth=0.0s | cache hits=15 misses=0)
[22/110] PIREP at (35.43, -119.05) FL35000 2019-11-25 17:52:00 (cache: 80 images)
  SAVED /cluster/tufts/capstone25skyblue/scleme01/SatelliteTurbulencePrediction/model_inputs/2019_11/0000147.npz (0.2s total | fetch=0.0s project=0.0s smooth=0.0s | cache hits=15 misses=0)
[23/110] PIREP at (35.43, -119.05) FL35000 2019-11-25 17:52:00 (cache: 80 images)
  SAVED /cluster/tufts/capstone25skyblue/scleme01/SatelliteTurbulencePrediction/model_inputs/2019_11/0000146.npz (0.2s total | fetch=0.0s project=0.0s smooth=0.0s | cache hits=15 misses=0)
[24/110] PIREP at (36.45, -118.23) FL16500 2019-11-25 18:40:00 (cache: 80 images)
  SAVED /cluster/tufts/capstone25skyblue/scleme01/SatelliteTurbulencePrediction/model_inputs/2019_11/0000149.npz (12163.1s total | fetch=12142.8s project=1.3s smooth=14.1s | cache hits=5 misses=10)
[25/110] PIREP at (34.19, -118.25) FL9000 2019-11-25 18:45:00 (cache: 90 images)
  SAVED /cluster/tufts/capstone25skyblue/scleme01/SatelliteTurbulencePrediction/model_inputs/2019_11/0000150.npz (1088.1s total | fetch=1085.9s project=0.1s smooth=1.4s | cache hits=14 misses=1)
[26/110] PIREP at (34.74, -118.22) FL5000 2019-11-25 18:50:00 (cache: 91 images)
  SAVED /cluster/tufts/capstone25skyblue/scleme01/SatelliteTurbulencePrediction/model_inputs/2019_11/0000151.npz (1198.8s total | fetch=1196.6s project=0.1s smooth=1.4s | cache hits=14 misses=1)
[27/110] PIREP at (34.74, -118.22) FL5000 2019-11-25 18:50:00 (cache: 92 images)
  SAVED /cluster/tufts/capstone25skyblue/scleme01/SatelliteTurbulencePrediction/model_inputs/2019_11/0000152.npz (0.2s total | fetch=0.0s project=0.0s smooth=0.0s | cache hits=15 misses=0)
[28/110] PIREP at (34.12, -116.31) FL7300 2019-11-25 19:25:00 (cache: 92 images)
  SAVED /cluster/tufts/capstone25skyblue/scleme01/SatelliteTurbulencePrediction/model_inputs/2019_11/0000154.npz (7540.3s total | fetch=7526.0s project=0.9s smooth=9.8s | cache hits=8 misses=7)
[29/110] PIREP at (34.12, -116.31) FL7300 2019-11-25 19:25:00 (cache: 99 images)
  SAVED /cluster/tufts/capstone25skyblue/scleme01/SatelliteTurbulencePrediction/model_inputs/2019_11/0000153.npz (0.2s total | fetch=0.0s project=0.0s smooth=0.0s | cache hits=15 misses=0)
[30/110] PIREP at (34.12, -116.31) FL7300 2019-11-25 19:25:00 (cache: 99 images)
  SAVED /cluster/tufts/capstone25skyblue/scleme01/SatelliteTurbulencePrediction/model_inputs/2019_11/0000155.npz (0.2s total | fetch=0.0s project=0.0s smooth=0.0s | cache hits=15 misses=0)
[31/110] PIREP at (36.11, -121.75) FL3000 2019-11-25 19:27:00 (cache: 99 images)
  SAVED /cluster/tufts/capstone25skyblue/scleme01/SatelliteTurbulencePrediction/model_inputs/2019_11/0000156.npz (0.2s total | fetch=0.0s project=0.0s smooth=0.0s | cache hits=15 misses=0)
[32/110] PIREP at (36.24, -121.54) FL3500 2019-11-25 19:28:00 (cache: 99 images)
  SAVED /cluster/tufts/capstone25skyblue/scleme01/SatelliteTurbulencePrediction/model_inputs/2019_11/0000157.npz (0.2s total | fetch=0.0s project=0.0s smooth=0.0s | cache hits=15 misses=0)
[33/110] PIREP at (35.13, -118.44) FL9000 2019-11-25 19:34:00 (cache: 99 images)
  SAVED /cluster/tufts/capstone25skyblue/scleme01/SatelliteTurbulencePrediction/model_inputs/2019_11/0000158.npz (874.0s total | fetch=871.8s project=0.1s smooth=1.4s | cache hits=14 misses=1)
[34/110] PIREP at (35.74, -115.31) FL8000 2019-11-25 19:40:00 (cache: 100 images)
  SAVED /cluster/tufts/capstone25skyblue/scleme01/SatelliteTurbulencePrediction/model_inputs/2019_11/0000159.npz (1986.2s total | fetch=1981.9s project=0.3s smooth=2.8s | cache hits=13 misses=2)
[35/110] PIREP at (34.45, -119.33) FL6500 2019-11-25 20:05:00 (cache: 102 images)
  SAVED /cluster/tufts/capstone25skyblue/scleme01/SatelliteTurbulencePrediction/model_inputs/2019_11/0000160.npz (5120.1s total | fetch=5109.9s project=0.7s smooth=7.0s | cache hits=10 misses=5)
[36/110] PIREP at (34.45, -119.33) FL6500 2019-11-25 20:05:00 (cache: 107 images)
  SAVED /cluster/tufts/capstone25skyblue/scleme01/SatelliteTurbulencePrediction/model_inputs/2019_11/0000161.npz (0.2s total | fetch=0.0s project=0.0s smooth=0.0s | cache hits=15 misses=0)
[37/110] PIREP at (34.18, -117.25) FL6500 2019-11-25 20:10:00 (cache: 107 images)
  SAVED /cluster/tufts/capstone25skyblue/scleme01/SatelliteTurbulencePrediction/model_inputs/2019_11/0000162.npz (960.8s total | fetch=958.5s project=0.1s smooth=1.4s | cache hits=14 misses=1)
[38/110] PIREP at (36.20, -120.47) FL5500 2019-11-25 20:15:00 (cache: 108 images)
  SAVED /cluster/tufts/capstone25skyblue/scleme01/SatelliteTurbulencePrediction/model_inputs/2019_11/0000163.npz (956.2s total | fetch=954.0s project=0.1s smooth=1.4s | cache hits=14 misses=1)
[39/110] PIREP at (34.87, -112.18) FL8500 2019-11-25 20:17:00 (cache: 109 images)
  SAVED /cluster/tufts/capstone25skyblue/scleme01/SatelliteTurbulencePrediction/model_inputs/2019_11/0000164.npz (0.2s total | fetch=0.0s project=0.0s smooth=0.0s | cache hits=15 misses=0)
[40/110] PIREP at (48.89, -123.43) FL3000 2019-11-25 20:30:00 (cache: 109 images)
  SAVED /cluster/tufts/capstone25skyblue/scleme01/SatelliteTurbulencePrediction/model_inputs/2019_11/0000287.npz (3097.9s total | fetch=3091.7s project=0.4s smooth=4.3s | cache hits=12 misses=3)
[41/110] PIREP at (31.73, -111.11) FL25000 2019-11-25 21:06:00 (cache: 112 images)
