Resetting environment
Deactivating conda environment (if any)
Purging all modules
Done! Environment has been torn down
Allocating resources with slurm...
Loading cuda and miniforge...
Activating conda environment...
Redirecting into the satellite repo...
Done! Environment has now been set up
Processing 2019/01 chunk [600:750]
Fetching satellite data for PIREPs in /cluster/tufts/capstone25skyblue/scleme01/SatelliteTurbulencePrediction/pireps/2019/01_turb_pireps.csv
Processing chunk [600:750] (150 PIREPs) from /cluster/tufts/capstone25skyblue/scleme01/SatelliteTurbulencePrediction/pireps/2019/01_turb_pireps.csv
[1/150] PIREP at (49.77, -73.24) FL25000 2019-01-24 19:50:00 (cache: 0 images)
  SAVED /cluster/tufts/capstone25skyblue/scleme01/SatelliteTurbulencePrediction/model_inputs/2019_01/0000292.npz (5880.0s total | fetch=5854.0s project=2.2s smooth=17.0s | cache hits=0 misses=15)
[2/150] PIREP at (49.35, -72.27) FL21000 2019-01-24 20:05:00 (cache: 15 images)
  SAVED /cluster/tufts/capstone25skyblue/scleme01/SatelliteTurbulencePrediction/model_inputs/2019_01/0000293.npz (1412.9s total | fetch=1407.5s project=0.5s smooth=3.4s | cache hits=12 misses=3)
[3/150] PIREP at (39.21, -74.64) FL25000 2019-01-24 20:11:00 (cache: 18 images)
  SAVED /cluster/tufts/capstone25skyblue/scleme01/SatelliteTurbulencePrediction/model_inputs/2019_01/0000294.npz (226.8s total | fetch=224.9s project=0.2s smooth=1.2s | cache hits=14 misses=1)
[4/150] PIREP at (44.78, -89.67) FL3000 2019-01-24 20:45:00 (cache: 19 images)
  SAVED /cluster/tufts/capstone25skyblue/scleme01/SatelliteTurbulencePrediction/model_inputs/2019_01/0000697.npz (2517.8s total | fetch=2505.3s project=1.0s smooth=8.1s | cache hits=8 misses=7)
[5/150] PIREP at (43.55, -60.10) FL40000 2019-01-24 22:25:00 (cache: 26 images)
  SAVED /cluster/tufts/capstone25skyblue/scleme01/SatelliteTurbulencePrediction/model_inputs/2019_01/0000295.npz (5275.8s total | fetch=5249.6s project=2.2s smooth=17.1s | cache hits=0 misses=15)
[6/150] PIREP at (36.02, -99.40) FL38000 2019-01-24 22:38:00 (cache: 41 images)
  SAVED /cluster/tufts/capstone25skyblue/scleme01/SatelliteTurbulencePrediction/model_inputs/2019_01/0000585.npz (711.5s total | fetch=707.8s project=0.3s smooth=2.3s | cache hits=13 misses=2)
[7/150] PIREP at (38.30, -71.95) FL43000 2019-01-24 22:51:00 (cache: 43 images)
  SAVED /cluster/tufts/capstone25skyblue/scleme01/SatelliteTurbulencePrediction/model_inputs/2019_01/0000296.npz (691.8s total | fetch=686.6s project=0.4s smooth=3.4s | cache hits=12 misses=3)
[8/150] PIREP at (47.59, -121.96) FL7500 2019-01-24 23:45:00 (cache: 46 images)
  SAVED /cluster/tufts/capstone25skyblue/scleme01/SatelliteTurbulencePrediction/model_inputs/2019_01/0000609.npz (58.6s total | fetch=40.5s project=1.6s smooth=12.5s | cache hits=4 misses=11)
[9/150] PIREP at (42.93, -71.44) FL800 2019-01-25 01:25:00 (cache: 57 images)
  SAVED /cluster/tufts/capstone25skyblue/scleme01/SatelliteTurbulencePrediction/model_inputs/2019_01/0000724.npz (129.4s total | fetch=104.6s project=2.2s smooth=17.1s | cache hits=0 misses=15)
[10/150] PIREP at (41.73, -62.55) FL41000 2019-01-25 03:25:00 (cache: 72 images)
  SAVED /cluster/tufts/capstone25skyblue/scleme01/SatelliteTurbulencePrediction/model_inputs/2019_01/0000297.npz (82.6s total | fetch=57.9s project=2.2s smooth=17.1s | cache hits=0 misses=15)
[11/150] PIREP at (45.20, -59.97) FL37000 2019-01-25 06:10:00 (cache: 87 images)
  SAVED /cluster/tufts/capstone25skyblue/scleme01/SatelliteTurbulencePrediction/model_inputs/2019_01/0000298.npz (105.8s total | fetch=81.1s project=2.2s smooth=17.1s | cache hits=0 misses=15)
[12/150] PIREP at (61.10, -150.38) FL8000 2019-01-25 13:30:00 (cache: 102 images)
  SAVED /cluster/tufts/capstone25skyblue/scleme01/SatelliteTurbulencePrediction/model_inputs/2019_01/0000299.npz (2466.9s total | fetch=2441.5s project=2.2s smooth=17.1s | cache hits=0 misses=15)
[13/150] PIREP at (35.44, -101.43) FL38000 2019-01-25 16:29:00 (cache: 117 images)
  SAVED /cluster/tufts/capstone25skyblue/scleme01/SatelliteTurbulencePrediction/model_inputs/2019_01/0000736.npz (6755.5s total | fetch=6729.0s project=2.2s smooth=17.3s | cache hits=0 misses=15)
[14/150] PIREP at (37.27, -131.83) FL35000 2019-01-25 18:25:00 (cache: 132 images)
  SAVED /cluster/tufts/capstone25skyblue/scleme01/SatelliteTurbulencePrediction/model_inputs/2019_01/0000300.npz (7144.7s total | fetch=7118.5s project=2.2s smooth=17.1s | cache hits=0 misses=15)
[15/150] PIREP at (35.71, -119.79) FL33000 2019-01-25 21:03:00 (cache: 147 images)
  SAVED /cluster/tufts/capstone25skyblue/scleme01/SatelliteTurbulencePrediction/model_inputs/2019_01/0000302.npz (7520.3s total | fetch=7494.0s project=2.2s smooth=17.2s | cache hits=0 misses=15)
[16/150] PIREP at (35.71, -119.79) FL33000 2019-01-25 21:03:00 (cache: 162 images)
  SAVED /cluster/tufts/capstone25skyblue/scleme01/SatelliteTurbulencePrediction/model_inputs/2019_01/0000301.npz (0.1s total | fetch=0.0s project=0.0s smooth=0.0s | cache hits=15 misses=0)
[17/150] PIREP at (34.25, -118.25) FL30000 2019-01-25 23:52:00 (cache: 162 images)
  SAVED /cluster/tufts/capstone25skyblue/scleme01/SatelliteTurbulencePrediction/model_inputs/2019_01/0000303.npz (3990.7s total | fetch=3965.2s project=2.2s smooth=17.0s | cache hits=0 misses=15)
[18/150] PIREP at (34.25, -118.25) FL30000 2019-01-25 23:52:00 (cache: 177 images)
  SAVED /cluster/tufts/capstone25skyblue/scleme01/SatelliteTurbulencePrediction/model_inputs/2019_01/0000304.npz (0.2s total | fetch=0.0s project=0.0s smooth=0.0s | cache hits=15 misses=0)
[19/150] PIREP at (37.85, -131.80) FL35000 2019-01-26 01:06:00 (cache: 177 images)
  SAVED /cluster/tufts/capstone25skyblue/scleme01/SatelliteTurbulencePrediction/model_inputs/2019_01/0000305.npz (111.9s total | fetch=87.2s project=2.2s smooth=17.0s | cache hits=0 misses=15)
[20/150] PIREP at (54.73, -166.21) FL32000 2019-01-26 01:07:00 (cache: 192 images)
  SAVED /cluster/tufts/capstone25skyblue/scleme01/SatelliteTurbulencePrediction/model_inputs/2019_01/0000306.npz (0.1s total | fetch=0.0s project=0.0s smooth=0.0s | cache hits=15 misses=0)
[21/150] PIREP at (40.07, -107.92) FL30000 2019-01-26 05:05:00 (cache: 192 images)
  SAVED /cluster/tufts/capstone25skyblue/scleme01/SatelliteTurbulencePrediction/model_inputs/2019_01/0000308.npz (131.6s total | fetch=106.6s project=2.2s smooth=17.2s | cache hits=0 misses=15)
[22/150] PIREP at (40.07, -107.92) FL30000 2019-01-26 05:05:00 (cache: 207 images)
  SAVED /cluster/tufts/capstone25skyblue/scleme01/SatelliteTurbulencePrediction/model_inputs/2019_01/0000307.npz (0.2s total | fetch=0.0s project=0.0s smooth=0.0s | cache hits=15 misses=0)
[23/150] PIREP at (47.00, -40.00) FL39000 2019-01-26 06:40:00 (cache: 207 images)
  SAVED /cluster/tufts/capstone25skyblue/scleme01/SatelliteTurbulencePrediction/model_inputs/2019_01/0000309.npz (100.2s total | fetch=75.1s project=2.2s smooth=17.3s | cache hits=0 misses=15)
[24/150] PIREP at (32.78, -116.73) FL9000 2019-01-26 14:56:00 (cache: 222 images)
  SAVED /cluster/tufts/capstone25skyblue/scleme01/SatelliteTurbulencePrediction/model_inputs/2019_01/0000696.npz (8765.5s total | fetch=8739.3s project=2.2s smooth=16.9s | cache hits=0 misses=15)
[25/150] PIREP at (33.97, -117.61) FL8000 2019-01-26 15:00:00 (cache: 237 images)
  SAVED /cluster/tufts/capstone25skyblue/scleme01/SatelliteTurbulencePrediction/model_inputs/2019_01/0000515.npz (634.1s total | fetch=632.1s project=0.1s smooth=1.1s | cache hits=14 misses=1)
[26/150] PIREP at (19.72, -155.04) FL2500 2019-01-26 16:25:00 (cache: 238 images)
