Resetting environment
Deactivating conda environment (if any)
Purging all modules
Done! Environment has been torn down
Loading cuda and miniforge...
Activating conda environment...
Redirecting into the satellite repo...
Done! Environment has now been set up
Processing 2020/02 chunk [550:660]
Fetching satellite data for PIREPs in /cluster/tufts/capstone25skyblue/scleme01/SatelliteTurbulencePrediction/pireps/2020/02_turb_pireps.csv
Processing chunk [550:660] (110 PIREPs) from /cluster/tufts/capstone25skyblue/scleme01/SatelliteTurbulencePrediction/pireps/2020/02_turb_pireps.csv
[1/110] PIREP at (40.32, -105.21) FL15000 2020-02-15 01:18:00 (cache: 0 images)
  SAVED /cluster/tufts/capstone25skyblue/scleme01/SatelliteTurbulencePrediction/model_inputs/2020_02/0000308.npz (120.1s total | fetch=95.1s project=1.7s smooth=17.4s | cache hits=0 misses=15)
[2/110] PIREP at (40.06, -105.13) FL10500 2020-02-15 01:27:00 (cache: 15 images)
  SAVED /cluster/tufts/capstone25skyblue/scleme01/SatelliteTurbulencePrediction/model_inputs/2020_02/0000309.npz (25.7s total | fetch=22.3s project=0.2s smooth=2.3s | cache hits=13 misses=2)
[3/110] PIREP at (46.92, -114.09) FL10000 2020-02-15 01:33:00 (cache: 17 images)
  SAVED /cluster/tufts/capstone25skyblue/scleme01/SatelliteTurbulencePrediction/model_inputs/2020_02/0000618.npz (15.2s total | fetch=13.5s project=0.1s smooth=1.1s | cache hits=14 misses=1)
[4/110] PIREP at (57.50, -62.00) FL37000 2020-02-15 01:55:00 (cache: 18 images)
  SAVED /cluster/tufts/capstone25skyblue/scleme01/SatelliteTurbulencePrediction/model_inputs/2020_02/0000310.npz (52.9s total | fetch=44.8s project=0.5s smooth=5.6s | cache hits=10 misses=5)
[5/110] PIREP at (40.12, -104.94) FL22500 2020-02-15 02:31:00 (cache: 23 images)
  SAVED /cluster/tufts/capstone25skyblue/scleme01/SatelliteTurbulencePrediction/model_inputs/2020_02/0000311.npz (43.8s total | fetch=32.2s project=0.8s smooth=8.0s | cache hits=8 misses=7)
[6/110] PIREP at (46.50, -32.00) FL35000 2020-02-15 02:37:00 (cache: 30 images)
  SAVED /cluster/tufts/capstone25skyblue/scleme01/SatelliteTurbulencePrediction/model_inputs/2020_02/0000312.npz (9.7s total | fetch=8.0s project=0.1s smooth=1.1s | cache hits=14 misses=1)
[7/110] PIREP at (39.57, -105.28) FL15000 2020-02-15 02:50:00 (cache: 31 images)
  SAVED /cluster/tufts/capstone25skyblue/scleme01/SatelliteTurbulencePrediction/model_inputs/2020_02/0000313.npz (30.5s total | fetch=25.5s project=0.3s smooth=3.4s | cache hits=12 misses=3)
[8/110] PIREP at (30.90, -81.90) FL40000 2020-02-15 13:14:00 (cache: 34 images)
  SAVED /cluster/tufts/capstone25skyblue/scleme01/SatelliteTurbulencePrediction/model_inputs/2020_02/0000742.npz (2899.3s total | fetch=2875.3s project=1.5s smooth=16.7s | cache hits=0 misses=15)
[9/110] PIREP at (46.53, -90.13) FL10000 2020-02-15 14:01:00 (cache: 49 images)
  SAVED /cluster/tufts/capstone25skyblue/scleme01/SatelliteTurbulencePrediction/model_inputs/2020_02/0000522.npz (7317.0s total | fetch=7300.8s project=1.1s smooth=11.3s | cache hits=5 misses=10)
[10/110] PIREP at (39.96, -80.53) FL11500 2020-02-15 14:47:00 (cache: 59 images)
  SAVED /cluster/tufts/capstone25skyblue/scleme01/SatelliteTurbulencePrediction/model_inputs/2020_02/0000858.npz (8027.2s total | fetch=8012.7s project=0.9s smooth=10.0s | cache hits=6 misses=9)
[11/110] PIREP at (40.85, -111.98) FL34000 2020-02-15 15:10:00 (cache: 68 images)
  SAVED /cluster/tufts/capstone25skyblue/scleme01/SatelliteTurbulencePrediction/model_inputs/2020_02/0000488.npz (4883.3s total | fetch=4875.2s project=0.5s smooth=5.6s | cache hits=10 misses=5)
[12/110] PIREP at (65.04, -148.10) FL5500 2020-02-15 18:30:00 (cache: 73 images)
  SAVED /cluster/tufts/capstone25skyblue/scleme01/SatelliteTurbulencePrediction/model_inputs/2020_02/0000706.npz (15244.9s total | fetch=15220.9s project=1.6s smooth=16.7s | cache hits=0 misses=15)
[13/110] PIREP at (39.54, -84.22) FL4500 2020-02-15 18:42:00 (cache: 88 images)
  SAVED /cluster/tufts/capstone25skyblue/scleme01/SatelliteTurbulencePrediction/model_inputs/2020_02/0000559.npz (1774.0s total | fetch=1770.7s project=0.2s smooth=2.2s | cache hits=13 misses=2)
[14/110] PIREP at (41.38, -106.22) FL13500 2020-02-15 19:52:00 (cache: 90 images)
  SAVED /cluster/tufts/capstone25skyblue/scleme01/SatelliteTurbulencePrediction/model_inputs/2020_02/0000314.npz (13059.1s total | fetch=13036.7s project=1.5s smooth=15.5s | cache hits=1 misses=14)
[15/110] PIREP at (41.38, -106.22) FL13500 2020-02-15 19:52:00 (cache: 104 images)
  SAVED /cluster/tufts/capstone25skyblue/scleme01/SatelliteTurbulencePrediction/model_inputs/2020_02/0000315.npz (0.1s total | fetch=0.0s project=0.0s smooth=0.0s | cache hits=15 misses=0)
[16/110] PIREP at (28.35, -80.80) FL7500 2020-02-15 20:12:00 (cache: 104 images)
  SAVED /cluster/tufts/capstone25skyblue/scleme01/SatelliteTurbulencePrediction/model_inputs/2020_02/0000316.npz (3957.9s total | fetch=3951.4s project=0.4s smooth=4.4s | cache hits=11 misses=4)
[17/110] PIREP at (41.99, -87.03) FL12000 2020-02-15 21:33:00 (cache: 108 images)
  SAVED /cluster/tufts/capstone25skyblue/scleme01/SatelliteTurbulencePrediction/model_inputs/2020_02/0000851.npz (14320.7s total | fetch=14296.7s project=1.6s smooth=16.7s | cache hits=0 misses=15)
[18/110] PIREP at (40.19, -105.74) FL35500 2020-02-15 22:10:00 (cache: 123 images)
  SAVED /cluster/tufts/capstone25skyblue/scleme01/SatelliteTurbulencePrediction/model_inputs/2020_02/0000318.npz (6428.6s total | fetch=6415.6s project=0.8s smooth=9.0s | cache hits=7 misses=8)
[19/110] PIREP at (40.19, -105.74) FL35500 2020-02-15 22:10:00 (cache: 131 images)
  SAVED /cluster/tufts/capstone25skyblue/scleme01/SatelliteTurbulencePrediction/model_inputs/2020_02/0000317.npz (0.1s total | fetch=0.0s project=0.0s smooth=0.0s | cache hits=15 misses=0)
[20/110] PIREP at (44.87, -91.48) FL20000 2020-02-16 01:04:00 (cache: 131 images)
  SAVED /cluster/tufts/capstone25skyblue/scleme01/SatelliteTurbulencePrediction/model_inputs/2020_02/0000714.npz (168.1s total | fetch=143.8s project=1.6s smooth=17.0s | cache hits=0 misses=15)
[21/110] PIREP at (39.83, -104.66) FL9000 2020-02-16 02:00:00 (cache: 146 images)
  SAVED /cluster/tufts/capstone25skyblue/scleme01/SatelliteTurbulencePrediction/model_inputs/2020_02/0000319.npz (156.6s total | fetch=137.1s project=1.3s smooth=13.6s | cache hits=3 misses=12)
[22/110] PIREP at (39.58, -104.94) FL11500 2020-02-16 02:22:00 (cache: 158 images)
  SAVED /cluster/tufts/capstone25skyblue/scleme01/SatelliteTurbulencePrediction/model_inputs/2020_02/0000320.npz (62.1s total | fetch=55.5s project=0.4s smooth=4.5s | cache hits=11 misses=4)
[23/110] PIREP at (36.61, -105.91) FL38000 2020-02-16 03:09:00 (cache: 162 images)
  SAVED /cluster/tufts/capstone25skyblue/scleme01/SatelliteTurbulencePrediction/model_inputs/2020_02/0000517.npz (102.4s total | fetch=87.8s project=0.9s smooth=10.2s | cache hits=6 misses=9)
[24/110] PIREP at (29.93, -82.37) FL25000 2020-02-16 12:11:00 (cache: 171 images)
  SAVED /cluster/tufts/capstone25skyblue/scleme01/SatelliteTurbulencePrediction/model_inputs/2020_02/0000527.npz (161.9s total | fetch=137.9s project=1.5s smooth=16.7s | cache hits=0 misses=15)
[25/110] PIREP at (31.97, -92.09) FL33000 2020-02-16 12:25:00 (cache: 186 images)
  SAVED /cluster/tufts/capstone25skyblue/scleme01/SatelliteTurbulencePrediction/model_inputs/2020_02/0000762.npz (26.9s total | fetch=22.0s project=0.3s smooth=3.3s | cache hits=12 misses=3)
[26/110] PIREP at (33.70, -97.04) FL28000 2020-02-16 13:48:00 (cache: 189 images)
  SAVED /cluster/tufts/capstone25skyblue/scleme01/SatelliteTurbulencePrediction/model_inputs/2020_02/0000576.npz (8319.7s total | fetch=8295.5s project=1.6s smooth=16.9s | cache hits=0 misses=15)
[27/110] PIREP at (35.73, -106.88) FL12500 2020-02-16 14:55:00 (cache: 204 images)
