Resetting environment
Deactivating conda environment (if any)
Purging all modules
Done! Environment has been torn down
Loading cuda and miniforge...
Activating conda environment...
Redirecting into the satellite repo...
Done! Environment has now been set up
Processing 2019/10 chunk [220:330]
Fetching satellite data for PIREPs in /cluster/tufts/capstone25skyblue/scleme01/SatelliteTurbulencePrediction/pireps/2019/10_turb_pireps.csv
Processing chunk [220:330] (110 PIREPs) from /cluster/tufts/capstone25skyblue/scleme01/SatelliteTurbulencePrediction/pireps/2019/10_turb_pireps.csv
[1/110] PIREP at (38.21, -121.50) FL12000 2019-10-17 05:00:00 (cache: 0 images)
  SAVED /cluster/tufts/capstone25skyblue/scleme01/SatelliteTurbulencePrediction/model_inputs/2019_10/0000096.npz (271.1s total | fetch=241.1s project=1.9s smooth=21.0s | cache hits=0 misses=15)
[2/110] PIREP at (42.16, -72.27) FL10000 2019-10-17 05:28:00 (cache: 15 images)
  SAVED /cluster/tufts/capstone25skyblue/scleme01/SatelliteTurbulencePrediction/model_inputs/2019_10/0000097.npz (57.7s total | fetch=47.5s project=0.7s smooth=7.1s | cache hits=10 misses=5)
[3/110] PIREP at (48.33, -71.74) FL37000 2019-10-17 09:42:00 (cache: 20 images)
  SAVED /cluster/tufts/capstone25skyblue/scleme01/SatelliteTurbulencePrediction/model_inputs/2019_10/0000098.npz (174.5s total | fetch=144.1s project=2.0s smooth=21.3s | cache hits=0 misses=15)
[4/110] PIREP at (29.92, -85.09) FL26000 2019-10-17 12:10:00 (cache: 35 images)
  SAVED /cluster/tufts/capstone25skyblue/scleme01/SatelliteTurbulencePrediction/model_inputs/2019_10/0000551.npz (4007.1s total | fetch=3977.0s project=1.9s smooth=21.0s | cache hits=0 misses=15)
[5/110] PIREP at (43.36, -89.77) FL38000 2019-10-17 13:06:00 (cache: 50 images)
