Resetting environment
Deactivating conda environment (if any)
Purging all modules
Done! Environment has been torn down
Loading cuda and miniforge...
Activating conda environment...
Redirecting into the satellite repo...
Done! Environment has now been set up
Processing 2019/01 chunk [0:110]
Fetching satellite data for PIREPs in /cluster/tufts/capstone25skyblue/scleme01/SatelliteTurbulencePrediction/pireps/2019/01_turb_pireps.csv
Processing chunk [0:110] (110 PIREPs) from /cluster/tufts/capstone25skyblue/scleme01/SatelliteTurbulencePrediction/pireps/2019/01_turb_pireps.csv
[1/110] PIREP at (21.31, -158.10) FL2500 2019-01-01 00:19:00 (cache: 0 images)
  SAVED /cluster/tufts/capstone25skyblue/scleme01/SatelliteTurbulencePrediction/model_inputs/2019_01/0000378.npz (136.1s total | fetch=105.6s project=2.1s smooth=21.4s | cache hits=0 misses=15)
[2/110] PIREP at (32.56, -82.99) FL35000 2019-01-01 02:43:00 (cache: 15 images)
  SAVED /cluster/tufts/capstone25skyblue/scleme01/SatelliteTurbulencePrediction/model_inputs/2019_01/0000465.npz (138.8s total | fetch=108.3s project=2.0s smooth=21.2s | cache hits=0 misses=15)
[3/110] SKIPPING /cluster/tufts/capstone25skyblue/scleme01/SatelliteTurbulencePrediction/model_inputs/2019_01/0000000.npz (already exists)
[4/110] PIREP at (42.04, -94.79) FL38000 2019-01-01 12:18:00 (cache: 30 images)
  SAVED /cluster/tufts/capstone25skyblue/scleme01/SatelliteTurbulencePrediction/model_inputs/2019_01/0000449.npz (160.4s total | fetch=130.0s project=2.0s smooth=21.2s | cache hits=0 misses=15)
[5/110] SKIPPING /cluster/tufts/capstone25skyblue/scleme01/SatelliteTurbulencePrediction/model_inputs/2019_01/0000001.npz (already exists)
[6/110] SKIPPING /cluster/tufts/capstone25skyblue/scleme01/SatelliteTurbulencePrediction/model_inputs/2019_01/0000002.npz (already exists)
[7/110] PIREP at (32.99, -107.89) FL17000 2019-01-01 13:40:00 (cache: 45 images)
  SAVED /cluster/tufts/capstone25skyblue/scleme01/SatelliteTurbulencePrediction/model_inputs/2019_01/0000676.npz (5425.1s total | fetch=5394.1s project=2.1s smooth=21.7s | cache hits=0 misses=15)
[8/110] SKIPPING /cluster/tufts/capstone25skyblue/scleme01/SatelliteTurbulencePrediction/model_inputs/2019_01/0000003.npz (already exists)
[9/110] PIREP at (34.51, -111.03) FL34000 2019-01-01 14:47:00 (cache: 60 images)
  SAVED /cluster/tufts/capstone25skyblue/scleme01/SatelliteTurbulencePrediction/model_inputs/2019_01/0000656.npz (13192.7s total | fetch=13165.9s project=1.8s smooth=18.7s | cache hits=2 misses=13)
[10/110] PIREP at (46.40, -94.13) FL28000 2019-01-01 14:52:00 (cache: 73 images)
  SAVED /cluster/tufts/capstone25skyblue/scleme01/SatelliteTurbulencePrediction/model_inputs/2019_01/0000543.npz (897.5s total | fetch=895.3s project=0.1s smooth=1.4s | cache hits=14 misses=1)
[11/110] SKIPPING /cluster/tufts/capstone25skyblue/scleme01/SatelliteTurbulencePrediction/model_inputs/2019_01/0000005.npz (already exists)
[12/110] SKIPPING /cluster/tufts/capstone25skyblue/scleme01/SatelliteTurbulencePrediction/model_inputs/2019_01/0000004.npz (already exists)
[13/110] SKIPPING /cluster/tufts/capstone25skyblue/scleme01/SatelliteTurbulencePrediction/model_inputs/2019_01/0000006.npz (already exists)
[14/110] PIREP at (40.95, -91.51) FL6000 2019-01-01 18:20:00 (cache: 74 images)
  SAVED /cluster/tufts/capstone25skyblue/scleme01/SatelliteTurbulencePrediction/model_inputs/2019_01/0000552.npz (17890.3s total | fetch=17859.5s project=2.1s smooth=21.4s | cache hits=0 misses=15)
[15/110] PIREP at (38.43, -115.03) FL35000 2019-01-01 18:56:00 (cache: 89 images)
  SAVED /cluster/tufts/capstone25skyblue/scleme01/SatelliteTurbulencePrediction/model_inputs/2019_01/0000415.npz (8096.9s total | fetch=8082.7s project=1.0s smooth=9.8s | cache hits=8 misses=7)
[16/110] PIREP at (32.39, -101.48) FL35000 2019-01-01 19:13:00 (cache: 96 images)
  SAVED /cluster/tufts/capstone25skyblue/scleme01/SatelliteTurbulencePrediction/model_inputs/2019_01/0000608.npz (3880.5s total | fetch=3874.3s project=0.4s smooth=4.2s | cache hits=12 misses=3)
[17/110] SKIPPING /cluster/tufts/capstone25skyblue/scleme01/SatelliteTurbulencePrediction/model_inputs/2019_01/0000007.npz (already exists)
[18/110] PIREP at (38.77, -122.99) FL7500 2019-01-01 20:27:00 (cache: 99 images)
  SAVED /cluster/tufts/capstone25skyblue/scleme01/SatelliteTurbulencePrediction/model_inputs/2019_01/0000596.npz (17823.8s total | fetch=17793.6s project=2.0s smooth=21.0s | cache hits=0 misses=15)
[19/110] PIREP at (34.92, -82.67) FL29000 2019-01-01 20:30:00 (cache: 114 images)
  SAVED /cluster/tufts/capstone25skyblue/scleme01/SatelliteTurbulencePrediction/model_inputs/2019_01/0000748.npz (913.2s total | fetch=911.0s project=0.1s smooth=1.4s | cache hits=14 misses=1)
[20/110] PIREP at (34.80, -84.44) FL34000 2019-01-01 20:48:00 (cache: 115 images)
  SAVED /cluster/tufts/capstone25skyblue/scleme01/SatelliteTurbulencePrediction/model_inputs/2019_01/0000503.npz (2979.8s total | fetch=2973.5s project=0.4s smooth=4.3s | cache hits=12 misses=3)
[21/110] PIREP at (34.88, -106.58) FL10000 2019-01-01 21:30:00 (cache: 118 images)
  SAVED /cluster/tufts/capstone25skyblue/scleme01/SatelliteTurbulencePrediction/model_inputs/2019_01/0000493.npz (9053.0s total | fetch=9034.5s project=1.2s smooth=12.9s | cache hits=6 misses=9)
[22/110] PIREP at (35.67, -95.44) FL37000 2019-01-01 21:47:00 (cache: 127 images)
  SAVED /cluster/tufts/capstone25skyblue/scleme01/SatelliteTurbulencePrediction/model_inputs/2019_01/0000468.npz (2833.2s total | fetch=2826.8s project=0.4s smooth=4.3s | cache hits=12 misses=3)
[23/110] SKIPPING /cluster/tufts/capstone25skyblue/scleme01/SatelliteTurbulencePrediction/model_inputs/2019_01/0000008.npz (already exists)
[24/110] SKIPPING /cluster/tufts/capstone25skyblue/scleme01/SatelliteTurbulencePrediction/model_inputs/2019_01/0000009.npz (already exists)
[25/110] PIREP at (43.65, -92.49) FL36000 2019-01-01 23:48:00 (cache: 130 images)
  SAVED /cluster/tufts/capstone25skyblue/scleme01/SatelliteTurbulencePrediction/model_inputs/2019_01/0000405.npz (4055.6s total | fetch=4024.8s project=2.1s smooth=21.6s | cache hits=0 misses=15)
[26/110] PIREP at (33.99, -118.47) FL1500 2019-01-02 00:26:00 (cache: 145 images)
  SAVED /cluster/tufts/capstone25skyblue/scleme01/SatelliteTurbulencePrediction/model_inputs/2019_01/0000392.npz (119.2s total | fetch=102.6s project=1.1s smooth=11.5s | cache hits=7 misses=8)
[27/110] SKIPPING /cluster/tufts/capstone25skyblue/scleme01/SatelliteTurbulencePrediction/model_inputs/2019_01/0000010.npz (already exists)
[28/110] PIREP at (61.25, -149.99) FL1200 2019-01-02 02:40:00 (cache: 153 images)
  SAVED /cluster/tufts/capstone25skyblue/scleme01/SatelliteTurbulencePrediction/model_inputs/2019_01/0000566.npz (191.6s total | fetch=160.8s project=2.1s smooth=21.6s | cache hits=0 misses=15)
[29/110] SKIPPING /cluster/tufts/capstone25skyblue/scleme01/SatelliteTurbulencePrediction/model_inputs/2019_01/0000011.npz (already exists)
[30/110] SKIPPING /cluster/tufts/capstone25skyblue/scleme01/SatelliteTurbulencePrediction/model_inputs/2019_01/0000012.npz (already exists)
[31/110] PIREP at (57.02, -135.60) FL1400 2019-01-02 04:55:00 (cache: 168 images)
  SAVED /cluster/tufts/capstone25skyblue/scleme01/SatelliteTurbulencePrediction/model_inputs/2019_01/0000693.npz (183.9s total | fetch=152.9s project=2.1s smooth=21.6s | cache hits=0 misses=15)
[32/110] PIREP at (33.24, -86.80) FL30000 2019-01-02 13:24:00 (cache: 183 images)
