Resetting environment
Deactivating conda environment (if any)
Purging all modules
Done! Environment has been torn down
Loading cuda and miniforge...
Activating conda environment...
Redirecting into the satellite repo...
Done! Environment has now been set up
Processing 2017/03 chunk [220:330]
Fetching satellite data for PIREPs in /cluster/tufts/capstone25skyblue/scleme01/SatelliteTurbulencePrediction/pireps/2017/03_turb_pireps.csv
Processing chunk [220:330] (110 PIREPs) from /cluster/tufts/capstone25skyblue/scleme01/SatelliteTurbulencePrediction/pireps/2017/03_turb_pireps.csv
[1/110] PIREP at (40.06, -105.47) FL35000 2017-03-09 16:58:00 (cache: 0 images)
  SAVED /cluster/tufts/capstone25skyblue/scleme01/SatelliteTurbulencePrediction/model_inputs/2017_03/0000417.npz (14819.6s total | fetch=14792.4s project=2.0s smooth=19.4s | cache hits=0 misses=15)
[2/110] PIREP at (39.43, -105.86) FL27500 2017-03-09 17:38:00 (cache: 15 images)
  SAVED /cluster/tufts/capstone25skyblue/scleme01/SatelliteTurbulencePrediction/model_inputs/2017_03/0000140.npz (9248.6s total | fetch=9234.1s project=1.1s smooth=10.3s | cache hits=7 misses=8)
[3/110] PIREP at (41.07, -74.54) FL5000 2017-03-09 18:01:00 (cache: 23 images)
  SAVED /cluster/tufts/capstone25skyblue/scleme01/SatelliteTurbulencePrediction/model_inputs/2017_03/0000141.npz (5563.3s total | fetch=5554.1s project=0.7s smooth=6.4s | cache hits=10 misses=5)
[4/110] PIREP at (40.85, -74.37) FL3000 2017-03-09 19:02:00 (cache: 28 images)
  SAVED /cluster/tufts/capstone25skyblue/scleme01/SatelliteTurbulencePrediction/model_inputs/2017_03/0000142.npz (13803.4s total | fetch=13781.6s project=1.6s smooth=15.5s | cache hits=3 misses=12)
[5/110] PIREP at (40.84, -74.43) FL3000 2017-03-09 19:02:00 (cache: 40 images)
  SAVED /cluster/tufts/capstone25skyblue/scleme01/SatelliteTurbulencePrediction/model_inputs/2017_03/0000143.npz (0.2s total | fetch=0.0s project=0.0s smooth=0.0s | cache hits=15 misses=0)
[6/110] PIREP at (41.40, -73.42) FL10000 2017-03-09 19:43:00 (cache: 40 images)
  SAVED /cluster/tufts/capstone25skyblue/scleme01/SatelliteTurbulencePrediction/model_inputs/2017_03/0000144.npz (8501.5s total | fetch=8486.9s project=1.1s smooth=10.3s | cache hits=7 misses=8)
[7/110] PIREP at (41.40, -73.42) FL10000 2017-03-09 19:43:00 (cache: 48 images)
  SAVED /cluster/tufts/capstone25skyblue/scleme01/SatelliteTurbulencePrediction/model_inputs/2017_03/0000145.npz (0.2s total | fetch=0.0s project=0.0s smooth=0.0s | cache hits=15 misses=0)
[8/110] PIREP at (38.53, -92.00) FL7000 2017-03-09 20:15:00 (cache: 48 images)
  SAVED /cluster/tufts/capstone25skyblue/scleme01/SatelliteTurbulencePrediction/model_inputs/2017_03/0000146.npz (8499.6s total | fetch=8486.8s project=0.9s smooth=9.0s | cache hits=8 misses=7)
[9/110] PIREP at (39.68, -105.39) FL40000 2017-03-09 20:25:00 (cache: 55 images)
  SAVED /cluster/tufts/capstone25skyblue/scleme01/SatelliteTurbulencePrediction/model_inputs/2017_03/0000147.npz (2273.5s total | fetch=2269.7s project=0.3s smooth=2.6s | cache hits=13 misses=2)
[10/110] PIREP at (39.68, -105.39) FL40000 2017-03-09 20:25:00 (cache: 57 images)
  SAVED /cluster/tufts/capstone25skyblue/scleme01/SatelliteTurbulencePrediction/model_inputs/2017_03/0000148.npz (0.2s total | fetch=0.0s project=0.0s smooth=0.0s | cache hits=15 misses=0)
[11/110] PIREP at (49.79, -124.75) FL9000 2017-03-09 20:28:00 (cache: 57 images)
  SAVED /cluster/tufts/capstone25skyblue/scleme01/SatelliteTurbulencePrediction/model_inputs/2017_03/0000354.npz (0.2s total | fetch=0.0s project=0.0s smooth=0.0s | cache hits=15 misses=0)
[12/110] PIREP at (39.30, -93.21) FL32000 2017-03-09 21:43:00 (cache: 57 images)
  SAVED /cluster/tufts/capstone25skyblue/scleme01/SatelliteTurbulencePrediction/model_inputs/2017_03/0000585.npz (15647.9s total | fetch=15619.8s project=2.1s smooth=20.0s | cache hits=0 misses=15)
[13/110] PIREP at (20.73, -156.49) FL4000 2017-03-09 21:55:00 (cache: 72 images)
  SAVED /cluster/tufts/capstone25skyblue/scleme01/SatelliteTurbulencePrediction/model_inputs/2017_03/0000338.npz (2676.2s total | fetch=2670.5s project=0.4s smooth=4.0s | cache hits=12 misses=3)
[14/110] PIREP at (27.62, -111.19) FL39000 2017-03-09 22:23:00 (cache: 75 images)
  SAVED /cluster/tufts/capstone25skyblue/scleme01/SatelliteTurbulencePrediction/model_inputs/2017_03/0000334.npz (4763.8s total | fetch=4754.2s project=0.7s smooth=6.8s | cache hits=10 misses=5)
[15/110] PIREP at (41.43, -92.15) FL24000 2017-03-09 22:28:00 (cache: 80 images)
  SAVED /cluster/tufts/capstone25skyblue/scleme01/SatelliteTurbulencePrediction/model_inputs/2017_03/0000328.npz (957.1s total | fetch=955.1s project=0.1s smooth=1.4s | cache hits=14 misses=1)
[16/110] PIREP at (42.36, -99.11) FL35000 2017-03-09 22:48:00 (cache: 81 images)
