Resetting environment
Deactivating conda environment (if any)
Purging all modules
Done! Environment has been torn down
Allocating resources with slurm...
Loading cuda and miniforge...
Activating conda environment...
Redirecting into the satellite repo...
Done! Environment has now been set up
Processing 2019/02 chunk [300:450]
Fetching satellite data for PIREPs in /cluster/tufts/capstone25skyblue/scleme01/SatelliteTurbulencePrediction/pireps/2019/02_turb_pireps.csv
Processing chunk [300:450] (150 PIREPs) from /cluster/tufts/capstone25skyblue/scleme01/SatelliteTurbulencePrediction/pireps/2019/02_turb_pireps.csv
[1/150] PIREP at (30.18, -85.03) FL25500 2019-02-13 18:13:00 (cache: 0 images)
  SAVED /cluster/tufts/capstone25skyblue/scleme01/SatelliteTurbulencePrediction/model_inputs/2019_02/0000137.npz (5701.2s total | fetch=5675.3s project=2.1s smooth=16.9s | cache hits=0 misses=15)
[2/150] PIREP at (61.23, -149.90) FL1200 2019-02-13 18:21:00 (cache: 15 images)
  SAVED /cluster/tufts/capstone25skyblue/scleme01/SatelliteTurbulencePrediction/model_inputs/2019_02/0000703.npz (761.2s total | fetch=757.6s project=0.3s smooth=2.3s | cache hits=13 misses=2)
[3/150] PIREP at (33.63, -85.84) FL31000 2019-02-13 18:44:00 (cache: 17 images)
  SAVED /cluster/tufts/capstone25skyblue/scleme01/SatelliteTurbulencePrediction/model_inputs/2019_02/0000138.npz (1484.6s total | fetch=1477.5s project=0.6s smooth=4.5s | cache hits=11 misses=4)
[4/150] PIREP at (37.88, -119.73) FL31000 2019-02-13 19:03:00 (cache: 21 images)
  SAVED /cluster/tufts/capstone25skyblue/scleme01/SatelliteTurbulencePrediction/model_inputs/2019_02/0000139.npz (1547.7s total | fetch=1540.7s project=0.6s smooth=4.5s | cache hits=11 misses=4)
[5/150] PIREP at (40.28, -105.15) FL13000 2019-02-13 19:30:00 (cache: 25 images)
  SAVED /cluster/tufts/capstone25skyblue/scleme01/SatelliteTurbulencePrediction/model_inputs/2019_02/0000140.npz (2432.2s total | fetch=2421.6s project=0.9s smooth=6.8s | cache hits=9 misses=6)
[6/150] PIREP at (37.84, -118.58) FL26000 2019-02-13 19:52:00 (cache: 31 images)
  SAVED /cluster/tufts/capstone25skyblue/scleme01/SatelliteTurbulencePrediction/model_inputs/2019_02/0000463.npz (2008.6s total | fetch=2001.5s project=0.6s smooth=4.5s | cache hits=11 misses=4)
[7/150] PIREP at (45.62, -110.75) FL13000 2019-02-13 20:15:00 (cache: 35 images)
  SAVED /cluster/tufts/capstone25skyblue/scleme01/SatelliteTurbulencePrediction/model_inputs/2019_02/0000390.npz (2321.9s total | fetch=2313.1s project=0.7s smooth=5.7s | cache hits=10 misses=5)
[8/150] PIREP at (42.42, -106.88) FL12000 2019-02-13 20:23:00 (cache: 40 images)
  SAVED /cluster/tufts/capstone25skyblue/scleme01/SatelliteTurbulencePrediction/model_inputs/2019_02/0000141.npz (347.8s total | fetch=345.9s project=0.2s smooth=1.1s | cache hits=14 misses=1)
[9/150] PIREP at (31.70, -86.06) FL34000 2019-02-13 20:32:00 (cache: 41 images)
  SAVED /cluster/tufts/capstone25skyblue/scleme01/SatelliteTurbulencePrediction/model_inputs/2019_02/0000142.npz (710.8s total | fetch=707.1s project=0.3s smooth=2.2s | cache hits=13 misses=2)
[10/150] PIREP at (38.06, -119.79) FL34000 2019-02-13 20:33:00 (cache: 43 images)
  SAVED /cluster/tufts/capstone25skyblue/scleme01/SatelliteTurbulencePrediction/model_inputs/2019_02/0000143.npz (0.1s total | fetch=0.0s project=0.0s smooth=0.0s | cache hits=15 misses=0)
[11/150] PIREP at (38.06, -119.79) FL31000 2019-02-13 20:34:00 (cache: 43 images)
  SAVED /cluster/tufts/capstone25skyblue/scleme01/SatelliteTurbulencePrediction/model_inputs/2019_02/0000145.npz (0.1s total | fetch=0.0s project=0.0s smooth=0.0s | cache hits=15 misses=0)
[12/150] PIREP at (38.06, -119.79) FL35000 2019-02-13 20:34:00 (cache: 43 images)
  SAVED /cluster/tufts/capstone25skyblue/scleme01/SatelliteTurbulencePrediction/model_inputs/2019_02/0000144.npz (0.1s total | fetch=0.0s project=0.0s smooth=0.0s | cache hits=15 misses=0)
[13/150] PIREP at (28.06, -80.79) FL10000 2019-02-13 20:36:00 (cache: 43 images)
  SAVED /cluster/tufts/capstone25skyblue/scleme01/SatelliteTurbulencePrediction/model_inputs/2019_02/0000146.npz (463.3s total | fetch=461.4s project=0.2s smooth=1.1s | cache hits=14 misses=1)
[14/150] PIREP at (45.40, -66.09) FL3000 2019-02-13 20:53:00 (cache: 44 images)
  SAVED /cluster/tufts/capstone25skyblue/scleme01/SatelliteTurbulencePrediction/model_inputs/2019_02/0000147.npz (1295.3s total | fetch=1290.0s project=0.4s smooth=3.4s | cache hits=12 misses=3)
[15/150] PIREP at (38.47, -120.65) FL28000 2019-02-13 20:56:00 (cache: 47 images)
  SAVED /cluster/tufts/capstone25skyblue/scleme01/SatelliteTurbulencePrediction/model_inputs/2019_02/0000148.npz (499.1s total | fetch=497.3s project=0.1s smooth=1.1s | cache hits=14 misses=1)
[16/150] PIREP at (33.79, -82.16) FL37000 2019-02-13 21:16:00 (cache: 48 images)
  SAVED /cluster/tufts/capstone25skyblue/scleme01/SatelliteTurbulencePrediction/model_inputs/2019_02/0000149.npz (1678.5s total | fetch=1671.3s project=0.6s smooth=4.5s | cache hits=11 misses=4)
[17/150] PIREP at (28.06, -80.79) FL10000 2019-02-13 21:31:00 (cache: 52 images)
  SAVED /cluster/tufts/capstone25skyblue/scleme01/SatelliteTurbulencePrediction/model_inputs/2019_02/0000150.npz (1473.0s total | fetch=1467.6s project=0.4s smooth=3.4s | cache hits=12 misses=3)
[18/150] PIREP at (45.63, -89.47) FL27000 2019-02-13 21:39:00 (cache: 55 images)
  SAVED /cluster/tufts/capstone25skyblue/scleme01/SatelliteTurbulencePrediction/model_inputs/2019_02/0000440.npz (352.5s total | fetch=350.5s project=0.2s smooth=1.2s | cache hits=14 misses=1)
[19/150] PIREP at (36.65, -119.71) FL33000 2019-02-13 21:51:00 (cache: 56 images)
  SAVED /cluster/tufts/capstone25skyblue/scleme01/SatelliteTurbulencePrediction/model_inputs/2019_02/0000151.npz (1476.4s total | fetch=1471.1s project=0.4s smooth=3.3s | cache hits=12 misses=3)
[20/150] PIREP at (32.69, -83.65) FL31000 2019-02-13 21:55:00 (cache: 59 images)
  SAVED /cluster/tufts/capstone25skyblue/scleme01/SatelliteTurbulencePrediction/model_inputs/2019_02/0000152.npz (461.5s total | fetch=459.6s project=0.2s smooth=1.1s | cache hits=14 misses=1)
[21/150] PIREP at (61.94, -147.17) FL4000 2019-02-13 22:10:00 (cache: 60 images)
  SAVED /cluster/tufts/capstone25skyblue/scleme01/SatelliteTurbulencePrediction/model_inputs/2019_02/0000153.npz (1355.5s total | fetch=1350.2s project=0.4s smooth=3.4s | cache hits=12 misses=3)
[22/150] PIREP at (61.94, -147.17) FL4000 2019-02-13 22:10:00 (cache: 63 images)
  SAVED /cluster/tufts/capstone25skyblue/scleme01/SatelliteTurbulencePrediction/model_inputs/2019_02/0000154.npz (0.1s total | fetch=0.0s project=0.0s smooth=0.0s | cache hits=15 misses=0)
[23/150] PIREP at (37.29, -121.92) FL5000 2019-02-13 22:17:00 (cache: 63 images)
  SAVED /cluster/tufts/capstone25skyblue/scleme01/SatelliteTurbulencePrediction/model_inputs/2019_02/0000155.npz (500.6s total | fetch=498.7s project=0.2s smooth=1.1s | cache hits=14 misses=1)
[24/150] PIREP at (37.17, -121.84) FL100 2019-02-13 22:36:00 (cache: 64 images)
  SAVED /cluster/tufts/capstone25skyblue/scleme01/SatelliteTurbulencePrediction/model_inputs/2019_02/0000156.npz (1746.5s total | fetch=1739.4s project=0.6s smooth=4.6s | cache hits=11 misses=4)
[25/150] PIREP at (37.17, -121.84) FL100 2019-02-13 22:36:00 (cache: 68 images)
  SAVED /cluster/tufts/capstone25skyblue/scleme01/SatelliteTurbulencePrediction/model_inputs/2019_02/0000157.npz (0.1s total | fetch=0.0s project=0.0s smooth=0.0s | cache hits=15 misses=0)
[26/150] PIREP at (38.81, -104.70) FL8000 2019-02-13 22:50:00 (cache: 68 images)
  SAVED /cluster/tufts/capstone25skyblue/scleme01/SatelliteTurbulencePrediction/model_inputs/2019_02/0000158.npz (1143.1s total | fetch=1137.8s project=0.4s smooth=3.4s | cache hits=12 misses=3)
[27/150] PIREP at (38.89, -120.15) FL22000 2019-02-13 23:00:00 (cache: 71 images)
  SAVED /cluster/tufts/capstone25skyblue/scleme01/SatelliteTurbulencePrediction/model_inputs/2019_02/0000159.npz (742.5s total | fetch=738.9s project=0.3s smooth=2.2s | cache hits=13 misses=2)
[28/150] PIREP at (38.72, -120.11) FL22000 2019-02-13 23:03:00 (cache: 73 images)
  SAVED /cluster/tufts/capstone25skyblue/scleme01/SatelliteTurbulencePrediction/model_inputs/2019_02/0000160.npz (0.1s total | fetch=0.0s project=0.0s smooth=0.0s | cache hits=15 misses=0)
[29/150] PIREP at (63.39, -148.95) FL2500 2019-02-13 23:10:00 (cache: 73 images)
  SAVED /cluster/tufts/capstone25skyblue/scleme01/SatelliteTurbulencePrediction/model_inputs/2019_02/0000161.npz (957.0s total | fetch=953.5s project=0.3s smooth=2.3s | cache hits=13 misses=2)
[30/150] PIREP at (63.39, -148.95) FL2500 2019-02-13 23:10:00 (cache: 75 images)
  SAVED /cluster/tufts/capstone25skyblue/scleme01/SatelliteTurbulencePrediction/model_inputs/2019_02/0000162.npz (0.1s total | fetch=0.0s project=0.0s smooth=0.0s | cache hits=15 misses=0)
[31/150] SKIPPING /cluster/tufts/capstone25skyblue/scleme01/SatelliteTurbulencePrediction/model_inputs/2019_02/0000698.npz (already exists)
[32/150] SKIPPING /cluster/tufts/capstone25skyblue/scleme01/SatelliteTurbulencePrediction/model_inputs/2019_02/0000163.npz (already exists)
[33/150] SKIPPING /cluster/tufts/capstone25skyblue/scleme01/SatelliteTurbulencePrediction/model_inputs/2019_02/0000601.npz (already exists)
[34/150] SKIPPING /cluster/tufts/capstone25skyblue/scleme01/SatelliteTurbulencePrediction/model_inputs/2019_02/0000164.npz (already exists)
[35/150] SKIPPING /cluster/tufts/capstone25skyblue/scleme01/SatelliteTurbulencePrediction/model_inputs/2019_02/0000165.npz (already exists)
[36/150] SKIPPING /cluster/tufts/capstone25skyblue/scleme01/SatelliteTurbulencePrediction/model_inputs/2019_02/0000534.npz (already exists)
[37/150] SKIPPING /cluster/tufts/capstone25skyblue/scleme01/SatelliteTurbulencePrediction/model_inputs/2019_02/0000398.npz (already exists)
[38/150] SKIPPING /cluster/tufts/capstone25skyblue/scleme01/SatelliteTurbulencePrediction/model_inputs/2019_02/0000167.npz (already exists)
[39/150] SKIPPING /cluster/tufts/capstone25skyblue/scleme01/SatelliteTurbulencePrediction/model_inputs/2019_02/0000166.npz (already exists)
[40/150] SKIPPING /cluster/tufts/capstone25skyblue/scleme01/SatelliteTurbulencePrediction/model_inputs/2019_02/0000702.npz (already exists)
[41/150] SKIPPING /cluster/tufts/capstone25skyblue/scleme01/SatelliteTurbulencePrediction/model_inputs/2019_02/0000168.npz (already exists)
[42/150] SKIPPING /cluster/tufts/capstone25skyblue/scleme01/SatelliteTurbulencePrediction/model_inputs/2019_02/0000169.npz (already exists)
[43/150] SKIPPING /cluster/tufts/capstone25skyblue/scleme01/SatelliteTurbulencePrediction/model_inputs/2019_02/0000170.npz (already exists)
[44/150] SKIPPING /cluster/tufts/capstone25skyblue/scleme01/SatelliteTurbulencePrediction/model_inputs/2019_02/0000171.npz (already exists)
[45/150] SKIPPING /cluster/tufts/capstone25skyblue/scleme01/SatelliteTurbulencePrediction/model_inputs/2019_02/0000172.npz (already exists)
[46/150] SKIPPING /cluster/tufts/capstone25skyblue/scleme01/SatelliteTurbulencePrediction/model_inputs/2019_02/0000173.npz (already exists)
[47/150] SKIPPING /cluster/tufts/capstone25skyblue/scleme01/SatelliteTurbulencePrediction/model_inputs/2019_02/0000174.npz (already exists)
[48/150] SKIPPING /cluster/tufts/capstone25skyblue/scleme01/SatelliteTurbulencePrediction/model_inputs/2019_02/0000175.npz (already exists)
[49/150] SKIPPING /cluster/tufts/capstone25skyblue/scleme01/SatelliteTurbulencePrediction/model_inputs/2019_02/0000176.npz (already exists)
[50/150] SKIPPING /cluster/tufts/capstone25skyblue/scleme01/SatelliteTurbulencePrediction/model_inputs/2019_02/0000177.npz (already exists)
[51/150] SKIPPING /cluster/tufts/capstone25skyblue/scleme01/SatelliteTurbulencePrediction/model_inputs/2019_02/0000178.npz (already exists)
[52/150] SKIPPING /cluster/tufts/capstone25skyblue/scleme01/SatelliteTurbulencePrediction/model_inputs/2019_02/0000179.npz (already exists)
[53/150] SKIPPING /cluster/tufts/capstone25skyblue/scleme01/SatelliteTurbulencePrediction/model_inputs/2019_02/0000180.npz (already exists)
[54/150] SKIPPING /cluster/tufts/capstone25skyblue/scleme01/SatelliteTurbulencePrediction/model_inputs/2019_02/0000181.npz (already exists)
[55/150] SKIPPING /cluster/tufts/capstone25skyblue/scleme01/SatelliteTurbulencePrediction/model_inputs/2019_02/0000182.npz (already exists)
[56/150] SKIPPING /cluster/tufts/capstone25skyblue/scleme01/SatelliteTurbulencePrediction/model_inputs/2019_02/0000183.npz (already exists)
[57/150] SKIPPING /cluster/tufts/capstone25skyblue/scleme01/SatelliteTurbulencePrediction/model_inputs/2019_02/0000693.npz (already exists)
[58/150] SKIPPING /cluster/tufts/capstone25skyblue/scleme01/SatelliteTurbulencePrediction/model_inputs/2019_02/0000184.npz (already exists)
[59/150] SKIPPING /cluster/tufts/capstone25skyblue/scleme01/SatelliteTurbulencePrediction/model_inputs/2019_02/0000185.npz (already exists)
[60/150] SKIPPING /cluster/tufts/capstone25skyblue/scleme01/SatelliteTurbulencePrediction/model_inputs/2019_02/0000749.npz (already exists)
[61/150] SKIPPING /cluster/tufts/capstone25skyblue/scleme01/SatelliteTurbulencePrediction/model_inputs/2019_02/0000186.npz (already exists)
[62/150] SKIPPING /cluster/tufts/capstone25skyblue/scleme01/SatelliteTurbulencePrediction/model_inputs/2019_02/0000187.npz (already exists)
[63/150] SKIPPING /cluster/tufts/capstone25skyblue/scleme01/SatelliteTurbulencePrediction/model_inputs/2019_02/0000188.npz (already exists)
[64/150] SKIPPING /cluster/tufts/capstone25skyblue/scleme01/SatelliteTurbulencePrediction/model_inputs/2019_02/0000553.npz (already exists)
[65/150] SKIPPING /cluster/tufts/capstone25skyblue/scleme01/SatelliteTurbulencePrediction/model_inputs/2019_02/0000655.npz (already exists)
[66/150] SKIPPING /cluster/tufts/capstone25skyblue/scleme01/SatelliteTurbulencePrediction/model_inputs/2019_02/0000389.npz (already exists)
[67/150] SKIPPING /cluster/tufts/capstone25skyblue/scleme01/SatelliteTurbulencePrediction/model_inputs/2019_02/0000675.npz (already exists)
[68/150] SKIPPING /cluster/tufts/capstone25skyblue/scleme01/SatelliteTurbulencePrediction/model_inputs/2019_02/0000618.npz (already exists)
[69/150] SKIPPING /cluster/tufts/capstone25skyblue/scleme01/SatelliteTurbulencePrediction/model_inputs/2019_02/0000652.npz (already exists)
[70/150] SKIPPING /cluster/tufts/capstone25skyblue/scleme01/SatelliteTurbulencePrediction/model_inputs/2019_02/0000492.npz (already exists)
[71/150] SKIPPING /cluster/tufts/capstone25skyblue/scleme01/SatelliteTurbulencePrediction/model_inputs/2019_02/0000638.npz (already exists)
[72/150] SKIPPING /cluster/tufts/capstone25skyblue/scleme01/SatelliteTurbulencePrediction/model_inputs/2019_02/0000403.npz (already exists)
[73/150] SKIPPING /cluster/tufts/capstone25skyblue/scleme01/SatelliteTurbulencePrediction/model_inputs/2019_02/0000609.npz (already exists)
[74/150] SKIPPING /cluster/tufts/capstone25skyblue/scleme01/SatelliteTurbulencePrediction/model_inputs/2019_02/0000189.npz (already exists)
[75/150] SKIPPING /cluster/tufts/capstone25skyblue/scleme01/SatelliteTurbulencePrediction/model_inputs/2019_02/0000718.npz (already exists)
[76/150] SKIPPING /cluster/tufts/capstone25skyblue/scleme01/SatelliteTurbulencePrediction/model_inputs/2019_02/0000583.npz (already exists)
[77/150] SKIPPING /cluster/tufts/capstone25skyblue/scleme01/SatelliteTurbulencePrediction/model_inputs/2019_02/0000490.npz (already exists)
[78/150] SKIPPING /cluster/tufts/capstone25skyblue/scleme01/SatelliteTurbulencePrediction/model_inputs/2019_02/0000386.npz (already exists)
[79/150] SKIPPING /cluster/tufts/capstone25skyblue/scleme01/SatelliteTurbulencePrediction/model_inputs/2019_02/0000190.npz (already exists)
[80/150] SKIPPING /cluster/tufts/capstone25skyblue/scleme01/SatelliteTurbulencePrediction/model_inputs/2019_02/0000433.npz (already exists)
[81/150] SKIPPING /cluster/tufts/capstone25skyblue/scleme01/SatelliteTurbulencePrediction/model_inputs/2019_02/0000191.npz (already exists)
[82/150] SKIPPING /cluster/tufts/capstone25skyblue/scleme01/SatelliteTurbulencePrediction/model_inputs/2019_02/0000192.npz (already exists)
[83/150] SKIPPING /cluster/tufts/capstone25skyblue/scleme01/SatelliteTurbulencePrediction/model_inputs/2019_02/0000193.npz (already exists)
[84/150] SKIPPING /cluster/tufts/capstone25skyblue/scleme01/SatelliteTurbulencePrediction/model_inputs/2019_02/0000610.npz (already exists)
[85/150] SKIPPING /cluster/tufts/capstone25skyblue/scleme01/SatelliteTurbulencePrediction/model_inputs/2019_02/0000194.npz (already exists)
[86/150] PIREP at (58.35, -134.57) FL1000 2019-02-14 18:07:00 (cache: 75 images)
  SAVED /cluster/tufts/capstone25skyblue/scleme01/SatelliteTurbulencePrediction/model_inputs/2019_02/0000464.npz (7884.3s total | fetch=7858.4s project=2.2s smooth=17.0s | cache hits=0 misses=15)
[87/150] PIREP at (38.57, -90.16) FL5000 2019-02-14 18:15:00 (cache: 90 images)
  SAVED /cluster/tufts/capstone25skyblue/scleme01/SatelliteTurbulencePrediction/model_inputs/2019_02/0000691.npz (857.3s total | fetch=853.7s project=0.3s smooth=2.3s | cache hits=13 misses=2)
[88/150] PIREP at (36.85, -121.05) FL18000 2019-02-14 19:05:00 (cache: 92 images)
  SAVED /cluster/tufts/capstone25skyblue/scleme01/SatelliteTurbulencePrediction/model_inputs/2019_02/0000195.npz (5498.0s total | fetch=5480.7s project=1.5s smooth=11.3s | cache hits=5 misses=10)
[89/150] PIREP at (47.44, -122.31) FL13000 2019-02-14 19:20:00 (cache: 102 images)
  SAVED /cluster/tufts/capstone25skyblue/scleme01/SatelliteTurbulencePrediction/model_inputs/2019_02/0000590.npz (2105.3s total | fetch=2099.9s project=0.5s smooth=3.4s | cache hits=12 misses=3)
[90/150] PIREP at (32.89, -112.72) FL36000 2019-02-14 19:45:00 (cache: 105 images)
  SAVED /cluster/tufts/capstone25skyblue/scleme01/SatelliteTurbulencePrediction/model_inputs/2019_02/0000617.npz (3142.0s total | fetch=3133.3s project=0.7s smooth=5.6s | cache hits=10 misses=5)
[91/150] PIREP at (35.61, -119.54) FL23000 2019-02-14 20:12:00 (cache: 110 images)
  SAVED /cluster/tufts/capstone25skyblue/scleme01/SatelliteTurbulencePrediction/model_inputs/2019_02/0000196.npz (3564.9s total | fetch=3556.2s project=0.7s smooth=5.6s | cache hits=10 misses=5)
[92/150] PIREP at (35.74, -119.69) FL24000 2019-02-14 20:13:00 (cache: 115 images)
  SAVED /cluster/tufts/capstone25skyblue/scleme01/SatelliteTurbulencePrediction/model_inputs/2019_02/0000197.npz (0.1s total | fetch=0.0s project=0.0s smooth=0.0s | cache hits=15 misses=0)
[93/150] PIREP at (35.48, -119.10) FL28000 2019-02-14 20:22:00 (cache: 115 images)
  SAVED /cluster/tufts/capstone25skyblue/scleme01/SatelliteTurbulencePrediction/model_inputs/2019_02/0000198.npz (1176.2s total | fetch=1172.6s project=0.3s smooth=2.2s | cache hits=13 misses=2)
[94/150] PIREP at (40.85, -96.76) FL35000 2019-02-14 20:35:00 (cache: 117 images)
  SAVED /cluster/tufts/capstone25skyblue/scleme01/SatelliteTurbulencePrediction/model_inputs/2019_02/0000199.npz (2001.6s total | fetch=1996.2s project=0.4s smooth=3.4s | cache hits=12 misses=3)
[95/150] PIREP at (33.13, -117.28) FL400 2019-02-14 20:57:00 (cache: 120 images)
  SAVED /cluster/tufts/capstone25skyblue/scleme01/SatelliteTurbulencePrediction/model_inputs/2019_02/0000442.npz (2582.4s total | fetch=2575.4s project=0.6s smooth=4.5s | cache hits=11 misses=4)
[96/150] PIREP at (36.64, -120.60) FL20000 2019-02-14 21:21:00 (cache: 124 images)
  SAVED /cluster/tufts/capstone25skyblue/scleme01/SatelliteTurbulencePrediction/model_inputs/2019_02/0000200.npz (3220.7s total | fetch=3212.0s project=0.8s smooth=5.6s | cache hits=10 misses=5)
[97/150] PIREP at (30.15, -83.60) FL36000 2019-02-14 21:24:00 (cache: 129 images)
  SAVED /cluster/tufts/capstone25skyblue/scleme01/SatelliteTurbulencePrediction/model_inputs/2019_02/0000436.npz (0.2s total | fetch=0.0s project=0.0s smooth=0.0s | cache hits=15 misses=0)
[98/150] PIREP at (40.74, -87.39) FL4500 2019-02-14 21:32:00 (cache: 129 images)
