Resetting environment
Deactivating conda environment (if any)
Purging all modules
Done! Environment has been torn down
Allocating resources with slurm...
Loading cuda and miniforge...
Activating conda environment...
Redirecting into the satellite repo...
Done! Environment has now been set up
Processing 2019/10 chunk [300:450]
Fetching satellite data for PIREPs in /cluster/tufts/capstone25skyblue/scleme01/SatelliteTurbulencePrediction/pireps/2019/10_turb_pireps.csv
Processing chunk [300:450] (150 PIREPs) from /cluster/tufts/capstone25skyblue/scleme01/SatelliteTurbulencePrediction/pireps/2019/10_turb_pireps.csv
[1/150] PIREP at (40.82, -82.52) FL41000 2019-10-21 12:55:00 (cache: 0 images)
  SAVED /cluster/tufts/capstone25skyblue/scleme01/SatelliteTurbulencePrediction/model_inputs/2019_10/0000138.npz (2302.6s total | fetch=2277.0s project=2.2s smooth=17.3s | cache hits=0 misses=15)
[2/150] PIREP at (34.46, -108.98) FL37000 2019-10-21 13:07:00 (cache: 15 images)
  SAVED /cluster/tufts/capstone25skyblue/scleme01/SatelliteTurbulencePrediction/model_inputs/2019_10/0000341.npz (680.5s total | fetch=676.8s project=0.3s smooth=2.4s | cache hits=13 misses=2)
[3/150] PIREP at (49.45, -98.91) FL31000 2019-10-21 13:16:00 (cache: 17 images)
  SAVED /cluster/tufts/capstone25skyblue/scleme01/SatelliteTurbulencePrediction/model_inputs/2019_10/0000554.npz (813.0s total | fetch=809.4s project=0.3s smooth=2.3s | cache hits=13 misses=2)
[4/150] PIREP at (43.04, -86.81) FL41000 2019-10-21 13:36:00 (cache: 19 images)
  SAVED /cluster/tufts/capstone25skyblue/scleme01/SatelliteTurbulencePrediction/model_inputs/2019_10/0000533.npz (1447.1s total | fetch=1440.0s project=0.6s smooth=4.6s | cache hits=11 misses=4)
[5/150] PIREP at (35.24, -120.64) FL4500 2019-10-21 13:40:00 (cache: 23 images)
  SAVED /cluster/tufts/capstone25skyblue/scleme01/SatelliteTurbulencePrediction/model_inputs/2019_10/0000139.npz (313.6s total | fetch=311.7s project=0.2s smooth=1.1s | cache hits=14 misses=1)
[6/150] PIREP at (42.55, -92.40) FL32000 2019-10-21 13:53:00 (cache: 24 images)
  SAVED /cluster/tufts/capstone25skyblue/scleme01/SatelliteTurbulencePrediction/model_inputs/2019_10/0000504.npz (727.3s total | fetch=723.7s project=0.3s smooth=2.3s | cache hits=13 misses=2)
[7/150] PIREP at (35.50, -99.28) FL35000 2019-10-21 14:26:00 (cache: 26 images)
  SAVED /cluster/tufts/capstone25skyblue/scleme01/SatelliteTurbulencePrediction/model_inputs/2019_10/0000320.npz (2892.4s total | fetch=2879.9s project=1.1s smooth=8.2s | cache hits=8 misses=7)
[8/150] PIREP at (45.08, -101.72) FL34000 2019-10-21 15:03:00 (cache: 33 images)
  SAVED /cluster/tufts/capstone25skyblue/scleme01/SatelliteTurbulencePrediction/model_inputs/2019_10/0000433.npz (2963.2s total | fetch=2951.0s project=1.1s smooth=8.1s | cache hits=8 misses=7)
[9/150] PIREP at (33.95, -101.10) FL35000 2019-10-21 15:06:00 (cache: 40 images)
  SAVED /cluster/tufts/capstone25skyblue/scleme01/SatelliteTurbulencePrediction/model_inputs/2019_10/0000381.npz (419.4s total | fetch=417.5s project=0.2s smooth=1.1s | cache hits=14 misses=1)
[10/150] PIREP at (36.49, -104.87) FL38000 2019-10-21 15:17:00 (cache: 41 images)
  SAVED /cluster/tufts/capstone25skyblue/scleme01/SatelliteTurbulencePrediction/model_inputs/2019_10/0000140.npz (863.4s total | fetch=859.6s project=0.3s smooth=2.5s | cache hits=13 misses=2)
[11/150] PIREP at (36.26, -105.65) FL38000 2019-10-21 15:17:00 (cache: 43 images)
  SAVED /cluster/tufts/capstone25skyblue/scleme01/SatelliteTurbulencePrediction/model_inputs/2019_10/0000141.npz (0.2s total | fetch=0.0s project=0.0s smooth=0.0s | cache hits=15 misses=0)
[12/150] PIREP at (30.64, -84.85) FL37000 2019-10-21 15:21:00 (cache: 43 images)
  SAVED /cluster/tufts/capstone25skyblue/scleme01/SatelliteTurbulencePrediction/model_inputs/2019_10/0000375.npz (460.1s total | fetch=458.2s project=0.1s smooth=1.2s | cache hits=14 misses=1)
[13/150] PIREP at (32.82, -116.44) FL7000 2019-10-21 15:45:00 (cache: 44 images)
  SAVED /cluster/tufts/capstone25skyblue/scleme01/SatelliteTurbulencePrediction/model_inputs/2019_10/0000144.npz (2236.5s total | fetch=2227.3s project=0.8s smooth=5.8s | cache hits=10 misses=5)
[14/150] PIREP at (32.82, -116.44) FL7000 2019-10-21 15:45:00 (cache: 49 images)
  SAVED /cluster/tufts/capstone25skyblue/scleme01/SatelliteTurbulencePrediction/model_inputs/2019_10/0000143.npz (0.2s total | fetch=0.0s project=0.0s smooth=0.0s | cache hits=15 misses=0)
[15/150] PIREP at (32.82, -116.44) FL7000 2019-10-21 15:45:00 (cache: 49 images)
  SAVED /cluster/tufts/capstone25skyblue/scleme01/SatelliteTurbulencePrediction/model_inputs/2019_10/0000142.npz (0.2s total | fetch=0.0s project=0.0s smooth=0.0s | cache hits=15 misses=0)
[16/150] PIREP at (39.68, -122.03) FL29000 2019-10-21 16:26:00 (cache: 49 images)
  SAVED /cluster/tufts/capstone25skyblue/scleme01/SatelliteTurbulencePrediction/model_inputs/2019_10/0000402.npz (3667.5s total | fetch=3653.3s project=1.2s smooth=9.2s | cache hits=7 misses=8)
[17/150] PIREP at (33.13, -100.55) FL29000 2019-10-21 17:41:00 (cache: 57 images)
  SAVED /cluster/tufts/capstone25skyblue/scleme01/SatelliteTurbulencePrediction/model_inputs/2019_10/0000146.npz (7239.8s total | fetch=7213.7s project=2.3s smooth=17.1s | cache hits=0 misses=15)
[18/150] PIREP at (33.13, -100.55) FL29000 2019-10-21 17:41:00 (cache: 72 images)
  SAVED /cluster/tufts/capstone25skyblue/scleme01/SatelliteTurbulencePrediction/model_inputs/2019_10/0000145.npz (0.2s total | fetch=0.0s project=0.0s smooth=0.0s | cache hits=15 misses=0)
[19/150] PIREP at (37.67, -97.43) FL2300 2019-10-21 17:58:00 (cache: 72 images)
  SAVED /cluster/tufts/capstone25skyblue/scleme01/SatelliteTurbulencePrediction/model_inputs/2019_10/0000147.npz (1298.7s total | fetch=1293.3s project=0.5s smooth=3.4s | cache hits=12 misses=3)
[20/150] PIREP at (38.17, -93.52) FL10000 2019-10-21 17:59:00 (cache: 75 images)
  SAVED /cluster/tufts/capstone25skyblue/scleme01/SatelliteTurbulencePrediction/model_inputs/2019_10/0000346.npz (0.2s total | fetch=0.0s project=0.0s smooth=0.0s | cache hits=15 misses=0)
[21/150] PIREP at (35.41, -102.04) FL8500 2019-10-21 18:27:00 (cache: 75 images)
  SAVED /cluster/tufts/capstone25skyblue/scleme01/SatelliteTurbulencePrediction/model_inputs/2019_10/0000367.npz (3037.8s total | fetch=3027.1s project=0.9s smooth=6.9s | cache hits=9 misses=6)
[22/150] PIREP at (36.83, -82.33) FL38000 2019-10-21 18:44:00 (cache: 81 images)
  SAVED /cluster/tufts/capstone25skyblue/scleme01/SatelliteTurbulencePrediction/model_inputs/2019_10/0000452.npz (1658.7s total | fetch=1653.2s project=0.4s smooth=3.5s | cache hits=12 misses=3)
[23/150] PIREP at (30.74, -81.48) FL35000 2019-10-21 19:05:00 (cache: 84 images)
  SAVED /cluster/tufts/capstone25skyblue/scleme01/SatelliteTurbulencePrediction/model_inputs/2019_10/0000413.npz (2310.4s total | fetch=2301.4s project=0.8s smooth=5.7s | cache hits=10 misses=5)
[24/150] PIREP at (32.56, -82.99) FL34000 2019-10-21 19:20:00 (cache: 89 images)
  SAVED /cluster/tufts/capstone25skyblue/scleme01/SatelliteTurbulencePrediction/model_inputs/2019_10/0000409.npz (1633.1s total | fetch=1627.7s project=0.5s smooth=3.4s | cache hits=12 misses=3)
[25/150] PIREP at (47.23, -71.75) FL39000 2019-10-21 20:00:00 (cache: 92 images)
  SAVED /cluster/tufts/capstone25skyblue/scleme01/SatelliteTurbulencePrediction/model_inputs/2019_10/0000148.npz (4316.0s total | fetch=4301.7s project=1.2s smooth=9.2s | cache hits=7 misses=8)
[26/150] PIREP at (47.23, -71.75) FL39000 2019-10-21 20:00:00 (cache: 100 images)
  SAVED /cluster/tufts/capstone25skyblue/scleme01/SatelliteTurbulencePrediction/model_inputs/2019_10/0000149.npz (0.1s total | fetch=0.0s project=0.0s smooth=0.0s | cache hits=15 misses=0)
[27/150] PIREP at (40.00, -106.44) FL38000 2019-10-21 20:55:00 (cache: 100 images)
  SAVED /cluster/tufts/capstone25skyblue/scleme01/SatelliteTurbulencePrediction/model_inputs/2019_10/0000150.npz (6844.2s total | fetch=6825.0s project=1.7s smooth=12.5s | cache hits=4 misses=11)
[28/150] PIREP at (40.09, -92.33) FL38000 2019-10-21 20:58:00 (cache: 111 images)
  SAVED /cluster/tufts/capstone25skyblue/scleme01/SatelliteTurbulencePrediction/model_inputs/2019_10/0000539.npz (0.1s total | fetch=0.0s project=0.0s smooth=0.0s | cache hits=15 misses=0)
[29/150] PIREP at (42.33, -80.58) FL16000 2019-10-21 22:24:00 (cache: 111 images)
  SAVED /cluster/tufts/capstone25skyblue/scleme01/SatelliteTurbulencePrediction/model_inputs/2019_10/0000546.npz (9237.2s total | fetch=9211.0s project=2.3s smooth=17.1s | cache hits=0 misses=15)
[30/150] PIREP at (31.63, -83.19) FL39000 2019-10-21 22:38:00 (cache: 126 images)
  SAVED /cluster/tufts/capstone25skyblue/scleme01/SatelliteTurbulencePrediction/model_inputs/2019_10/0000430.npz (1819.0s total | fetch=1813.6s project=0.4s smooth=3.4s | cache hits=12 misses=3)
[31/150] SKIPPING /cluster/tufts/capstone25skyblue/scleme01/SatelliteTurbulencePrediction/model_inputs/2019_10/0000555.npz (already exists)
[32/150] SKIPPING /cluster/tufts/capstone25skyblue/scleme01/SatelliteTurbulencePrediction/model_inputs/2019_10/0000527.npz (already exists)
[33/150] SKIPPING /cluster/tufts/capstone25skyblue/scleme01/SatelliteTurbulencePrediction/model_inputs/2019_10/0000434.npz (already exists)
[34/150] SKIPPING /cluster/tufts/capstone25skyblue/scleme01/SatelliteTurbulencePrediction/model_inputs/2019_10/0000152.npz (already exists)
[35/150] SKIPPING /cluster/tufts/capstone25skyblue/scleme01/SatelliteTurbulencePrediction/model_inputs/2019_10/0000151.npz (already exists)
[36/150] SKIPPING /cluster/tufts/capstone25skyblue/scleme01/SatelliteTurbulencePrediction/model_inputs/2019_10/0000153.npz (already exists)
[37/150] SKIPPING /cluster/tufts/capstone25skyblue/scleme01/SatelliteTurbulencePrediction/model_inputs/2019_10/0000154.npz (already exists)
[38/150] SKIPPING /cluster/tufts/capstone25skyblue/scleme01/SatelliteTurbulencePrediction/model_inputs/2019_10/0000508.npz (already exists)
[39/150] SKIPPING /cluster/tufts/capstone25skyblue/scleme01/SatelliteTurbulencePrediction/model_inputs/2019_10/0000155.npz (already exists)
[40/150] SKIPPING /cluster/tufts/capstone25skyblue/scleme01/SatelliteTurbulencePrediction/model_inputs/2019_10/0000465.npz (already exists)
[41/150] SKIPPING /cluster/tufts/capstone25skyblue/scleme01/SatelliteTurbulencePrediction/model_inputs/2019_10/0000485.npz (already exists)
[42/150] SKIPPING /cluster/tufts/capstone25skyblue/scleme01/SatelliteTurbulencePrediction/model_inputs/2019_10/0000156.npz (already exists)
[43/150] PIREP at (45.70, -119.44) FL10500 2019-10-22 20:00:00 (cache: 129 images)
