Resetting environment
Deactivating conda environment (if any)
Purging all modules
Done! Environment has been torn down
Loading cuda and miniforge...
Activating conda environment...
Redirecting into the satellite repo...
Done! Environment has now been set up
Processing 2023/05 chunk [110:220]
Fetching satellite data for PIREPs in /cluster/tufts/capstone25skyblue/scleme01/SatelliteTurbulencePrediction/pireps/2023/05_turb_pireps.csv
Processing chunk [110:220] (110 PIREPs) from /cluster/tufts/capstone25skyblue/scleme01/SatelliteTurbulencePrediction/pireps/2023/05_turb_pireps.csv
[1/110] PIREP at (37.26, -104.34) FL11500 2023-05-07 18:20:00 (cache: 0 images)
  SAVED /cluster/tufts/capstone25skyblue/scleme01/SatelliteTurbulencePrediction/model_inputs/2023_05/0000060.npz (17734.0s total | fetch=17703.9s project=2.0s smooth=21.0s | cache hits=0 misses=15)
[2/110] PIREP at (38.17, -85.74) FL8000 2023-05-07 18:40:00 (cache: 15 images)
  SAVED /cluster/tufts/capstone25skyblue/scleme01/SatelliteTurbulencePrediction/model_inputs/2023_05/0000061.npz (4695.1s total | fetch=4687.0s project=0.5s smooth=5.6s | cache hits=11 misses=4)
[3/110] PIREP at (36.89, -88.99) FL11000 2023-05-07 18:46:00 (cache: 19 images)
  SAVED /cluster/tufts/capstone25skyblue/scleme01/SatelliteTurbulencePrediction/model_inputs/2023_05/0000062.npz (1181.6s total | fetch=1179.4s project=0.1s smooth=1.4s | cache hits=14 misses=1)
[4/110] PIREP at (40.04, -88.28) FL5000 2023-05-07 19:17:00 (cache: 20 images)
  SAVED /cluster/tufts/capstone25skyblue/scleme01/SatelliteTurbulencePrediction/model_inputs/2023_05/0000063.npz (6687.8s total | fetch=6675.7s project=0.8s smooth=8.4s | cache hits=9 misses=6)
[5/110] PIREP at (36.29, -86.69) FL4500 2023-05-07 19:30:00 (cache: 26 images)
