Resetting environment
Deactivating conda environment (if any)
Purging all modules
Done! Environment has been torn down
Loading cuda and miniforge...
Activating conda environment...
Redirecting into the satellite repo...
Done! Environment has now been set up
Processing 2019/02 chunk [550:660]
Fetching satellite data for PIREPs in /cluster/tufts/capstone25skyblue/scleme01/SatelliteTurbulencePrediction/pireps/2019/02_turb_pireps.csv
Processing chunk [550:660] (110 PIREPs) from /cluster/tufts/capstone25skyblue/scleme01/SatelliteTurbulencePrediction/pireps/2019/02_turb_pireps.csv
[1/110] PIREP at (32.33, -88.65) FL35000 2019-02-20 17:20:00 (cache: 0 images)
  SAVED /cluster/tufts/capstone25skyblue/scleme01/SatelliteTurbulencePrediction/model_inputs/2019_02/0000274.npz (13876.5s total | fetch=13848.8s project=1.8s smooth=19.3s | cache hits=0 misses=15)
[2/110] PIREP at (35.13, -118.44) FL5500 2019-02-20 17:35:00 (cache: 15 images)
  SAVED /cluster/tufts/capstone25skyblue/scleme01/SatelliteTurbulencePrediction/model_inputs/2019_02/0000275.npz (3118.7s total | fetch=3113.1s project=0.4s smooth=3.8s | cache hits=12 misses=3)
[3/110] PIREP at (34.77, -108.93) FL35000 2019-02-20 17:41:00 (cache: 18 images)
  SAVED /cluster/tufts/capstone25skyblue/scleme01/SatelliteTurbulencePrediction/model_inputs/2019_02/0000643.npz (1136.6s total | fetch=1134.6s project=0.1s smooth=1.3s | cache hits=14 misses=1)
[4/110] PIREP at (39.42, -118.70) FL39000 2019-02-20 17:45:00 (cache: 19 images)
  SAVED /cluster/tufts/capstone25skyblue/scleme01/SatelliteTurbulencePrediction/model_inputs/2019_02/0000413.npz (1034.0s total | fetch=1032.0s project=0.1s smooth=1.3s | cache hits=14 misses=1)
[5/110] PIREP at (44.47, -93.98) FL14000 2019-02-20 18:18:00 (cache: 20 images)
  SAVED /cluster/tufts/capstone25skyblue/scleme01/SatelliteTurbulencePrediction/model_inputs/2019_02/0000469.npz (6825.3s total | fetch=6814.3s project=0.7s smooth=7.7s | cache hits=9 misses=6)
[6/110] PIREP at (38.10, -85.58) FL13000 2019-02-20 19:03:00 (cache: 26 images)
  SAVED /cluster/tufts/capstone25skyblue/scleme01/SatelliteTurbulencePrediction/model_inputs/2019_02/0000276.npz (10911.8s total | fetch=10895.3s project=1.1s smooth=11.5s | cache hits=6 misses=9)
[7/110] PIREP at (36.98, -122.04) FL12000 2019-02-20 20:21:00 (cache: 35 images)
  SAVED /cluster/tufts/capstone25skyblue/scleme01/SatelliteTurbulencePrediction/model_inputs/2019_02/0000277.npz (17991.9s total | fetch=17964.4s project=1.8s smooth=19.2s | cache hits=0 misses=15)
[8/110] PIREP at (34.35, -85.16) FL25000 2019-02-20 23:05:00 (cache: 50 images)
  SAVED /cluster/tufts/capstone25skyblue/scleme01/SatelliteTurbulencePrediction/model_inputs/2019_02/0000278.npz (15575.9s total | fetch=15548.4s project=1.8s smooth=19.2s | cache hits=0 misses=15)
[9/110] PIREP at (33.98, -117.64) FL1400 2019-02-20 23:36:00 (cache: 65 images)
  SAVED /cluster/tufts/capstone25skyblue/scleme01/SatelliteTurbulencePrediction/model_inputs/2019_02/0000453.npz (2921.7s total | fetch=2910.6s project=0.7s smooth=7.7s | cache hits=9 misses=6)
[10/110] PIREP at (41.67, -73.82) FL32000 2019-02-20 23:40:00 (cache: 71 images)
  SAVED /cluster/tufts/capstone25skyblue/scleme01/SatelliteTurbulencePrediction/model_inputs/2019_02/0000498.npz (6.2s total | fetch=4.2s project=0.1s smooth=1.3s | cache hits=14 misses=1)
[11/110] PIREP at (32.69, -83.25) FL22000 2019-02-21 00:27:00 (cache: 72 images)
  SAVED /cluster/tufts/capstone25skyblue/scleme01/SatelliteTurbulencePrediction/model_inputs/2019_02/0000549.npz (114.4s total | fetch=97.9s project=1.1s smooth=11.5s | cache hits=6 misses=9)
[12/110] PIREP at (35.92, -108.44) FL35000 2019-02-21 01:02:00 (cache: 81 images)
  SAVED /cluster/tufts/capstone25skyblue/scleme01/SatelliteTurbulencePrediction/model_inputs/2019_02/0000651.npz (113.3s total | fetch=100.5s project=0.8s smooth=8.9s | cache hits=8 misses=7)
[13/110] PIREP at (45.07, -80.56) FL16000 2019-02-21 01:07:00 (cache: 88 images)
  SAVED /cluster/tufts/capstone25skyblue/scleme01/SatelliteTurbulencePrediction/model_inputs/2019_02/0000279.npz (5.4s total | fetch=3.4s project=0.1s smooth=1.3s | cache hits=14 misses=1)
[14/110] PIREP at (33.98, -117.64) FL1500 2019-02-21 01:47:00 (cache: 89 images)
  SAVED /cluster/tufts/capstone25skyblue/scleme01/SatelliteTurbulencePrediction/model_inputs/2019_02/0000509.npz (82.5s total | fetch=67.8s project=1.0s smooth=10.2s | cache hits=7 misses=8)
[15/110] PIREP at (39.77, -104.88) FL19000 2019-02-21 02:00:00 (cache: 97 images)
  SAVED /cluster/tufts/capstone25skyblue/scleme01/SatelliteTurbulencePrediction/model_inputs/2019_02/0000491.npz (54.5s total | fetch=48.9s project=0.4s smooth=3.8s | cache hits=12 misses=3)
[16/110] PIREP at (44.93, -72.83) FL24000 2019-02-21 02:02:00 (cache: 100 images)
  SAVED /cluster/tufts/capstone25skyblue/scleme01/SatelliteTurbulencePrediction/model_inputs/2019_02/0000280.npz (0.2s total | fetch=0.0s project=0.0s smooth=0.0s | cache hits=15 misses=0)
[17/110] PIREP at (34.36, -97.61) FL30000 2019-02-21 03:36:00 (cache: 100 images)
  SAVED /cluster/tufts/capstone25skyblue/scleme01/SatelliteTurbulencePrediction/model_inputs/2019_02/0000586.npz (187.3s total | fetch=159.9s project=1.8s smooth=19.2s | cache hits=0 misses=15)
[18/110] PIREP at (44.33, -77.70) FL21000 2019-02-21 03:50:00 (cache: 115 images)
  SAVED /cluster/tufts/capstone25skyblue/scleme01/SatelliteTurbulencePrediction/model_inputs/2019_02/0000281.npz (42.9s total | fetch=37.3s project=0.4s smooth=3.8s | cache hits=12 misses=3)
[19/110] PIREP at (34.58, -90.67) FL26000 2019-02-21 07:13:00 (cache: 118 images)
  SAVED /cluster/tufts/capstone25skyblue/scleme01/SatelliteTurbulencePrediction/model_inputs/2019_02/0000572.npz (187.4s total | fetch=160.0s project=1.8s smooth=19.1s | cache hits=0 misses=15)
[20/110] PIREP at (35.87, -80.93) FL34000 2019-02-21 13:20:00 (cache: 133 images)
  SAVED /cluster/tufts/capstone25skyblue/scleme01/SatelliteTurbulencePrediction/model_inputs/2019_02/0000659.npz (6090.5s total | fetch=6063.1s project=1.8s smooth=19.2s | cache hits=0 misses=15)
[21/110] PIREP at (38.64, -77.87) FL30000 2019-02-21 15:54:00 (cache: 148 images)
