Resetting environment
Deactivating conda environment (if any)
Purging all modules
Done! Environment has been torn down
Loading cuda and miniforge...
Activating conda environment...
Redirecting into the satellite repo...
Done! Environment has now been set up
Processing 2020/02 chunk [330:440]
Fetching satellite data for PIREPs in /cluster/tufts/capstone25skyblue/scleme01/SatelliteTurbulencePrediction/pireps/2020/02_turb_pireps.csv
Processing chunk [330:440] (110 PIREPs) from /cluster/tufts/capstone25skyblue/scleme01/SatelliteTurbulencePrediction/pireps/2020/02_turb_pireps.csv
[1/110] PIREP at (40.22, -105.37) FL21000 2020-02-09 03:06:00 (cache: 0 images)
  SAVED /cluster/tufts/capstone25skyblue/scleme01/SatelliteTurbulencePrediction/model_inputs/2020_02/0000188.npz (240.3s total | fetch=215.8s project=1.6s smooth=17.1s | cache hits=0 misses=15)
[2/110] PIREP at (32.73, -116.26) FL500 2020-02-09 06:15:00 (cache: 15 images)
  SAVED /cluster/tufts/capstone25skyblue/scleme01/SatelliteTurbulencePrediction/model_inputs/2020_02/0000190.npz (252.0s total | fetch=227.3s project=1.6s smooth=17.2s | cache hits=0 misses=15)
[3/110] PIREP at (32.73, -116.26) FL500 2020-02-09 06:15:00 (cache: 30 images)
  SAVED /cluster/tufts/capstone25skyblue/scleme01/SatelliteTurbulencePrediction/model_inputs/2020_02/0000189.npz (0.2s total | fetch=0.0s project=0.0s smooth=0.0s | cache hits=15 misses=0)
[4/110] PIREP at (43.11, -76.11) FL28000 2020-02-09 15:37:00 (cache: 30 images)
  SAVED /cluster/tufts/capstone25skyblue/scleme01/SatelliteTurbulencePrediction/model_inputs/2020_02/0000786.npz (11947.1s total | fetch=11922.8s project=1.6s smooth=16.9s | cache hits=0 misses=15)
[5/110] PIREP at (37.72, -122.12) FL3500 2020-02-09 15:47:00 (cache: 45 images)
  SAVED /cluster/tufts/capstone25skyblue/scleme01/SatelliteTurbulencePrediction/model_inputs/2020_02/0000191.npz (1794.2s total | fetch=1790.9s project=0.2s smooth=2.2s | cache hits=13 misses=2)
[6/110] PIREP at (37.72, -122.22) FL3500 2020-02-09 17:11:00 (cache: 47 images)
  SAVED /cluster/tufts/capstone25skyblue/scleme01/SatelliteTurbulencePrediction/model_inputs/2020_02/0000192.npz (14108.3s total | fetch=14084.1s project=1.6s smooth=16.8s | cache hits=0 misses=15)
[7/110] PIREP at (38.53, -119.75) FL27000 2020-02-09 17:22:00 (cache: 62 images)
  SAVED /cluster/tufts/capstone25skyblue/scleme01/SatelliteTurbulencePrediction/model_inputs/2020_02/0000193.npz (2108.9s total | fetch=2105.6s project=0.2s smooth=2.2s | cache hits=13 misses=2)
[8/110] PIREP at (38.07, -97.86) FL37000 2020-02-09 18:11:00 (cache: 64 images)
  SAVED /cluster/tufts/capstone25skyblue/scleme01/SatelliteTurbulencePrediction/model_inputs/2020_02/0000491.npz (10144.5s total | fetch=10128.3s project=1.1s smooth=11.2s | cache hits=5 misses=10)
[9/110] PIREP at (64.81, -147.85) FL8000 2020-02-09 18:28:00 (cache: 74 images)
  SAVED /cluster/tufts/capstone25skyblue/scleme01/SatelliteTurbulencePrediction/model_inputs/2020_02/0000523.npz (2812.6s total | fetch=2807.7s project=0.3s smooth=3.4s | cache hits=12 misses=3)
[10/110] PIREP at (39.04, -119.58) FL28000 2020-02-09 19:23:00 (cache: 77 images)
  SAVED /cluster/tufts/capstone25skyblue/scleme01/SatelliteTurbulencePrediction/model_inputs/2020_02/0000194.npz (11134.3s total | fetch=11116.5s project=1.2s smooth=12.3s | cache hits=4 misses=11)
[11/110] PIREP at (33.47, -96.18) FL10000 2020-02-09 20:01:00 (cache: 88 images)
  SAVED /cluster/tufts/capstone25skyblue/scleme01/SatelliteTurbulencePrediction/model_inputs/2020_02/0000195.npz (7507.9s total | fetch=7495.2s project=0.8s smooth=8.8s | cache hits=7 misses=8)
[12/110] PIREP at (33.47, -96.18) FL10000 2020-02-09 20:01:00 (cache: 96 images)
  SAVED /cluster/tufts/capstone25skyblue/scleme01/SatelliteTurbulencePrediction/model_inputs/2020_02/0000196.npz (0.2s total | fetch=0.0s project=0.0s smooth=0.0s | cache hits=15 misses=0)
[13/110] PIREP at (37.91, -119.97) FL31000 2020-02-09 20:43:00 (cache: 96 images)
  SAVED /cluster/tufts/capstone25skyblue/scleme01/SatelliteTurbulencePrediction/model_inputs/2020_02/0000199.npz (7098.0s total | fetch=7085.2s project=0.8s smooth=8.9s | cache hits=7 misses=8)
[14/110] PIREP at (47.40, -163.60) FL34000 2020-02-09 20:43:00 (cache: 104 images)
  SAVED /cluster/tufts/capstone25skyblue/scleme01/SatelliteTurbulencePrediction/model_inputs/2020_02/0000197.npz (0.1s total | fetch=0.0s project=0.0s smooth=0.0s | cache hits=15 misses=0)
[15/110] PIREP at (47.40, -163.60) FL34000 2020-02-09 20:43:00 (cache: 104 images)
  SAVED /cluster/tufts/capstone25skyblue/scleme01/SatelliteTurbulencePrediction/model_inputs/2020_02/0000198.npz (0.1s total | fetch=0.0s project=0.0s smooth=0.0s | cache hits=15 misses=0)
[16/110] PIREP at (38.46, -120.82) FL8000 2020-02-09 20:55:00 (cache: 104 images)
  SAVED /cluster/tufts/capstone25skyblue/scleme01/SatelliteTurbulencePrediction/model_inputs/2020_02/0000200.npz (2571.4s total | fetch=2566.5s project=0.3s smooth=3.3s | cache hits=12 misses=3)
[17/110] PIREP at (44.08, -91.71) FL22000 2020-02-09 20:58:00 (cache: 107 images)
  SAVED /cluster/tufts/capstone25skyblue/scleme01/SatelliteTurbulencePrediction/model_inputs/2020_02/0000826.npz (0.1s total | fetch=0.0s project=0.0s smooth=0.0s | cache hits=15 misses=0)
[18/110] PIREP at (33.62, -112.92) FL6500 2020-02-09 21:05:00 (cache: 107 images)
  SAVED /cluster/tufts/capstone25skyblue/scleme01/SatelliteTurbulencePrediction/model_inputs/2020_02/0000820.npz (1703.8s total | fetch=1700.5s project=0.2s smooth=2.2s | cache hits=13 misses=2)
[19/110] PIREP at (50.70, -114.02) FL19000 2020-02-09 21:10:00 (cache: 109 images)
  SAVED /cluster/tufts/capstone25skyblue/scleme01/SatelliteTurbulencePrediction/model_inputs/2020_02/0000201.npz (736.3s total | fetch=734.6s project=0.1s smooth=1.1s | cache hits=14 misses=1)
[20/110] PIREP at (38.05, -120.10) FL30000 2020-02-09 21:36:00 (cache: 110 images)
  SAVED /cluster/tufts/capstone25skyblue/scleme01/SatelliteTurbulencePrediction/model_inputs/2020_02/0000203.npz (4142.3s total | fetch=4134.2s project=0.5s smooth=5.6s | cache hits=10 misses=5)
[21/110] PIREP at (38.05, -120.10) FL30000 2020-02-09 21:36:00 (cache: 115 images)
  SAVED /cluster/tufts/capstone25skyblue/scleme01/SatelliteTurbulencePrediction/model_inputs/2020_02/0000202.npz (0.1s total | fetch=0.0s project=0.0s smooth=0.0s | cache hits=15 misses=0)
[22/110] PIREP at (42.19, -89.09) FL39000 2020-02-09 21:41:00 (cache: 115 images)
  SAVED /cluster/tufts/capstone25skyblue/scleme01/SatelliteTurbulencePrediction/model_inputs/2020_02/0000633.npz (657.0s total | fetch=655.3s project=0.1s smooth=1.1s | cache hits=14 misses=1)
[23/110] PIREP at (38.37, -120.69) FL10000 2020-02-09 21:43:00 (cache: 116 images)
  SAVED /cluster/tufts/capstone25skyblue/scleme01/SatelliteTurbulencePrediction/model_inputs/2020_02/0000204.npz (0.1s total | fetch=0.0s project=0.0s smooth=0.0s | cache hits=15 misses=0)
[24/110] PIREP at (37.86, -119.78) FL26000 2020-02-09 21:53:00 (cache: 116 images)
  SAVED /cluster/tufts/capstone25skyblue/scleme01/SatelliteTurbulencePrediction/model_inputs/2020_02/0000206.npz (1456.7s total | fetch=1453.3s project=0.2s smooth=2.2s | cache hits=13 misses=2)
[25/110] PIREP at (37.86, -119.78) FL26000 2020-02-09 21:53:00 (cache: 118 images)
  SAVED /cluster/tufts/capstone25skyblue/scleme01/SatelliteTurbulencePrediction/model_inputs/2020_02/0000205.npz (0.1s total | fetch=0.0s project=0.0s smooth=0.0s | cache hits=15 misses=0)
[26/110] PIREP at (49.83, -124.50) FL2000 2020-02-09 22:00:00 (cache: 118 images)
  SAVED /cluster/tufts/capstone25skyblue/scleme01/SatelliteTurbulencePrediction/model_inputs/2020_02/0000536.npz (1540.7s total | fetch=1537.4s project=0.2s smooth=2.2s | cache hits=13 misses=2)
[27/110] PIREP at (47.42, -165.00) FL35000 2020-02-09 23:04:00 (cache: 120 images)
