Resetting environment
Deactivating conda environment (if any)
Purging all modules
Done! Environment has been torn down
Loading cuda and miniforge...
Activating conda environment...
Redirecting into the satellite repo...
Done! Environment has now been set up
Processing 2020/01 chunk [660:770]
Fetching satellite data for PIREPs in /cluster/tufts/capstone25skyblue/scleme01/SatelliteTurbulencePrediction/pireps/2020/01_turb_pireps.csv
Processing chunk [660:770] (110 PIREPs) from /cluster/tufts/capstone25skyblue/scleme01/SatelliteTurbulencePrediction/pireps/2020/01_turb_pireps.csv
[1/110] PIREP at (24.31, -82.24) FL34000 2020-01-25 19:11:00 (cache: 0 images)
  SAVED /cluster/tufts/capstone25skyblue/scleme01/SatelliteTurbulencePrediction/model_inputs/2020_01/0000504.npz (12604.2s total | fetch=12579.9s project=1.6s smooth=16.9s | cache hits=0 misses=15)
[2/110] PIREP at (45.07, -72.63) FL3000 2020-01-25 19:30:00 (cache: 15 images)
  SAVED /cluster/tufts/capstone25skyblue/scleme01/SatelliteTurbulencePrediction/model_inputs/2020_01/0000350.npz (3834.4s total | fetch=3827.9s project=0.4s smooth=4.4s | cache hits=11 misses=4)
[3/110] PIREP at (41.60, -73.15) FL13000 2020-01-25 20:35:00 (cache: 19 images)
  SAVED /cluster/tufts/capstone25skyblue/scleme01/SatelliteTurbulencePrediction/model_inputs/2020_01/0000351.npz (11784.7s total | fetch=11763.6s project=1.4s smooth=14.6s | cache hits=2 misses=13)
[4/110] PIREP at (24.77, -76.00) FL38000 2020-01-25 20:52:00 (cache: 32 images)
  SAVED /cluster/tufts/capstone25skyblue/scleme01/SatelliteTurbulencePrediction/model_inputs/2020_01/0000587.npz (2749.5s total | fetch=2744.6s project=0.3s smooth=3.3s | cache hits=12 misses=3)
[5/110] PIREP at (60.06, -156.62) FL33000 2020-01-25 21:00:00 (cache: 35 images)
  SAVED /cluster/tufts/capstone25skyblue/scleme01/SatelliteTurbulencePrediction/model_inputs/2020_01/0000352.npz (1995.1s total | fetch=1991.8s project=0.2s smooth=2.2s | cache hits=13 misses=2)
[6/110] PIREP at (41.44, -73.19) FL13000 2020-01-25 21:10:00 (cache: 37 images)
  SAVED /cluster/tufts/capstone25skyblue/scleme01/SatelliteTurbulencePrediction/model_inputs/2020_01/0000353.npz (1816.6s total | fetch=1813.2s project=0.2s smooth=2.2s | cache hits=13 misses=2)
[7/110] PIREP at (39.26, -89.82) FL36000 2020-01-25 23:12:00 (cache: 39 images)
  SAVED /cluster/tufts/capstone25skyblue/scleme01/SatelliteTurbulencePrediction/model_inputs/2020_01/0000454.npz (12995.3s total | fetch=12971.4s project=1.6s smooth=16.6s | cache hits=0 misses=15)
[8/110] PIREP at (40.39, -81.52) FL22000 2020-01-25 23:14:00 (cache: 54 images)
  SAVED /cluster/tufts/capstone25skyblue/scleme01/SatelliteTurbulencePrediction/model_inputs/2020_01/0000595.npz (0.2s total | fetch=0.0s project=0.0s smooth=0.0s | cache hits=15 misses=0)
[9/110] PIREP at (37.76, -90.43) FL40000 2020-01-26 00:15:00 (cache: 54 images)
  SAVED /cluster/tufts/capstone25skyblue/scleme01/SatelliteTurbulencePrediction/model_inputs/2020_01/0000438.npz (410.3s total | fetch=389.6s project=1.3s smooth=14.4s | cache hits=2 misses=13)
[10/110] PIREP at (61.19, -161.83) FL34000 2020-01-26 00:23:00 (cache: 67 images)
  SAVED /cluster/tufts/capstone25skyblue/scleme01/SatelliteTurbulencePrediction/model_inputs/2020_01/0000662.npz (10.5s total | fetch=8.9s project=0.1s smooth=1.1s | cache hits=14 misses=1)
[11/110] PIREP at (36.25, -108.10) FL33000 2020-01-26 01:22:00 (cache: 68 images)
  SAVED /cluster/tufts/capstone25skyblue/scleme01/SatelliteTurbulencePrediction/model_inputs/2020_01/0000703.npz (157.8s total | fetch=138.7s project=1.2s smooth=13.2s | cache hits=3 misses=12)
[12/110] PIREP at (53.89, -166.54) FL2500 2020-01-26 02:00:00 (cache: 80 images)
  SAVED /cluster/tufts/capstone25skyblue/scleme01/SatelliteTurbulencePrediction/model_inputs/2020_01/0000593.npz (74.4s total | fetch=61.7s project=0.8s smooth=8.8s | cache hits=7 misses=8)
[13/110] PIREP at (57.04, -135.36) FL3000 2020-01-26 05:20:00 (cache: 88 images)
  SAVED /cluster/tufts/capstone25skyblue/scleme01/SatelliteTurbulencePrediction/model_inputs/2020_01/0000646.npz (232.4s total | fetch=208.6s project=1.5s smooth=16.6s | cache hits=0 misses=15)
[14/110] PIREP at (61.12, -150.25) FL4000 2020-01-26 14:15:00 (cache: 103 images)
  SAVED /cluster/tufts/capstone25skyblue/scleme01/SatelliteTurbulencePrediction/model_inputs/2020_01/0000737.npz (10731.7s total | fetch=10707.9s project=1.6s smooth=16.6s | cache hits=0 misses=15)
[15/110] PIREP at (32.69, -83.45) FL30000 2020-01-26 14:30:00 (cache: 118 images)
  SAVED /cluster/tufts/capstone25skyblue/scleme01/SatelliteTurbulencePrediction/model_inputs/2020_01/0000565.npz (2367.8s total | fetch=2362.9s project=0.3s smooth=3.3s | cache hits=12 misses=3)
[16/110] PIREP at (37.11, -120.88) FL19000 2020-01-26 15:00:00 (cache: 121 images)
  SAVED /cluster/tufts/capstone25skyblue/scleme01/SatelliteTurbulencePrediction/model_inputs/2020_01/0000414.npz (5564.7s total | fetch=5555.1s project=0.6s smooth=6.7s | cache hits=9 misses=6)
[17/110] PIREP at (29.12, -81.06) FL36000 2020-01-26 15:03:00 (cache: 127 images)
  SAVED /cluster/tufts/capstone25skyblue/scleme01/SatelliteTurbulencePrediction/model_inputs/2020_01/0000532.npz (0.2s total | fetch=0.0s project=0.0s smooth=0.0s | cache hits=15 misses=0)
[18/110] PIREP at (42.52, -117.88) FL26000 2020-01-26 16:58:00 (cache: 127 images)
  SAVED /cluster/tufts/capstone25skyblue/scleme01/SatelliteTurbulencePrediction/model_inputs/2020_01/0000641.npz (12417.8s total | fetch=12393.7s project=1.6s smooth=16.7s | cache hits=0 misses=15)
[19/110] PIREP at (42.18, -93.15) FL34000 2020-01-26 17:30:00 (cache: 142 images)
  SAVED /cluster/tufts/capstone25skyblue/scleme01/SatelliteTurbulencePrediction/model_inputs/2020_01/0000687.npz (5610.2s total | fetch=5598.8s project=0.7s smooth=7.9s | cache hits=8 misses=7)
[20/110] PIREP at (49.83, -66.42) FL35000 2020-01-26 18:56:00 (cache: 149 images)
