Resetting environment
Deactivating conda environment (if any)
Purging all modules
Done! Environment has been torn down
Allocating resources with slurm...
Loading cuda and miniforge...
Activating conda environment...
Redirecting into the satellite repo...
Done! Environment has now been set up
Processing 2022/05 chunk [0:150]
Fetching satellite data for PIREPs in /cluster/tufts/capstone25skyblue/scleme01/SatelliteTurbulencePrediction/pireps/2022/05_turb_pireps.csv
Processing chunk [0:150] (150 PIREPs) from /cluster/tufts/capstone25skyblue/scleme01/SatelliteTurbulencePrediction/pireps/2022/05_turb_pireps.csv
[1/150] SKIPPING /cluster/tufts/capstone25skyblue/scleme01/SatelliteTurbulencePrediction/model_inputs/2022_05/0000489.npz (already exists)
[2/150] PIREP at (37.30, -81.21) FL13000 2022-05-01 10:44:00 (cache: 0 images)
  SAVED /cluster/tufts/capstone25skyblue/scleme01/SatelliteTurbulencePrediction/model_inputs/2022_05/0000347.npz (140.6s total | fetch=115.1s project=2.3s smooth=17.6s | cache hits=0 misses=15)
[3/150] PIREP at (44.11, -87.41) FL30000 2022-05-01 15:48:00 (cache: 15 images)
  SAVED /cluster/tufts/capstone25skyblue/scleme01/SatelliteTurbulencePrediction/model_inputs/2022_05/0000485.npz (10452.0s total | fetch=10425.1s project=2.3s smooth=17.4s | cache hits=0 misses=15)
[4/150] PIREP at (37.00, -85.10) FL7000 2022-05-01 16:02:00 (cache: 30 images)
  SAVED /cluster/tufts/capstone25skyblue/scleme01/SatelliteTurbulencePrediction/model_inputs/2022_05/0000418.npz (2199.8s total | fetch=2194.3s project=0.4s smooth=3.5s | cache hits=12 misses=3)
[5/150] PIREP at (38.84, -86.44) FL4500 2022-05-01 17:03:00 (cache: 33 images)
