Resetting environment
Deactivating conda environment (if any)
Purging all modules
Done! Environment has been torn down
Loading cuda and miniforge...
Activating conda environment...
Redirecting into the satellite repo...
Done! Environment has now been set up
Processing 2020/08 chunk [110:220]
Fetching satellite data for PIREPs in /cluster/tufts/capstone25skyblue/scleme01/SatelliteTurbulencePrediction/pireps/2020/08_turb_pireps.csv
Processing chunk [110:220] (110 PIREPs) from /cluster/tufts/capstone25skyblue/scleme01/SatelliteTurbulencePrediction/pireps/2020/08_turb_pireps.csv
[1/110] PIREP at (28.19, -81.21) FL7000 2020-08-14 23:45:00 (cache: 0 images)
  SAVED /cluster/tufts/capstone25skyblue/scleme01/SatelliteTurbulencePrediction/model_inputs/2020_08/0000058.npz (11924.8s total | fetch=11900.5s project=1.6s smooth=16.9s | cache hits=0 misses=15)
[2/110] PIREP at (36.34, -102.07) FL8500 2020-08-15 02:03:00 (cache: 15 images)
  SAVED /cluster/tufts/capstone25skyblue/scleme01/SatelliteTurbulencePrediction/model_inputs/2020_08/0000059.npz (1509.5s total | fetch=1485.4s project=1.6s smooth=16.8s | cache hits=0 misses=15)
[3/110] PIREP at (36.34, -102.07) FL8500 2020-08-15 02:03:00 (cache: 30 images)
  SAVED /cluster/tufts/capstone25skyblue/scleme01/SatelliteTurbulencePrediction/model_inputs/2020_08/0000060.npz (0.1s total | fetch=0.0s project=0.0s smooth=0.0s | cache hits=15 misses=0)
[4/110] PIREP at (20.70, -156.95) FL3800 2020-08-15 03:29:00 (cache: 30 images)
  SAVED /cluster/tufts/capstone25skyblue/scleme01/SatelliteTurbulencePrediction/model_inputs/2020_08/0000155.npz (163.4s total | fetch=139.6s project=1.6s smooth=16.7s | cache hits=0 misses=15)
[5/110] PIREP at (56.67, -174.93) FL33000 2020-08-15 07:20:00 (cache: 45 images)
  SAVED /cluster/tufts/capstone25skyblue/scleme01/SatelliteTurbulencePrediction/model_inputs/2020_08/0000061.npz (135.6s total | fetch=111.9s project=1.6s smooth=16.6s | cache hits=0 misses=15)
[6/110] PIREP at (36.46, -109.27) FL11000 2020-08-15 12:34:00 (cache: 60 images)
  SAVED /cluster/tufts/capstone25skyblue/scleme01/SatelliteTurbulencePrediction/model_inputs/2020_08/0000161.npz (12222.0s total | fetch=12197.7s project=1.6s smooth=16.9s | cache hits=0 misses=15)
[7/110] PIREP at (32.36, -103.15) FL10000 2020-08-15 13:53:00 (cache: 75 images)
  SAVED /cluster/tufts/capstone25skyblue/scleme01/SatelliteTurbulencePrediction/model_inputs/2020_08/0000062.npz (13939.1s total | fetch=13915.0s project=1.6s smooth=16.7s | cache hits=0 misses=15)
[8/110] PIREP at (32.36, -103.15) FL10000 2020-08-15 13:53:00 (cache: 90 images)
  SAVED /cluster/tufts/capstone25skyblue/scleme01/SatelliteTurbulencePrediction/model_inputs/2020_08/0000063.npz (0.2s total | fetch=0.0s project=0.0s smooth=0.0s | cache hits=15 misses=0)
[9/110] PIREP at (43.64, -86.26) FL22000 2020-08-15 14:46:00 (cache: 90 images)
  SAVED /cluster/tufts/capstone25skyblue/scleme01/SatelliteTurbulencePrediction/model_inputs/2020_08/0000233.npz (10044.3s total | fetch=10026.7s project=1.1s smooth=12.2s | cache hits=4 misses=11)
[10/110] PIREP at (47.00, -178.00) FL39000 2020-08-15 16:25:00 (cache: 101 images)
  SAVED /cluster/tufts/capstone25skyblue/scleme01/SatelliteTurbulencePrediction/model_inputs/2020_08/0000231.npz (14884.1s total | fetch=14860.3s project=1.6s smooth=16.6s | cache hits=0 misses=15)
[11/110] PIREP at (41.99, -87.93) FL28000 2020-08-15 17:25:00 (cache: 116 images)
  SAVED /cluster/tufts/capstone25skyblue/scleme01/SatelliteTurbulencePrediction/model_inputs/2020_08/0000147.npz (10585.6s total | fetch=10566.3s project=1.3s smooth=13.4s | cache hits=3 misses=12)
[12/110] PIREP at (38.81, -89.95) FL37000 2020-08-15 19:47:00 (cache: 128 images)
  SAVED /cluster/tufts/capstone25skyblue/scleme01/SatelliteTurbulencePrediction/model_inputs/2020_08/0000205.npz (12741.9s total | fetch=12717.7s project=1.6s smooth=16.8s | cache hits=0 misses=15)
[13/110] PIREP at (43.98, -88.56) FL22000 2020-08-15 19:51:00 (cache: 143 images)
