Resetting environment
Deactivating conda environment (if any)
Purging all modules
Done! Environment has been torn down
Loading cuda and miniforge...
Activating conda environment...
Redirecting into the satellite repo...
Done! Environment has now been set up
Processing 2018/04 chunk [110:220]
Fetching satellite data for PIREPs in /cluster/tufts/capstone25skyblue/scleme01/SatelliteTurbulencePrediction/pireps/2018/04_turb_pireps.csv
Processing chunk [110:220] (110 PIREPs) from /cluster/tufts/capstone25skyblue/scleme01/SatelliteTurbulencePrediction/pireps/2018/04_turb_pireps.csv
[1/110] PIREP at (21.97, -159.33) FL3000 2018-04-07 00:25:00 (cache: 0 images)
  SAVED /cluster/tufts/capstone25skyblue/scleme01/SatelliteTurbulencePrediction/model_inputs/2018_04/0000348.npz (8597.4s total | fetch=8562.7s project=2.8s smooth=23.8s | cache hits=0 misses=15)
[2/110] PIREP at (32.27, -96.58) FL13000 2018-04-07 01:27:00 (cache: 15 images)
  SAVED /cluster/tufts/capstone25skyblue/scleme01/SatelliteTurbulencePrediction/model_inputs/2018_04/0000053.npz (127.3s total | fetch=93.5s project=3.3s smooth=22.4s | cache hits=3 misses=12)
[3/110] PIREP at (32.84, -89.10) FL41000 2018-04-07 01:35:00 (cache: 27 images)
  SAVED /cluster/tufts/capstone25skyblue/scleme01/SatelliteTurbulencePrediction/model_inputs/2018_04/0000054.npz (33.2s total | fetch=27.4s project=0.5s smooth=3.7s | cache hits=13 misses=2)
[4/110] PIREP at (31.97, -94.71) FL36000 2018-04-07 02:07:00 (cache: 29 images)
  SAVED /cluster/tufts/capstone25skyblue/scleme01/SatelliteTurbulencePrediction/model_inputs/2018_04/0000055.npz (90.8s total | fetch=73.8s project=1.6s smooth=11.2s | cache hits=9 misses=6)
[5/110] PIREP at (31.97, -94.71) FL36000 2018-04-07 02:07:00 (cache: 35 images)
  SAVED /cluster/tufts/capstone25skyblue/scleme01/SatelliteTurbulencePrediction/model_inputs/2018_04/0000056.npz (0.2s total | fetch=0.0s project=0.0s smooth=0.0s | cache hits=15 misses=0)
[6/110] PIREP at (62.33, -47.67) FL35000 2018-04-07 02:16:00 (cache: 35 images)
  SAVED /cluster/tufts/capstone25skyblue/scleme01/SatelliteTurbulencePrediction/model_inputs/2018_04/0000057.npz (31.6s total | fetch=25.9s project=0.5s smooth=3.7s | cache hits=13 misses=2)
[7/110] PIREP at (34.27, -96.91) FL39000 2018-04-07 03:32:00 (cache: 37 images)
  SAVED /cluster/tufts/capstone25skyblue/scleme01/SatelliteTurbulencePrediction/model_inputs/2018_04/0000378.npz (164.4s total | fetch=122.1s project=4.1s smooth=28.0s | cache hits=0 misses=15)
[8/110] PIREP at (58.00, -30.00) FL36000 2018-04-07 09:35:00 (cache: 52 images)
  SAVED /cluster/tufts/capstone25skyblue/scleme01/SatelliteTurbulencePrediction/model_inputs/2018_04/0000292.npz (152.1s total | fetch=109.9s project=4.1s smooth=28.0s | cache hits=0 misses=15)
[9/110] PIREP at (40.27, -111.72) FL17000 2018-04-07 13:40:00 (cache: 67 images)
  SAVED /cluster/tufts/capstone25skyblue/scleme01/SatelliteTurbulencePrediction/model_inputs/2018_04/0000396.npz (13712.8s total | fetch=13670.5s project=4.1s smooth=28.0s | cache hits=0 misses=15)
[10/110] PIREP at (61.33, -44.00) FL33000 2018-04-07 15:15:00 (cache: 82 images)
  SAVED /cluster/tufts/capstone25skyblue/scleme01/SatelliteTurbulencePrediction/model_inputs/2018_04/0000058.npz (16128.8s total | fetch=16094.8s project=2.7s smooth=23.4s | cache hits=0 misses=15)
[11/110] PIREP at (30.78, -83.28) FL7000 2018-04-07 16:38:00 (cache: 97 images)
  SAVED /cluster/tufts/capstone25skyblue/scleme01/SatelliteTurbulencePrediction/model_inputs/2018_04/0000059.npz (16437.2s total | fetch=16396.1s project=3.8s smooth=27.3s | cache hits=0 misses=15)
[12/110] PIREP at (61.37, -160.08) FL5500 2018-04-07 17:45:00 (cache: 112 images)
  SAVED /cluster/tufts/capstone25skyblue/scleme01/SatelliteTurbulencePrediction/model_inputs/2018_04/0000370.npz (15814.5s total | fetch=15781.9s project=2.6s smooth=22.3s | cache hits=1 misses=14)
[13/110] PIREP at (33.25, -79.86) FL39000 2018-04-07 18:10:00 (cache: 126 images)
  SAVED /cluster/tufts/capstone25skyblue/scleme01/SatelliteTurbulencePrediction/model_inputs/2018_04/0000319.npz (5229.1s total | fetch=5215.7s project=1.2s smooth=8.9s | cache hits=10 misses=5)
[14/110] PIREP at (36.76, -96.01) FL33000 2018-04-07 19:00:00 (cache: 131 images)
  SAVED /cluster/tufts/capstone25skyblue/scleme01/SatelliteTurbulencePrediction/model_inputs/2018_04/0000311.npz (9857.9s total | fetch=9830.3s project=2.6s smooth=18.4s | cache hits=5 misses=10)
[15/110] PIREP at (31.51, -92.35) FL36000 2018-04-07 19:46:00 (cache: 141 images)
