Resetting environment
Deactivating conda environment (if any)
Purging all modules
Done! Environment has been torn down
Loading cuda and miniforge...
Activating conda environment...
Redirecting into the satellite repo...
Done! Environment has now been set up
Processing 2017/05 chunk [440:550]
Fetching satellite data for PIREPs in /cluster/tufts/capstone25skyblue/scleme01/SatelliteTurbulencePrediction/pireps/2017/05_turb_pireps.csv
Processing chunk [440:550] (40 PIREPs) from /cluster/tufts/capstone25skyblue/scleme01/SatelliteTurbulencePrediction/pireps/2017/05_turb_pireps.csv
[1/40] PIREP at (38.40, -78.17) FL7000 2017-05-29 18:10:00 (cache: 0 images)
  SAVED /cluster/tufts/capstone25skyblue/scleme01/SatelliteTurbulencePrediction/model_inputs/2017_05/0000222.npz (14838.0s total | fetch=14810.4s project=2.1s smooth=19.6s | cache hits=0 misses=15)
[2/40] PIREP at (43.64, -70.30) FL8000 2017-05-29 18:10:00 (cache: 15 images)
  SAVED /cluster/tufts/capstone25skyblue/scleme01/SatelliteTurbulencePrediction/model_inputs/2017_05/0000450.npz (0.2s total | fetch=0.0s project=0.0s smooth=0.0s | cache hits=15 misses=0)
[3/40] PIREP at (25.93, -77.05) FL9500 2017-05-29 18:41:00 (cache: 15 images)
  SAVED /cluster/tufts/capstone25skyblue/scleme01/SatelliteTurbulencePrediction/model_inputs/2017_05/0000296.npz (6924.7s total | fetch=6913.5s project=0.8s smooth=7.8s | cache hits=9 misses=6)
[4/40] PIREP at (67.24, -150.30) FL9000 2017-05-29 18:55:00 (cache: 21 images)
  SAVED /cluster/tufts/capstone25skyblue/scleme01/SatelliteTurbulencePrediction/model_inputs/2017_05/0000251.npz (3825.9s total | fetch=3820.3s project=0.4s smooth=3.9s | cache hits=12 misses=3)
[5/40] PIREP at (61.42, -148.47) FL1000 2017-05-29 19:26:00 (cache: 24 images)
  SAVED /cluster/tufts/capstone25skyblue/scleme01/SatelliteTurbulencePrediction/model_inputs/2017_05/0000452.npz (7388.9s total | fetch=7377.9s project=0.8s smooth=7.8s | cache hits=9 misses=6)
[6/40] PIREP at (33.13, -97.46) FL32000 2017-05-29 19:51:00 (cache: 30 images)
  SAVED /cluster/tufts/capstone25skyblue/scleme01/SatelliteTurbulencePrediction/model_inputs/2017_05/0000342.npz (6012.1s total | fetch=6002.8s project=0.7s smooth=6.5s | cache hits=10 misses=5)
[7/40] PIREP at (34.50, -102.33) FL35000 2017-05-29 21:58:00 (cache: 35 images)
  SAVED /cluster/tufts/capstone25skyblue/scleme01/SatelliteTurbulencePrediction/model_inputs/2017_05/0000424.npz (18803.3s total | fetch=18775.6s project=2.1s smooth=19.6s | cache hits=0 misses=15)
[8/40] PIREP at (37.53, -77.83) FL25000 2017-05-30 10:34:00 (cache: 50 images)
  SAVED /cluster/tufts/capstone25skyblue/scleme01/SatelliteTurbulencePrediction/model_inputs/2017_05/0000406.npz (187.0s total | fetch=159.5s project=2.1s smooth=19.6s | cache hits=0 misses=15)
[9/40] PIREP at (34.50, -101.93) FL34000 2017-05-30 12:57:00 (cache: 65 images)
  SAVED /cluster/tufts/capstone25skyblue/scleme01/SatelliteTurbulencePrediction/model_inputs/2017_05/0000432.npz (15908.8s total | fetch=15880.8s project=2.1s smooth=19.9s | cache hits=0 misses=15)
[10/40] PIREP at (30.91, -90.14) FL5000 2017-05-30 13:00:00 (cache: 80 images)
  SAVED /cluster/tufts/capstone25skyblue/scleme01/SatelliteTurbulencePrediction/model_inputs/2017_05/0000269.npz (979.1s total | fetch=977.0s project=0.1s smooth=1.3s | cache hits=14 misses=1)
[11/40] PIREP at (36.79, -118.03) FL34000 2017-05-30 14:01:00 (cache: 81 images)
  SAVED /cluster/tufts/capstone25skyblue/scleme01/SatelliteTurbulencePrediction/model_inputs/2017_05/0000377.npz (11654.6s total | fetch=11631.4s project=1.7s smooth=16.5s | cache hits=3 misses=12)
[12/40] PIREP at (41.53, -93.21) FL9000 2017-05-30 16:23:00 (cache: 93 images)
