Resetting environment
Deactivating conda environment (if any)
Purging all modules
Done! Environment has been torn down
Allocating resources with slurm...
Loading cuda and miniforge...
Activating conda environment...
Redirecting into the satellite repo...
Done! Environment has now been set up
Processing 2020/02 chunk [450:600]
Fetching satellite data for PIREPs in /cluster/tufts/capstone25skyblue/scleme01/SatelliteTurbulencePrediction/pireps/2020/02_turb_pireps.csv
Processing chunk [450:600] (150 PIREPs) from /cluster/tufts/capstone25skyblue/scleme01/SatelliteTurbulencePrediction/pireps/2020/02_turb_pireps.csv
[1/150] SKIPPING /cluster/tufts/capstone25skyblue/scleme01/SatelliteTurbulencePrediction/model_inputs/2020_02/0000821.npz (already exists)
[2/150] SKIPPING /cluster/tufts/capstone25skyblue/scleme01/SatelliteTurbulencePrediction/model_inputs/2020_02/0000598.npz (already exists)
[3/150] SKIPPING /cluster/tufts/capstone25skyblue/scleme01/SatelliteTurbulencePrediction/model_inputs/2020_02/0000555.npz (already exists)
[4/150] SKIPPING /cluster/tufts/capstone25skyblue/scleme01/SatelliteTurbulencePrediction/model_inputs/2020_02/0000584.npz (already exists)
[5/150] SKIPPING /cluster/tufts/capstone25skyblue/scleme01/SatelliteTurbulencePrediction/model_inputs/2020_02/0000537.npz (already exists)
[6/150] SKIPPING /cluster/tufts/capstone25skyblue/scleme01/SatelliteTurbulencePrediction/model_inputs/2020_02/0000507.npz (already exists)
[7/150] SKIPPING /cluster/tufts/capstone25skyblue/scleme01/SatelliteTurbulencePrediction/model_inputs/2020_02/0000256.npz (already exists)
[8/150] SKIPPING /cluster/tufts/capstone25skyblue/scleme01/SatelliteTurbulencePrediction/model_inputs/2020_02/0000257.npz (already exists)
[9/150] SKIPPING /cluster/tufts/capstone25skyblue/scleme01/SatelliteTurbulencePrediction/model_inputs/2020_02/0000600.npz (already exists)
[10/150] SKIPPING /cluster/tufts/capstone25skyblue/scleme01/SatelliteTurbulencePrediction/model_inputs/2020_02/0000258.npz (already exists)
[11/150] SKIPPING /cluster/tufts/capstone25skyblue/scleme01/SatelliteTurbulencePrediction/model_inputs/2020_02/0000757.npz (already exists)
[12/150] PIREP at (43.34, -72.04) FL22000 2020-02-12 18:51:00 (cache: 0 images)
  SAVED /cluster/tufts/capstone25skyblue/scleme01/SatelliteTurbulencePrediction/model_inputs/2020_02/0000259.npz (9558.2s total | fetch=9527.1s project=2.1s smooth=21.7s | cache hits=0 misses=15)
[13/150] PIREP at (40.14, -86.92) FL3000 2020-02-12 19:18:00 (cache: 15 images)
  SAVED /cluster/tufts/capstone25skyblue/scleme01/SatelliteTurbulencePrediction/model_inputs/2020_02/0000585.npz (3143.6s total | fetch=3133.2s project=0.7s smooth=7.1s | cache hits=10 misses=5)
[14/150] PIREP at (42.06, -84.10) FL21000 2020-02-12 19:52:00 (cache: 20 images)
  SAVED /cluster/tufts/capstone25skyblue/scleme01/SatelliteTurbulencePrediction/model_inputs/2020_02/0000830.npz (5041.2s total | fetch=5027.0s project=0.9s smooth=9.8s | cache hits=8 misses=7)
[15/150] PIREP at (25.70, -81.54) FL34000 2020-02-12 20:09:00 (cache: 27 images)
  SAVED /cluster/tufts/capstone25skyblue/scleme01/SatelliteTurbulencePrediction/model_inputs/2020_02/0000578.npz (2388.1s total | fetch=2381.8s project=0.4s smooth=4.2s | cache hits=12 misses=3)
[16/150] PIREP at (39.83, 168.33) FL32000 2020-02-12 20:16:00 (cache: 30 images)
  SAVED /cluster/tufts/capstone25skyblue/scleme01/SatelliteTurbulencePrediction/model_inputs/2020_02/0000260.npz (1437.9s total | fetch=1433.7s project=0.3s smooth=2.8s | cache hits=13 misses=2)
[17/150] PIREP at (58.35, -134.57) FL1000 2020-02-12 20:55:00 (cache: 32 images)
  SAVED /cluster/tufts/capstone25skyblue/scleme01/SatelliteTurbulencePrediction/model_inputs/2020_02/0000689.npz (6482.9s total | fetch=6466.8s project=1.1s smooth=11.2s | cache hits=7 misses=8)
[18/150] PIREP at (36.25, -94.37) FL16700 2020-02-12 21:12:00 (cache: 40 images)
  SAVED /cluster/tufts/capstone25skyblue/scleme01/SatelliteTurbulencePrediction/model_inputs/2020_02/0000261.npz (2830.3s total | fetch=2824.1s project=0.4s smooth=4.2s | cache hits=12 misses=3)
[19/150] PIREP at (22.85, -148.62) FL34000 2020-02-12 21:14:00 (cache: 43 images)
  SAVED /cluster/tufts/capstone25skyblue/scleme01/SatelliteTurbulencePrediction/model_inputs/2020_02/0000262.npz (0.0s total | fetch=0.0s project=0.0s smooth=0.0s | cache hits=15 misses=0)
[20/150] PIREP at (22.85, -148.62) FL34000 2020-02-12 21:14:00 (cache: 43 images)
  SAVED /cluster/tufts/capstone25skyblue/scleme01/SatelliteTurbulencePrediction/model_inputs/2020_02/0000263.npz (0.0s total | fetch=0.0s project=0.0s smooth=0.0s | cache hits=15 misses=0)
[21/150] PIREP at (39.30, -94.71) FL20000 2020-02-12 21:52:00 (cache: 43 images)
  SAVED /cluster/tufts/capstone25skyblue/scleme01/SatelliteTurbulencePrediction/model_inputs/2020_02/0000735.npz (7400.2s total | fetch=7384.0s project=1.1s smooth=11.3s | cache hits=7 misses=8)
[22/150] PIREP at (31.73, -91.44) FL36000 2020-02-12 22:13:00 (cache: 51 images)
  SAVED /cluster/tufts/capstone25skyblue/scleme01/SatelliteTurbulencePrediction/model_inputs/2020_02/0000264.npz (3781.2s total | fetch=3773.0s project=0.5s smooth=5.6s | cache hits=11 misses=4)
[23/150] PIREP at (31.73, -91.44) FL36000 2020-02-12 22:13:00 (cache: 55 images)
  SAVED /cluster/tufts/capstone25skyblue/scleme01/SatelliteTurbulencePrediction/model_inputs/2020_02/0000265.npz (0.2s total | fetch=0.0s project=0.0s smooth=0.0s | cache hits=15 misses=0)
[24/150] PIREP at (37.38, -84.29) FL34000 2020-02-12 22:21:00 (cache: 55 images)
