Resetting environment
Deactivating conda environment (if any)
Purging all modules
Done! Environment has been torn down
Loading cuda and miniforge...
Activating conda environment...
Redirecting into the satellite repo...
Done! Environment has now been set up
Processing 2018/05 chunk [0:110]
Fetching satellite data for PIREPs in /cluster/tufts/capstone25skyblue/scleme01/SatelliteTurbulencePrediction/pireps/2018/05_turb_pireps.csv
Processing chunk [0:110] (110 PIREPs) from /cluster/tufts/capstone25skyblue/scleme01/SatelliteTurbulencePrediction/pireps/2018/05_turb_pireps.csv
[1/110] PIREP at (41.16, -89.59) FL36000 2018-05-01 00:11:00 (cache: 0 images)
  SAVED /cluster/tufts/capstone25skyblue/scleme01/SatelliteTurbulencePrediction/model_inputs/2018_05/0000340.npz (13746.1s total | fetch=13716.1s project=2.0s smooth=21.0s | cache hits=0 misses=15)
[2/110] SKIPPING /cluster/tufts/capstone25skyblue/scleme01/SatelliteTurbulencePrediction/model_inputs/2018_05/0000000.npz (already exists)
[3/110] SKIPPING /cluster/tufts/capstone25skyblue/scleme01/SatelliteTurbulencePrediction/model_inputs/2018_05/0000001.npz (already exists)
[4/110] PIREP at (60.74, -151.83) FL1000 2018-05-01 09:53:00 (cache: 15 images)
  SAVED /cluster/tufts/capstone25skyblue/scleme01/SatelliteTurbulencePrediction/model_inputs/2018_05/0000302.npz (284.2s total | fetch=253.9s project=2.0s smooth=21.3s | cache hits=0 misses=15)
[5/110] PIREP at (43.57, -71.42) FL21000 2018-05-01 10:35:00 (cache: 30 images)
  SAVED /cluster/tufts/capstone25skyblue/scleme01/SatelliteTurbulencePrediction/model_inputs/2018_05/0000269.npz (168.0s total | fetch=149.8s project=1.2s smooth=12.7s | cache hits=6 misses=9)
[6/110] PIREP at (42.88, -85.52) FL32000 2018-05-01 11:50:00 (cache: 39 images)
  SAVED /cluster/tufts/capstone25skyblue/scleme01/SatelliteTurbulencePrediction/model_inputs/2018_05/0000389.npz (7273.1s total | fetch=7243.0s project=2.0s smooth=21.0s | cache hits=0 misses=15)
[7/110] PIREP at (58.35, -134.57) FL10000 2018-05-01 11:57:00 (cache: 54 images)
  SAVED /cluster/tufts/capstone25skyblue/scleme01/SatelliteTurbulencePrediction/model_inputs/2018_05/0000387.npz (1042.6s total | fetch=1040.5s project=0.1s smooth=1.4s | cache hits=14 misses=1)
[8/110] SKIPPING /cluster/tufts/capstone25skyblue/scleme01/SatelliteTurbulencePrediction/model_inputs/2018_05/0000002.npz (already exists)
[9/110] PIREP at (31.66, -84.78) FL22000 2018-05-01 12:11:00 (cache: 55 images)
  SAVED /cluster/tufts/capstone25skyblue/scleme01/SatelliteTurbulencePrediction/model_inputs/2018_05/0000337.npz (3246.2s total | fetch=3240.0s project=0.4s smooth=4.2s | cache hits=12 misses=3)
[10/110] PIREP at (27.75, -85.62) FL35000 2018-05-01 13:05:00 (cache: 58 images)
  SAVED /cluster/tufts/capstone25skyblue/scleme01/SatelliteTurbulencePrediction/model_inputs/2018_05/0000373.npz (12191.3s total | fetch=12169.2s project=1.4s smooth=15.4s | cache hits=4 misses=11)
[11/110] PIREP at (36.74, -112.65) FL36000 2018-05-01 13:46:00 (cache: 69 images)
  SAVED /cluster/tufts/capstone25skyblue/scleme01/SatelliteTurbulencePrediction/model_inputs/2018_05/0000331.npz (8777.4s total | fetch=8761.3s project=1.0s smooth=11.2s | cache hits=7 misses=8)
[12/110] PIREP at (46.80, -102.80) FL34000 2018-05-01 13:50:00 (cache: 77 images)
  SAVED /cluster/tufts/capstone25skyblue/scleme01/SatelliteTurbulencePrediction/model_inputs/2018_05/0000201.npz (1311.5s total | fetch=1309.3s project=0.1s smooth=1.4s | cache hits=14 misses=1)
[13/110] SKIPPING /cluster/tufts/capstone25skyblue/scleme01/SatelliteTurbulencePrediction/model_inputs/2018_05/0000003.npz (already exists)
[14/110] PIREP at (37.14, -80.68) FL37000 2018-05-01 20:08:00 (cache: 78 images)
  SAVED /cluster/tufts/capstone25skyblue/scleme01/SatelliteTurbulencePrediction/model_inputs/2018_05/0000271.npz (18526.3s total | fetch=18496.0s project=1.9s smooth=21.1s | cache hits=0 misses=15)
[15/110] PIREP at (44.76, -117.47) FL37000 2018-05-02 00:55:00 (cache: 93 images)
  SAVED /cluster/tufts/capstone25skyblue/scleme01/SatelliteTurbulencePrediction/model_inputs/2018_05/0000347.npz (12130.5s total | fetch=12100.2s project=2.0s smooth=21.1s | cache hits=0 misses=15)
[16/110] PIREP at (37.39, -119.91) FL29000 2018-05-02 01:19:00 (cache: 108 images)
  SAVED /cluster/tufts/capstone25skyblue/scleme01/SatelliteTurbulencePrediction/model_inputs/2018_05/0000324.npz (53.2s total | fetch=45.0s project=0.6s smooth=5.6s | cache hits=11 misses=4)
[17/110] PIREP at (37.80, -97.35) FL38000 2018-05-02 01:45:00 (cache: 112 images)
  SAVED /cluster/tufts/capstone25skyblue/scleme01/SatelliteTurbulencePrediction/model_inputs/2018_05/0000268.npz (63.4s total | fetch=51.1s project=0.8s smooth=8.5s | cache hits=9 misses=6)
[18/110] PIREP at (40.79, -81.16) FL38000 2018-05-02 10:08:00 (cache: 118 images)
  SAVED /cluster/tufts/capstone25skyblue/scleme01/SatelliteTurbulencePrediction/model_inputs/2018_05/0000315.npz (214.6s total | fetch=184.4s project=1.9s smooth=21.2s | cache hits=0 misses=15)
[19/110] SKIPPING /cluster/tufts/capstone25skyblue/scleme01/SatelliteTurbulencePrediction/model_inputs/2018_05/0000004.npz (already exists)
[20/110] PIREP at (42.40, -90.71) FL34000 2018-05-02 13:41:00 (cache: 133 images)
