Resetting environment
Deactivating conda environment (if any)
Purging all modules
Done! Environment has been torn down
Loading cuda and miniforge...
Activating conda environment...
Redirecting into the satellite repo...
Done! Environment has now been set up
Processing 2018/12 chunk [750:900]
Fetching satellite data for PIREPs in /cluster/tufts/capstone25skyblue/scleme01/SatelliteTurbulencePrediction/pireps/2018/12_turb_pireps.csv
Processing chunk [750:900] (68 PIREPs) from /cluster/tufts/capstone25skyblue/scleme01/SatelliteTurbulencePrediction/pireps/2018/12_turb_pireps.csv
[1/68] PIREP at (38.29, -88.27) FL40000 2018-12-30 05:04:00 (cache: 0 images)
  SAVED /cluster/tufts/capstone25skyblue/scleme01/SatelliteTurbulencePrediction/model_inputs/2018_12/0000552.npz (84.7s total | fetch=54.2s project=2.0s smooth=21.3s | cache hits=0 misses=15)
[2/68] PIREP at (37.74, -87.17) FL27000 2018-12-30 12:34:00 (cache: 15 images)
  SAVED /cluster/tufts/capstone25skyblue/scleme01/SatelliteTurbulencePrediction/model_inputs/2018_12/0000785.npz (108.7s total | fetch=78.2s project=2.0s smooth=21.3s | cache hits=0 misses=15)
[3/68] PIREP at (33.01, -85.07) FL9000 2018-12-30 14:09:00 (cache: 30 images)
  SAVED /cluster/tufts/capstone25skyblue/scleme01/SatelliteTurbulencePrediction/model_inputs/2018_12/0000708.npz (5999.7s total | fetch=5969.3s project=2.0s smooth=21.3s | cache hits=0 misses=15)
[4/68] PIREP at (34.14, -119.05) FL41000 2018-12-30 15:20:00 (cache: 45 images)
  SAVED /cluster/tufts/capstone25skyblue/scleme01/SatelliteTurbulencePrediction/model_inputs/2018_12/0000626.npz (8262.8s total | fetch=8232.4s project=2.0s smooth=21.2s | cache hits=0 misses=15)
[5/68] PIREP at (60.97, -145.32) FL37000 2018-12-30 15:33:00 (cache: 60 images)
  SAVED /cluster/tufts/capstone25skyblue/scleme01/SatelliteTurbulencePrediction/model_inputs/2018_12/0000370.npz (1193.3s total | fetch=1189.1s project=0.3s smooth=2.8s | cache hits=13 misses=2)
[6/68] PIREP at (59.96, -141.78) FL38000 2018-12-30 16:56:00 (cache: 62 images)
  SAVED /cluster/tufts/capstone25skyblue/scleme01/SatelliteTurbulencePrediction/model_inputs/2018_12/0000371.npz (9123.3s total | fetch=9093.0s project=2.0s smooth=21.1s | cache hits=0 misses=15)
[7/68] PIREP at (39.63, -85.34) FL8400 2018-12-30 17:00:00 (cache: 77 images)
  SAVED /cluster/tufts/capstone25skyblue/scleme01/SatelliteTurbulencePrediction/model_inputs/2018_12/0000762.npz (630.7s total | fetch=628.5s project=0.1s smooth=1.4s | cache hits=14 misses=1)
[8/68] PIREP at (38.34, -90.47) FL15000 2018-12-30 17:38:00 (cache: 78 images)
  SAVED /cluster/tufts/capstone25skyblue/scleme01/SatelliteTurbulencePrediction/model_inputs/2018_12/0000500.npz (4515.0s total | fetch=4500.7s project=0.9s smooth=9.8s | cache hits=8 misses=7)
[9/68] PIREP at (38.13, -92.41) FL33000 2018-12-30 17:42:00 (cache: 85 images)
  SAVED /cluster/tufts/capstone25skyblue/scleme01/SatelliteTurbulencePrediction/model_inputs/2018_12/0000767.npz (791.5s total | fetch=789.2s project=0.1s smooth=1.4s | cache hits=14 misses=1)
[10/68] PIREP at (60.60, -150.82) FL20000 2018-12-30 18:35:00 (cache: 86 images)
  SAVED /cluster/tufts/capstone25skyblue/scleme01/SatelliteTurbulencePrediction/model_inputs/2018_12/0000569.npz (7736.8s total | fetch=7714.6s project=1.5s smooth=15.5s | cache hits=4 misses=11)
[11/68] PIREP at (37.45, -85.10) FL37000 2018-12-30 18:45:00 (cache: 97 images)
  SAVED /cluster/tufts/capstone25skyblue/scleme01/SatelliteTurbulencePrediction/model_inputs/2018_12/0000372.npz (1415.9s total | fetch=1411.6s project=0.3s smooth=2.8s | cache hits=13 misses=2)
[12/68] PIREP at (40.17, -90.56) FL32000 2018-12-30 18:48:00 (cache: 99 images)
  SAVED /cluster/tufts/capstone25skyblue/scleme01/SatelliteTurbulencePrediction/model_inputs/2018_12/0000373.npz (0.2s total | fetch=0.0s project=0.0s smooth=0.0s | cache hits=15 misses=0)
[13/68] PIREP at (40.32, -90.46) FL31000 2018-12-30 18:54:00 (cache: 99 images)
  SAVED /cluster/tufts/capstone25skyblue/scleme01/SatelliteTurbulencePrediction/model_inputs/2018_12/0000374.npz (828.6s total | fetch=826.4s project=0.1s smooth=1.4s | cache hits=14 misses=1)
[14/68] PIREP at (40.32, -90.46) FL31000 2018-12-30 18:54:00 (cache: 100 images)
  SAVED /cluster/tufts/capstone25skyblue/scleme01/SatelliteTurbulencePrediction/model_inputs/2018_12/0000375.npz (0.2s total | fetch=0.0s project=0.0s smooth=0.0s | cache hits=15 misses=0)
[15/68] PIREP at (37.59, -92.95) FL30000 2018-12-30 18:55:00 (cache: 100 images)
  SAVED /cluster/tufts/capstone25skyblue/scleme01/SatelliteTurbulencePrediction/model_inputs/2018_12/0000527.npz (670.9s total | fetch=668.7s project=0.1s smooth=1.4s | cache hits=14 misses=1)
[16/68] PIREP at (39.89, -105.12) FL6500 2018-12-30 19:10:00 (cache: 101 images)
  SAVED /cluster/tufts/capstone25skyblue/scleme01/SatelliteTurbulencePrediction/model_inputs/2018_12/0000376.npz (2363.3s total | fetch=2357.0s project=0.4s smooth=4.2s | cache hits=12 misses=3)
[17/68] PIREP at (40.34, -89.72) FL34000 2018-12-30 19:20:00 (cache: 104 images)
  SAVED /cluster/tufts/capstone25skyblue/scleme01/SatelliteTurbulencePrediction/model_inputs/2018_12/0000377.npz (1616.4s total | fetch=1612.2s project=0.3s smooth=2.8s | cache hits=13 misses=2)
[18/68] PIREP at (41.57, -108.78) FL9500 2018-12-30 19:40:00 (cache: 106 images)
  SAVED /cluster/tufts/capstone25skyblue/scleme01/SatelliteTurbulencePrediction/model_inputs/2018_12/0000378.npz (3529.2s total | fetch=3521.0s project=0.5s smooth=5.6s | cache hits=11 misses=4)
[19/68] PIREP at (39.30, -94.71) FL27000 2018-12-30 20:07:00 (cache: 110 images)
  SAVED /cluster/tufts/capstone25skyblue/scleme01/SatelliteTurbulencePrediction/model_inputs/2018_12/0000379.npz (4681.8s total | fetch=4671.5s project=0.7s smooth=7.0s | cache hits=10 misses=5)
[20/68] PIREP at (40.11, -91.81) FL24000 2018-12-30 20:09:00 (cache: 115 images)
  SAVED /cluster/tufts/capstone25skyblue/scleme01/SatelliteTurbulencePrediction/model_inputs/2018_12/0000380.npz (0.2s total | fetch=0.0s project=0.0s smooth=0.0s | cache hits=15 misses=0)
[21/68] SKIPPING /cluster/tufts/capstone25skyblue/scleme01/SatelliteTurbulencePrediction/model_inputs/2018_12/0000688.npz (already exists)
[22/68] SKIPPING /cluster/tufts/capstone25skyblue/scleme01/SatelliteTurbulencePrediction/model_inputs/2018_12/0000382.npz (already exists)
[23/68] SKIPPING /cluster/tufts/capstone25skyblue/scleme01/SatelliteTurbulencePrediction/model_inputs/2018_12/0000381.npz (already exists)
[24/68] SKIPPING /cluster/tufts/capstone25skyblue/scleme01/SatelliteTurbulencePrediction/model_inputs/2018_12/0000526.npz (already exists)
[25/68] SKIPPING /cluster/tufts/capstone25skyblue/scleme01/SatelliteTurbulencePrediction/model_inputs/2018_12/0000456.npz (already exists)
[26/68] SKIPPING /cluster/tufts/capstone25skyblue/scleme01/SatelliteTurbulencePrediction/model_inputs/2018_12/0000541.npz (already exists)
[27/68] SKIPPING /cluster/tufts/capstone25skyblue/scleme01/SatelliteTurbulencePrediction/model_inputs/2018_12/0000383.npz (already exists)
[28/68] SKIPPING /cluster/tufts/capstone25skyblue/scleme01/SatelliteTurbulencePrediction/model_inputs/2018_12/0000384.npz (already exists)
[29/68] SKIPPING /cluster/tufts/capstone25skyblue/scleme01/SatelliteTurbulencePrediction/model_inputs/2018_12/0000418.npz (already exists)
[30/68] SKIPPING /cluster/tufts/capstone25skyblue/scleme01/SatelliteTurbulencePrediction/model_inputs/2018_12/0000712.npz (already exists)
[31/68] SKIPPING /cluster/tufts/capstone25skyblue/scleme01/SatelliteTurbulencePrediction/model_inputs/2018_12/0000385.npz (already exists)
[32/68] SKIPPING /cluster/tufts/capstone25skyblue/scleme01/SatelliteTurbulencePrediction/model_inputs/2018_12/0000386.npz (already exists)
[33/68] SKIPPING /cluster/tufts/capstone25skyblue/scleme01/SatelliteTurbulencePrediction/model_inputs/2018_12/0000387.npz (already exists)
[34/68] SKIPPING /cluster/tufts/capstone25skyblue/scleme01/SatelliteTurbulencePrediction/model_inputs/2018_12/0000388.npz (already exists)
[35/68] SKIPPING /cluster/tufts/capstone25skyblue/scleme01/SatelliteTurbulencePrediction/model_inputs/2018_12/0000389.npz (already exists)
[36/68] SKIPPING /cluster/tufts/capstone25skyblue/scleme01/SatelliteTurbulencePrediction/model_inputs/2018_12/0000634.npz (already exists)
[37/68] SKIPPING /cluster/tufts/capstone25skyblue/scleme01/SatelliteTurbulencePrediction/model_inputs/2018_12/0000390.npz (already exists)
[38/68] SKIPPING /cluster/tufts/capstone25skyblue/scleme01/SatelliteTurbulencePrediction/model_inputs/2018_12/0000391.npz (already exists)
[39/68] SKIPPING /cluster/tufts/capstone25skyblue/scleme01/SatelliteTurbulencePrediction/model_inputs/2018_12/0000548.npz (already exists)
[40/68] SKIPPING /cluster/tufts/capstone25skyblue/scleme01/SatelliteTurbulencePrediction/model_inputs/2018_12/0000392.npz (already exists)
[41/68] SKIPPING /cluster/tufts/capstone25skyblue/scleme01/SatelliteTurbulencePrediction/model_inputs/2018_12/0000393.npz (already exists)
[42/68] SKIPPING /cluster/tufts/capstone25skyblue/scleme01/SatelliteTurbulencePrediction/model_inputs/2018_12/0000394.npz (already exists)
[43/68] SKIPPING /cluster/tufts/capstone25skyblue/scleme01/SatelliteTurbulencePrediction/model_inputs/2018_12/0000452.npz (already exists)
[44/68] SKIPPING /cluster/tufts/capstone25skyblue/scleme01/SatelliteTurbulencePrediction/model_inputs/2018_12/0000539.npz (already exists)
[45/68] SKIPPING /cluster/tufts/capstone25skyblue/scleme01/SatelliteTurbulencePrediction/model_inputs/2018_12/0000451.npz (already exists)
[46/68] SKIPPING /cluster/tufts/capstone25skyblue/scleme01/SatelliteTurbulencePrediction/model_inputs/2018_12/0000476.npz (already exists)
[47/68] SKIPPING /cluster/tufts/capstone25skyblue/scleme01/SatelliteTurbulencePrediction/model_inputs/2018_12/0000436.npz (already exists)
[48/68] SKIPPING /cluster/tufts/capstone25skyblue/scleme01/SatelliteTurbulencePrediction/model_inputs/2018_12/0000697.npz (already exists)
[49/68] SKIPPING /cluster/tufts/capstone25skyblue/scleme01/SatelliteTurbulencePrediction/model_inputs/2018_12/0000396.npz (already exists)
[50/68] SKIPPING /cluster/tufts/capstone25skyblue/scleme01/SatelliteTurbulencePrediction/model_inputs/2018_12/0000395.npz (already exists)
[51/68] SKIPPING /cluster/tufts/capstone25skyblue/scleme01/SatelliteTurbulencePrediction/model_inputs/2018_12/0000397.npz (already exists)
[52/68] SKIPPING /cluster/tufts/capstone25skyblue/scleme01/SatelliteTurbulencePrediction/model_inputs/2018_12/0000648.npz (already exists)
[53/68] SKIPPING /cluster/tufts/capstone25skyblue/scleme01/SatelliteTurbulencePrediction/model_inputs/2018_12/0000398.npz (already exists)
[54/68] PIREP at (37.38, -121.80) FL1900 2018-12-31 17:53:00 (cache: 115 images)
