Resetting environment
Deactivating conda environment (if any)
Purging all modules
Done! Environment has been torn down
Loading cuda and miniforge...
Activating conda environment...
Redirecting into the satellite repo...
Done! Environment has now been set up
Processing 2022/04 chunk [110:220]
Fetching satellite data for PIREPs in /cluster/tufts/capstone25skyblue/scleme01/SatelliteTurbulencePrediction/pireps/2022/04_turb_pireps.csv
Processing chunk [110:220] (110 PIREPs) from /cluster/tufts/capstone25skyblue/scleme01/SatelliteTurbulencePrediction/pireps/2022/04_turb_pireps.csv
[1/110] PIREP at (42.29, -70.45) FL40000 2022-04-06 09:32:00 (cache: 0 images)
  SAVED /cluster/tufts/capstone25skyblue/scleme01/SatelliteTurbulencePrediction/model_inputs/2022_04/0000055.npz (169.8s total | fetch=145.4s project=2.1s smooth=16.8s | cache hits=0 misses=15)
[2/110] PIREP at (44.45, -83.39) FL36000 2022-04-06 11:24:00 (cache: 15 images)
  SAVED /cluster/tufts/capstone25skyblue/scleme01/SatelliteTurbulencePrediction/model_inputs/2022_04/0000570.npz (134.3s total | fetch=110.2s project=2.1s smooth=16.5s | cache hits=0 misses=15)
[3/110] PIREP at (37.76, -83.61) FL30000 2022-04-06 11:40:00 (cache: 30 images)
  SAVED /cluster/tufts/capstone25skyblue/scleme01/SatelliteTurbulencePrediction/model_inputs/2022_04/0000555.npz (42.3s total | fetch=35.7s project=0.6s smooth=4.5s | cache hits=11 misses=4)
[4/110] PIREP at (38.41, -87.03) FL28000 2022-04-06 12:08:00 (cache: 34 images)
  SAVED /cluster/tufts/capstone25skyblue/scleme01/SatelliteTurbulencePrediction/model_inputs/2022_04/0000504.npz (50.8s total | fetch=42.7s project=0.7s smooth=5.5s | cache hits=10 misses=5)
[5/110] PIREP at (36.69, -76.35) FL33000 2022-04-06 12:19:00 (cache: 39 images)
  SAVED /cluster/tufts/capstone25skyblue/scleme01/SatelliteTurbulencePrediction/model_inputs/2022_04/0000640.npz (24.3s total | fetch=20.9s project=0.3s smooth=2.1s | cache hits=13 misses=2)
[6/110] PIREP at (40.03, -87.22) FL40000 2022-04-06 13:04:00 (cache: 41 images)
  SAVED /cluster/tufts/capstone25skyblue/scleme01/SatelliteTurbulencePrediction/model_inputs/2022_04/0000549.npz (5713.6s total | fetch=5698.7s project=1.3s smooth=9.5s | cache hits=6 misses=9)
[7/110] PIREP at (39.57, -104.85) FL7000 2022-04-06 13:05:00 (cache: 50 images)
  SAVED /cluster/tufts/capstone25skyblue/scleme01/SatelliteTurbulencePrediction/model_inputs/2022_04/0000056.npz (786.5s total | fetch=784.7s project=0.1s smooth=1.1s | cache hits=14 misses=1)
[8/110] PIREP at (38.17, -85.74) FL10000 2022-04-06 13:37:00 (cache: 51 images)
  SAVED /cluster/tufts/capstone25skyblue/scleme01/SatelliteTurbulencePrediction/model_inputs/2022_04/0000057.npz (4207.1s total | fetch=4197.1s project=0.9s smooth=6.2s | cache hits=9 misses=6)
[9/110] PIREP at (41.53, -85.79) FL19000 2022-04-06 15:20:00 (cache: 57 images)
  SAVED /cluster/tufts/capstone25skyblue/scleme01/SatelliteTurbulencePrediction/model_inputs/2022_04/0000576.npz (11538.3s total | fetch=11513.5s project=2.1s smooth=15.7s | cache hits=0 misses=15)
[10/110] PIREP at (38.52, -94.74) FL19000 2022-04-06 15:26:00 (cache: 72 images)
  SAVED /cluster/tufts/capstone25skyblue/scleme01/SatelliteTurbulencePrediction/model_inputs/2022_04/0000058.npz (767.5s total | fetch=765.7s project=0.1s smooth=1.1s | cache hits=14 misses=1)
[11/110] PIREP at (38.63, -94.71) FL10000 2022-04-06 15:26:00 (cache: 73 images)
  SAVED /cluster/tufts/capstone25skyblue/scleme01/SatelliteTurbulencePrediction/model_inputs/2022_04/0000059.npz (0.2s total | fetch=0.0s project=0.0s smooth=0.0s | cache hits=15 misses=0)
[12/110] PIREP at (39.08, -94.55) FL10000 2022-04-06 15:32:00 (cache: 73 images)
  SAVED /cluster/tufts/capstone25skyblue/scleme01/SatelliteTurbulencePrediction/model_inputs/2022_04/0000060.npz (841.3s total | fetch=839.4s project=0.2s smooth=1.1s | cache hits=14 misses=1)
[13/110] PIREP at (36.58, -85.48) FL35000 2022-04-06 16:11:00 (cache: 74 images)
  SAVED /cluster/tufts/capstone25skyblue/scleme01/SatelliteTurbulencePrediction/model_inputs/2022_04/0000359.npz (5654.7s total | fetch=5641.2s project=1.2s smooth=8.6s | cache hits=7 misses=8)
[14/110] PIREP at (45.82, -92.37) FL10000 2022-04-06 16:33:00 (cache: 82 images)
  SAVED /cluster/tufts/capstone25skyblue/scleme01/SatelliteTurbulencePrediction/model_inputs/2022_04/0000659.npz (3140.6s total | fetch=3133.9s project=0.6s smooth=4.2s | cache hits=11 misses=4)
[15/110] PIREP at (35.22, -120.59) FL1500 2022-04-06 16:45:00 (cache: 86 images)
  SAVED /cluster/tufts/capstone25skyblue/scleme01/SatelliteTurbulencePrediction/model_inputs/2022_04/0000061.npz (2704.9s total | fetch=2699.8s project=0.4s smooth=3.2s | cache hits=12 misses=3)
[16/110] PIREP at (39.56, -86.35) FL35000 2022-04-06 17:13:00 (cache: 89 images)
  SAVED /cluster/tufts/capstone25skyblue/scleme01/SatelliteTurbulencePrediction/model_inputs/2022_04/0000506.npz (4273.1s total | fetch=4264.7s project=0.7s smooth=5.3s | cache hits=10 misses=5)
[17/110] PIREP at (39.27, -106.90) FL9000 2022-04-06 17:25:00 (cache: 94 images)
  SAVED /cluster/tufts/capstone25skyblue/scleme01/SatelliteTurbulencePrediction/model_inputs/2022_04/0000392.npz (2231.9s total | fetch=2226.7s project=0.4s smooth=3.2s | cache hits=12 misses=3)
[18/110] PIREP at (33.98, -98.79) FL27000 2022-04-06 18:27:00 (cache: 97 images)
  SAVED /cluster/tufts/capstone25skyblue/scleme01/SatelliteTurbulencePrediction/model_inputs/2022_04/0000572.npz (8955.3s total | fetch=8935.4s project=1.7s smooth=12.6s | cache hits=3 misses=12)
[19/110] PIREP at (39.07, -105.49) FL17500 2022-04-06 19:10:00 (cache: 109 images)
  SAVED /cluster/tufts/capstone25skyblue/scleme01/SatelliteTurbulencePrediction/model_inputs/2022_04/0000062.npz (6660.6s total | fetch=6645.5s project=1.3s smooth=9.6s | cache hits=6 misses=9)
[20/110] PIREP at (42.81, -88.44) FL12000 2022-04-06 19:50:00 (cache: 118 images)
  SAVED /cluster/tufts/capstone25skyblue/scleme01/SatelliteTurbulencePrediction/model_inputs/2022_04/0000666.npz (6043.0s total | fetch=6029.3s project=1.2s smooth=8.8s | cache hits=7 misses=8)
[21/110] PIREP at (41.64, -91.54) FL31000 2022-04-06 21:27:00 (cache: 126 images)
  SAVED /cluster/tufts/capstone25skyblue/scleme01/SatelliteTurbulencePrediction/model_inputs/2022_04/0000458.npz (9917.5s total | fetch=9891.9s project=2.3s smooth=16.5s | cache hits=0 misses=15)
[22/110] PIREP at (33.88, -82.14) FL35000 2022-04-06 21:32:00 (cache: 141 images)
  SAVED /cluster/tufts/capstone25skyblue/scleme01/SatelliteTurbulencePrediction/model_inputs/2022_04/0000063.npz (587.4s total | fetch=585.6s project=0.2s smooth=1.1s | cache hits=14 misses=1)
[23/110] PIREP at (29.18, -89.15) FL31000 2022-04-06 21:45:00 (cache: 142 images)
