Resetting environment
Deactivating conda environment (if any)
Purging all modules
Done! Environment has been torn down
Loading cuda and miniforge...
Activating conda environment...
Redirecting into the satellite repo...
Done! Environment has now been set up
Processing 2019/11 chunk [440:550]
Fetching satellite data for PIREPs in /cluster/tufts/capstone25skyblue/scleme01/SatelliteTurbulencePrediction/pireps/2019/11_turb_pireps.csv
Processing chunk [440:550] (76 PIREPs) from /cluster/tufts/capstone25skyblue/scleme01/SatelliteTurbulencePrediction/pireps/2019/11_turb_pireps.csv
[1/76] PIREP at (35.20, -83.30) FL8000 2019-11-27 18:44:00 (cache: 0 images)
  SAVED /cluster/tufts/capstone25skyblue/scleme01/SatelliteTurbulencePrediction/model_inputs/2019_11/0000204.npz (14452.1s total | fetch=14421.7s project=2.1s smooth=21.1s | cache hits=0 misses=15)
[2/76] PIREP at (61.29, -149.61) FL800 2019-11-27 19:45:00 (cache: 15 images)
  SAVED /cluster/tufts/capstone25skyblue/scleme01/SatelliteTurbulencePrediction/model_inputs/2019_11/0000205.npz (15089.6s total | fetch=15063.3s project=1.8s smooth=18.3s | cache hits=2 misses=13)
[3/76] PIREP at (37.41, -77.52) FL3000 2019-11-27 20:20:00 (cache: 28 images)
  SAVED /cluster/tufts/capstone25skyblue/scleme01/SatelliteTurbulencePrediction/model_inputs/2019_11/0000206.npz (7933.4s total | fetch=7919.1s project=1.0s smooth=9.9s | cache hits=8 misses=7)
[4/76] PIREP at (42.50, -65.17) FL33000 2019-11-27 20:20:00 (cache: 35 images)
  SAVED /cluster/tufts/capstone25skyblue/scleme01/SatelliteTurbulencePrediction/model_inputs/2019_11/0000207.npz (0.2s total | fetch=0.0s project=0.0s smooth=0.0s | cache hits=15 misses=0)
[5/76] PIREP at (39.85, -78.50) FL11000 2019-11-27 21:00:00 (cache: 35 images)
  SAVED /cluster/tufts/capstone25skyblue/scleme01/SatelliteTurbulencePrediction/model_inputs/2019_11/0000208.npz (8930.7s total | fetch=8914.5s project=1.1s smooth=11.2s | cache hits=7 misses=8)
[6/76] PIREP at (39.85, -78.50) FL11000 2019-11-27 21:09:00 (cache: 43 images)
  SAVED /cluster/tufts/capstone25skyblue/scleme01/SatelliteTurbulencePrediction/model_inputs/2019_11/0000209.npz (1209.2s total | fetch=1207.0s project=0.1s smooth=1.4s | cache hits=14 misses=1)
[7/76] PIREP at (40.77, -86.73) FL37000 2019-11-27 21:25:00 (cache: 44 images)
  SAVED /cluster/tufts/capstone25skyblue/scleme01/SatelliteTurbulencePrediction/model_inputs/2019_11/0000350.npz (4528.2s total | fetch=4519.9s project=0.5s smooth=5.6s | cache hits=11 misses=4)
[8/76] PIREP at (63.86, -148.96) FL3000 2019-11-27 22:13:00 (cache: 48 images)
  SAVED /cluster/tufts/capstone25skyblue/scleme01/SatelliteTurbulencePrediction/model_inputs/2019_11/0000211.npz (9392.9s total | fetch=9374.8s project=1.2s smooth=12.7s | cache hits=6 misses=9)
[9/76] PIREP at (63.86, -148.96) FL3000 2019-11-27 22:13:00 (cache: 57 images)
  SAVED /cluster/tufts/capstone25skyblue/scleme01/SatelliteTurbulencePrediction/model_inputs/2019_11/0000210.npz (0.1s total | fetch=0.0s project=0.0s smooth=0.0s | cache hits=15 misses=0)
[10/76] PIREP at (46.57, -120.06) FL6000 2019-11-27 23:08:00 (cache: 57 images)
  SAVED /cluster/tufts/capstone25skyblue/scleme01/SatelliteTurbulencePrediction/model_inputs/2019_11/0000212.npz (7073.1s total | fetch=7050.9s project=1.5s smooth=15.5s | cache hits=4 misses=11)
[11/76] PIREP at (51.93, -66.87) FL22000 2019-11-27 23:30:00 (cache: 68 images)
  SAVED /cluster/tufts/capstone25skyblue/scleme01/SatelliteTurbulencePrediction/model_inputs/2019_11/0000213.npz (90.8s total | fetch=80.7s project=0.7s smooth=7.0s | cache hits=10 misses=5)
[12/76] PIREP at (52.22, -68.05) FL24000 2019-11-27 23:31:00 (cache: 73 images)
  SAVED /cluster/tufts/capstone25skyblue/scleme01/SatelliteTurbulencePrediction/model_inputs/2019_11/0000214.npz (0.1s total | fetch=0.0s project=0.0s smooth=0.0s | cache hits=15 misses=0)
[13/76] PIREP at (61.37, -139.04) FL34000 2019-11-28 08:51:00 (cache: 73 images)
  SAVED /cluster/tufts/capstone25skyblue/scleme01/SatelliteTurbulencePrediction/model_inputs/2019_11/0000215.npz (188.1s total | fetch=158.0s project=2.0s smooth=21.1s | cache hits=0 misses=15)
[14/76] PIREP at (40.20, -96.21) FL34000 2019-11-28 13:12:00 (cache: 88 images)
  SAVED /cluster/tufts/capstone25skyblue/scleme01/SatelliteTurbulencePrediction/model_inputs/2019_11/0000486.npz (4284.9s total | fetch=4254.6s project=2.0s smooth=21.2s | cache hits=0 misses=15)
[15/76] PIREP at (41.22, -93.50) FL31000 2019-11-28 13:53:00 (cache: 103 images)
  SAVED /cluster/tufts/capstone25skyblue/scleme01/SatelliteTurbulencePrediction/model_inputs/2019_11/0000301.npz (6740.5s total | fetch=6724.3s project=1.1s smooth=11.2s | cache hits=7 misses=8)
[16/76] PIREP at (39.94, -91.19) FL30000 2019-11-28 14:40:00 (cache: 111 images)
