Resetting environment
Deactivating conda environment (if any)
Purging all modules
Done! Environment has been torn down
Loading cuda and miniforge...
Activating conda environment...
Redirecting into the satellite repo...
Done! Environment has now been set up
Processing 2019/12 chunk [440:550]
Fetching satellite data for PIREPs in /cluster/tufts/capstone25skyblue/scleme01/SatelliteTurbulencePrediction/pireps/2019/12_turb_pireps.csv
Processing chunk [440:550] (110 PIREPs) from /cluster/tufts/capstone25skyblue/scleme01/SatelliteTurbulencePrediction/pireps/2019/12_turb_pireps.csv
[1/110] PIREP at (25.52, -84.68) FL40000 2019-12-22 17:08:00 (cache: 0 images)
  SAVED /cluster/tufts/capstone25skyblue/scleme01/SatelliteTurbulencePrediction/model_inputs/2019_12/0000224.npz (12792.3s total | fetch=12768.0s project=1.6s smooth=16.9s | cache hits=0 misses=15)
[2/110] PIREP at (29.59, -83.24) FL36000 2019-12-22 18:50:00 (cache: 15 images)
  SAVED /cluster/tufts/capstone25skyblue/scleme01/SatelliteTurbulencePrediction/model_inputs/2019_12/0000564.npz (14466.7s total | fetch=14442.4s project=1.6s smooth=17.0s | cache hits=0 misses=15)
[3/110] PIREP at (28.95, -82.08) FL25000 2019-12-22 20:12:00 (cache: 30 images)
  SAVED /cluster/tufts/capstone25skyblue/scleme01/SatelliteTurbulencePrediction/model_inputs/2019_12/0000501.npz (15321.0s total | fetch=15296.9s project=1.6s smooth=16.7s | cache hits=0 misses=15)
[4/110] PIREP at (39.90, -78.83) FL28000 2019-12-22 20:18:00 (cache: 45 images)
  SAVED /cluster/tufts/capstone25skyblue/scleme01/SatelliteTurbulencePrediction/model_inputs/2019_12/0000226.npz (910.6s total | fetch=908.8s project=0.1s smooth=1.1s | cache hits=14 misses=1)
[5/110] PIREP at (39.18, -74.99) FL26000 2019-12-22 20:43:00 (cache: 46 images)
  SAVED /cluster/tufts/capstone25skyblue/scleme01/SatelliteTurbulencePrediction/model_inputs/2019_12/0000227.npz (4852.9s total | fetch=4844.7s project=0.5s smooth=5.6s | cache hits=10 misses=5)
[6/110] PIREP at (34.61, -109.09) FL35000 2019-12-22 20:53:00 (cache: 51 images)
  SAVED /cluster/tufts/capstone25skyblue/scleme01/SatelliteTurbulencePrediction/model_inputs/2019_12/0000511.npz (2163.8s total | fetch=2160.5s project=0.2s smooth=2.2s | cache hits=13 misses=2)
[7/110] PIREP at (35.13, -118.44) FL9500 2019-12-22 21:20:00 (cache: 53 images)
  SAVED /cluster/tufts/capstone25skyblue/scleme01/SatelliteTurbulencePrediction/model_inputs/2019_12/0000228.npz (5683.6s total | fetch=5674.0s project=0.6s smooth=6.7s | cache hits=9 misses=6)
[8/110] PIREP at (35.43, -119.05) FL3000 2019-12-22 22:20:00 (cache: 59 images)
  SAVED /cluster/tufts/capstone25skyblue/scleme01/SatelliteTurbulencePrediction/model_inputs/2019_12/0000229.npz (10916.3s total | fetch=10897.2s project=1.3s smooth=13.4s | cache hits=3 misses=12)
[9/110] PIREP at (43.81, -90.00) FL35000 2019-12-22 22:46:00 (cache: 71 images)
  SAVED /cluster/tufts/capstone25skyblue/scleme01/SatelliteTurbulencePrediction/model_inputs/2019_12/0000531.npz (3728.1s total | fetch=3720.0s project=0.5s smooth=5.6s | cache hits=10 misses=5)
[10/110] PIREP at (39.30, -105.35) FL17500 2019-12-22 22:57:00 (cache: 76 images)
  SAVED /cluster/tufts/capstone25skyblue/scleme01/SatelliteTurbulencePrediction/model_inputs/2019_12/0000230.npz (1466.0s total | fetch=1462.6s project=0.2s smooth=2.3s | cache hits=13 misses=2)
[11/110] PIREP at (43.66, -95.58) FL34000 2019-12-22 23:37:00 (cache: 78 images)
  SAVED /cluster/tufts/capstone25skyblue/scleme01/SatelliteTurbulencePrediction/model_inputs/2019_12/0000446.npz (1402.6s total | fetch=1389.7s project=0.9s smooth=9.0s | cache hits=7 misses=8)
[12/110] PIREP at (40.02, -78.59) FL24000 2019-12-23 00:05:00 (cache: 86 images)
  SAVED /cluster/tufts/capstone25skyblue/scleme01/SatelliteTurbulencePrediction/model_inputs/2019_12/0000231.npz (62.3s total | fetch=52.6s project=0.6s smooth=6.7s | cache hits=9 misses=6)
[13/110] PIREP at (39.98, -77.02) FL26000 2019-12-23 00:25:00 (cache: 92 images)
  SAVED /cluster/tufts/capstone25skyblue/scleme01/SatelliteTurbulencePrediction/model_inputs/2019_12/0000232.npz (24.6s total | fetch=18.0s project=0.4s smooth=4.5s | cache hits=11 misses=4)
[14/110] PIREP at (40.23, -78.33) FL30000 2019-12-23 00:36:00 (cache: 96 images)
  SAVED /cluster/tufts/capstone25skyblue/scleme01/SatelliteTurbulencePrediction/model_inputs/2019_12/0000233.npz (20.2s total | fetch=16.8s project=0.2s smooth=2.2s | cache hits=13 misses=2)
[15/110] PIREP at (28.23, -80.61) FL28000 2019-12-23 00:40:00 (cache: 98 images)
  SAVED /cluster/tufts/capstone25skyblue/scleme01/SatelliteTurbulencePrediction/model_inputs/2019_12/0000234.npz (13.0s total | fetch=11.2s project=0.1s smooth=1.1s | cache hits=14 misses=1)
[16/110] PIREP at (48.26, -99.78) FL36000 2019-12-23 06:39:00 (cache: 99 images)
  SAVED /cluster/tufts/capstone25skyblue/scleme01/SatelliteTurbulencePrediction/model_inputs/2019_12/0000329.npz (171.5s total | fetch=147.3s project=1.6s smooth=16.9s | cache hits=0 misses=15)
[17/110] PIREP at (37.88, -82.85) FL24000 2019-12-23 12:08:00 (cache: 114 images)
  SAVED /cluster/tufts/capstone25skyblue/scleme01/SatelliteTurbulencePrediction/model_inputs/2019_12/0000317.npz (153.3s total | fetch=129.1s project=1.6s smooth=16.9s | cache hits=0 misses=15)
[18/110] PIREP at (39.01, -80.86) FL28000 2019-12-23 12:29:00 (cache: 129 images)
  SAVED /cluster/tufts/capstone25skyblue/scleme01/SatelliteTurbulencePrediction/model_inputs/2019_12/0000416.npz (66.9s total | fetch=60.3s project=0.4s smooth=4.5s | cache hits=11 misses=4)
[19/110] PIREP at (35.06, -89.98) FL23000 2019-12-23 13:18:00 (cache: 133 images)
  SAVED /cluster/tufts/capstone25skyblue/scleme01/SatelliteTurbulencePrediction/model_inputs/2019_12/0000367.npz (5488.3s total | fetch=5472.1s project=1.1s smooth=11.3s | cache hits=5 misses=10)
[20/110] PIREP at (36.90, -76.50) FL29000 2019-12-23 13:29:00 (cache: 143 images)
  SAVED /cluster/tufts/capstone25skyblue/scleme01/SatelliteTurbulencePrediction/model_inputs/2019_12/0000622.npz (1419.9s total | fetch=1416.6s project=0.2s smooth=2.2s | cache hits=13 misses=2)
[21/110] PIREP at (43.77, -98.04) FL32000 2019-12-23 13:34:00 (cache: 145 images)
  SAVED /cluster/tufts/capstone25skyblue/scleme01/SatelliteTurbulencePrediction/model_inputs/2019_12/0000572.npz (726.4s total | fetch=724.7s project=0.1s smooth=1.1s | cache hits=14 misses=1)
[22/110] PIREP at (47.66, -91.98) FL34000 2019-12-23 13:53:00 (cache: 146 images)
  SAVED /cluster/tufts/capstone25skyblue/scleme01/SatelliteTurbulencePrediction/model_inputs/2019_12/0000457.npz (2818.9s total | fetch=2812.5s project=0.4s smooth=4.5s | cache hits=11 misses=4)
[23/110] PIREP at (34.19, -79.72) FL28000 2019-12-23 14:04:00 (cache: 150 images)
  SAVED /cluster/tufts/capstone25skyblue/scleme01/SatelliteTurbulencePrediction/model_inputs/2019_12/0000235.npz (1710.7s total | fetch=1707.4s project=0.2s smooth=2.2s | cache hits=13 misses=2)
[24/110] PIREP at (41.52, -88.62) FL35000 2019-12-23 14:07:00 (cache: 152 images)
  SAVED /cluster/tufts/capstone25skyblue/scleme01/SatelliteTurbulencePrediction/model_inputs/2019_12/0000539.npz (734.3s total | fetch=732.5s project=0.1s smooth=1.1s | cache hits=14 misses=1)
[25/110] PIREP at (31.57, -105.38) FL5000 2019-12-23 14:29:00 (cache: 153 images)
