Resetting environment
Deactivating conda environment (if any)
Purging all modules
Done! Environment has been torn down
Allocating resources with slurm...
Loading cuda and miniforge...
Activating conda environment...
Redirecting into the satellite repo...
Done! Environment has now been set up
Processing 2019/02 chunk [150:300]
Fetching satellite data for PIREPs in /cluster/tufts/capstone25skyblue/scleme01/SatelliteTurbulencePrediction/pireps/2019/02_turb_pireps.csv
Processing chunk [150:300] (150 PIREPs) from /cluster/tufts/capstone25skyblue/scleme01/SatelliteTurbulencePrediction/pireps/2019/02_turb_pireps.csv
[1/150] PIREP at (60.60, -151.23) FL1400 2019-02-09 05:05:00 (cache: 0 images)
  SAVED /cluster/tufts/capstone25skyblue/scleme01/SatelliteTurbulencePrediction/model_inputs/2019_02/0000732.npz (88.4s total | fetch=64.9s project=1.9s smooth=16.3s | cache hits=0 misses=15)
[2/150] PIREP at (39.80, -121.86) FL2000 2019-02-09 13:47:00 (cache: 15 images)
  SAVED /cluster/tufts/capstone25skyblue/scleme01/SatelliteTurbulencePrediction/model_inputs/2019_02/0000573.npz (3167.1s total | fetch=3141.9s project=2.1s smooth=16.7s | cache hits=0 misses=15)
[3/150] PIREP at (38.76, -85.47) FL34000 2019-02-09 14:26:00 (cache: 30 images)
  SAVED /cluster/tufts/capstone25skyblue/scleme01/SatelliteTurbulencePrediction/model_inputs/2019_02/0000415.npz (3082.6s total | fetch=3068.5s project=1.2s smooth=9.2s | cache hits=7 misses=8)
[4/150] PIREP at (32.77, -115.87) FL20000 2019-02-09 15:57:00 (cache: 38 images)
  SAVED /cluster/tufts/capstone25skyblue/scleme01/SatelliteTurbulencePrediction/model_inputs/2019_02/0000592.npz (6081.4s total | fetch=6055.3s project=2.1s smooth=17.1s | cache hits=0 misses=15)
[5/150] PIREP at (33.69, -100.06) FL34000 2019-02-09 15:59:00 (cache: 53 images)
  SAVED /cluster/tufts/capstone25skyblue/scleme01/SatelliteTurbulencePrediction/model_inputs/2019_02/0000614.npz (0.2s total | fetch=0.0s project=0.0s smooth=0.0s | cache hits=15 misses=0)
[6/150] PIREP at (35.14, -111.67) FL35000 2019-02-09 17:46:00 (cache: 53 images)
  SAVED /cluster/tufts/capstone25skyblue/scleme01/SatelliteTurbulencePrediction/model_inputs/2019_02/0000588.npz (6593.7s total | fetch=6567.9s project=2.2s smooth=16.9s | cache hits=0 misses=15)
[7/150] PIREP at (39.53, -119.66) FL34000 2019-02-09 17:55:00 (cache: 68 images)
  SAVED /cluster/tufts/capstone25skyblue/scleme01/SatelliteTurbulencePrediction/model_inputs/2019_02/0000747.npz (995.4s total | fetch=991.8s project=0.3s smooth=2.3s | cache hits=13 misses=2)
[8/150] PIREP at (40.65, -86.15) FL19000 2019-02-09 18:47:00 (cache: 70 images)
  SAVED /cluster/tufts/capstone25skyblue/scleme01/SatelliteTurbulencePrediction/model_inputs/2019_02/0000636.npz (4481.9s total | fetch=4464.5s project=1.4s smooth=11.3s | cache hits=5 misses=10)
[9/150] PIREP at (38.97, -104.70) FL8500 2019-02-09 19:06:00 (cache: 80 images)
  SAVED /cluster/tufts/capstone25skyblue/scleme01/SatelliteTurbulencePrediction/model_inputs/2019_02/0000065.npz (2152.5s total | fetch=2145.5s project=0.6s smooth=4.5s | cache hits=11 misses=4)
[10/150] PIREP at (64.73, -156.93) FL13000 2019-02-09 19:13:00 (cache: 84 images)
  SAVED /cluster/tufts/capstone25skyblue/scleme01/SatelliteTurbulencePrediction/model_inputs/2019_02/0000721.npz (493.5s total | fetch=491.6s project=0.2s smooth=1.1s | cache hits=14 misses=1)
[11/150] PIREP at (37.95, -107.91) FL500 2019-02-09 20:05:00 (cache: 85 images)
  SAVED /cluster/tufts/capstone25skyblue/scleme01/SatelliteTurbulencePrediction/model_inputs/2019_02/0000066.npz (5226.0s total | fetch=5206.9s project=1.6s smooth=12.4s | cache hits=4 misses=11)
[12/150] PIREP at (33.82, -84.50) FL12500 2019-02-09 21:36:00 (cache: 96 images)
  SAVED /cluster/tufts/capstone25skyblue/scleme01/SatelliteTurbulencePrediction/model_inputs/2019_02/0000641.npz (7420.3s total | fetch=7394.5s project=2.2s smooth=16.9s | cache hits=0 misses=15)
[13/150] PIREP at (33.75, -83.90) FL32000 2019-02-09 21:39:00 (cache: 111 images)
  SAVED /cluster/tufts/capstone25skyblue/scleme01/SatelliteTurbulencePrediction/model_inputs/2019_02/0000679.npz (0.2s total | fetch=0.0s project=0.0s smooth=0.0s | cache hits=15 misses=0)
[14/150] PIREP at (41.27, -86.68) FL7500 2019-02-09 22:23:00 (cache: 111 images)
  SAVED /cluster/tufts/capstone25skyblue/scleme01/SatelliteTurbulencePrediction/model_inputs/2019_02/0000560.npz (4797.9s total | fetch=4782.2s project=1.3s smooth=10.1s | cache hits=6 misses=9)
[15/150] PIREP at (27.86, -81.90) FL23000 2019-02-09 22:48:00 (cache: 120 images)
  SAVED /cluster/tufts/capstone25skyblue/scleme01/SatelliteTurbulencePrediction/model_inputs/2019_02/0000067.npz (2590.0s total | fetch=2581.1s project=0.7s smooth=5.7s | cache hits=10 misses=5)
[16/150] PIREP at (61.21, -149.84) FL600 2019-02-10 00:33:00 (cache: 125 images)
  SAVED /cluster/tufts/capstone25skyblue/scleme01/SatelliteTurbulencePrediction/model_inputs/2019_02/0000598.npz (1996.7s total | fetch=1972.0s project=2.2s smooth=16.8s | cache hits=0 misses=15)
[17/150] PIREP at (23.52, -87.90) FL40000 2019-02-10 00:37:00 (cache: 140 images)
  SAVED /cluster/tufts/capstone25skyblue/scleme01/SatelliteTurbulencePrediction/model_inputs/2019_02/0000466.npz (14.1s total | fetch=12.3s project=0.1s smooth=1.1s | cache hits=14 misses=1)
[18/150] PIREP at (37.37, -118.36) FL36000 2019-02-10 01:56:00 (cache: 141 images)
  SAVED /cluster/tufts/capstone25skyblue/scleme01/SatelliteTurbulencePrediction/model_inputs/2019_02/0000528.npz (113.7s total | fetch=89.2s project=2.1s smooth=16.9s | cache hits=0 misses=15)
[19/150] PIREP at (58.35, -134.57) FL8500 2019-02-10 07:25:00 (cache: 156 images)
  SAVED /cluster/tufts/capstone25skyblue/scleme01/SatelliteTurbulencePrediction/model_inputs/2019_02/0000391.npz (131.7s total | fetch=107.3s project=2.2s smooth=16.8s | cache hits=0 misses=15)
[20/150] PIREP at (61.16, -45.43) FL34000 2019-02-10 08:45:00 (cache: 171 images)
  SAVED /cluster/tufts/capstone25skyblue/scleme01/SatelliteTurbulencePrediction/model_inputs/2019_02/0000068.npz (137.1s total | fetch=112.7s project=2.1s smooth=16.9s | cache hits=0 misses=15)
[21/150] PIREP at (61.17, -45.42) FL34000 2019-02-10 08:48:00 (cache: 186 images)
  SAVED /cluster/tufts/capstone25skyblue/scleme01/SatelliteTurbulencePrediction/model_inputs/2019_02/0000069.npz (0.0s total | fetch=0.0s project=0.0s smooth=0.0s | cache hits=15 misses=0)
[22/150] PIREP at (61.33, -138.98) FL32000 2019-02-10 11:50:00 (cache: 186 images)
  SAVED /cluster/tufts/capstone25skyblue/scleme01/SatelliteTurbulencePrediction/model_inputs/2019_02/0000070.npz (149.0s total | fetch=124.7s project=2.1s smooth=16.8s | cache hits=0 misses=15)
[23/150] PIREP at (60.50, -44.00) FL32000 2019-02-10 12:28:00 (cache: 201 images)
  SAVED /cluster/tufts/capstone25skyblue/scleme01/SatelliteTurbulencePrediction/model_inputs/2019_02/0000071.npz (76.0s total | fetch=64.6s project=1.0s smooth=7.8s | cache hits=8 misses=7)
[24/150] PIREP at (34.70, -97.75) FL36000 2019-02-10 13:57:00 (cache: 208 images)
  SAVED /cluster/tufts/capstone25skyblue/scleme01/SatelliteTurbulencePrediction/model_inputs/2019_02/0000568.npz (7378.6s total | fetch=7352.7s project=2.2s smooth=16.8s | cache hits=0 misses=15)
[25/150] PIREP at (42.75, -86.10) FL30000 2019-02-10 14:06:00 (cache: 223 images)
  SAVED /cluster/tufts/capstone25skyblue/scleme01/SatelliteTurbulencePrediction/model_inputs/2019_02/0000719.npz (1269.5s total | fetch=1266.0s project=0.3s smooth=2.3s | cache hits=13 misses=2)
[26/150] PIREP at (40.24, -85.40) FL32000 2019-02-10 14:30:00 (cache: 225 images)
  SAVED /cluster/tufts/capstone25skyblue/scleme01/SatelliteTurbulencePrediction/model_inputs/2019_02/0000385.npz (3506.3s total | fetch=3497.6s project=0.7s smooth=5.6s | cache hits=10 misses=5)
[27/150] PIREP at (38.75, -90.36) FL33000 2019-02-10 15:02:00 (cache: 230 images)
