Resetting environment
Deactivating conda environment (if any)
Purging all modules
Done! Environment has been torn down
Loading cuda and miniforge...
Activating conda environment...
Redirecting into the satellite repo...
Done! Environment has now been set up
Processing 2018/12 chunk [150:300]
Fetching satellite data for PIREPs in /cluster/tufts/capstone25skyblue/scleme01/SatelliteTurbulencePrediction/pireps/2018/12_turb_pireps.csv
Processing chunk [150:300] (150 PIREPs) from /cluster/tufts/capstone25skyblue/scleme01/SatelliteTurbulencePrediction/pireps/2018/12_turb_pireps.csv
[1/150] PIREP at (34.06, -87.93) FL6000 2018-12-09 00:22:00 (cache: 0 images)
  SAVED /cluster/tufts/capstone25skyblue/scleme01/SatelliteTurbulencePrediction/model_inputs/2018_12/0000059.npz (131.2s total | fetch=105.4s project=1.7s smooth=18.2s | cache hits=0 misses=15)
[2/150] PIREP at (35.06, -90.60) FL22000 2018-12-09 02:24:00 (cache: 15 images)
  SAVED /cluster/tufts/capstone25skyblue/scleme01/SatelliteTurbulencePrediction/model_inputs/2018_12/0000060.npz (106.3s total | fetch=80.9s project=1.7s smooth=17.8s | cache hits=0 misses=15)
[3/150] PIREP at (55.57, -133.07) FL4000 2018-12-09 02:57:00 (cache: 30 images)
  SAVED /cluster/tufts/capstone25skyblue/scleme01/SatelliteTurbulencePrediction/model_inputs/2018_12/0000061.npz (52.4s total | fetch=40.6s project=0.8s smooth=8.2s | cache hits=8 misses=7)
[4/150] PIREP at (55.57, -133.07) FL4000 2018-12-09 02:57:00 (cache: 37 images)
  SAVED /cluster/tufts/capstone25skyblue/scleme01/SatelliteTurbulencePrediction/model_inputs/2018_12/0000062.npz (0.1s total | fetch=0.0s project=0.0s smooth=0.0s | cache hits=15 misses=0)
[5/150] PIREP at (24.00, -50.00) FL37000 2018-12-09 03:25:00 (cache: 37 images)
  SAVED /cluster/tufts/capstone25skyblue/scleme01/SatelliteTurbulencePrediction/model_inputs/2018_12/0000063.npz (50.9s total | fetch=40.6s project=0.7s smooth=7.0s | cache hits=9 misses=6)
[6/150] PIREP at (35.43, -84.10) FL32000 2018-12-09 04:32:00 (cache: 43 images)
  SAVED /cluster/tufts/capstone25skyblue/scleme01/SatelliteTurbulencePrediction/model_inputs/2018_12/0000064.npz (81.7s total | fetch=59.7s project=1.4s smooth=15.4s | cache hits=2 misses=13)
[7/150] PIREP at (36.90, -76.19) FL34000 2018-12-09 05:23:00 (cache: 56 images)
  SAVED /cluster/tufts/capstone25skyblue/scleme01/SatelliteTurbulencePrediction/model_inputs/2018_12/0000065.npz (61.0s total | fetch=44.3s project=1.1s smooth=11.7s | cache hits=5 misses=10)
[8/150] PIREP at (42.66, -73.26) FL28000 2018-12-09 06:42:00 (cache: 66 images)
  SAVED /cluster/tufts/capstone25skyblue/scleme01/SatelliteTurbulencePrediction/model_inputs/2018_12/0000066.npz (100.5s total | fetch=75.4s project=1.6s smooth=17.5s | cache hits=0 misses=15)
[9/150] PIREP at (35.31, -89.98) FL8000 2018-12-09 12:03:00 (cache: 81 images)
  SAVED /cluster/tufts/capstone25skyblue/scleme01/SatelliteTurbulencePrediction/model_inputs/2018_12/0000701.npz (79.2s total | fetch=54.4s project=1.6s smooth=17.4s | cache hits=0 misses=15)
[10/150] PIREP at (42.88, -85.52) FL36000 2018-12-09 12:39:00 (cache: 96 images)
  SAVED /cluster/tufts/capstone25skyblue/scleme01/SatelliteTurbulencePrediction/model_inputs/2018_12/0000596.npz (38.9s total | fetch=27.0s project=0.8s smooth=8.2s | cache hits=8 misses=7)
[11/150] PIREP at (65.28, -126.80) FL37000 2018-12-09 14:15:00 (cache: 103 images)
  SAVED /cluster/tufts/capstone25skyblue/scleme01/SatelliteTurbulencePrediction/model_inputs/2018_12/0000067.npz (5890.6s total | fetch=5866.0s project=1.6s smooth=17.3s | cache hits=0 misses=15)
[12/150] PIREP at (34.05, -103.38) FL35000 2018-12-09 14:23:00 (cache: 118 images)
  SAVED /cluster/tufts/capstone25skyblue/scleme01/SatelliteTurbulencePrediction/model_inputs/2018_12/0000781.npz (508.3s total | fetch=506.5s project=0.1s smooth=1.2s | cache hits=14 misses=1)
[13/150] PIREP at (34.69, -77.90) FL8000 2018-12-09 14:55:00 (cache: 119 images)
  SAVED /cluster/tufts/capstone25skyblue/scleme01/SatelliteTurbulencePrediction/model_inputs/2018_12/0000068.npz (3042.5s total | fetch=3030.8s project=0.7s smooth=8.1s | cache hits=8 misses=7)
[14/150] PIREP at (38.98, -78.99) FL33500 2018-12-09 15:20:00 (cache: 126 images)
  SAVED /cluster/tufts/capstone25skyblue/scleme01/SatelliteTurbulencePrediction/model_inputs/2018_12/0000069.npz (2255.8s total | fetch=2247.4s project=0.5s smooth=5.8s | cache hits=10 misses=5)
[15/150] PIREP at (41.36, -82.16) FL40000 2018-12-09 15:52:00 (cache: 131 images)
  SAVED /cluster/tufts/capstone25skyblue/scleme01/SatelliteTurbulencePrediction/model_inputs/2018_12/0000488.npz (2711.4s total | fetch=2701.3s project=0.6s smooth=6.9s | cache hits=9 misses=6)
[16/150] PIREP at (55.57, -133.07) FL14000 2018-12-09 15:54:00 (cache: 137 images)
  SAVED /cluster/tufts/capstone25skyblue/scleme01/SatelliteTurbulencePrediction/model_inputs/2018_12/0000776.npz (0.1s total | fetch=0.0s project=0.0s smooth=0.0s | cache hits=15 misses=0)
[17/150] PIREP at (42.39, -96.94) FL4500 2018-12-09 16:00:00 (cache: 137 images)
  SAVED /cluster/tufts/capstone25skyblue/scleme01/SatelliteTurbulencePrediction/model_inputs/2018_12/0000622.npz (840.5s total | fetch=837.1s project=0.2s smooth=2.3s | cache hits=13 misses=2)
[18/150] PIREP at (51.22, -114.56) FL6000 2018-12-09 17:00:00 (cache: 139 images)
  SAVED /cluster/tufts/capstone25skyblue/scleme01/SatelliteTurbulencePrediction/model_inputs/2018_12/0000070.npz (6120.3s total | fetch=6100.3s project=1.3s smooth=13.9s | cache hits=3 misses=12)
[19/150] PIREP at (44.25, -94.15) FL20000 2018-12-09 17:05:00 (cache: 151 images)
  SAVED /cluster/tufts/capstone25skyblue/scleme01/SatelliteTurbulencePrediction/model_inputs/2018_12/0000426.npz (496.0s total | fetch=494.3s project=0.1s smooth=1.1s | cache hits=14 misses=1)
[20/150] PIREP at (34.58, -77.76) FL5000 2018-12-09 18:03:00 (cache: 152 images)
  SAVED /cluster/tufts/capstone25skyblue/scleme01/SatelliteTurbulencePrediction/model_inputs/2018_12/0000071.npz (6167.8s total | fetch=6149.7s project=1.2s smooth=12.6s | cache hits=4 misses=11)
[21/150] PIREP at (34.44, -77.90) FL5000 2018-12-09 18:03:00 (cache: 163 images)
  SAVED /cluster/tufts/capstone25skyblue/scleme01/SatelliteTurbulencePrediction/model_inputs/2018_12/0000072.npz (0.2s total | fetch=0.0s project=0.0s smooth=0.0s | cache hits=15 misses=0)
[22/150] PIREP at (51.15, -114.77) FL6500 2018-12-09 19:58:00 (cache: 163 images)
  SAVED /cluster/tufts/capstone25skyblue/scleme01/SatelliteTurbulencePrediction/model_inputs/2018_12/0000073.npz (9161.3s total | fetch=9136.7s project=1.6s smooth=17.1s | cache hits=0 misses=15)
[23/150] PIREP at (36.44, -82.13) FL34000 2018-12-09 19:59:00 (cache: 178 images)
  SAVED /cluster/tufts/capstone25skyblue/scleme01/SatelliteTurbulencePrediction/model_inputs/2018_12/0000449.npz (0.2s total | fetch=0.0s project=0.0s smooth=0.0s | cache hits=15 misses=0)
[24/150] PIREP at (40.10, -79.17) FL42000 2018-12-09 20:07:00 (cache: 178 images)
  SAVED /cluster/tufts/capstone25skyblue/scleme01/SatelliteTurbulencePrediction/model_inputs/2018_12/0000602.npz (1223.9s total | fetch=1220.5s project=0.2s smooth=2.3s | cache hits=13 misses=2)
[25/150] PIREP at (38.37, -82.56) FL5000 2018-12-09 20:16:00 (cache: 180 images)
  SAVED /cluster/tufts/capstone25skyblue/scleme01/SatelliteTurbulencePrediction/model_inputs/2018_12/0000759.npz (1423.3s total | fetch=1420.0s project=0.2s smooth=2.2s | cache hits=13 misses=2)
[26/150] PIREP at (35.33, -77.61) FL4000 2018-12-09 22:22:00 (cache: 182 images)
  SAVED /cluster/tufts/capstone25skyblue/scleme01/SatelliteTurbulencePrediction/model_inputs/2018_12/0000074.npz (8704.0s total | fetch=8679.7s project=1.6s smooth=16.9s | cache hits=0 misses=15)
[27/150] PIREP at (35.46, -77.74) FL8000 2018-12-09 22:24:00 (cache: 197 images)
  SAVED /cluster/tufts/capstone25skyblue/scleme01/SatelliteTurbulencePrediction/model_inputs/2018_12/0000075.npz (0.2s total | fetch=0.0s project=0.0s smooth=0.0s | cache hits=15 misses=0)
[28/150] PIREP at (58.25, -135.52) FL2000 2018-12-09 23:08:00 (cache: 197 images)
  SAVED /cluster/tufts/capstone25skyblue/scleme01/SatelliteTurbulencePrediction/model_inputs/2018_12/0000744.npz (108.5s total | fetch=94.2s project=0.9s smooth=10.0s | cache hits=6 misses=9)
[29/150] PIREP at (21.21, -157.20) FL5000 2018-12-10 00:07:00 (cache: 206 images)
  SAVED /cluster/tufts/capstone25skyblue/scleme01/SatelliteTurbulencePrediction/model_inputs/2018_12/0000680.npz (133.4s total | fetch=114.4s project=1.2s smooth=13.3s | cache hits=3 misses=12)
[30/150] PIREP at (56.33, -133.65) FL34000 2018-12-10 05:20:00 (cache: 218 images)
  SAVED /cluster/tufts/capstone25skyblue/scleme01/SatelliteTurbulencePrediction/model_inputs/2018_12/0000594.npz (172.8s total | fetch=148.5s project=1.6s smooth=17.0s | cache hits=0 misses=15)
[31/150] PIREP at (46.91, -123.43) FL21000 2018-12-10 15:53:00 (cache: 233 images)
  SAVED /cluster/tufts/capstone25skyblue/scleme01/SatelliteTurbulencePrediction/model_inputs/2018_12/0000601.npz (11575.9s total | fetch=11551.6s project=1.6s smooth=16.9s | cache hits=0 misses=15)
[32/150] PIREP at (38.30, -96.96) FL33000 2018-12-10 16:41:00 (cache: 248 images)
