Resetting environment
Deactivating conda environment (if any)
Purging all modules
Done! Environment has been torn down
Loading cuda and miniforge...
Activating conda environment...
Redirecting into the satellite repo...
Done! Environment has now been set up
Processing 2024/04 chunk [110:220]
Fetching satellite data for PIREPs in /cluster/tufts/capstone25skyblue/scleme01/SatelliteTurbulencePrediction/pireps/2024/04_turb_pireps.csv
Processing chunk [110:220] (110 PIREPs) from /cluster/tufts/capstone25skyblue/scleme01/SatelliteTurbulencePrediction/pireps/2024/04_turb_pireps.csv
[1/110] PIREP at (40.00, -74.23) FL28000 2024-04-03 18:10:00 (cache: 0 images)
  SAVED /cluster/tufts/capstone25skyblue/scleme01/SatelliteTurbulencePrediction/model_inputs/2024_04/0000079.npz (9837.8s total | fetch=9812.1s project=2.3s smooth=16.5s | cache hits=0 misses=15)
[2/110] PIREP at (41.34, -76.77) FL22000 2024-04-03 18:23:00 (cache: 15 images)
  SAVED /cluster/tufts/capstone25skyblue/scleme01/SatelliteTurbulencePrediction/model_inputs/2024_04/0000080.npz (1320.6s total | fetch=1317.1s project=0.3s smooth=2.2s | cache hits=13 misses=2)
[3/110] PIREP at (41.63, -77.48) FL30000 2024-04-03 18:31:00 (cache: 17 images)
  SAVED /cluster/tufts/capstone25skyblue/scleme01/SatelliteTurbulencePrediction/model_inputs/2024_04/0000081.npz (1195.1s total | fetch=1191.5s project=0.3s smooth=2.3s | cache hits=13 misses=2)
[4/110] PIREP at (41.37, -77.42) FL30000 2024-04-03 18:33:00 (cache: 19 images)
  SAVED /cluster/tufts/capstone25skyblue/scleme01/SatelliteTurbulencePrediction/model_inputs/2024_04/0000082.npz (0.1s total | fetch=0.0s project=0.0s smooth=0.0s | cache hits=15 misses=0)
[5/110] PIREP at (39.54, -74.97) FL24000 2024-04-03 18:37:00 (cache: 19 images)
  SAVED /cluster/tufts/capstone25skyblue/scleme01/SatelliteTurbulencePrediction/model_inputs/2024_04/0000083.npz (665.1s total | fetch=663.2s project=0.2s smooth=1.1s | cache hits=14 misses=1)
[6/110] PIREP at (39.17, -76.66) FL25000 2024-04-03 18:42:00 (cache: 20 images)
  SAVED /cluster/tufts/capstone25skyblue/scleme01/SatelliteTurbulencePrediction/model_inputs/2024_04/0000084.npz (529.1s total | fetch=527.3s project=0.1s smooth=1.1s | cache hits=14 misses=1)
[7/110] PIREP at (64.80, -147.88) FL3500 2024-04-03 18:47:00 (cache: 21 images)
  SAVED /cluster/tufts/capstone25skyblue/scleme01/SatelliteTurbulencePrediction/model_inputs/2024_04/0000546.npz (490.1s total | fetch=488.3s project=0.1s smooth=1.1s | cache hits=14 misses=1)
[8/110] PIREP at (40.39, -77.06) FL20000 2024-04-03 18:48:00 (cache: 22 images)
  SAVED /cluster/tufts/capstone25skyblue/scleme01/SatelliteTurbulencePrediction/model_inputs/2024_04/0000085.npz (0.1s total | fetch=0.0s project=0.0s smooth=0.0s | cache hits=15 misses=0)
[9/110] PIREP at (39.27, -77.00) FL29000 2024-04-03 18:55:00 (cache: 22 images)
  SAVED /cluster/tufts/capstone25skyblue/scleme01/SatelliteTurbulencePrediction/model_inputs/2024_04/0000086.npz (1317.6s total | fetch=1314.0s project=0.3s smooth=2.2s | cache hits=13 misses=2)
[10/110] PIREP at (41.86, -77.36) FL26000 2024-04-03 18:59:00 (cache: 24 images)
  SAVED /cluster/tufts/capstone25skyblue/scleme01/SatelliteTurbulencePrediction/model_inputs/2024_04/0000087.npz (0.1s total | fetch=0.0s project=0.0s smooth=0.0s | cache hits=15 misses=0)
[11/110] PIREP at (42.33, -76.53) FL28000 2024-04-03 19:00:00 (cache: 24 images)
  SAVED /cluster/tufts/capstone25skyblue/scleme01/SatelliteTurbulencePrediction/model_inputs/2024_04/0000088.npz (543.1s total | fetch=541.2s project=0.1s smooth=1.1s | cache hits=14 misses=1)
[12/110] PIREP at (41.11, -73.46) FL26000 2024-04-03 19:05:00 (cache: 25 images)
  SAVED /cluster/tufts/capstone25skyblue/scleme01/SatelliteTurbulencePrediction/model_inputs/2024_04/0000368.npz (611.1s total | fetch=609.3s project=0.2s smooth=1.1s | cache hits=14 misses=1)
[13/110] PIREP at (41.14, -77.89) FL26000 2024-04-03 19:06:00 (cache: 26 images)
  SAVED /cluster/tufts/capstone25skyblue/scleme01/SatelliteTurbulencePrediction/model_inputs/2024_04/0000089.npz (0.1s total | fetch=0.0s project=0.0s smooth=0.0s | cache hits=15 misses=0)
[14/110] PIREP at (39.37, -75.76) FL27000 2024-04-03 19:06:00 (cache: 26 images)
  SAVED /cluster/tufts/capstone25skyblue/scleme01/SatelliteTurbulencePrediction/model_inputs/2024_04/0000090.npz (0.1s total | fetch=0.0s project=0.0s smooth=0.0s | cache hits=15 misses=0)
[15/110] PIREP at (42.69, -76.59) FL27000 2024-04-03 19:09:00 (cache: 26 images)
  SAVED /cluster/tufts/capstone25skyblue/scleme01/SatelliteTurbulencePrediction/model_inputs/2024_04/0000091.npz (0.1s total | fetch=0.0s project=0.0s smooth=0.0s | cache hits=15 misses=0)
[16/110] PIREP at (33.23, -80.04) FL16000 2024-04-03 19:11:00 (cache: 26 images)
  SAVED /cluster/tufts/capstone25skyblue/scleme01/SatelliteTurbulencePrediction/model_inputs/2024_04/0000092.npz (563.8s total | fetch=561.9s project=0.2s smooth=1.1s | cache hits=14 misses=1)
[17/110] PIREP at (33.07, -80.04) FL14000 2024-04-03 19:16:00 (cache: 27 images)
  SAVED /cluster/tufts/capstone25skyblue/scleme01/SatelliteTurbulencePrediction/model_inputs/2024_04/0000093.npz (624.0s total | fetch=622.2s project=0.2s smooth=1.1s | cache hits=14 misses=1)
[18/110] PIREP at (34.57, -90.67) FL6000 2024-04-03 19:30:00 (cache: 28 images)
