Resetting environment
Deactivating conda environment (if any)
Purging all modules
Done! Environment has been torn down
Allocating resources with slurm...
Loading cuda and miniforge...
Activating conda environment...
Redirecting into the satellite repo...
Done! Environment has now been set up
Processing 2019/01 chunk [750:900]
Fetching satellite data for PIREPs in /cluster/tufts/capstone25skyblue/scleme01/SatelliteTurbulencePrediction/pireps/2019/01_turb_pireps.csv
Processing chunk [750:900] (2 PIREPs) from /cluster/tufts/capstone25skyblue/scleme01/SatelliteTurbulencePrediction/pireps/2019/01_turb_pireps.csv
[1/2] PIREP at (37.62, -118.84) FL11000 2019-01-31 21:46:00 (cache: 0 images)
  SAVED /cluster/tufts/capstone25skyblue/scleme01/SatelliteTurbulencePrediction/model_inputs/2019_01/0000469.npz (5410.3s total | fetch=5384.0s project=2.2s smooth=17.1s | cache hits=0 misses=15)
[2/2] PIREP at (62.00, -152.73) FL2000 2019-01-31 23:59:00 (cache: 15 images)
  SAVED /cluster/tufts/capstone25skyblue/scleme01/SatelliteTurbulencePrediction/model_inputs/2019_01/0000381.npz (2693.1s total | fetch=2667.5s project=2.2s smooth=17.1s | cache hits=0 misses=15)

Done. Saved 2, skipped 0, failed 0 / 2 PIREPs in chunk. Total time: 135.1 min
Unique satellite images in cache at exit: 30
Python script exit code: 0
All done!
