Resetting environment
Deactivating conda environment (if any)
Purging all modules
Done! Environment has been torn down
Loading cuda and miniforge...
Activating conda environment...
Redirecting into the satellite repo...
Done! Environment has now been set up
Processing 2018/01 chunk [440:550]
Fetching satellite data for PIREPs in /cluster/tufts/capstone25skyblue/scleme01/SatelliteTurbulencePrediction/pireps/2018/01_turb_pireps.csv
Processing chunk [440:550] (8 PIREPs) from /cluster/tufts/capstone25skyblue/scleme01/SatelliteTurbulencePrediction/pireps/2018/01_turb_pireps.csv
[1/8] PIREP at (38.59, -105.99) FL39000 2018-01-31 15:17:00 (cache: 0 images)
  SAVED /cluster/tufts/capstone25skyblue/scleme01/SatelliteTurbulencePrediction/model_inputs/2018_01/0000218.npz (13246.0s total | fetch=13215.2s project=2.1s smooth=21.6s | cache hits=0 misses=15)
[2/8] PIREP at (34.50, -107.08) FL37000 2018-01-31 16:11:00 (cache: 15 images)
  SAVED /cluster/tufts/capstone25skyblue/scleme01/SatelliteTurbulencePrediction/model_inputs/2018_01/0000224.npz (12240.4s total | fetch=12217.5s project=1.5s smooth=15.8s | cache hits=4 misses=11)
[3/8] PIREP at (34.17, -91.93) FL2000 2018-01-31 16:57:00 (cache: 26 images)
  SAVED /cluster/tufts/capstone25skyblue/scleme01/SatelliteTurbulencePrediction/model_inputs/2018_01/0000219.npz (10598.9s total | fetch=10580.1s project=1.2s smooth=13.0s | cache hits=6 misses=9)
[4/8] PIREP at (61.58, -159.54) FL4000 2018-01-31 17:08:00 (cache: 35 images)
  SAVED /cluster/tufts/capstone25skyblue/scleme01/SatelliteTurbulencePrediction/model_inputs/2018_01/0000220.npz (2235.8s total | fetch=2231.6s project=0.3s smooth=2.9s | cache hits=13 misses=2)
[5/8] PIREP at (33.32, -97.20) FL30000 2018-01-31 17:35:00 (cache: 37 images)
  SAVED /cluster/tufts/capstone25skyblue/scleme01/SatelliteTurbulencePrediction/model_inputs/2018_01/0000221.npz (7299.9s total | fetch=7287.2s project=0.8s smooth=8.7s | cache hits=9 misses=6)
[6/8] PIREP at (40.34, -105.04) FL14000 2018-01-31 18:50:00 (cache: 43 images)
  SAVED /cluster/tufts/capstone25skyblue/scleme01/SatelliteTurbulencePrediction/model_inputs/2018_01/0000222.npz (18489.6s total | fetch=18458.6s project=2.1s smooth=21.6s | cache hits=0 misses=15)
[7/8] PIREP at (30.76, -97.68) FL2500 2018-01-31 19:10:00 (cache: 58 images)
  SAVED /cluster/tufts/capstone25skyblue/scleme01/SatelliteTurbulencePrediction/model_inputs/2018_01/0000223.npz (4664.9s total | fetch=4656.5s project=0.6s smooth=5.8s | cache hits=11 misses=4)
[8/8] PIREP at (37.48, -78.59) FL5500 2018-01-31 21:39:00 (cache: 62 images)
  SAVED /cluster/tufts/capstone25skyblue/scleme01/SatelliteTurbulencePrediction/model_inputs/2018_01/0000430.npz (14981.0s total | fetch=14949.9s project=2.1s smooth=21.7s | cache hits=0 misses=15)

Done. Saved 8, skipped 0, failed 0 / 8 PIREPs in chunk. Total time: 1395.9 min
Unique satellite images in cache at exit: 77
Python script exit code: 0
All done!
