Resetting environment
Deactivating conda environment (if any)
Purging all modules
Done! Environment has been torn down
Loading cuda and miniforge...
Activating conda environment...
Redirecting into the satellite repo...
Done! Environment has now been set up
Processing 2017/11 chunk [220:330]
Fetching satellite data for PIREPs in /cluster/tufts/capstone25skyblue/scleme01/SatelliteTurbulencePrediction/pireps/2017/11_turb_pireps.csv
Processing chunk [220:330] (110 PIREPs) from /cluster/tufts/capstone25skyblue/scleme01/SatelliteTurbulencePrediction/pireps/2017/11_turb_pireps.csv
[1/110] PIREP at (43.28, -80.63) FL3500 2017-11-20 20:41:00 (cache: 0 images)
  SAVED /cluster/tufts/capstone25skyblue/scleme01/SatelliteTurbulencePrediction/model_inputs/2017_11/0000106.npz (13361.0s total | fetch=13333.8s project=2.0s smooth=19.4s | cache hits=0 misses=15)
[2/110] PIREP at (39.83, -104.93) FL7000 2017-11-20 21:22:00 (cache: 15 images)
  SAVED /cluster/tufts/capstone25skyblue/scleme01/SatelliteTurbulencePrediction/model_inputs/2017_11/0000107.npz (8727.9s total | fetch=8713.3s project=1.1s smooth=10.3s | cache hits=7 misses=8)
[3/110] PIREP at (41.12, -100.67) FL12500 2017-11-20 21:47:00 (cache: 23 images)
  SAVED /cluster/tufts/capstone25skyblue/scleme01/SatelliteTurbulencePrediction/model_inputs/2017_11/0000299.npz (5816.4s total | fetch=5807.2s project=0.7s smooth=6.5s | cache hits=10 misses=5)
[4/110] PIREP at (37.51, -105.34) FL14000 2017-11-20 21:48:00 (cache: 28 images)
  SAVED /cluster/tufts/capstone25skyblue/scleme01/SatelliteTurbulencePrediction/model_inputs/2017_11/0000108.npz (0.2s total | fetch=0.0s project=0.0s smooth=0.0s | cache hits=15 misses=0)
[5/110] PIREP at (42.16, -76.63) FL4500 2017-11-20 22:25:00 (cache: 28 images)
  SAVED /cluster/tufts/capstone25skyblue/scleme01/SatelliteTurbulencePrediction/model_inputs/2017_11/0000110.npz (8674.2s total | fetch=8659.6s project=1.1s smooth=10.3s | cache hits=7 misses=8)
[6/110] PIREP at (42.16, -75.65) FL4500 2017-11-20 22:25:00 (cache: 36 images)
  SAVED /cluster/tufts/capstone25skyblue/scleme01/SatelliteTurbulencePrediction/model_inputs/2017_11/0000109.npz (0.2s total | fetch=0.0s project=0.0s smooth=0.0s | cache hits=15 misses=0)
[7/110] PIREP at (33.63, -85.14) FL34000 2017-11-20 23:11:00 (cache: 36 images)
  SAVED /cluster/tufts/capstone25skyblue/scleme01/SatelliteTurbulencePrediction/model_inputs/2017_11/0000255.npz (7466.4s total | fetch=7450.0s project=1.2s smooth=11.6s | cache hits=6 misses=9)
[8/110] PIREP at (47.00, -50.00) FL35000 2017-11-20 23:55:00 (cache: 45 images)
  SAVED /cluster/tufts/capstone25skyblue/scleme01/SatelliteTurbulencePrediction/model_inputs/2017_11/0000111.npz (113.0s total | fetch=96.6s project=1.2s smooth=11.6s | cache hits=6 misses=9)
[9/110] PIREP at (33.34, -86.83) FL26000 2017-11-21 00:50:00 (cache: 54 images)
  SAVED /cluster/tufts/capstone25skyblue/scleme01/SatelliteTurbulencePrediction/model_inputs/2017_11/0000322.npz (176.4s total | fetch=156.4s project=1.5s smooth=14.2s | cache hits=4 misses=11)
[10/110] PIREP at (32.38, -94.91) FL36000 2017-11-21 01:56:00 (cache: 65 images)
  SAVED /cluster/tufts/capstone25skyblue/scleme01/SatelliteTurbulencePrediction/model_inputs/2017_11/0000188.npz (191.5s total | fetch=167.9s project=1.8s smooth=16.8s | cache hits=2 misses=13)
[11/110] PIREP at (20.31, -156.43) FL6000 2017-11-21 10:10:00 (cache: 78 images)
  SAVED /cluster/tufts/capstone25skyblue/scleme01/SatelliteTurbulencePrediction/model_inputs/2017_11/0000112.npz (182.4s total | fetch=155.3s project=2.0s smooth=19.4s | cache hits=0 misses=15)
[12/110] PIREP at (33.63, -84.44) FL34000 2017-11-21 13:04:00 (cache: 93 images)
  SAVED /cluster/tufts/capstone25skyblue/scleme01/SatelliteTurbulencePrediction/model_inputs/2017_11/0000223.npz (6150.9s total | fetch=6123.7s project=2.0s smooth=19.4s | cache hits=0 misses=15)
[13/110] PIREP at (44.78, -89.67) FL4000 2017-11-21 15:12:00 (cache: 108 images)
  SAVED /cluster/tufts/capstone25skyblue/scleme01/SatelliteTurbulencePrediction/model_inputs/2017_11/0000336.npz (17087.8s total | fetch=17060.5s project=2.0s smooth=19.4s | cache hits=0 misses=15)
[14/110] PIREP at (38.57, -118.03) FL35000 2017-11-21 15:28:00 (cache: 123 images)
  SAVED /cluster/tufts/capstone25skyblue/scleme01/SatelliteTurbulencePrediction/model_inputs/2017_11/0000210.npz (3303.8s total | fetch=3298.0s project=0.4s smooth=4.0s | cache hits=12 misses=3)
[15/110] PIREP at (36.99, -103.79) FL40000 2017-11-21 15:30:00 (cache: 126 images)
  SAVED /cluster/tufts/capstone25skyblue/scleme01/SatelliteTurbulencePrediction/model_inputs/2017_11/0000295.npz (1059.8s total | fetch=1057.8s project=0.1s smooth=1.3s | cache hits=14 misses=1)
[16/110] PIREP at (42.24, -97.44) FL36000 2017-11-21 15:59:00 (cache: 127 images)
  SAVED /cluster/tufts/capstone25skyblue/scleme01/SatelliteTurbulencePrediction/model_inputs/2017_11/0000333.npz (5417.7s total | fetch=5408.3s project=0.7s smooth=6.6s | cache hits=10 misses=5)
[17/110] PIREP at (42.55, -106.18) FL10500 2017-11-21 16:10:00 (cache: 132 images)
  SAVED /cluster/tufts/capstone25skyblue/scleme01/SatelliteTurbulencePrediction/model_inputs/2017_11/0000263.npz (2992.7s total | fetch=2986.8s project=0.4s smooth=4.1s | cache hits=12 misses=3)
[18/110] PIREP at (32.41, -99.68) FL26000 2017-11-21 16:41:00 (cache: 135 images)
  SAVED /cluster/tufts/capstone25skyblue/scleme01/SatelliteTurbulencePrediction/model_inputs/2017_11/0000113.npz (6121.4s total | fetch=6109.9s project=0.8s smooth=8.1s | cache hits=9 misses=6)
[19/110] PIREP at (37.97, -83.98) FL9500 2017-11-21 16:51:00 (cache: 141 images)
  SAVED /cluster/tufts/capstone25skyblue/scleme01/SatelliteTurbulencePrediction/model_inputs/2017_11/0000208.npz (1836.5s total | fetch=1832.5s project=0.3s smooth=2.7s | cache hits=13 misses=2)
[20/110] PIREP at (43.63, -72.30) FL1500 2017-11-21 17:37:00 (cache: 143 images)
