Resetting environment
Deactivating conda environment (if any)
Purging all modules
Done! Environment has been torn down
Loading cuda and miniforge...
Activating conda environment...
Redirecting into the satellite repo...
Done! Environment has now been set up
Processing 2024/04 chunk [220:330]
Fetching satellite data for PIREPs in /cluster/tufts/capstone25skyblue/scleme01/SatelliteTurbulencePrediction/pireps/2024/04_turb_pireps.csv
Processing chunk [220:330] (110 PIREPs) from /cluster/tufts/capstone25skyblue/scleme01/SatelliteTurbulencePrediction/pireps/2024/04_turb_pireps.csv
[1/110] PIREP at (30.35, -79.62) FL35000 2024-04-05 07:15:00 (cache: 0 images)
  SAVED /cluster/tufts/capstone25skyblue/scleme01/SatelliteTurbulencePrediction/model_inputs/2024_04/0000421.npz (184.3s total | fetch=153.4s project=2.1s smooth=21.5s | cache hits=0 misses=15)
[2/110] PIREP at (30.79, -82.90) FL29000 2024-04-05 11:06:00 (cache: 15 images)
  SAVED /cluster/tufts/capstone25skyblue/scleme01/SatelliteTurbulencePrediction/model_inputs/2024_04/0000468.npz (187.3s total | fetch=156.4s project=2.1s smooth=21.5s | cache hits=0 misses=15)
[3/110] PIREP at (46.93, -96.81) FL33000 2024-04-05 11:17:00 (cache: 30 images)
  SAVED /cluster/tufts/capstone25skyblue/scleme01/SatelliteTurbulencePrediction/model_inputs/2024_04/0000636.npz (33.4s total | fetch=29.1s project=0.3s smooth=2.9s | cache hits=13 misses=2)
[4/110] PIREP at (34.66, -81.80) FL17000 2024-04-05 12:24:00 (cache: 32 images)
  SAVED /cluster/tufts/capstone25skyblue/scleme01/SatelliteTurbulencePrediction/model_inputs/2024_04/0000569.npz (243.3s total | fetch=216.5s project=1.8s smooth=18.6s | cache hits=2 misses=13)
[5/110] PIREP at (41.73, -87.83) FL37000 2024-04-05 12:25:00 (cache: 45 images)
  SAVED /cluster/tufts/capstone25skyblue/scleme01/SatelliteTurbulencePrediction/model_inputs/2024_04/0000643.npz (17.6s total | fetch=15.4s project=0.1s smooth=1.4s | cache hits=14 misses=1)
[6/110] PIREP at (38.82, -92.22) FL34000 2024-04-05 12:35:00 (cache: 46 images)
  SAVED /cluster/tufts/capstone25skyblue/scleme01/SatelliteTurbulencePrediction/model_inputs/2024_04/0000612.npz (44.6s total | fetch=40.3s project=0.3s smooth=2.9s | cache hits=13 misses=2)
[7/110] PIREP at (35.22, -80.95) FL34000 2024-04-05 12:42:00 (cache: 48 images)
  SAVED /cluster/tufts/capstone25skyblue/scleme01/SatelliteTurbulencePrediction/model_inputs/2024_04/0000679.npz (6.9s total | fetch=4.7s project=0.1s smooth=1.4s | cache hits=14 misses=1)
[8/110] PIREP at (38.64, -77.87) FL38000 2024-04-05 12:52:00 (cache: 49 images)
  SAVED /cluster/tufts/capstone25skyblue/scleme01/SatelliteTurbulencePrediction/model_inputs/2024_04/0000410.npz (22.3s total | fetch=18.0s project=0.3s smooth=2.9s | cache hits=13 misses=2)
[9/110] PIREP at (40.65, -75.45) FL4000 2024-04-05 13:05:00 (cache: 51 images)
  SAVED /cluster/tufts/capstone25skyblue/scleme01/SatelliteTurbulencePrediction/model_inputs/2024_04/0000662.npz (51.7s total | fetch=45.3s project=0.4s smooth=4.3s | cache hits=12 misses=3)
[10/110] PIREP at (41.52, -88.18) FL32000 2024-04-05 13:24:00 (cache: 54 images)
  SAVED /cluster/tufts/capstone25skyblue/scleme01/SatelliteTurbulencePrediction/model_inputs/2024_04/0000659.npz (59.5s total | fetch=53.2s project=0.4s smooth=4.3s | cache hits=12 misses=3)
[11/110] PIREP at (42.22, -83.74) FL1900 2024-04-05 16:34:00 (cache: 57 images)
  SAVED /cluster/tufts/capstone25skyblue/scleme01/SatelliteTurbulencePrediction/model_inputs/2024_04/0000528.npz (13267.4s total | fetch=13226.6s project=3.7s smooth=27.2s | cache hits=0 misses=15)
[12/110] PIREP at (40.29, -84.04) FL33000 2024-04-05 17:43:00 (cache: 72 images)
