Resetting environment
Deactivating conda environment (if any)
Purging all modules
Done! Environment has been torn down
Allocating resources with slurm...
Loading cuda and miniforge...
Activating conda environment...
Redirecting into the satellite repo...
Done! Environment has now been set up
Processing 2019/12 chunk [150:300]
Fetching satellite data for PIREPs in /cluster/tufts/capstone25skyblue/scleme01/SatelliteTurbulencePrediction/pireps/2019/12_turb_pireps.csv
Processing chunk [150:300] (150 PIREPs) from /cluster/tufts/capstone25skyblue/scleme01/SatelliteTurbulencePrediction/pireps/2019/12_turb_pireps.csv
[1/150] PIREP at (56.97, -134.65) FL5000 2019-12-06 23:06:00 (cache: 0 images)
  SAVED /cluster/tufts/capstone25skyblue/scleme01/SatelliteTurbulencePrediction/model_inputs/2019_12/0000334.npz (1117.4s total | fetch=1086.4s project=2.1s smooth=21.6s | cache hits=0 misses=15)
[2/150] PIREP at (33.68, -100.29) FL25000 2019-12-07 01:38:00 (cache: 15 images)
  SAVED /cluster/tufts/capstone25skyblue/scleme01/SatelliteTurbulencePrediction/model_inputs/2019_12/0000399.npz (141.9s total | fetch=110.9s project=2.1s smooth=21.7s | cache hits=0 misses=15)
[3/150] PIREP at (40.17, -98.63) FL39000 2019-12-07 02:43:00 (cache: 30 images)
  SAVED /cluster/tufts/capstone25skyblue/scleme01/SatelliteTurbulencePrediction/model_inputs/2019_12/0000356.npz (106.4s total | fetch=79.5s project=1.8s smooth=18.8s | cache hits=2 misses=13)
[4/150] PIREP at (29.49, -82.35) FL6000 2019-12-07 14:36:00 (cache: 43 images)
  SAVED /cluster/tufts/capstone25skyblue/scleme01/SatelliteTurbulencePrediction/model_inputs/2019_12/0000506.npz (7667.0s total | fetch=7635.9s project=2.1s smooth=21.6s | cache hits=0 misses=15)
[5/150] PIREP at (38.74, -121.39) FL9500 2019-12-07 15:55:00 (cache: 58 images)
  SAVED /cluster/tufts/capstone25skyblue/scleme01/SatelliteTurbulencePrediction/model_inputs/2019_12/0000496.npz (8502.1s total | fetch=8471.1s project=2.1s smooth=21.6s | cache hits=0 misses=15)
[6/150] PIREP at (37.34, -121.67) FL4000 2019-12-07 16:39:00 (cache: 73 images)
  SAVED /cluster/tufts/capstone25skyblue/scleme01/SatelliteTurbulencePrediction/model_inputs/2019_12/0000086.npz (5303.0s total | fetch=5286.7s project=1.1s smooth=11.3s | cache hits=7 misses=8)
[7/150] PIREP at (38.53, -122.84) FL3300 2019-12-07 19:10:00 (cache: 81 images)
  SAVED /cluster/tufts/capstone25skyblue/scleme01/SatelliteTurbulencePrediction/model_inputs/2019_12/0000087.npz (11410.2s total | fetch=11379.6s project=2.0s smooth=21.2s | cache hits=0 misses=15)
[8/150] PIREP at (40.17, -105.28) FL16500 2019-12-07 20:52:00 (cache: 96 images)
  SAVED /cluster/tufts/capstone25skyblue/scleme01/SatelliteTurbulencePrediction/model_inputs/2019_12/0000088.npz (12918.9s total | fetch=12887.5s project=2.2s smooth=21.8s | cache hits=0 misses=15)
[9/150] PIREP at (31.70, -94.55) FL31000 2019-12-07 21:08:00 (cache: 111 images)
  SAVED /cluster/tufts/capstone25skyblue/scleme01/SatelliteTurbulencePrediction/model_inputs/2019_12/0000580.npz (2535.5s total | fetch=2529.0s project=0.5s smooth=4.4s | cache hits=12 misses=3)
[10/150] PIREP at (35.02, -116.62) FL35000 2019-12-07 21:34:00 (cache: 114 images)
  SAVED /cluster/tufts/capstone25skyblue/scleme01/SatelliteTurbulencePrediction/model_inputs/2019_12/0000344.npz (4358.0s total | fetch=4347.3s project=0.8s smooth=7.3s | cache hits=10 misses=5)
[11/150] PIREP at (40.68, -112.16) FL10000 2019-12-08 04:22:00 (cache: 119 images)
  SAVED /cluster/tufts/capstone25skyblue/scleme01/SatelliteTurbulencePrediction/model_inputs/2019_12/0000453.npz (158.1s total | fetch=126.2s project=2.3s smooth=22.1s | cache hits=0 misses=15)
[12/150] PIREP at (45.13, -87.64) FL39000 2019-12-08 12:17:00 (cache: 134 images)
  SAVED /cluster/tufts/capstone25skyblue/scleme01/SatelliteTurbulencePrediction/model_inputs/2019_12/0000609.npz (238.1s total | fetch=206.5s project=2.3s smooth=21.9s | cache hits=0 misses=15)
[13/150] PIREP at (44.55, -89.53) FL19000 2019-12-08 12:21:00 (cache: 149 images)
  SAVED /cluster/tufts/capstone25skyblue/scleme01/SatelliteTurbulencePrediction/model_inputs/2019_12/0000509.npz (13.3s total | fetch=11.0s project=0.2s smooth=1.5s | cache hits=14 misses=1)
[14/150] PIREP at (45.54, -94.05) FL34000 2019-12-08 15:13:00 (cache: 150 images)
