Resetting environment
Deactivating conda environment (if any)
Purging all modules
Done! Environment has been torn down
Allocating resources with slurm...
Loading cuda and miniforge...
Activating conda environment...
Redirecting into the satellite repo...
Done! Environment has now been set up
Processing 2019/02 chunk [450:600]
Fetching satellite data for PIREPs in /cluster/tufts/capstone25skyblue/scleme01/SatelliteTurbulencePrediction/pireps/2019/02_turb_pireps.csv
Processing chunk [450:600] (150 PIREPs) from /cluster/tufts/capstone25skyblue/scleme01/SatelliteTurbulencePrediction/pireps/2019/02_turb_pireps.csv
[1/150] PIREP at (32.38, -141.70) FL28000 2019-02-16 21:53:00 (cache: 0 images)
  SAVED /cluster/tufts/capstone25skyblue/scleme01/SatelliteTurbulencePrediction/model_inputs/2019_02/0000536.npz (5643.7s total | fetch=5617.3s project=2.2s smooth=17.5s | cache hits=0 misses=15)
[2/150] PIREP at (36.72, -95.92) FL31000 2019-02-16 21:55:00 (cache: 15 images)
  SAVED /cluster/tufts/capstone25skyblue/scleme01/SatelliteTurbulencePrediction/model_inputs/2019_02/0000663.npz (407.3s total | fetch=405.4s project=0.2s smooth=1.2s | cache hits=14 misses=1)
[3/150] PIREP at (38.16, -78.17) FL34000 2019-02-16 23:04:00 (cache: 16 images)
  SAVED /cluster/tufts/capstone25skyblue/scleme01/SatelliteTurbulencePrediction/model_inputs/2019_02/0000232.npz (4480.2s total | fetch=4457.2s project=2.0s smooth=15.0s | cache hits=2 misses=13)
[4/150] PIREP at (41.40, -75.63) FL4000 2019-02-16 23:17:00 (cache: 29 images)
  SAVED /cluster/tufts/capstone25skyblue/scleme01/SatelliteTurbulencePrediction/model_inputs/2019_02/0000439.npz (682.3s total | fetch=677.0s project=0.5s smooth=3.4s | cache hits=12 misses=3)
[5/150] PIREP at (37.59, -90.74) FL24000 2019-02-17 00:08:00 (cache: 32 images)
  SAVED /cluster/tufts/capstone25skyblue/scleme01/SatelliteTurbulencePrediction/model_inputs/2019_02/0000233.npz (78.3s total | fetch=61.6s project=1.5s smooth=11.5s | cache hits=5 misses=10)
[6/150] PIREP at (38.38, -85.63) FL40000 2019-02-17 00:47:00 (cache: 42 images)
  SAVED /cluster/tufts/capstone25skyblue/scleme01/SatelliteTurbulencePrediction/model_inputs/2019_02/0000465.npz (68.8s total | fetch=55.4s project=1.2s smooth=9.2s | cache hits=7 misses=8)
[7/150] PIREP at (21.98, -159.29) FL2500 2019-02-17 02:17:00 (cache: 50 images)
  SAVED /cluster/tufts/capstone25skyblue/scleme01/SatelliteTurbulencePrediction/model_inputs/2019_02/0000393.npz (116.0s total | fetch=91.0s project=2.3s smooth=17.2s | cache hits=0 misses=15)
[8/150] PIREP at (56.84, -171.32) FL35000 2019-02-17 07:28:00 (cache: 65 images)
  SAVED /cluster/tufts/capstone25skyblue/scleme01/SatelliteTurbulencePrediction/model_inputs/2019_02/0000548.npz (107.6s total | fetch=82.6s project=2.3s smooth=17.3s | cache hits=0 misses=15)
[9/150] PIREP at (45.82, -88.11) FL34000 2019-02-17 13:27:00 (cache: 80 images)
  SAVED /cluster/tufts/capstone25skyblue/scleme01/SatelliteTurbulencePrediction/model_inputs/2019_02/0000605.npz (125.4s total | fetch=100.3s project=2.3s smooth=17.3s | cache hits=0 misses=15)
[10/150] PIREP at (41.93, -89.98) FL34000 2019-02-17 13:34:00 (cache: 95 images)
  SAVED /cluster/tufts/capstone25skyblue/scleme01/SatelliteTurbulencePrediction/model_inputs/2019_02/0000673.npz (9.5s total | fetch=7.6s project=0.1s smooth=1.2s | cache hits=14 misses=1)
[11/150] PIREP at (40.55, -77.37) FL22000 2019-02-17 14:14:00 (cache: 96 images)
  SAVED /cluster/tufts/capstone25skyblue/scleme01/SatelliteTurbulencePrediction/model_inputs/2019_02/0000411.npz (2595.4s total | fetch=2581.2s project=1.2s smooth=9.2s | cache hits=7 misses=8)
[12/150] PIREP at (39.74, -88.86) FL32000 2019-02-17 14:33:00 (cache: 104 images)
  SAVED /cluster/tufts/capstone25skyblue/scleme01/SatelliteTurbulencePrediction/model_inputs/2019_02/0000426.npz (1582.7s total | fetch=1575.5s project=0.6s smooth=4.7s | cache hits=11 misses=4)
[13/150] PIREP at (41.32, -91.53) FL35000 2019-02-17 14:33:00 (cache: 108 images)
  SAVED /cluster/tufts/capstone25skyblue/scleme01/SatelliteTurbulencePrediction/model_inputs/2019_02/0000538.npz (0.2s total | fetch=0.0s project=0.0s smooth=0.0s | cache hits=15 misses=0)
[14/150] PIREP at (17.32, -66.44) FL33000 2019-02-17 15:09:00 (cache: 108 images)
  SAVED /cluster/tufts/capstone25skyblue/scleme01/SatelliteTurbulencePrediction/model_inputs/2019_02/0000234.npz (2696.8s total | fetch=2684.5s project=1.0s smooth=8.0s | cache hits=8 misses=7)
[15/150] PIREP at (40.43, -80.05) FL38000 2019-02-17 15:16:00 (cache: 115 images)
  SAVED /cluster/tufts/capstone25skyblue/scleme01/SatelliteTurbulencePrediction/model_inputs/2019_02/0000419.npz (724.0s total | fetch=720.4s project=0.3s smooth=2.3s | cache hits=13 misses=2)
[16/150] PIREP at (43.48, -100.06) FL40000 2019-02-17 15:55:00 (cache: 117 images)
  SAVED /cluster/tufts/capstone25skyblue/scleme01/SatelliteTurbulencePrediction/model_inputs/2019_02/0000570.npz (3074.0s total | fetch=3059.7s project=1.2s smooth=9.3s | cache hits=7 misses=8)
[17/150] PIREP at (39.09, -77.22) FL10000 2019-02-17 18:30:00 (cache: 125 images)
  SAVED /cluster/tufts/capstone25skyblue/scleme01/SatelliteTurbulencePrediction/model_inputs/2019_02/0000235.npz (6680.4s total | fetch=6654.0s project=2.3s smooth=17.3s | cache hits=0 misses=15)
[18/150] PIREP at (38.58, -76.88) FL27000 2019-02-17 19:01:00 (cache: 140 images)
  SAVED /cluster/tufts/capstone25skyblue/scleme01/SatelliteTurbulencePrediction/model_inputs/2019_02/0000555.npz (2681.9s total | fetch=2671.0s project=0.9s smooth=7.1s | cache hits=9 misses=6)
[19/150] PIREP at (57.86, -163.73) FL33000 2019-02-17 19:54:00 (cache: 146 images)
  SAVED /cluster/tufts/capstone25skyblue/scleme01/SatelliteTurbulencePrediction/model_inputs/2019_02/0000236.npz (5015.2s total | fetch=4997.4s project=1.5s smooth=11.7s | cache hits=5 misses=10)
[20/150] PIREP at (34.19, -118.06) FL18000 2019-02-17 20:23:00 (cache: 156 images)
  SAVED /cluster/tufts/capstone25skyblue/scleme01/SatelliteTurbulencePrediction/model_inputs/2019_02/0000734.npz (2637.2s total | fetch=2626.4s project=0.9s smooth=7.0s | cache hits=9 misses=6)
[21/150] PIREP at (43.23, -120.66) FL7000 2019-02-17 20:27:00 (cache: 162 images)
  SAVED /cluster/tufts/capstone25skyblue/scleme01/SatelliteTurbulencePrediction/model_inputs/2019_02/0000604.npz (496.5s total | fetch=494.6s project=0.2s smooth=1.2s | cache hits=14 misses=1)
[22/150] PIREP at (39.84, -89.68) FL35000 2019-02-17 20:58:00 (cache: 163 images)
  SAVED /cluster/tufts/capstone25skyblue/scleme01/SatelliteTurbulencePrediction/model_inputs/2019_02/0000735.npz (2804.5s total | fetch=2793.6s project=0.9s smooth=7.0s | cache hits=9 misses=6)
[23/150] PIREP at (45.50, -153.00) FL37000 2019-02-17 23:57:00 (cache: 169 images)
  SAVED /cluster/tufts/capstone25skyblue/scleme01/SatelliteTurbulencePrediction/model_inputs/2019_02/0000237.npz (632.3s total | fetch=607.2s project=2.3s smooth=17.2s | cache hits=0 misses=15)
[24/150] PIREP at (41.19, -76.37) FL22000 2019-02-18 00:33:00 (cache: 184 images)
  SAVED /cluster/tufts/capstone25skyblue/scleme01/SatelliteTurbulencePrediction/model_inputs/2019_02/0000238.npz (53.7s total | fetch=42.0s project=1.1s smooth=8.0s | cache hits=8 misses=7)
[25/150] PIREP at (40.45, -87.65) FL33000 2019-02-18 01:02:00 (cache: 191 images)
  SAVED /cluster/tufts/capstone25skyblue/scleme01/SatelliteTurbulencePrediction/model_inputs/2019_02/0000478.npz (51.2s total | fetch=41.1s project=0.9s smooth=6.9s | cache hits=9 misses=6)
[26/150] PIREP at (34.68, -118.58) FL13000 2019-02-18 01:09:00 (cache: 197 images)
  SAVED /cluster/tufts/capstone25skyblue/scleme01/SatelliteTurbulencePrediction/model_inputs/2019_02/0000239.npz (9.6s total | fetch=7.8s project=0.2s smooth=1.1s | cache hits=14 misses=1)
[27/150] PIREP at (33.33, -86.04) FL6000 2019-02-18 01:30:00 (cache: 198 images)
  SAVED /cluster/tufts/capstone25skyblue/scleme01/SatelliteTurbulencePrediction/model_inputs/2019_02/0000240.npz (47.1s total | fetch=38.6s project=0.7s smooth=5.8s | cache hits=10 misses=5)
[28/150] PIREP at (34.53, -119.23) FL24000 2019-02-18 01:39:00 (cache: 203 images)
  SAVED /cluster/tufts/capstone25skyblue/scleme01/SatelliteTurbulencePrediction/model_inputs/2019_02/0000241.npz (6.5s total | fetch=4.7s project=0.2s smooth=1.2s | cache hits=14 misses=1)
[29/150] PIREP at (33.97, -86.09) FL6000 2019-02-18 01:40:00 (cache: 204 images)
  SAVED /cluster/tufts/capstone25skyblue/scleme01/SatelliteTurbulencePrediction/model_inputs/2019_02/0000242.npz (5.6s total | fetch=3.8s project=0.1s smooth=1.2s | cache hits=14 misses=1)
[30/150] PIREP at (34.26, -100.86) FL33000 2019-02-18 02:31:00 (cache: 205 images)
  SAVED /cluster/tufts/capstone25skyblue/scleme01/SatelliteTurbulencePrediction/model_inputs/2019_02/0000644.npz (87.6s total | fetch=70.9s project=1.5s smooth=11.5s | cache hits=5 misses=10)
[31/150] PIREP at (29.68, -95.00) FL20000 2019-02-18 02:40:00 (cache: 215 images)
  SAVED /cluster/tufts/capstone25skyblue/scleme01/SatelliteTurbulencePrediction/model_inputs/2019_02/0000244.npz (22.2s total | fetch=18.7s project=0.3s smooth=2.3s | cache hits=13 misses=2)
[32/150] PIREP at (41.44, -74.15) FL20000 2019-02-18 02:40:00 (cache: 217 images)
  SAVED /cluster/tufts/capstone25skyblue/scleme01/SatelliteTurbulencePrediction/model_inputs/2019_02/0000243.npz (0.1s total | fetch=0.0s project=0.0s smooth=0.0s | cache hits=15 misses=0)
[33/150] PIREP at (32.89, -112.72) FL12000 2019-02-18 03:11:00 (cache: 217 images)
  SAVED /cluster/tufts/capstone25skyblue/scleme01/SatelliteTurbulencePrediction/model_inputs/2019_02/0000525.npz (56.2s total | fetch=46.0s project=0.9s smooth=6.9s | cache hits=9 misses=6)
[34/150] PIREP at (39.04, -84.67) FL28000 2019-02-18 03:32:00 (cache: 223 images)
  SAVED /cluster/tufts/capstone25skyblue/scleme01/SatelliteTurbulencePrediction/model_inputs/2019_02/0000571.npz (36.8s total | fetch=30.0s project=0.6s smooth=4.6s | cache hits=11 misses=4)
[35/150] PIREP at (41.93, -74.11) FL22000 2019-02-18 04:37:00 (cache: 227 images)
  SAVED /cluster/tufts/capstone25skyblue/scleme01/SatelliteTurbulencePrediction/model_inputs/2019_02/0000245.npz (116.5s total | fetch=94.6s project=2.0s smooth=15.0s | cache hits=2 misses=13)
[36/150] PIREP at (35.39, -80.95) FL4000 2019-02-18 05:15:00 (cache: 240 images)
  SAVED /cluster/tufts/capstone25skyblue/scleme01/SatelliteTurbulencePrediction/model_inputs/2019_02/0000246.npz (82.6s total | fetch=69.1s project=1.2s smooth=9.2s | cache hits=7 misses=8)
[37/150] PIREP at (35.22, -80.95) FL2000 2019-02-18 05:18:00 (cache: 248 images)
  SAVED /cluster/tufts/capstone25skyblue/scleme01/SatelliteTurbulencePrediction/model_inputs/2019_02/0000247.npz (0.2s total | fetch=0.0s project=0.0s smooth=0.0s | cache hits=15 misses=0)
[38/150] PIREP at (55.65, -139.90) FL36000 2019-02-18 07:22:00 (cache: 248 images)
  SAVED /cluster/tufts/capstone25skyblue/scleme01/SatelliteTurbulencePrediction/model_inputs/2019_02/0000630.npz (147.6s total | fetch=122.6s project=2.3s smooth=17.2s | cache hits=0 misses=15)
[39/150] PIREP at (41.23, -57.10) FL38000 2019-02-18 10:53:00 (cache: 263 images)
  SAVED /cluster/tufts/capstone25skyblue/scleme01/SatelliteTurbulencePrediction/model_inputs/2019_02/0000248.npz (136.7s total | fetch=111.7s project=2.3s smooth=17.2s | cache hits=0 misses=15)
[40/150] PIREP at (37.93, -90.39) FL36000 2019-02-18 13:50:00 (cache: 278 images)
  SAVED /cluster/tufts/capstone25skyblue/scleme01/SatelliteTurbulencePrediction/model_inputs/2019_02/0000677.npz (1538.9s total | fetch=1512.7s project=2.4s smooth=17.8s | cache hits=0 misses=15)
[41/150] PIREP at (33.62, -90.87) FL39000 2019-02-18 14:32:00 (cache: 293 images)
  SAVED /cluster/tufts/capstone25skyblue/scleme01/SatelliteTurbulencePrediction/model_inputs/2019_02/0000558.npz (4508.4s total | fetch=4494.2s project=1.2s smooth=9.2s | cache hits=7 misses=8)
[42/150] PIREP at (41.24, -70.10) FL400 2019-02-18 14:35:00 (cache: 301 images)
  SAVED /cluster/tufts/capstone25skyblue/scleme01/SatelliteTurbulencePrediction/model_inputs/2019_02/0000720.npz (639.8s total | fetch=637.8s project=0.2s smooth=1.2s | cache hits=14 misses=1)
[43/150] PIREP at (42.00, -53.00) FL39000 2019-02-18 14:58:00 (cache: 302 images)
  SAVED /cluster/tufts/capstone25skyblue/scleme01/SatelliteTurbulencePrediction/model_inputs/2019_02/0000249.npz (2345.3s total | fetch=2338.2s project=0.6s smooth=4.6s | cache hits=11 misses=4)
[44/150] PIREP at (40.00, -50.00) FL38000 2019-02-18 15:08:00 (cache: 306 images)
  SAVED /cluster/tufts/capstone25skyblue/scleme01/SatelliteTurbulencePrediction/model_inputs/2019_02/0000250.npz (1103.1s total | fetch=1099.4s project=0.3s smooth=2.3s | cache hits=13 misses=2)
[45/150] PIREP at (35.61, -97.61) FL35000 2019-02-18 15:08:00 (cache: 308 images)
  SAVED /cluster/tufts/capstone25skyblue/scleme01/SatelliteTurbulencePrediction/model_inputs/2019_02/0000738.npz (0.2s total | fetch=0.0s project=0.0s smooth=0.0s | cache hits=15 misses=0)
[46/150] PIREP at (27.49, -82.02) FL8000 2019-02-18 17:52:00 (cache: 308 images)
  SAVED /cluster/tufts/capstone25skyblue/scleme01/SatelliteTurbulencePrediction/model_inputs/2019_02/0000251.npz (10040.6s total | fetch=10014.0s project=2.4s smooth=17.2s | cache hits=0 misses=15)
[47/150] PIREP at (30.14, -82.96) FL8000 2019-02-18 18:02:00 (cache: 323 images)
