Resetting environment
Deactivating conda environment (if any)
Purging all modules
Done! Environment has been torn down
Loading cuda and miniforge...
Activating conda environment...
Redirecting into the satellite repo...
Done! Environment has now been set up
Processing 2017/04 chunk [330:440]
Fetching satellite data for PIREPs in /cluster/tufts/capstone25skyblue/scleme01/SatelliteTurbulencePrediction/pireps/2017/04_turb_pireps.csv
Processing chunk [330:440] (110 PIREPs) from /cluster/tufts/capstone25skyblue/scleme01/SatelliteTurbulencePrediction/pireps/2017/04_turb_pireps.csv
[1/110] PIREP at (40.08, -74.95) FL1500 2017-04-25 00:38:00 (cache: 0 images)
  SAVED /cluster/tufts/capstone25skyblue/scleme01/SatelliteTurbulencePrediction/model_inputs/2017_04/0000142.npz (13003.1s total | fetch=12975.4s project=2.0s smooth=19.9s | cache hits=0 misses=15)
[2/110] PIREP at (39.96, -112.09) FL15000 2017-04-25 01:00:00 (cache: 15 images)
  SAVED /cluster/tufts/capstone25skyblue/scleme01/SatelliteTurbulencePrediction/model_inputs/2017_04/0000143.npz (5026.0s total | fetch=5016.5s project=0.7s smooth=6.7s | cache hits=10 misses=5)
[3/110] PIREP at (41.31, -75.79) FL2000 2017-04-25 11:22:00 (cache: 20 images)
  SAVED /cluster/tufts/capstone25skyblue/scleme01/SatelliteTurbulencePrediction/model_inputs/2017_04/0000144.npz (3891.3s total | fetch=3863.6s project=2.0s smooth=19.9s | cache hits=0 misses=15)
[4/110] PIREP at (41.31, -75.75) FL2000 2017-04-25 11:44:00 (cache: 35 images)
  SAVED /cluster/tufts/capstone25skyblue/scleme01/SatelliteTurbulencePrediction/model_inputs/2017_04/0000145.npz (4033.4s total | fetch=4025.9s project=0.6s smooth=5.3s | cache hits=11 misses=4)
[5/110] PIREP at (33.16, -95.72) FL2500 2017-04-25 11:56:00 (cache: 39 images)
  SAVED /cluster/tufts/capstone25skyblue/scleme01/SatelliteTurbulencePrediction/model_inputs/2017_04/0000427.npz (2970.1s total | fetch=2964.4s project=0.4s smooth=3.9s | cache hits=12 misses=3)
[6/110] PIREP at (31.57, -93.44) FL34000 2017-04-25 11:59:00 (cache: 42 images)
  SAVED /cluster/tufts/capstone25skyblue/scleme01/SatelliteTurbulencePrediction/model_inputs/2017_04/0000392.npz (0.3s total | fetch=0.0s project=0.0s smooth=0.0s | cache hits=15 misses=0)
[7/110] PIREP at (35.13, -118.44) FL11500 2017-04-25 13:50:00 (cache: 42 images)
  SAVED /cluster/tufts/capstone25skyblue/scleme01/SatelliteTurbulencePrediction/model_inputs/2017_04/0000360.npz (17130.6s total | fetch=17102.8s project=2.0s smooth=19.8s | cache hits=0 misses=15)
[8/110] PIREP at (34.02, -80.07) FL8000 2017-04-25 14:13:00 (cache: 57 images)
  SAVED /cluster/tufts/capstone25skyblue/scleme01/SatelliteTurbulencePrediction/model_inputs/2017_04/0000394.npz (4607.7s total | fetch=4600.1s project=0.5s smooth=5.3s | cache hits=11 misses=4)
[9/110] PIREP at (41.77, -86.32) FL35000 2017-04-25 17:53:00 (cache: 61 images)
  SAVED /cluster/tufts/capstone25skyblue/scleme01/SatelliteTurbulencePrediction/model_inputs/2017_04/0000357.npz (18377.0s total | fetch=18349.2s project=2.0s smooth=19.9s | cache hits=0 misses=15)
[10/110] PIREP at (58.10, -63.76) FL36000 2017-04-25 19:12:00 (cache: 76 images)
  SAVED /cluster/tufts/capstone25skyblue/scleme01/SatelliteTurbulencePrediction/model_inputs/2017_04/0000146.npz (16666.5s total | fetch=16638.7s project=2.0s smooth=20.0s | cache hits=0 misses=15)
[11/110] PIREP at (20.26, -155.85) FL9000 2017-04-25 19:55:00 (cache: 91 images)
