Resetting environment
Deactivating conda environment (if any)
Purging all modules
Done! Environment has been torn down
Loading cuda and miniforge...
Activating conda environment...
Redirecting into the satellite repo...
Done! Environment has now been set up
Processing 2017/11 chunk [300:450]
Fetching satellite data for PIREPs in /cluster/tufts/capstone25skyblue/scleme01/SatelliteTurbulencePrediction/pireps/2017/11_turb_pireps.csv
Processing chunk [300:450] (70 PIREPs) from /cluster/tufts/capstone25skyblue/scleme01/SatelliteTurbulencePrediction/pireps/2017/11_turb_pireps.csv
[1/70] PIREP at (39.83, -104.66) FL11000 2017-11-25 19:50:00 (cache: 0 images)
  SAVED /cluster/tufts/capstone25skyblue/scleme01/SatelliteTurbulencePrediction/model_inputs/2017_11/0000152.npz (5086.3s total | fetch=5061.8s project=2.2s smooth=16.2s | cache hits=0 misses=15)
[2/70] PIREP at (34.46, -100.26) FL11500 2017-11-25 20:29:00 (cache: 15 images)
  SAVED /cluster/tufts/capstone25skyblue/scleme01/SatelliteTurbulencePrediction/model_inputs/2017_11/0000268.npz (2856.8s total | fetch=2845.0s project=1.1s smooth=7.8s | cache hits=8 misses=7)
[3/70] PIREP at (35.20, -109.63) FL10500 2017-11-25 21:28:00 (cache: 22 images)
  SAVED /cluster/tufts/capstone25skyblue/scleme01/SatelliteTurbulencePrediction/model_inputs/2017_11/0000250.npz (4438.1s total | fetch=4418.0s project=1.9s smooth=13.3s | cache hits=3 misses=12)
[4/70] PIREP at (41.04, -99.03) FL28000 2017-11-25 23:45:00 (cache: 34 images)
  SAVED /cluster/tufts/capstone25skyblue/scleme01/SatelliteTurbulencePrediction/model_inputs/2017_11/0000328.npz (165.5s total | fetch=142.0s project=2.3s smooth=16.4s | cache hits=0 misses=15)
[5/70] PIREP at (48.08, -100.66) FL38000 2017-11-26 01:45:00 (cache: 49 images)
  SAVED /cluster/tufts/capstone25skyblue/scleme01/SatelliteTurbulencePrediction/model_inputs/2017_11/0000317.npz (112.8s total | fetch=89.4s project=2.3s smooth=16.4s | cache hits=0 misses=15)
[6/70] PIREP at (45.58, -65.00) FL36000 2017-11-26 04:30:00 (cache: 64 images)
  SAVED /cluster/tufts/capstone25skyblue/scleme01/SatelliteTurbulencePrediction/model_inputs/2017_11/0000153.npz (103.9s total | fetch=80.4s project=2.3s smooth=16.4s | cache hits=0 misses=15)
[7/70] PIREP at (50.88, -53.93) FL37000 2017-11-26 05:28:00 (cache: 79 images)
  SAVED /cluster/tufts/capstone25skyblue/scleme01/SatelliteTurbulencePrediction/model_inputs/2017_11/0000154.npz (76.8s total | fetch=59.6s project=1.7s smooth=12.0s | cache hits=4 misses=11)
[8/70] PIREP at (43.38, -89.02) FL4600 2017-11-26 13:17:00 (cache: 90 images)
  SAVED /cluster/tufts/capstone25skyblue/scleme01/SatelliteTurbulencePrediction/model_inputs/2017_11/0000318.npz (2148.6s total | fetch=2124.6s project=2.3s smooth=16.4s | cache hits=0 misses=15)
[9/70] PIREP at (36.20, -95.89) FL39000 2017-11-26 13:37:00 (cache: 105 images)
  SAVED /cluster/tufts/capstone25skyblue/scleme01/SatelliteTurbulencePrediction/model_inputs/2017_11/0000301.npz (1566.8s total | fetch=1560.0s project=0.6s smooth=4.4s | cache hits=11 misses=4)
[10/70] PIREP at (42.16, -72.72) FL1000 2017-11-26 14:54:00 (cache: 109 images)
  SAVED /cluster/tufts/capstone25skyblue/scleme01/SatelliteTurbulencePrediction/model_inputs/2017_11/0000155.npz (5860.3s total | fetch=5835.2s project=2.3s smooth=16.6s | cache hits=0 misses=15)
[11/70] PIREP at (39.43, -89.64) FL32000 2017-11-26 16:25:00 (cache: 124 images)
  SAVED /cluster/tufts/capstone25skyblue/scleme01/SatelliteTurbulencePrediction/model_inputs/2017_11/0000331.npz (6997.8s total | fetch=6972.6s project=2.4s smooth=16.6s | cache hits=0 misses=15)
[12/70] PIREP at (39.20, -119.58) FL8000 2017-11-26 16:30:00 (cache: 139 images)
  SAVED /cluster/tufts/capstone25skyblue/scleme01/SatelliteTurbulencePrediction/model_inputs/2017_11/0000156.npz (438.9s total | fetch=437.0s project=0.2s smooth=1.2s | cache hits=14 misses=1)
[13/70] PIREP at (39.00, -119.75) FL10000 2017-11-26 16:36:00 (cache: 140 images)
  SAVED /cluster/tufts/capstone25skyblue/scleme01/SatelliteTurbulencePrediction/model_inputs/2017_11/0000157.npz (472.6s total | fetch=470.8s project=0.2s smooth=1.1s | cache hits=14 misses=1)
[14/70] PIREP at (50.85, -114.37) FL6000 2017-11-26 17:07:00 (cache: 141 images)
  SAVED /cluster/tufts/capstone25skyblue/scleme01/SatelliteTurbulencePrediction/model_inputs/2017_11/0000158.npz (2910.9s total | fetch=2901.0s project=0.9s smooth=6.7s | cache hits=9 misses=6)
[15/70] PIREP at (39.83, -105.09) FL9000 2017-11-26 17:50:00 (cache: 147 images)
  SAVED /cluster/tufts/capstone25skyblue/scleme01/SatelliteTurbulencePrediction/model_inputs/2017_11/0000159.npz (4239.2s total | fetch=4224.1s project=1.4s smooth=9.9s | cache hits=6 misses=9)
[16/70] PIREP at (36.58, -118.04) FL7500 2017-11-26 22:30:00 (cache: 156 images)
  SAVED /cluster/tufts/capstone25skyblue/scleme01/SatelliteTurbulencePrediction/model_inputs/2017_11/0000160.npz (6870.1s total | fetch=6845.3s project=2.3s smooth=16.4s | cache hits=0 misses=15)
[17/70] PIREP at (36.51, -121.85) FL20000 2017-11-27 00:13:00 (cache: 171 images)
  SAVED /cluster/tufts/capstone25skyblue/scleme01/SatelliteTurbulencePrediction/model_inputs/2017_11/0000235.npz (149.8s total | fetch=126.4s project=2.3s smooth=16.4s | cache hits=0 misses=15)
[18/70] PIREP at (58.60, -165.83) FL40000 2017-11-27 01:29:00 (cache: 186 images)
  SAVED /cluster/tufts/capstone25skyblue/scleme01/SatelliteTurbulencePrediction/model_inputs/2017_11/0000357.npz (124.3s total | fetch=101.2s project=2.3s smooth=16.2s | cache hits=0 misses=15)
[19/70] PIREP at (52.18, -113.89) FL6500 2017-11-27 03:10:00 (cache: 201 images)
  SAVED /cluster/tufts/capstone25skyblue/scleme01/SatelliteTurbulencePrediction/model_inputs/2017_11/0000161.npz (129.0s total | fetch=105.7s project=2.3s smooth=16.4s | cache hits=0 misses=15)
[20/70] PIREP at (31.66, -84.29) FL36000 2017-11-27 12:29:00 (cache: 216 images)
  SAVED /cluster/tufts/capstone25skyblue/scleme01/SatelliteTurbulencePrediction/model_inputs/2017_11/0000319.npz (105.6s total | fetch=82.3s project=2.3s smooth=16.3s | cache hits=0 misses=15)
[21/70] PIREP at (52.73, -175.66) FL35000 2017-11-27 13:37:00 (cache: 231 images)
  SAVED /cluster/tufts/capstone25skyblue/scleme01/SatelliteTurbulencePrediction/model_inputs/2017_11/0000162.npz (5820.5s total | fetch=5797.6s project=2.2s smooth=15.3s | cache hits=1 misses=14)
[22/70] PIREP at (35.62, -86.44) FL39000 2017-11-27 14:16:00 (cache: 245 images)
  SAVED /cluster/tufts/capstone25skyblue/scleme01/SatelliteTurbulencePrediction/model_inputs/2017_11/0000269.npz (5025.6s total | fetch=5012.1s project=1.3s smooth=8.8s | cache hits=7 misses=8)
[23/70] PIREP at (40.85, -111.98) FL7000 2017-11-27 14:43:00 (cache: 253 images)
  SAVED /cluster/tufts/capstone25skyblue/scleme01/SatelliteTurbulencePrediction/model_inputs/2017_11/0000163.npz (3291.2s total | fetch=3282.8s project=0.8s smooth=5.4s | cache hits=10 misses=5)
[24/70] PIREP at (39.83, -84.05) FL36000 2017-11-27 15:09:00 (cache: 258 images)
  SAVED /cluster/tufts/capstone25skyblue/scleme01/SatelliteTurbulencePrediction/model_inputs/2017_11/0000201.npz (3610.6s total | fetch=3602.2s project=0.8s smooth=5.4s | cache hits=10 misses=5)
[25/70] PIREP at (41.79, -112.01) FL21000 2017-11-27 15:37:00 (cache: 263 images)
