Resetting environment
Deactivating conda environment (if any)
Purging all modules
Done! Environment has been torn down
Loading cuda and miniforge...
Activating conda environment...
Redirecting into the satellite repo...
Done! Environment has now been set up
Processing 2018/06 chunk [0:110]
Fetching satellite data for PIREPs in /cluster/tufts/capstone25skyblue/scleme01/SatelliteTurbulencePrediction/pireps/2018/06_turb_pireps.csv
Processing chunk [0:110] (110 PIREPs) from /cluster/tufts/capstone25skyblue/scleme01/SatelliteTurbulencePrediction/pireps/2018/06_turb_pireps.csv
[1/110] SKIPPING /cluster/tufts/capstone25skyblue/scleme01/SatelliteTurbulencePrediction/model_inputs/2018_06/0000000.npz (already exists)
[2/110] PIREP at (60.77, -147.42) FL5500 2018-06-01 01:02:00 (cache: 0 images)
  SAVED /cluster/tufts/capstone25skyblue/scleme01/SatelliteTurbulencePrediction/model_inputs/2018_06/0000235.npz (13191.7s total | fetch=13160.9s project=2.1s smooth=21.6s | cache hits=0 misses=15)
[3/110] SKIPPING /cluster/tufts/capstone25skyblue/scleme01/SatelliteTurbulencePrediction/model_inputs/2018_06/0000001.npz (already exists)
[4/110] SKIPPING /cluster/tufts/capstone25skyblue/scleme01/SatelliteTurbulencePrediction/model_inputs/2018_06/0000002.npz (already exists)
[5/110] SKIPPING /cluster/tufts/capstone25skyblue/scleme01/SatelliteTurbulencePrediction/model_inputs/2018_06/0000003.npz (already exists)
[6/110] SKIPPING /cluster/tufts/capstone25skyblue/scleme01/SatelliteTurbulencePrediction/model_inputs/2018_06/0000004.npz (already exists)
[7/110] SKIPPING /cluster/tufts/capstone25skyblue/scleme01/SatelliteTurbulencePrediction/model_inputs/2018_06/0000005.npz (already exists)
[8/110] SKIPPING /cluster/tufts/capstone25skyblue/scleme01/SatelliteTurbulencePrediction/model_inputs/2018_06/0000006.npz (already exists)
[9/110] PIREP at (42.88, -92.32) FL32000 2018-06-01 13:36:00 (cache: 15 images)
  SAVED /cluster/tufts/capstone25skyblue/scleme01/SatelliteTurbulencePrediction/model_inputs/2018_06/0000294.npz (17407.7s total | fetch=17376.6s project=2.1s smooth=21.6s | cache hits=0 misses=15)
[10/110] SKIPPING /cluster/tufts/capstone25skyblue/scleme01/SatelliteTurbulencePrediction/model_inputs/2018_06/0000007.npz (already exists)
[11/110] PIREP at (48.48, -117.73) FL7000 2018-06-01 16:59:00 (cache: 30 images)
  SAVED /cluster/tufts/capstone25skyblue/scleme01/SatelliteTurbulencePrediction/model_inputs/2018_06/0000290.npz (18326.5s total | fetch=18296.3s project=2.0s smooth=21.1s | cache hits=0 misses=15)
[12/110] PIREP at (42.62, -89.04) FL35000 2018-06-01 17:21:00 (cache: 45 images)
  SAVED /cluster/tufts/capstone25skyblue/scleme01/SatelliteTurbulencePrediction/model_inputs/2018_06/0000338.npz (5994.7s total | fetch=5984.4s project=0.7s smooth=7.1s | cache hits=10 misses=5)
[13/110] PIREP at (57.66, -153.17) FL3000 2018-06-01 17:22:00 (cache: 50 images)
  SAVED /cluster/tufts/capstone25skyblue/scleme01/SatelliteTurbulencePrediction/model_inputs/2018_06/0000255.npz (0.1s total | fetch=0.0s project=0.0s smooth=0.0s | cache hits=15 misses=0)
[14/110] PIREP at (34.50, -102.84) FL29000 2018-06-01 21:50:00 (cache: 50 images)
  SAVED /cluster/tufts/capstone25skyblue/scleme01/SatelliteTurbulencePrediction/model_inputs/2018_06/0000210.npz (18407.5s total | fetch=18377.1s project=2.0s smooth=21.1s | cache hits=0 misses=15)
[15/110] SKIPPING /cluster/tufts/capstone25skyblue/scleme01/SatelliteTurbulencePrediction/model_inputs/2018_06/0000008.npz (already exists)
[16/110] SKIPPING /cluster/tufts/capstone25skyblue/scleme01/SatelliteTurbulencePrediction/model_inputs/2018_06/0000009.npz (already exists)
[17/110] SKIPPING /cluster/tufts/capstone25skyblue/scleme01/SatelliteTurbulencePrediction/model_inputs/2018_06/0000010.npz (already exists)
[18/110] PIREP at (31.97, -92.68) FL39000 2018-06-02 14:35:00 (cache: 65 images)
  SAVED /cluster/tufts/capstone25skyblue/scleme01/SatelliteTurbulencePrediction/model_inputs/2018_06/0000365.npz (15025.4s total | fetch=14994.4s project=2.1s smooth=21.6s | cache hits=0 misses=15)
[19/110] SKIPPING /cluster/tufts/capstone25skyblue/scleme01/SatelliteTurbulencePrediction/model_inputs/2018_06/0000011.npz (already exists)
[20/110] PIREP at (34.36, -113.62) FL34000 2018-06-02 15:44:00 (cache: 80 images)
