Resetting environment
Deactivating conda environment (if any)
Purging all modules
Done! Environment has been torn down
Loading cuda and miniforge...
Activating conda environment...
Redirecting into the satellite repo...
Done! Environment has now been set up
Processing 2017/09 chunk [220:330]
Fetching satellite data for PIREPs in /cluster/tufts/capstone25skyblue/scleme01/SatelliteTurbulencePrediction/pireps/2017/09_turb_pireps.csv
Processing chunk [220:330] (54 PIREPs) from /cluster/tufts/capstone25skyblue/scleme01/SatelliteTurbulencePrediction/pireps/2017/09_turb_pireps.csv
[1/54] PIREP at (35.78, -99.44) FL35000 2017-09-25 14:25:00 (cache: 0 images)
  SAVED /cluster/tufts/capstone25skyblue/scleme01/SatelliteTurbulencePrediction/model_inputs/2017_09/0000111.npz (13819.5s total | fetch=13790.9s project=2.1s smooth=20.4s | cache hits=0 misses=15)
[2/54] PIREP at (35.87, -81.24) FL34000 2017-09-25 14:52:00 (cache: 15 images)
  SAVED /cluster/tufts/capstone25skyblue/scleme01/SatelliteTurbulencePrediction/model_inputs/2017_09/0000151.npz (5921.6s total | fetch=5911.9s project=0.7s smooth=6.8s | cache hits=10 misses=5)
[3/54] PIREP at (64.68, -149.59) FL10000 2017-09-25 16:44:00 (cache: 20 images)
  SAVED /cluster/tufts/capstone25skyblue/scleme01/SatelliteTurbulencePrediction/model_inputs/2017_09/0000154.npz (18960.8s total | fetch=18932.4s project=2.1s smooth=20.4s | cache hits=0 misses=15)
[4/54] PIREP at (33.63, -117.82) FL5000 2017-09-25 16:44:00 (cache: 35 images)
  SAVED /cluster/tufts/capstone25skyblue/scleme01/SatelliteTurbulencePrediction/model_inputs/2017_09/0000270.npz (0.2s total | fetch=0.0s project=0.0s smooth=0.0s | cache hits=15 misses=0)
[5/54] PIREP at (34.06, -117.60) FL4500 2017-09-25 17:27:00 (cache: 35 images)
  SAVED /cluster/tufts/capstone25skyblue/scleme01/SatelliteTurbulencePrediction/model_inputs/2017_09/0000112.npz (11629.6s total | fetch=11612.3s project=1.3s smooth=12.2s | cache hits=6 misses=9)
[6/54] PIREP at (59.95, -153.57) FL7500 2017-09-25 19:55:00 (cache: 44 images)
  SAVED /cluster/tufts/capstone25skyblue/scleme01/SatelliteTurbulencePrediction/model_inputs/2017_09/0000261.npz (19525.1s total | fetch=19496.3s project=2.2s smooth=20.5s | cache hits=0 misses=15)
[7/54] PIREP at (33.88, -117.83) FL7500 2017-09-25 20:35:00 (cache: 59 images)
  SAVED /cluster/tufts/capstone25skyblue/scleme01/SatelliteTurbulencePrediction/model_inputs/2017_09/0000144.npz (9273.1s total | fetch=9257.6s project=1.2s smooth=10.9s | cache hits=7 misses=8)
[8/54] PIREP at (41.28, -93.07) FL4000 2017-09-25 22:30:00 (cache: 67 images)
