Resetting environment
Deactivating conda environment (if any)
Purging all modules
Done! Environment has been torn down
Loading cuda and miniforge...
Activating conda environment...
Redirecting into the satellite repo...
Done! Environment has now been set up
Processing 2019/12 chunk [0:110]
Fetching satellite data for PIREPs in /cluster/tufts/capstone25skyblue/scleme01/SatelliteTurbulencePrediction/pireps/2019/12_turb_pireps.csv
Processing chunk [0:110] (110 PIREPs) from /cluster/tufts/capstone25skyblue/scleme01/SatelliteTurbulencePrediction/pireps/2019/12_turb_pireps.csv
[1/110] PIREP at (40.29, -84.04) FL30000 2019-12-01 00:15:00 (cache: 0 images)
  SAVED /cluster/tufts/capstone25skyblue/scleme01/SatelliteTurbulencePrediction/model_inputs/2019_12/0000466.npz (169.7s total | fetch=142.0s project=1.8s smooth=19.3s | cache hits=0 misses=15)
[2/110] SKIPPING /cluster/tufts/capstone25skyblue/scleme01/SatelliteTurbulencePrediction/model_inputs/2019_12/0000000.npz (already exists)
[3/110] SKIPPING /cluster/tufts/capstone25skyblue/scleme01/SatelliteTurbulencePrediction/model_inputs/2019_12/0000001.npz (already exists)
[4/110] SKIPPING /cluster/tufts/capstone25skyblue/scleme01/SatelliteTurbulencePrediction/model_inputs/2019_12/0000002.npz (already exists)
[5/110] PIREP at (34.75, -106.00) FL32000 2019-12-01 02:46:00 (cache: 15 images)
  SAVED /cluster/tufts/capstone25skyblue/scleme01/SatelliteTurbulencePrediction/model_inputs/2019_12/0000586.npz (195.4s total | fetch=167.7s project=1.8s smooth=19.3s | cache hits=0 misses=15)
[6/110] SKIPPING /cluster/tufts/capstone25skyblue/scleme01/SatelliteTurbulencePrediction/model_inputs/2019_12/0000003.npz (already exists)
[7/110] SKIPPING /cluster/tufts/capstone25skyblue/scleme01/SatelliteTurbulencePrediction/model_inputs/2019_12/0000004.npz (already exists)
[8/110] SKIPPING /cluster/tufts/capstone25skyblue/scleme01/SatelliteTurbulencePrediction/model_inputs/2019_12/0000005.npz (already exists)
[9/110] SKIPPING /cluster/tufts/capstone25skyblue/scleme01/SatelliteTurbulencePrediction/model_inputs/2019_12/0000006.npz (already exists)
[10/110] SKIPPING /cluster/tufts/capstone25skyblue/scleme01/SatelliteTurbulencePrediction/model_inputs/2019_12/0000007.npz (already exists)
[11/110] SKIPPING /cluster/tufts/capstone25skyblue/scleme01/SatelliteTurbulencePrediction/model_inputs/2019_12/0000008.npz (already exists)
[12/110] SKIPPING /cluster/tufts/capstone25skyblue/scleme01/SatelliteTurbulencePrediction/model_inputs/2019_12/0000009.npz (already exists)
[13/110] SKIPPING /cluster/tufts/capstone25skyblue/scleme01/SatelliteTurbulencePrediction/model_inputs/2019_12/0000010.npz (already exists)
[14/110] SKIPPING /cluster/tufts/capstone25skyblue/scleme01/SatelliteTurbulencePrediction/model_inputs/2019_12/0000011.npz (already exists)
[15/110] PIREP at (38.65, -84.31) FL32000 2019-12-01 11:51:00 (cache: 30 images)
  SAVED /cluster/tufts/capstone25skyblue/scleme01/SatelliteTurbulencePrediction/model_inputs/2019_12/0000377.npz (186.7s total | fetch=159.1s project=1.8s smooth=19.2s | cache hits=0 misses=15)
[16/110] PIREP at (34.76, -85.82) FL21000 2019-12-01 11:53:00 (cache: 45 images)
  SAVED /cluster/tufts/capstone25skyblue/scleme01/SatelliteTurbulencePrediction/model_inputs/2019_12/0000425.npz (0.2s total | fetch=0.0s project=0.0s smooth=0.0s | cache hits=15 misses=0)
[17/110] PIREP at (42.97, -95.93) FL38000 2019-12-01 12:04:00 (cache: 45 images)
  SAVED /cluster/tufts/capstone25skyblue/scleme01/SatelliteTurbulencePrediction/model_inputs/2019_12/0000578.npz (30.7s total | fetch=26.8s project=0.2s smooth=2.6s | cache hits=13 misses=2)
[18/110] SKIPPING /cluster/tufts/capstone25skyblue/scleme01/SatelliteTurbulencePrediction/model_inputs/2019_12/0000012.npz (already exists)
[19/110] PIREP at (32.69, -82.47) FL35000 2019-12-01 12:50:00 (cache: 47 images)
  SAVED /cluster/tufts/capstone25skyblue/scleme01/SatelliteTurbulencePrediction/model_inputs/2019_12/0000523.npz (146.4s total | fetch=127.9s project=1.2s smooth=12.8s | cache hits=5 misses=10)
[20/110] SKIPPING /cluster/tufts/capstone25skyblue/scleme01/SatelliteTurbulencePrediction/model_inputs/2019_12/0000013.npz (already exists)
[21/110] SKIPPING /cluster/tufts/capstone25skyblue/scleme01/SatelliteTurbulencePrediction/model_inputs/2019_12/0000014.npz (already exists)
[22/110] SKIPPING /cluster/tufts/capstone25skyblue/scleme01/SatelliteTurbulencePrediction/model_inputs/2019_12/0000015.npz (already exists)
[23/110] SKIPPING /cluster/tufts/capstone25skyblue/scleme01/SatelliteTurbulencePrediction/model_inputs/2019_12/0000016.npz (already exists)
[24/110] PIREP at (39.53, -82.98) FL34000 2019-12-01 14:21:00 (cache: 57 images)
  SAVED /cluster/tufts/capstone25skyblue/scleme01/SatelliteTurbulencePrediction/model_inputs/2019_12/0000424.npz (12299.8s total | fetch=12272.2s project=1.8s smooth=19.2s | cache hits=0 misses=15)
[25/110] PIREP at (31.32, -85.45) FL17000 2019-12-01 14:23:00 (cache: 72 images)
  SAVED /cluster/tufts/capstone25skyblue/scleme01/SatelliteTurbulencePrediction/model_inputs/2019_12/0000452.npz (0.2s total | fetch=0.0s project=0.0s smooth=0.0s | cache hits=15 misses=0)
[26/110] PIREP at (45.54, -94.05) FL16000 2019-12-01 15:22:00 (cache: 72 images)
  SAVED /cluster/tufts/capstone25skyblue/scleme01/SatelliteTurbulencePrediction/model_inputs/2019_12/0000474.npz (12125.1s total | fetch=12103.1s project=1.4s smooth=15.4s | cache hits=3 misses=12)
[27/110] PIREP at (36.12, -115.67) FL18000 2019-12-01 15:30:00 (cache: 84 images)
  SAVED /cluster/tufts/capstone25skyblue/scleme01/SatelliteTurbulencePrediction/model_inputs/2019_12/0000487.npz (2166.9s total | fetch=2163.1s project=0.2s smooth=2.6s | cache hits=13 misses=2)
[28/110] PIREP at (36.65, -77.00) FL30000 2019-12-01 15:39:00 (cache: 86 images)
  SAVED /cluster/tufts/capstone25skyblue/scleme01/SatelliteTurbulencePrediction/model_inputs/2019_12/0000492.npz (1211.8s total | fetch=1209.8s project=0.1s smooth=1.3s | cache hits=14 misses=1)
[29/110] PIREP at (57.70, -134.97) FL16000 2019-12-01 16:40:00 (cache: 87 images)
  SAVED /cluster/tufts/capstone25skyblue/scleme01/SatelliteTurbulencePrediction/model_inputs/2019_12/0000508.npz (15240.4s total | fetch=15216.6s project=1.6s smooth=16.6s | cache hits=2 misses=13)
[30/110] SKIPPING /cluster/tufts/capstone25skyblue/scleme01/SatelliteTurbulencePrediction/model_inputs/2019_12/0000017.npz (already exists)
[31/110] SKIPPING /cluster/tufts/capstone25skyblue/scleme01/SatelliteTurbulencePrediction/model_inputs/2019_12/0000018.npz (already exists)
[32/110] PIREP at (43.66, -95.58) FL45000 2019-12-01 17:44:00 (cache: 100 images)
  SAVED /cluster/tufts/capstone25skyblue/scleme01/SatelliteTurbulencePrediction/model_inputs/2019_12/0000595.npz (13321.6s total | fetch=13299.6s project=1.4s smooth=15.3s | cache hits=3 misses=12)
[33/110] PIREP at (37.30, -85.61) FL32000 2019-12-01 18:08:00 (cache: 112 images)
  SAVED /cluster/tufts/capstone25skyblue/scleme01/SatelliteTurbulencePrediction/model_inputs/2019_12/0000346.npz (5716.0s total | fetch=5706.7s project=0.6s smooth=6.4s | cache hits=10 misses=5)
[34/110] SKIPPING /cluster/tufts/capstone25skyblue/scleme01/SatelliteTurbulencePrediction/model_inputs/2019_12/0000019.npz (already exists)
[35/110] SKIPPING /cluster/tufts/capstone25skyblue/scleme01/SatelliteTurbulencePrediction/model_inputs/2019_12/0000020.npz (already exists)
[36/110] SKIPPING /cluster/tufts/capstone25skyblue/scleme01/SatelliteTurbulencePrediction/model_inputs/2019_12/0000021.npz (already exists)
[37/110] SKIPPING /cluster/tufts/capstone25skyblue/scleme01/SatelliteTurbulencePrediction/model_inputs/2019_12/0000022.npz (already exists)
[38/110] SKIPPING /cluster/tufts/capstone25skyblue/scleme01/SatelliteTurbulencePrediction/model_inputs/2019_12/0000023.npz (already exists)
[39/110] SKIPPING /cluster/tufts/capstone25skyblue/scleme01/SatelliteTurbulencePrediction/model_inputs/2019_12/0000024.npz (already exists)
[40/110] PIREP at (44.13, -70.57) FL4500 2019-12-01 21:16:00 (cache: 117 images)
  SAVED /cluster/tufts/capstone25skyblue/scleme01/SatelliteTurbulencePrediction/model_inputs/2019_12/0000550.npz (14584.8s total | fetch=14557.4s project=1.8s smooth=19.2s | cache hits=0 misses=15)
[41/110] SKIPPING /cluster/tufts/capstone25skyblue/scleme01/SatelliteTurbulencePrediction/model_inputs/2019_12/0000026.npz (already exists)
[42/110] SKIPPING /cluster/tufts/capstone25skyblue/scleme01/SatelliteTurbulencePrediction/model_inputs/2019_12/0000025.npz (already exists)
[43/110] PIREP at (34.85, -94.61) FL24000 2019-12-02 00:30:00 (cache: 132 images)
  SAVED /cluster/tufts/capstone25skyblue/scleme01/SatelliteTurbulencePrediction/model_inputs/2019_12/0000342.npz (183.5s total | fetch=155.9s project=1.8s smooth=19.2s | cache hits=0 misses=15)
[44/110] PIREP at (40.78, -111.97) FL31000 2019-12-02 00:32:00 (cache: 147 images)
  SAVED /cluster/tufts/capstone25skyblue/scleme01/SatelliteTurbulencePrediction/model_inputs/2019_12/0000380.npz (0.2s total | fetch=0.0s project=0.0s smooth=0.0s | cache hits=15 misses=0)
[45/110] SKIPPING /cluster/tufts/capstone25skyblue/scleme01/SatelliteTurbulencePrediction/model_inputs/2019_12/0000027.npz (already exists)
[46/110] SKIPPING /cluster/tufts/capstone25skyblue/scleme01/SatelliteTurbulencePrediction/model_inputs/2019_12/0000028.npz (already exists)
[47/110] PIREP at (42.61, -78.74) FL26000 2019-12-02 01:12:00 (cache: 147 images)
  SAVED /cluster/tufts/capstone25skyblue/scleme01/SatelliteTurbulencePrediction/model_inputs/2019_12/0000514.npz (78.3s total | fetch=63.5s project=1.0s smooth=10.3s | cache hits=7 misses=8)
[48/110] SKIPPING /cluster/tufts/capstone25skyblue/scleme01/SatelliteTurbulencePrediction/model_inputs/2019_12/0000029.npz (already exists)
[49/110] SKIPPING /cluster/tufts/capstone25skyblue/scleme01/SatelliteTurbulencePrediction/model_inputs/2019_12/0000030.npz (already exists)
[50/110] SKIPPING /cluster/tufts/capstone25skyblue/scleme01/SatelliteTurbulencePrediction/model_inputs/2019_12/0000031.npz (already exists)
[51/110] PIREP at (39.90, -120.24) FL27000 2019-12-02 03:28:00 (cache: 155 images)
  SAVED /cluster/tufts/capstone25skyblue/scleme01/SatelliteTurbulencePrediction/model_inputs/2019_12/0000423.npz (210.5s total | fetch=182.9s project=1.8s smooth=19.3s | cache hits=0 misses=15)
[52/110] SKIPPING /cluster/tufts/capstone25skyblue/scleme01/SatelliteTurbulencePrediction/model_inputs/2019_12/0000032.npz (already exists)
[53/110] SKIPPING /cluster/tufts/capstone25skyblue/scleme01/SatelliteTurbulencePrediction/model_inputs/2019_12/0000033.npz (already exists)
[54/110] SKIPPING /cluster/tufts/capstone25skyblue/scleme01/SatelliteTurbulencePrediction/model_inputs/2019_12/0000035.npz (already exists)
[55/110] SKIPPING /cluster/tufts/capstone25skyblue/scleme01/SatelliteTurbulencePrediction/model_inputs/2019_12/0000034.npz (already exists)
[56/110] PIREP at (36.94, -85.43) FL33000 2019-12-02 14:24:00 (cache: 170 images)
