Resetting environment
Deactivating conda environment (if any)
Purging all modules
Done! Environment has been torn down
Loading cuda and miniforge...
Activating conda environment...
Redirecting into the satellite repo...
Done! Environment has now been set up
Processing 2022/11 chunk [110:220]
Fetching satellite data for PIREPs in /cluster/tufts/capstone25skyblue/scleme01/SatelliteTurbulencePrediction/pireps/2022/11_turb_pireps.csv
Processing chunk [110:220] (110 PIREPs) from /cluster/tufts/capstone25skyblue/scleme01/SatelliteTurbulencePrediction/pireps/2022/11_turb_pireps.csv
[1/110] PIREP at (34.09, -117.78) FL4500 2022-11-05 18:53:00 (cache: 0 images)
  SAVED /cluster/tufts/capstone25skyblue/scleme01/SatelliteTurbulencePrediction/model_inputs/2022_11/0000516.npz (18436.7s total | fetch=18406.3s project=2.0s smooth=21.1s | cache hits=0 misses=15)
[2/110] PIREP at (41.70, -86.82) FL1000 2022-11-05 19:05:00 (cache: 15 images)
  SAVED /cluster/tufts/capstone25skyblue/scleme01/SatelliteTurbulencePrediction/model_inputs/2022_11/0000053.npz (3554.7s total | fetch=3548.6s project=0.4s smooth=4.2s | cache hits=12 misses=3)
[3/110] PIREP at (43.57, -110.40) FL14000 2022-11-05 19:10:00 (cache: 18 images)
  SAVED /cluster/tufts/capstone25skyblue/scleme01/SatelliteTurbulencePrediction/model_inputs/2022_11/0000054.npz (1128.5s total | fetch=1126.4s project=0.1s smooth=1.4s | cache hits=14 misses=1)
[4/110] PIREP at (34.16, -87.60) FL7000 2022-11-05 19:10:00 (cache: 19 images)
  SAVED /cluster/tufts/capstone25skyblue/scleme01/SatelliteTurbulencePrediction/model_inputs/2022_11/0000055.npz (0.2s total | fetch=0.0s project=0.0s smooth=0.0s | cache hits=15 misses=0)
[5/110] PIREP at (48.19, -120.88) FL12000 2022-11-05 19:30:00 (cache: 19 images)
