Resetting environment
Deactivating conda environment (if any)
Purging all modules
Done! Environment has been torn down
Loading cuda and miniforge...
Activating conda environment...
Redirecting into the satellite repo...
Done! Environment has now been set up
Processing 2020/03 chunk [330:440]
Fetching satellite data for PIREPs in /cluster/tufts/capstone25skyblue/scleme01/SatelliteTurbulencePrediction/pireps/2020/03_turb_pireps.csv
Processing chunk [330:440] (110 PIREPs) from /cluster/tufts/capstone25skyblue/scleme01/SatelliteTurbulencePrediction/pireps/2020/03_turb_pireps.csv
[1/110] PIREP at (36.64, -111.66) FL35000 2020-03-12 18:42:00 (cache: 0 images)
  SAVED /cluster/tufts/capstone25skyblue/scleme01/SatelliteTurbulencePrediction/model_inputs/2020_03/0000168.npz (14850.3s total | fetch=14822.7s project=1.8s smooth=19.2s | cache hits=0 misses=15)
[2/110] PIREP at (36.64, -111.66) FL35000 2020-03-12 18:42:00 (cache: 15 images)
  SAVED /cluster/tufts/capstone25skyblue/scleme01/SatelliteTurbulencePrediction/model_inputs/2020_03/0000169.npz (0.2s total | fetch=0.0s project=0.0s smooth=0.0s | cache hits=15 misses=0)
[3/110] PIREP at (36.58, -85.17) FL40000 2020-03-12 19:04:00 (cache: 15 images)
  SAVED /cluster/tufts/capstone25skyblue/scleme01/SatelliteTurbulencePrediction/model_inputs/2020_03/0000651.npz (4957.2s total | fetch=4949.7s project=0.5s smooth=5.1s | cache hits=11 misses=4)
[4/110] PIREP at (33.94, -116.02) FL31000 2020-03-12 19:11:00 (cache: 19 images)
  SAVED /cluster/tufts/capstone25skyblue/scleme01/SatelliteTurbulencePrediction/model_inputs/2020_03/0000171.npz (2241.6s total | fetch=2237.8s project=0.2s smooth=2.6s | cache hits=13 misses=2)
[5/110] PIREP at (33.94, -116.02) FL31000 2020-03-12 19:11:00 (cache: 21 images)
  SAVED /cluster/tufts/capstone25skyblue/scleme01/SatelliteTurbulencePrediction/model_inputs/2020_03/0000170.npz (0.2s total | fetch=0.0s project=0.0s smooth=0.0s | cache hits=15 misses=0)
[6/110] PIREP at (41.80, -89.13) FL23000 2020-03-12 19:19:00 (cache: 21 images)
  SAVED /cluster/tufts/capstone25skyblue/scleme01/SatelliteTurbulencePrediction/model_inputs/2020_03/0000575.npz (1124.8s total | fetch=1122.8s project=0.1s smooth=1.3s | cache hits=14 misses=1)
[7/110] PIREP at (34.80, -116.46) FL28000 2020-03-12 19:39:00 (cache: 22 images)
  SAVED /cluster/tufts/capstone25skyblue/scleme01/SatelliteTurbulencePrediction/model_inputs/2020_03/0000173.npz (4563.6s total | fetch=4556.1s project=0.5s smooth=5.1s | cache hits=11 misses=4)
[8/110] PIREP at (34.80, -116.46) FL28000 2020-03-12 19:39:00 (cache: 26 images)
  SAVED /cluster/tufts/capstone25skyblue/scleme01/SatelliteTurbulencePrediction/model_inputs/2020_03/0000172.npz (0.2s total | fetch=0.0s project=0.0s smooth=0.0s | cache hits=15 misses=0)
[9/110] PIREP at (33.63, -116.16) FL31000 2020-03-12 19:52:00 (cache: 26 images)
  SAVED /cluster/tufts/capstone25skyblue/scleme01/SatelliteTurbulencePrediction/model_inputs/2020_03/0000175.npz (3804.4s total | fetch=3798.8s project=0.4s smooth=3.8s | cache hits=12 misses=3)
[10/110] PIREP at (33.63, -116.16) FL31000 2020-03-12 19:52:00 (cache: 29 images)
  SAVED /cluster/tufts/capstone25skyblue/scleme01/SatelliteTurbulencePrediction/model_inputs/2020_03/0000174.npz (0.2s total | fetch=0.0s project=0.0s smooth=0.0s | cache hits=15 misses=0)
[11/110] PIREP at (55.75, -178.23) FL35000 2020-03-12 20:13:00 (cache: 29 images)
  SAVED /cluster/tufts/capstone25skyblue/scleme01/SatelliteTurbulencePrediction/model_inputs/2020_03/0000176.npz (4977.0s total | fetch=4969.6s project=0.5s smooth=5.1s | cache hits=11 misses=4)
[12/110] PIREP at (37.97, -87.23) FL43000 2020-03-12 20:25:00 (cache: 33 images)
  SAVED /cluster/tufts/capstone25skyblue/scleme01/SatelliteTurbulencePrediction/model_inputs/2020_03/0000177.npz (3577.8s total | fetch=3572.2s project=0.4s smooth=3.8s | cache hits=12 misses=3)
[13/110] PIREP at (41.67, -98.57) FL38000 2020-03-12 20:36:00 (cache: 36 images)
  SAVED /cluster/tufts/capstone25skyblue/scleme01/SatelliteTurbulencePrediction/model_inputs/2020_03/0000557.npz (2417.4s total | fetch=2413.6s project=0.2s smooth=2.6s | cache hits=13 misses=2)
[14/110] PIREP at (44.89, -93.23) FL39000 2020-03-12 21:00:00 (cache: 38 images)
  SAVED /cluster/tufts/capstone25skyblue/scleme01/SatelliteTurbulencePrediction/model_inputs/2020_03/0000377.npz (6045.1s total | fetch=6035.7s project=0.6s smooth=6.4s | cache hits=10 misses=5)
[15/110] PIREP at (33.44, -85.65) FL4000 2020-03-12 21:11:00 (cache: 43 images)
  SAVED /cluster/tufts/capstone25skyblue/scleme01/SatelliteTurbulencePrediction/model_inputs/2020_03/0000568.npz (1993.8s total | fetch=1990.0s project=0.2s smooth=2.6s | cache hits=13 misses=2)
[16/110] PIREP at (56.52, 178.36) FL36000 2020-03-12 21:19:00 (cache: 45 images)
  SAVED /cluster/tufts/capstone25skyblue/scleme01/SatelliteTurbulencePrediction/model_inputs/2020_03/0000178.npz (987.4s total | fetch=985.5s project=0.1s smooth=1.3s | cache hits=14 misses=1)
[17/110] PIREP at (34.73, -116.13) FL22000 2020-03-12 21:28:00 (cache: 46 images)
  SAVED /cluster/tufts/capstone25skyblue/scleme01/SatelliteTurbulencePrediction/model_inputs/2020_03/0000179.npz (2407.7s total | fetch=2403.9s project=0.2s smooth=2.6s | cache hits=13 misses=2)
[18/110] PIREP at (34.73, -116.13) FL22000 2020-03-12 21:28:00 (cache: 48 images)
  SAVED /cluster/tufts/capstone25skyblue/scleme01/SatelliteTurbulencePrediction/model_inputs/2020_03/0000180.npz (0.2s total | fetch=0.0s project=0.0s smooth=0.0s | cache hits=15 misses=0)
[19/110] PIREP at (34.77, -114.62) FL23000 2020-03-12 22:42:00 (cache: 48 images)
  SAVED /cluster/tufts/capstone25skyblue/scleme01/SatelliteTurbulencePrediction/model_inputs/2020_03/0000181.npz (17125.9s total | fetch=17098.3s project=1.8s smooth=19.2s | cache hits=0 misses=15)
[20/110] PIREP at (34.77, -114.62) FL23000 2020-03-12 22:42:00 (cache: 63 images)
  SAVED /cluster/tufts/capstone25skyblue/scleme01/SatelliteTurbulencePrediction/model_inputs/2020_03/0000183.npz (0.2s total | fetch=0.0s project=0.0s smooth=0.0s | cache hits=15 misses=0)
[21/110] PIREP at (34.77, -114.62) FL23000 2020-03-12 22:42:00 (cache: 63 images)
  SAVED /cluster/tufts/capstone25skyblue/scleme01/SatelliteTurbulencePrediction/model_inputs/2020_03/0000182.npz (0.2s total | fetch=0.0s project=0.0s smooth=0.0s | cache hits=15 misses=0)
[22/110] PIREP at (34.77, -114.62) FL23000 2020-03-12 22:42:00 (cache: 63 images)
  SAVED /cluster/tufts/capstone25skyblue/scleme01/SatelliteTurbulencePrediction/model_inputs/2020_03/0000184.npz (0.2s total | fetch=0.0s project=0.0s smooth=0.0s | cache hits=15 misses=0)
[23/110] PIREP at (36.58, -80.27) FL27000 2020-03-12 23:02:00 (cache: 63 images)
  SAVED /cluster/tufts/capstone25skyblue/scleme01/SatelliteTurbulencePrediction/model_inputs/2020_03/0000378.npz (3989.7s total | fetch=3982.2s project=0.5s smooth=5.1s | cache hits=11 misses=4)
[24/110] PIREP at (44.89, -93.23) FL40000 2020-03-12 23:03:00 (cache: 67 images)
  SAVED /cluster/tufts/capstone25skyblue/scleme01/SatelliteTurbulencePrediction/model_inputs/2020_03/0000576.npz (0.2s total | fetch=0.0s project=0.0s smooth=0.0s | cache hits=15 misses=0)
[25/110] PIREP at (42.47, -98.69) FL35000 2020-03-12 23:32:00 (cache: 67 images)
  SAVED /cluster/tufts/capstone25skyblue/scleme01/SatelliteTurbulencePrediction/model_inputs/2020_03/0000454.npz (5051.9s total | fetch=5040.8s project=0.7s smooth=7.7s | cache hits=9 misses=6)
[26/110] PIREP at (37.15, -80.24) FL24000 2020-03-12 23:38:00 (cache: 73 images)
  SAVED /cluster/tufts/capstone25skyblue/scleme01/SatelliteTurbulencePrediction/model_inputs/2020_03/0000538.npz (892.3s total | fetch=890.2s project=0.1s smooth=1.3s | cache hits=14 misses=1)
[27/110] PIREP at (32.27, -109.26) FL28000 2020-03-13 00:01:00 (cache: 74 images)
  SAVED /cluster/tufts/capstone25skyblue/scleme01/SatelliteTurbulencePrediction/model_inputs/2020_03/0000482.npz (4100.6s total | fetch=4091.3s project=0.6s smooth=6.4s | cache hits=10 misses=5)
[28/110] PIREP at (54.98, -179.64) FL38000 2020-03-13 00:02:00 (cache: 79 images)
  SAVED /cluster/tufts/capstone25skyblue/scleme01/SatelliteTurbulencePrediction/model_inputs/2020_03/0000185.npz (0.1s total | fetch=0.0s project=0.0s smooth=0.0s | cache hits=15 misses=0)
[29/110] PIREP at (37.15, -80.01) FL32000 2020-03-13 00:30:00 (cache: 79 images)
  SAVED /cluster/tufts/capstone25skyblue/scleme01/SatelliteTurbulencePrediction/model_inputs/2020_03/0000657.npz (278.5s total | fetch=267.4s project=0.7s smooth=7.7s | cache hits=9 misses=6)
[30/110] PIREP at (57.67, -143.26) FL37000 2020-03-13 00:43:00 (cache: 85 images)
  SAVED /cluster/tufts/capstone25skyblue/scleme01/SatelliteTurbulencePrediction/model_inputs/2020_03/0000471.npz (39.4s total | fetch=35.7s project=0.2s smooth=2.6s | cache hits=13 misses=2)
[31/110] PIREP at (55.00, -179.59) FL38000 2020-03-13 02:04:00 (cache: 87 images)
  SAVED /cluster/tufts/capstone25skyblue/scleme01/SatelliteTurbulencePrediction/model_inputs/2020_03/0000186.npz (186.8s total | fetch=159.4s project=1.8s smooth=19.2s | cache hits=0 misses=15)
[32/110] PIREP at (54.58, -179.18) FL40000 2020-03-13 02:12:00 (cache: 102 images)
  SAVED /cluster/tufts/capstone25skyblue/scleme01/SatelliteTurbulencePrediction/model_inputs/2020_03/0000187.npz (29.1s total | fetch=25.3s project=0.2s smooth=2.6s | cache hits=13 misses=2)
[33/110] PIREP at (55.85, -177.71) FL39000 2020-03-13 02:15:00 (cache: 104 images)
  SAVED /cluster/tufts/capstone25skyblue/scleme01/SatelliteTurbulencePrediction/model_inputs/2020_03/0000188.npz (14.8s total | fetch=12.9s project=0.1s smooth=1.3s | cache hits=14 misses=1)
[34/110] PIREP at (35.71, -106.62) FL35000 2020-03-13 02:16:00 (cache: 105 images)
  SAVED /cluster/tufts/capstone25skyblue/scleme01/SatelliteTurbulencePrediction/model_inputs/2020_03/0000189.npz (0.2s total | fetch=0.0s project=0.0s smooth=0.0s | cache hits=15 misses=0)
[35/110] PIREP at (45.87, 177.00) FL36000 2020-03-13 02:21:00 (cache: 105 images)
  SAVED /cluster/tufts/capstone25skyblue/scleme01/SatelliteTurbulencePrediction/model_inputs/2020_03/0000190.npz (18.6s total | fetch=16.6s project=0.1s smooth=1.3s | cache hits=14 misses=1)
[36/110] PIREP at (45.87, 177.00) FL36000 2020-03-13 02:21:00 (cache: 106 images)
  SAVED /cluster/tufts/capstone25skyblue/scleme01/SatelliteTurbulencePrediction/model_inputs/2020_03/0000191.npz (0.2s total | fetch=0.0s project=0.0s smooth=0.0s | cache hits=15 misses=0)
[37/110] PIREP at (56.32, -176.04) FL36000 2020-03-13 04:55:00 (cache: 106 images)
  SAVED /cluster/tufts/capstone25skyblue/scleme01/SatelliteTurbulencePrediction/model_inputs/2020_03/0000512.npz (158.1s total | fetch=130.7s project=1.8s smooth=19.2s | cache hits=0 misses=15)
[38/110] PIREP at (35.23, -111.88) FL27000 2020-03-13 05:03:00 (cache: 121 images)
  SAVED /cluster/tufts/capstone25skyblue/scleme01/SatelliteTurbulencePrediction/model_inputs/2020_03/0000192.npz (7.9s total | fetch=5.9s project=0.1s smooth=1.3s | cache hits=14 misses=1)
[39/110] PIREP at (35.23, -111.88) FL27000 2020-03-13 05:03:00 (cache: 122 images)
  SAVED /cluster/tufts/capstone25skyblue/scleme01/SatelliteTurbulencePrediction/model_inputs/2020_03/0000193.npz (0.2s total | fetch=0.0s project=0.0s smooth=0.0s | cache hits=15 misses=0)
[40/110] PIREP at (37.89, -109.75) FL27000 2020-03-13 05:03:00 (cache: 122 images)
  SAVED /cluster/tufts/capstone25skyblue/scleme01/SatelliteTurbulencePrediction/model_inputs/2020_03/0000194.npz (0.2s total | fetch=0.0s project=0.0s smooth=0.0s | cache hits=15 misses=0)
[41/110] PIREP at (37.89, -109.75) FL27000 2020-03-13 05:03:00 (cache: 122 images)
  SAVED /cluster/tufts/capstone25skyblue/scleme01/SatelliteTurbulencePrediction/model_inputs/2020_03/0000195.npz (0.2s total | fetch=0.0s project=0.0s smooth=0.0s | cache hits=15 misses=0)
[42/110] PIREP at (43.12, -88.28) FL28000 2020-03-13 11:32:00 (cache: 122 images)
  SAVED /cluster/tufts/capstone25skyblue/scleme01/SatelliteTurbulencePrediction/model_inputs/2020_03/0000518.npz (190.0s total | fetch=162.5s project=1.8s smooth=19.2s | cache hits=0 misses=15)
[43/110] PIREP at (43.91, -96.75) FL38000 2020-03-13 14:14:00 (cache: 137 images)
