Resetting environment
Deactivating conda environment (if any)
Purging all modules
Done! Environment has been torn down
Loading cuda and miniforge...
Activating conda environment...
Redirecting into the satellite repo...
Done! Environment has now been set up
Processing 2020/03 chunk [0:110]
Fetching satellite data for PIREPs in /cluster/tufts/capstone25skyblue/scleme01/SatelliteTurbulencePrediction/pireps/2020/03_turb_pireps.csv
Processing chunk [0:110] (110 PIREPs) from /cluster/tufts/capstone25skyblue/scleme01/SatelliteTurbulencePrediction/pireps/2020/03_turb_pireps.csv
[1/110] SKIPPING /cluster/tufts/capstone25skyblue/scleme01/SatelliteTurbulencePrediction/model_inputs/2020_03/0000000.npz (already exists)
[2/110] SKIPPING /cluster/tufts/capstone25skyblue/scleme01/SatelliteTurbulencePrediction/model_inputs/2020_03/0000001.npz (already exists)
[3/110] SKIPPING /cluster/tufts/capstone25skyblue/scleme01/SatelliteTurbulencePrediction/model_inputs/2020_03/0000002.npz (already exists)
[4/110] SKIPPING /cluster/tufts/capstone25skyblue/scleme01/SatelliteTurbulencePrediction/model_inputs/2020_03/0000003.npz (already exists)
[5/110] SKIPPING /cluster/tufts/capstone25skyblue/scleme01/SatelliteTurbulencePrediction/model_inputs/2020_03/0000004.npz (already exists)
[6/110] SKIPPING /cluster/tufts/capstone25skyblue/scleme01/SatelliteTurbulencePrediction/model_inputs/2020_03/0000005.npz (already exists)
[7/110] SKIPPING /cluster/tufts/capstone25skyblue/scleme01/SatelliteTurbulencePrediction/model_inputs/2020_03/0000006.npz (already exists)
[8/110] SKIPPING /cluster/tufts/capstone25skyblue/scleme01/SatelliteTurbulencePrediction/model_inputs/2020_03/0000007.npz (already exists)
[9/110] SKIPPING /cluster/tufts/capstone25skyblue/scleme01/SatelliteTurbulencePrediction/model_inputs/2020_03/0000008.npz (already exists)
[10/110] SKIPPING /cluster/tufts/capstone25skyblue/scleme01/SatelliteTurbulencePrediction/model_inputs/2020_03/0000009.npz (already exists)
[11/110] SKIPPING /cluster/tufts/capstone25skyblue/scleme01/SatelliteTurbulencePrediction/model_inputs/2020_03/0000010.npz (already exists)
[12/110] PIREP at (60.86, -150.90) FL16000 2020-03-01 03:30:00 (cache: 0 images)
  SAVED /cluster/tufts/capstone25skyblue/scleme01/SatelliteTurbulencePrediction/model_inputs/2020_03/0000383.npz (122.0s total | fetch=97.2s project=1.7s smooth=17.4s | cache hits=0 misses=15)
[13/110] PIREP at (37.04, -119.15) FL32000 2020-03-01 04:10:00 (cache: 15 images)
  SAVED /cluster/tufts/capstone25skyblue/scleme01/SatelliteTurbulencePrediction/model_inputs/2020_03/0000480.npz (70.7s total | fetch=57.7s project=0.9s smooth=9.1s | cache hits=7 misses=8)
[14/110] SKIPPING /cluster/tufts/capstone25skyblue/scleme01/SatelliteTurbulencePrediction/model_inputs/2020_03/0000013.npz (already exists)
[15/110] SKIPPING /cluster/tufts/capstone25skyblue/scleme01/SatelliteTurbulencePrediction/model_inputs/2020_03/0000012.npz (already exists)
[16/110] SKIPPING /cluster/tufts/capstone25skyblue/scleme01/SatelliteTurbulencePrediction/model_inputs/2020_03/0000011.npz (already exists)
[17/110] PIREP at (33.98, -98.49) FL21000 2020-03-01 13:02:00 (cache: 23 images)
  SAVED /cluster/tufts/capstone25skyblue/scleme01/SatelliteTurbulencePrediction/model_inputs/2020_03/0000492.npz (6909.3s total | fetch=6885.2s project=1.6s smooth=16.8s | cache hits=0 misses=15)
[18/110] PIREP at (32.85, -96.75) FL4000 2020-03-01 13:21:00 (cache: 38 images)
  SAVED /cluster/tufts/capstone25skyblue/scleme01/SatelliteTurbulencePrediction/model_inputs/2020_03/0000517.npz (2532.5s total | fetch=2525.9s project=0.4s smooth=4.5s | cache hits=11 misses=4)
[19/110] PIREP at (32.27, -109.26) FL26000 2020-03-01 13:35:00 (cache: 42 images)
  SAVED /cluster/tufts/capstone25skyblue/scleme01/SatelliteTurbulencePrediction/model_inputs/2020_03/0000564.npz (1999.2s total | fetch=1994.2s project=0.3s smooth=3.4s | cache hits=12 misses=3)
[20/110] PIREP at (32.95, -93.99) FL31000 2020-03-01 16:17:00 (cache: 45 images)
  SAVED /cluster/tufts/capstone25skyblue/scleme01/SatelliteTurbulencePrediction/model_inputs/2020_03/0000636.npz (14583.1s total | fetch=14558.9s project=1.6s smooth=16.8s | cache hits=0 misses=15)
[21/110] SKIPPING /cluster/tufts/capstone25skyblue/scleme01/SatelliteTurbulencePrediction/model_inputs/2020_03/0000014.npz (already exists)
[22/110] SKIPPING /cluster/tufts/capstone25skyblue/scleme01/SatelliteTurbulencePrediction/model_inputs/2020_03/0000015.npz (already exists)
[23/110] PIREP at (39.40, -75.87) FL2500 2020-03-01 17:10:00 (cache: 60 images)
  SAVED /cluster/tufts/capstone25skyblue/scleme01/SatelliteTurbulencePrediction/model_inputs/2020_03/0000372.npz (10861.9s total | fetch=10844.3s project=1.2s smooth=12.2s | cache hits=4 misses=11)
[24/110] SKIPPING /cluster/tufts/capstone25skyblue/scleme01/SatelliteTurbulencePrediction/model_inputs/2020_03/0000016.npz (already exists)
[25/110] SKIPPING /cluster/tufts/capstone25skyblue/scleme01/SatelliteTurbulencePrediction/model_inputs/2020_03/0000017.npz (already exists)
[26/110] PIREP at (42.99, -73.34) FL40000 2020-03-01 19:02:00 (cache: 71 images)
  SAVED /cluster/tufts/capstone25skyblue/scleme01/SatelliteTurbulencePrediction/model_inputs/2020_03/0000613.npz (15147.7s total | fetch=15123.8s project=1.6s smooth=16.6s | cache hits=0 misses=15)
[27/110] PIREP at (20.92, -156.53) FL700 2020-03-01 19:02:00 (cache: 86 images)
  SAVED /cluster/tufts/capstone25skyblue/scleme01/SatelliteTurbulencePrediction/model_inputs/2020_03/0000356.npz (0.0s total | fetch=0.0s project=0.0s smooth=0.0s | cache hits=15 misses=0)
[28/110] PIREP at (23.30, -73.64) FL30000 2020-03-01 19:23:00 (cache: 86 images)
  SAVED /cluster/tufts/capstone25skyblue/scleme01/SatelliteTurbulencePrediction/model_inputs/2020_03/0000582.npz (3801.3s total | fetch=3794.7s project=0.4s smooth=4.5s | cache hits=11 misses=4)
[29/110] SKIPPING /cluster/tufts/capstone25skyblue/scleme01/SatelliteTurbulencePrediction/model_inputs/2020_03/0000018.npz (already exists)
[30/110] PIREP at (29.06, -82.99) FL27000 2020-03-01 20:19:00 (cache: 90 images)
  SAVED /cluster/tufts/capstone25skyblue/scleme01/SatelliteTurbulencePrediction/model_inputs/2020_03/0000537.npz (10613.8s total | fetch=10596.1s project=1.2s smooth=12.2s | cache hits=4 misses=11)
[31/110] PIREP at (46.12, -67.79) FL24000 2020-03-01 20:51:00 (cache: 101 images)
  SAVED /cluster/tufts/capstone25skyblue/scleme01/SatelliteTurbulencePrediction/model_inputs/2020_03/0000508.npz (6181.9s total | fetch=6170.6s project=0.7s smooth=7.8s | cache hits=8 misses=7)
[32/110] PIREP at (44.25, -121.15) FL14000 2020-03-01 22:05:00 (cache: 108 images)
  SAVED /cluster/tufts/capstone25skyblue/scleme01/SatelliteTurbulencePrediction/model_inputs/2020_03/0000659.npz (11908.9s total | fetch=11884.8s project=1.6s smooth=16.8s | cache hits=0 misses=15)
[33/110] PIREP at (21.31, -157.92) FL4000 2020-03-01 22:22:00 (cache: 123 images)
  SAVED /cluster/tufts/capstone25skyblue/scleme01/SatelliteTurbulencePrediction/model_inputs/2020_03/0000665.npz (2349.2s total | fetch=2344.4s project=0.3s smooth=3.4s | cache hits=12 misses=3)
[34/110] SKIPPING /cluster/tufts/capstone25skyblue/scleme01/SatelliteTurbulencePrediction/model_inputs/2020_03/0000019.npz (already exists)
[35/110] SKIPPING /cluster/tufts/capstone25skyblue/scleme01/SatelliteTurbulencePrediction/model_inputs/2020_03/0000020.npz (already exists)
[36/110] SKIPPING /cluster/tufts/capstone25skyblue/scleme01/SatelliteTurbulencePrediction/model_inputs/2020_03/0000021.npz (already exists)
[37/110] PIREP at (43.63, -114.76) FL35000 2020-03-02 00:42:00 (cache: 126 images)
