Resetting environment
Deactivating conda environment (if any)
Purging all modules
Done! Environment has been torn down
Loading cuda and miniforge...
Activating conda environment...
Redirecting into the satellite repo...
Done! Environment has now been set up
Processing 2019/01 chunk [550:660]
Fetching satellite data for PIREPs in /cluster/tufts/capstone25skyblue/scleme01/SatelliteTurbulencePrediction/pireps/2019/01_turb_pireps.csv
Processing chunk [550:660] (110 PIREPs) from /cluster/tufts/capstone25skyblue/scleme01/SatelliteTurbulencePrediction/pireps/2019/01_turb_pireps.csv
[1/110] PIREP at (37.02, -92.88) FL19000 2019-01-23 18:22:00 (cache: 0 images)
  SAVED /cluster/tufts/capstone25skyblue/scleme01/SatelliteTurbulencePrediction/model_inputs/2019_01/0000254.npz (13601.6s total | fetch=13571.0s project=2.1s smooth=21.4s | cache hits=0 misses=15)
[2/110] PIREP at (39.23, -92.04) FL27000 2019-01-23 18:25:00 (cache: 15 images)
  SAVED /cluster/tufts/capstone25skyblue/scleme01/SatelliteTurbulencePrediction/model_inputs/2019_01/0000255.npz (967.8s total | fetch=965.6s project=0.1s smooth=1.4s | cache hits=14 misses=1)
[3/110] PIREP at (38.04, -84.61) FL3200 2019-01-23 18:27:00 (cache: 16 images)
  SAVED /cluster/tufts/capstone25skyblue/scleme01/SatelliteTurbulencePrediction/model_inputs/2019_01/0000256.npz (0.2s total | fetch=0.0s project=0.0s smooth=0.0s | cache hits=15 misses=0)
[4/110] PIREP at (60.50, -140.88) FL33000 2019-01-23 18:30:00 (cache: 16 images)
  SAVED /cluster/tufts/capstone25skyblue/scleme01/SatelliteTurbulencePrediction/model_inputs/2019_01/0000257.npz (1088.0s total | fetch=1085.8s project=0.1s smooth=1.4s | cache hits=14 misses=1)
[5/110] PIREP at (46.63, -81.29) FL25000 2019-01-23 19:23:00 (cache: 17 images)
  SAVED /cluster/tufts/capstone25skyblue/scleme01/SatelliteTurbulencePrediction/model_inputs/2019_01/0000258.npz (11073.1s total | fetch=11052.6s project=1.4s smooth=14.2s | cache hits=5 misses=10)
[6/110] PIREP at (36.19, -82.61) FL9000 2019-01-23 19:30:00 (cache: 27 images)
  SAVED /cluster/tufts/capstone25skyblue/scleme01/SatelliteTurbulencePrediction/model_inputs/2019_01/0000260.npz (2496.2s total | fetch=2492.0s project=0.3s smooth=2.8s | cache hits=13 misses=2)
[7/110] PIREP at (49.77, -76.75) FL40000 2019-01-23 19:30:00 (cache: 29 images)
  SAVED /cluster/tufts/capstone25skyblue/scleme01/SatelliteTurbulencePrediction/model_inputs/2019_01/0000259.npz (0.1s total | fetch=0.0s project=0.0s smooth=0.0s | cache hits=15 misses=0)
[8/110] PIREP at (49.67, -66.00) FL38000 2019-01-23 20:33:00 (cache: 29 images)
  SAVED /cluster/tufts/capstone25skyblue/scleme01/SatelliteTurbulencePrediction/model_inputs/2019_01/0000261.npz (14454.2s total | fetch=14429.7s project=1.6s smooth=17.1s | cache hits=3 misses=12)
[9/110] PIREP at (35.74, -92.95) FL14000 2019-01-23 20:50:00 (cache: 41 images)
  SAVED /cluster/tufts/capstone25skyblue/scleme01/SatelliteTurbulencePrediction/model_inputs/2019_01/0000263.npz (4885.5s total | fetch=4877.1s project=0.5s smooth=5.7s | cache hits=11 misses=4)
[10/110] PIREP at (35.55, -93.24) FL19000 2019-01-23 20:50:00 (cache: 45 images)
  SAVED /cluster/tufts/capstone25skyblue/scleme01/SatelliteTurbulencePrediction/model_inputs/2019_01/0000262.npz (0.2s total | fetch=0.0s project=0.0s smooth=0.0s | cache hits=15 misses=0)
[11/110] PIREP at (38.13, -92.09) FL23000 2019-01-23 20:57:00 (cache: 45 images)
  SAVED /cluster/tufts/capstone25skyblue/scleme01/SatelliteTurbulencePrediction/model_inputs/2019_01/0000264.npz (1070.7s total | fetch=1068.5s project=0.1s smooth=1.4s | cache hits=14 misses=1)
[12/110] PIREP at (40.41, -90.97) FL21000 2019-01-23 21:16:00 (cache: 46 images)
  SAVED /cluster/tufts/capstone25skyblue/scleme01/SatelliteTurbulencePrediction/model_inputs/2019_01/0000265.npz (4628.9s total | fetch=4620.0s project=0.7s smooth=6.1s | cache hits=11 misses=4)
[13/110] PIREP at (40.92, -88.93) FL24000 2019-01-23 22:25:00 (cache: 50 images)
  SAVED /cluster/tufts/capstone25skyblue/scleme01/SatelliteTurbulencePrediction/model_inputs/2019_01/0000266.npz (14956.4s total | fetch=14927.5s project=2.0s smooth=20.1s | cache hits=1 misses=14)
[14/110] PIREP at (42.22, -87.95) FL25000 2019-01-23 22:43:00 (cache: 64 images)
  SAVED /cluster/tufts/capstone25skyblue/scleme01/SatelliteTurbulencePrediction/model_inputs/2019_01/0000267.npz (2891.2s total | fetch=2884.9s project=0.4s smooth=4.3s | cache hits=12 misses=3)
[15/110] PIREP at (40.97, -90.30) FL30000 2019-01-23 22:43:00 (cache: 67 images)
  SAVED /cluster/tufts/capstone25skyblue/scleme01/SatelliteTurbulencePrediction/model_inputs/2019_01/0000518.npz (0.2s total | fetch=0.0s project=0.0s smooth=0.0s | cache hits=15 misses=0)
[16/110] PIREP at (41.59, -87.38) FL4000 2019-01-23 22:45:00 (cache: 67 images)
  SAVED /cluster/tufts/capstone25skyblue/scleme01/SatelliteTurbulencePrediction/model_inputs/2019_01/0000501.npz (886.7s total | fetch=884.5s project=0.1s smooth=1.4s | cache hits=14 misses=1)
[17/110] PIREP at (50.50, -65.33) FL36000 2019-01-23 22:50:00 (cache: 68 images)
  SAVED /cluster/tufts/capstone25skyblue/scleme01/SatelliteTurbulencePrediction/model_inputs/2019_01/0000268.npz (808.2s total | fetch=806.1s project=0.1s smooth=1.4s | cache hits=14 misses=1)
[18/110] PIREP at (43.12, -88.28) FL23000 2019-01-23 23:28:00 (cache: 69 images)
  SAVED /cluster/tufts/capstone25skyblue/scleme01/SatelliteTurbulencePrediction/model_inputs/2019_01/0000269.npz (1417.3s total | fetch=1402.9s project=1.0s smooth=10.0s | cache hits=8 misses=7)
[19/110] PIREP at (50.78, -64.50) FL38000 2019-01-24 00:14:00 (cache: 76 images)
  SAVED /cluster/tufts/capstone25skyblue/scleme01/SatelliteTurbulencePrediction/model_inputs/2019_01/0000270.npz (152.3s total | fetch=134.0s project=1.2s smooth=12.8s | cache hits=6 misses=9)
[20/110] PIREP at (21.97, -159.33) FL32000 2019-01-24 00:25:00 (cache: 85 images)
  SAVED /cluster/tufts/capstone25skyblue/scleme01/SatelliteTurbulencePrediction/model_inputs/2019_01/0000271.npz (37.7s total | fetch=31.6s project=0.4s smooth=4.3s | cache hits=12 misses=3)
[21/110] PIREP at (41.15, -80.87) FL39000 2019-01-24 00:27:00 (cache: 88 images)
  SAVED /cluster/tufts/capstone25skyblue/scleme01/SatelliteTurbulencePrediction/model_inputs/2019_01/0000685.npz (0.2s total | fetch=0.0s project=0.0s smooth=0.0s | cache hits=15 misses=0)
[22/110] PIREP at (42.38, -101.68) FL14000 2019-01-24 00:34:00 (cache: 88 images)
  SAVED /cluster/tufts/capstone25skyblue/scleme01/SatelliteTurbulencePrediction/model_inputs/2019_01/0000746.npz (5.2s total | fetch=3.0s project=0.1s smooth=1.4s | cache hits=14 misses=1)
[23/110] PIREP at (43.12, -87.14) FL27000 2019-01-24 00:41:00 (cache: 89 images)
  SAVED /cluster/tufts/capstone25skyblue/scleme01/SatelliteTurbulencePrediction/model_inputs/2019_01/0000272.npz (10.6s total | fetch=6.3s project=0.3s smooth=2.8s | cache hits=13 misses=2)
[24/110] PIREP at (50.65, -62.80) FL37000 2019-01-24 01:15:00 (cache: 91 images)
  SAVED /cluster/tufts/capstone25skyblue/scleme01/SatelliteTurbulencePrediction/model_inputs/2019_01/0000273.npz (98.0s total | fetch=83.7s project=1.0s smooth=10.0s | cache hits=8 misses=7)
[25/110] PIREP at (42.88, -84.42) FL26000 2019-01-24 01:23:00 (cache: 98 images)
  SAVED /cluster/tufts/capstone25skyblue/scleme01/SatelliteTurbulencePrediction/model_inputs/2019_01/0000633.npz (19.6s total | fetch=17.5s project=0.1s smooth=1.4s | cache hits=14 misses=1)
[26/110] PIREP at (41.07, -87.85) FL19000 2019-01-24 01:48:00 (cache: 99 images)
  SAVED /cluster/tufts/capstone25skyblue/scleme01/SatelliteTurbulencePrediction/model_inputs/2019_01/0000274.npz (74.8s total | fetch=64.5s project=0.7s smooth=7.1s | cache hits=10 misses=5)
[27/110] PIREP at (41.07, -87.85) FL19000 2019-01-24 02:04:00 (cache: 104 images)
  SAVED /cluster/tufts/capstone25skyblue/scleme01/SatelliteTurbulencePrediction/model_inputs/2019_01/0000276.npz (30.4s total | fetch=24.1s project=0.4s smooth=4.3s | cache hits=12 misses=3)
[28/110] PIREP at (41.07, -87.85) FL19000 2019-01-24 02:04:00 (cache: 107 images)
  SAVED /cluster/tufts/capstone25skyblue/scleme01/SatelliteTurbulencePrediction/model_inputs/2019_01/0000275.npz (0.2s total | fetch=0.0s project=0.0s smooth=0.0s | cache hits=15 misses=0)
[29/110] PIREP at (41.07, -87.85) FL19000 2019-01-24 02:05:00 (cache: 107 images)
  SAVED /cluster/tufts/capstone25skyblue/scleme01/SatelliteTurbulencePrediction/model_inputs/2019_01/0000279.npz (5.2s total | fetch=3.0s project=0.1s smooth=1.4s | cache hits=14 misses=1)
[30/110] PIREP at (41.27, -87.46) FL19000 2019-01-24 02:05:00 (cache: 108 images)
  SAVED /cluster/tufts/capstone25skyblue/scleme01/SatelliteTurbulencePrediction/model_inputs/2019_01/0000278.npz (0.2s total | fetch=0.0s project=0.0s smooth=0.0s | cache hits=15 misses=0)
[31/110] PIREP at (41.07, -87.85) FL19000 2019-01-24 02:05:00 (cache: 108 images)
  SAVED /cluster/tufts/capstone25skyblue/scleme01/SatelliteTurbulencePrediction/model_inputs/2019_01/0000277.npz (0.2s total | fetch=0.0s project=0.0s smooth=0.0s | cache hits=15 misses=0)
[32/110] PIREP at (50.72, -60.33) FL39000 2019-01-24 02:25:00 (cache: 108 images)
  SAVED /cluster/tufts/capstone25skyblue/scleme01/SatelliteTurbulencePrediction/model_inputs/2019_01/0000280.npz (43.2s total | fetch=35.0s project=0.5s smooth=5.7s | cache hits=11 misses=4)
[33/110] PIREP at (38.83, -119.75) FL19000 2019-01-24 02:44:00 (cache: 112 images)
  SAVED /cluster/tufts/capstone25skyblue/scleme01/SatelliteTurbulencePrediction/model_inputs/2019_01/0000699.npz (48.5s total | fetch=42.3s project=0.4s smooth=4.3s | cache hits=12 misses=3)
[34/110] PIREP at (37.91, -85.97) FL20000 2019-01-24 08:04:00 (cache: 115 images)
  SAVED /cluster/tufts/capstone25skyblue/scleme01/SatelliteTurbulencePrediction/model_inputs/2019_01/0000281.npz (175.3s total | fetch=144.7s project=2.0s smooth=21.4s | cache hits=0 misses=15)
[35/110] PIREP at (38.10, -86.43) FL26000 2019-01-24 10:01:00 (cache: 130 images)
  SAVED /cluster/tufts/capstone25skyblue/scleme01/SatelliteTurbulencePrediction/model_inputs/2019_01/0000282.npz (212.8s total | fetch=182.2s project=2.0s smooth=21.4s | cache hits=0 misses=15)
[36/110] PIREP at (48.67, -67.00) FL40000 2019-01-24 10:58:00 (cache: 145 images)
  SAVED /cluster/tufts/capstone25skyblue/scleme01/SatelliteTurbulencePrediction/model_inputs/2019_01/0000283.npz (78.5s total | fetch=56.0s project=1.5s smooth=15.7s | cache hits=4 misses=11)
[37/110] PIREP at (38.39, -85.37) FL27000 2019-01-24 11:33:00 (cache: 156 images)
  SAVED /cluster/tufts/capstone25skyblue/scleme01/SatelliteTurbulencePrediction/model_inputs/2019_01/0000284.npz (114.7s total | fetch=100.3s project=1.0s smooth=10.0s | cache hits=8 misses=7)
[38/110] PIREP at (55.73, -153.31) FL32000 2019-01-24 11:35:00 (cache: 163 images)
  SAVED /cluster/tufts/capstone25skyblue/scleme01/SatelliteTurbulencePrediction/model_inputs/2019_01/0000285.npz (17.6s total | fetch=15.4s project=0.1s smooth=1.4s | cache hits=14 misses=1)
[39/110] PIREP at (38.05, -84.47) FL24800 2019-01-24 12:04:00 (cache: 164 images)
  SAVED /cluster/tufts/capstone25skyblue/scleme01/SatelliteTurbulencePrediction/model_inputs/2019_01/0000286.npz (38.7s total | fetch=28.4s project=0.7s smooth=7.1s | cache hits=10 misses=5)
[40/110] PIREP at (39.18, -76.67) FL2000 2019-01-24 12:17:00 (cache: 169 images)
  SAVED /cluster/tufts/capstone25skyblue/scleme01/SatelliteTurbulencePrediction/model_inputs/2019_01/0000287.npz (40.2s total | fetch=33.9s project=0.4s smooth=4.3s | cache hits=12 misses=3)
[41/110] PIREP at (29.16, -80.17) FL13000 2019-01-24 13:10:00 (cache: 172 images)
  SAVED /cluster/tufts/capstone25skyblue/scleme01/SatelliteTurbulencePrediction/model_inputs/2019_01/0000288.npz (2031.5s total | fetch=2009.0s project=1.5s smooth=15.7s | cache hits=4 misses=11)
[42/110] PIREP at (28.83, -80.14) FL13000 2019-01-24 13:12:00 (cache: 183 images)
  SAVED /cluster/tufts/capstone25skyblue/scleme01/SatelliteTurbulencePrediction/model_inputs/2019_01/0000289.npz (0.2s total | fetch=0.0s project=0.0s smooth=0.0s | cache hits=15 misses=0)
[43/110] PIREP at (37.72, -78.89) FL11000 2019-01-24 13:24:00 (cache: 183 images)
  SAVED /cluster/tufts/capstone25skyblue/scleme01/SatelliteTurbulencePrediction/model_inputs/2019_01/0000715.npz (1708.7s total | fetch=1704.5s project=0.3s smooth=2.8s | cache hits=13 misses=2)
[44/110] PIREP at (27.49, -80.55) FL7000 2019-01-24 14:01:00 (cache: 185 images)
  SAVED /cluster/tufts/capstone25skyblue/scleme01/SatelliteTurbulencePrediction/model_inputs/2019_01/0000290.npz (6546.7s total | fetch=6530.2s project=1.1s smooth=11.5s | cache hits=7 misses=8)
[45/110] PIREP at (33.89, -109.10) FL40000 2019-01-24 14:09:00 (cache: 193 images)
  SAVED /cluster/tufts/capstone25skyblue/scleme01/SatelliteTurbulencePrediction/model_inputs/2019_01/0000489.npz (914.1s total | fetch=911.9s project=0.1s smooth=1.4s | cache hits=14 misses=1)
[46/110] PIREP at (35.33, -106.82) FL12000 2019-01-24 15:02:00 (cache: 194 images)
