Resetting environment
Deactivating conda environment (if any)
Purging all modules
Done! Environment has been torn down
Loading cuda and miniforge...
Activating conda environment...
Redirecting into the satellite repo...
Done! Environment has now been set up
Processing 2018/12 chunk [300:450]
Fetching satellite data for PIREPs in /cluster/tufts/capstone25skyblue/scleme01/SatelliteTurbulencePrediction/pireps/2018/12_turb_pireps.csv
Processing chunk [300:450] (150 PIREPs) from /cluster/tufts/capstone25skyblue/scleme01/SatelliteTurbulencePrediction/pireps/2018/12_turb_pireps.csv
[1/150] PIREP at (46.20, -64.38) FL32000 2018-12-15 01:50:00 (cache: 0 images)
  SAVED /cluster/tufts/capstone25skyblue/scleme01/SatelliteTurbulencePrediction/model_inputs/2018_12/0000125.npz (86.2s total | fetch=60.6s project=1.7s smooth=18.1s | cache hits=0 misses=15)
[2/150] PIREP at (40.69, -81.89) FL34000 2018-12-15 04:03:00 (cache: 15 images)
  SAVED /cluster/tufts/capstone25skyblue/scleme01/SatelliteTurbulencePrediction/model_inputs/2018_12/0000126.npz (107.5s total | fetch=82.3s project=1.6s smooth=17.8s | cache hits=0 misses=15)
[3/150] PIREP at (45.47, -73.74) FL37000 2018-12-15 04:20:00 (cache: 30 images)
  SAVED /cluster/tufts/capstone25skyblue/scleme01/SatelliteTurbulencePrediction/model_inputs/2018_12/0000128.npz (28.4s total | fetch=21.7s project=0.4s smooth=4.6s | cache hits=11 misses=4)
[4/150] PIREP at (46.35, -72.68) FL37000 2018-12-15 04:20:00 (cache: 34 images)
  SAVED /cluster/tufts/capstone25skyblue/scleme01/SatelliteTurbulencePrediction/model_inputs/2018_12/0000127.npz (0.1s total | fetch=0.0s project=0.0s smooth=0.0s | cache hits=15 misses=0)
[5/150] PIREP at (36.96, -86.42) FL28000 2018-12-15 05:15:00 (cache: 34 images)
  SAVED /cluster/tufts/capstone25skyblue/scleme01/SatelliteTurbulencePrediction/model_inputs/2018_12/0000129.npz (68.6s total | fetch=50.3s project=1.2s smooth=12.8s | cache hits=4 misses=11)
[6/150] PIREP at (46.47, -73.77) FL35000 2018-12-15 05:50:00 (cache: 45 images)
  SAVED /cluster/tufts/capstone25skyblue/scleme01/SatelliteTurbulencePrediction/model_inputs/2018_12/0000130.npz (42.3s total | fetch=30.5s project=0.8s smooth=8.3s | cache hits=8 misses=7)
[7/150] PIREP at (21.93, -159.06) FL10000 2018-12-15 07:18:00 (cache: 52 images)
  SAVED /cluster/tufts/capstone25skyblue/scleme01/SatelliteTurbulencePrediction/model_inputs/2018_12/0000796.npz (150.7s total | fetch=125.6s project=1.7s smooth=17.8s | cache hits=0 misses=15)
[8/150] PIREP at (47.13, -80.80) FL34000 2018-12-15 11:29:00 (cache: 67 images)
  SAVED /cluster/tufts/capstone25skyblue/scleme01/SatelliteTurbulencePrediction/model_inputs/2018_12/0000131.npz (106.8s total | fetch=81.9s project=1.6s smooth=17.5s | cache hits=0 misses=15)
[9/150] PIREP at (46.75, -72.52) FL33000 2018-12-15 12:09:00 (cache: 82 images)
  SAVED /cluster/tufts/capstone25skyblue/scleme01/SatelliteTurbulencePrediction/model_inputs/2018_12/0000132.npz (63.4s total | fetch=50.4s project=0.8s smooth=9.1s | cache hits=7 misses=8)
[10/150] PIREP at (46.79, -72.61) FL35000 2018-12-15 12:50:00 (cache: 90 images)
  SAVED /cluster/tufts/capstone25skyblue/scleme01/SatelliteTurbulencePrediction/model_inputs/2018_12/0000133.npz (1232.6s total | fetch=1217.8s project=1.0s smooth=10.3s | cache hits=6 misses=9)
[11/150] PIREP at (47.37, -73.02) FL36000 2018-12-15 13:13:00 (cache: 99 images)
  SAVED /cluster/tufts/capstone25skyblue/scleme01/SatelliteTurbulencePrediction/model_inputs/2018_12/0000134.npz (1536.5s total | fetch=1529.8s project=0.4s smooth=4.6s | cache hits=11 misses=4)
[12/150] PIREP at (31.95, -102.21) FL31000 2018-12-15 14:41:00 (cache: 103 images)
  SAVED /cluster/tufts/capstone25skyblue/scleme01/SatelliteTurbulencePrediction/model_inputs/2018_12/0000610.npz (6407.5s total | fetch=6382.7s project=1.6s smooth=17.4s | cache hits=0 misses=15)
[13/150] PIREP at (38.76, -86.20) FL20000 2018-12-15 15:00:00 (cache: 118 images)
  SAVED /cluster/tufts/capstone25skyblue/scleme01/SatelliteTurbulencePrediction/model_inputs/2018_12/0000632.npz (1942.1s total | fetch=1935.4s project=0.4s smooth=4.6s | cache hits=11 misses=4)
[14/150] PIREP at (39.35, -115.70) FL37000 2018-12-15 15:16:00 (cache: 122 images)
  SAVED /cluster/tufts/capstone25skyblue/scleme01/SatelliteTurbulencePrediction/model_inputs/2018_12/0000769.npz (1406.9s total | fetch=1401.9s project=0.3s smooth=3.4s | cache hits=12 misses=3)
[15/150] PIREP at (45.54, -83.14) FL30000 2018-12-15 15:21:00 (cache: 125 images)
  SAVED /cluster/tufts/capstone25skyblue/scleme01/SatelliteTurbulencePrediction/model_inputs/2018_12/0000135.npz (564.4s total | fetch=562.6s project=0.1s smooth=1.2s | cache hits=14 misses=1)
[16/150] PIREP at (35.35, -83.23) FL30000 2018-12-15 15:35:00 (cache: 126 images)
  SAVED /cluster/tufts/capstone25skyblue/scleme01/SatelliteTurbulencePrediction/model_inputs/2018_12/0000584.npz (1730.3s total | fetch=1725.3s project=0.3s smooth=3.4s | cache hits=12 misses=3)
[17/150] PIREP at (47.19, -73.97) FL28000 2018-12-15 16:30:00 (cache: 129 images)
  SAVED /cluster/tufts/capstone25skyblue/scleme01/SatelliteTurbulencePrediction/model_inputs/2018_12/0000136.npz (5490.5s total | fetch=5472.3s project=1.2s smooth=12.8s | cache hits=4 misses=11)
[18/150] PIREP at (47.18, -70.22) FL29000 2018-12-15 16:56:00 (cache: 140 images)
  SAVED /cluster/tufts/capstone25skyblue/scleme01/SatelliteTurbulencePrediction/model_inputs/2018_12/0000137.npz (2539.1s total | fetch=2530.7s project=0.5s smooth=5.8s | cache hits=10 misses=5)
[19/150] PIREP at (31.11, -83.96) FL2400 2018-12-15 16:58:00 (cache: 145 images)
  SAVED /cluster/tufts/capstone25skyblue/scleme01/SatelliteTurbulencePrediction/model_inputs/2018_12/0000138.npz (0.2s total | fetch=0.0s project=0.0s smooth=0.0s | cache hits=15 misses=0)
[20/150] PIREP at (28.55, -81.62) FL16000 2018-12-15 17:22:00 (cache: 145 images)
  SAVED /cluster/tufts/capstone25skyblue/scleme01/SatelliteTurbulencePrediction/model_inputs/2018_12/0000579.npz (2798.3s total | fetch=2790.0s project=0.5s smooth=5.7s | cache hits=10 misses=5)
[21/150] PIREP at (39.44, -81.37) FL21000 2018-12-15 18:46:00 (cache: 150 images)
  SAVED /cluster/tufts/capstone25skyblue/scleme01/SatelliteTurbulencePrediction/model_inputs/2018_12/0000139.npz (9280.6s total | fetch=9256.1s project=1.6s smooth=17.1s | cache hits=0 misses=15)
[22/150] PIREP at (39.44, -81.37) FL21000 2018-12-15 18:46:00 (cache: 165 images)
  SAVED /cluster/tufts/capstone25skyblue/scleme01/SatelliteTurbulencePrediction/model_inputs/2018_12/0000140.npz (0.2s total | fetch=0.0s project=0.0s smooth=0.0s | cache hits=15 misses=0)
[23/150] PIREP at (58.36, -135.38) FL5000 2018-12-15 19:00:00 (cache: 165 images)
  SAVED /cluster/tufts/capstone25skyblue/scleme01/SatelliteTurbulencePrediction/model_inputs/2018_12/0000142.npz (1953.7s total | fetch=1948.7s project=0.3s smooth=3.4s | cache hits=12 misses=3)
[24/150] PIREP at (58.36, -135.38) FL5000 2018-12-15 19:00:00 (cache: 168 images)
  SAVED /cluster/tufts/capstone25skyblue/scleme01/SatelliteTurbulencePrediction/model_inputs/2018_12/0000141.npz (0.1s total | fetch=0.0s project=0.0s smooth=0.0s | cache hits=15 misses=0)
[25/150] PIREP at (39.48, -81.69) FL27000 2018-12-15 19:21:00 (cache: 168 images)
  SAVED /cluster/tufts/capstone25skyblue/scleme01/SatelliteTurbulencePrediction/model_inputs/2018_12/0000143.npz (2592.1s total | fetch=2585.4s project=0.4s smooth=4.6s | cache hits=11 misses=4)
[26/150] PIREP at (45.94, -70.14) FL22000 2018-12-15 19:34:00 (cache: 172 images)
  SAVED /cluster/tufts/capstone25skyblue/scleme01/SatelliteTurbulencePrediction/model_inputs/2018_12/0000430.npz (1488.4s total | fetch=1485.0s project=0.2s smooth=2.3s | cache hits=13 misses=2)
[27/150] PIREP at (40.55, -73.19) FL9000 2018-12-15 20:11:00 (cache: 174 images)
  SAVED /cluster/tufts/capstone25skyblue/scleme01/SatelliteTurbulencePrediction/model_inputs/2018_12/0000144.npz (6371.2s total | fetch=6358.1s project=0.8s smooth=9.0s | cache hits=7 misses=8)
[28/150] PIREP at (30.97, -95.20) FL5000 2018-12-15 20:19:00 (cache: 182 images)
  SAVED /cluster/tufts/capstone25skyblue/scleme01/SatelliteTurbulencePrediction/model_inputs/2018_12/0000651.npz (709.2s total | fetch=707.4s project=0.1s smooth=1.1s | cache hits=14 misses=1)
[29/150] PIREP at (38.55, -77.52) FL20000 2018-12-15 20:31:00 (cache: 183 images)
  SAVED /cluster/tufts/capstone25skyblue/scleme01/SatelliteTurbulencePrediction/model_inputs/2018_12/0000145.npz (2378.1s total | fetch=2373.2s project=0.3s smooth=3.4s | cache hits=12 misses=3)
[30/150] PIREP at (42.69, -73.24) FL21000 2018-12-15 20:58:00 (cache: 186 images)
  SAVED /cluster/tufts/capstone25skyblue/scleme01/SatelliteTurbulencePrediction/model_inputs/2018_12/0000505.npz (4061.0s total | fetch=4052.8s project=0.5s smooth=5.6s | cache hits=10 misses=5)
[31/150] SKIPPING /cluster/tufts/capstone25skyblue/scleme01/SatelliteTurbulencePrediction/model_inputs/2018_12/0000146.npz (already exists)
[32/150] SKIPPING /cluster/tufts/capstone25skyblue/scleme01/SatelliteTurbulencePrediction/model_inputs/2018_12/0000147.npz (already exists)
[33/150] SKIPPING /cluster/tufts/capstone25skyblue/scleme01/SatelliteTurbulencePrediction/model_inputs/2018_12/0000148.npz (already exists)
[34/150] SKIPPING /cluster/tufts/capstone25skyblue/scleme01/SatelliteTurbulencePrediction/model_inputs/2018_12/0000149.npz (already exists)
[35/150] SKIPPING /cluster/tufts/capstone25skyblue/scleme01/SatelliteTurbulencePrediction/model_inputs/2018_12/0000150.npz (already exists)
[36/150] SKIPPING /cluster/tufts/capstone25skyblue/scleme01/SatelliteTurbulencePrediction/model_inputs/2018_12/0000151.npz (already exists)
[37/150] SKIPPING /cluster/tufts/capstone25skyblue/scleme01/SatelliteTurbulencePrediction/model_inputs/2018_12/0000152.npz (already exists)
[38/150] SKIPPING /cluster/tufts/capstone25skyblue/scleme01/SatelliteTurbulencePrediction/model_inputs/2018_12/0000153.npz (already exists)
[39/150] SKIPPING /cluster/tufts/capstone25skyblue/scleme01/SatelliteTurbulencePrediction/model_inputs/2018_12/0000547.npz (already exists)
[40/150] SKIPPING /cluster/tufts/capstone25skyblue/scleme01/SatelliteTurbulencePrediction/model_inputs/2018_12/0000775.npz (already exists)
[41/150] SKIPPING /cluster/tufts/capstone25skyblue/scleme01/SatelliteTurbulencePrediction/model_inputs/2018_12/0000154.npz (already exists)
[42/150] SKIPPING /cluster/tufts/capstone25skyblue/scleme01/SatelliteTurbulencePrediction/model_inputs/2018_12/0000519.npz (already exists)
[43/150] SKIPPING /cluster/tufts/capstone25skyblue/scleme01/SatelliteTurbulencePrediction/model_inputs/2018_12/0000639.npz (already exists)
[44/150] SKIPPING /cluster/tufts/capstone25skyblue/scleme01/SatelliteTurbulencePrediction/model_inputs/2018_12/0000155.npz (already exists)
[45/150] SKIPPING /cluster/tufts/capstone25skyblue/scleme01/SatelliteTurbulencePrediction/model_inputs/2018_12/0000807.npz (already exists)
[46/150] SKIPPING /cluster/tufts/capstone25skyblue/scleme01/SatelliteTurbulencePrediction/model_inputs/2018_12/0000492.npz (already exists)
[47/150] SKIPPING /cluster/tufts/capstone25skyblue/scleme01/SatelliteTurbulencePrediction/model_inputs/2018_12/0000641.npz (already exists)
[48/150] SKIPPING /cluster/tufts/capstone25skyblue/scleme01/SatelliteTurbulencePrediction/model_inputs/2018_12/0000591.npz (already exists)
[49/150] SKIPPING /cluster/tufts/capstone25skyblue/scleme01/SatelliteTurbulencePrediction/model_inputs/2018_12/0000156.npz (already exists)
[50/150] SKIPPING /cluster/tufts/capstone25skyblue/scleme01/SatelliteTurbulencePrediction/model_inputs/2018_12/0000440.npz (already exists)
[51/150] SKIPPING /cluster/tufts/capstone25skyblue/scleme01/SatelliteTurbulencePrediction/model_inputs/2018_12/0000580.npz (already exists)
[52/150] SKIPPING /cluster/tufts/capstone25skyblue/scleme01/SatelliteTurbulencePrediction/model_inputs/2018_12/0000414.npz (already exists)
[53/150] SKIPPING /cluster/tufts/capstone25skyblue/scleme01/SatelliteTurbulencePrediction/model_inputs/2018_12/0000722.npz (already exists)
[54/150] PIREP at (40.20, -74.50) FL8000 2018-12-16 18:11:00 (cache: 191 images)
