Resetting environment
Deactivating conda environment (if any)
Purging all modules
Done! Environment has been torn down
Allocating resources with slurm...
Loading cuda and miniforge...
Activating conda environment...
Redirecting into the satellite repo...
Done! Environment has now been set up
Processing 2019/06 chunk [300:450]
Fetching satellite data for PIREPs in /cluster/tufts/capstone25skyblue/scleme01/SatelliteTurbulencePrediction/pireps/2019/06_turb_pireps.csv
Processing chunk [300:450] (68 PIREPs) from /cluster/tufts/capstone25skyblue/scleme01/SatelliteTurbulencePrediction/pireps/2019/06_turb_pireps.csv
[1/68] PIREP at (56.84, -137.90) FL36000 2019-06-24 17:16:00 (cache: 0 images)
  SAVED /cluster/tufts/capstone25skyblue/scleme01/SatelliteTurbulencePrediction/model_inputs/2019_06/0000195.npz (8024.8s total | fetch=7997.0s project=1.8s smooth=19.5s | cache hits=0 misses=15)
[2/68] PIREP at (31.26, -96.81) FL10000 2019-06-24 19:30:00 (cache: 15 images)
  SAVED /cluster/tufts/capstone25skyblue/scleme01/SatelliteTurbulencePrediction/model_inputs/2019_06/0000142.npz (8375.9s total | fetch=8348.2s project=1.8s smooth=19.4s | cache hits=0 misses=15)
[3/68] PIREP at (31.26, -96.81) FL10000 2019-06-24 19:30:00 (cache: 30 images)
  SAVED /cluster/tufts/capstone25skyblue/scleme01/SatelliteTurbulencePrediction/model_inputs/2019_06/0000141.npz (0.2s total | fetch=0.0s project=0.0s smooth=0.0s | cache hits=15 misses=0)
[4/68] PIREP at (38.22, -78.14) FL2800 2019-06-24 22:38:00 (cache: 30 images)
  SAVED /cluster/tufts/capstone25skyblue/scleme01/SatelliteTurbulencePrediction/model_inputs/2019_06/0000143.npz (8954.9s total | fetch=8927.1s project=1.8s smooth=19.4s | cache hits=0 misses=15)
[5/68] PIREP at (32.77, -93.81) FL21000 2019-06-25 01:29:00 (cache: 45 images)
  SAVED /cluster/tufts/capstone25skyblue/scleme01/SatelliteTurbulencePrediction/model_inputs/2019_06/0000249.npz (5555.2s total | fetch=5527.5s project=1.8s smooth=19.3s | cache hits=0 misses=15)
[6/68] PIREP at (44.93, -80.38) FL33000 2019-06-25 05:29:00 (cache: 60 images)
  SAVED /cluster/tufts/capstone25skyblue/scleme01/SatelliteTurbulencePrediction/model_inputs/2019_06/0000144.npz (173.4s total | fetch=145.7s project=1.8s smooth=19.4s | cache hits=0 misses=15)
[7/68] PIREP at (36.49, -104.87) FL38000 2019-06-25 05:45:00 (cache: 75 images)
  SAVED /cluster/tufts/capstone25skyblue/scleme01/SatelliteTurbulencePrediction/model_inputs/2019_06/0000145.npz (47.1s total | fetch=39.5s project=0.5s smooth=5.1s | cache hits=11 misses=4)
[8/68] PIREP at (46.84, -92.19) FL38000 2019-06-25 10:14:00 (cache: 79 images)
  SAVED /cluster/tufts/capstone25skyblue/scleme01/SatelliteTurbulencePrediction/model_inputs/2019_06/0000276.npz (164.1s total | fetch=136.5s project=1.8s smooth=19.3s | cache hits=0 misses=15)
[9/68] PIREP at (32.30, -86.39) FL38000 2019-06-25 11:58:00 (cache: 94 images)
  SAVED /cluster/tufts/capstone25skyblue/scleme01/SatelliteTurbulencePrediction/model_inputs/2019_06/0000218.npz (4549.7s total | fetch=4522.0s project=1.8s smooth=19.3s | cache hits=0 misses=15)
[10/68] PIREP at (34.80, -96.67) FL4500 2019-06-25 12:48:00 (cache: 109 images)
  SAVED /cluster/tufts/capstone25skyblue/scleme01/SatelliteTurbulencePrediction/model_inputs/2019_06/0000220.npz (6551.5s total | fetch=6533.0s project=1.2s smooth=12.9s | cache hits=5 misses=10)
[11/68] PIREP at (33.22, -92.81) FL35000 2019-06-25 13:06:00 (cache: 119 images)
  SAVED /cluster/tufts/capstone25skyblue/scleme01/SatelliteTurbulencePrediction/model_inputs/2019_06/0000362.npz (3153.7s total | fetch=3146.2s project=0.5s smooth=5.1s | cache hits=11 misses=4)
[12/68] PIREP at (32.38, -94.91) FL30000 2019-06-25 13:08:00 (cache: 123 images)
  SAVED /cluster/tufts/capstone25skyblue/scleme01/SatelliteTurbulencePrediction/model_inputs/2019_06/0000337.npz (0.2s total | fetch=0.0s project=0.0s smooth=0.0s | cache hits=15 misses=0)
[13/68] PIREP at (30.21, -91.98) FL5000 2019-06-25 19:04:00 (cache: 123 images)
  SAVED /cluster/tufts/capstone25skyblue/scleme01/SatelliteTurbulencePrediction/model_inputs/2019_06/0000146.npz (14732.7s total | fetch=14705.0s project=1.8s smooth=19.3s | cache hits=0 misses=15)
[14/68] PIREP at (26.03, -81.05) FL16000 2019-06-25 20:57:00 (cache: 138 images)
