Resetting environment
Deactivating conda environment (if any)
Purging all modules
Done! Environment has been torn down
Loading cuda and miniforge...
Activating conda environment...
Redirecting into the satellite repo...
Done! Environment has now been set up
Processing 2017/07 chunk [150:300]
Fetching satellite data for PIREPs in /cluster/tufts/capstone25skyblue/scleme01/SatelliteTurbulencePrediction/pireps/2017/07_turb_pireps.csv
Processing chunk [150:300] (88 PIREPs) from /cluster/tufts/capstone25skyblue/scleme01/SatelliteTurbulencePrediction/pireps/2017/07_turb_pireps.csv
[1/88] PIREP at (27.96, -83.17) FL33000 2017-07-19 12:26:00 (cache: 0 images)
  SAVED /cluster/tufts/capstone25skyblue/scleme01/SatelliteTurbulencePrediction/model_inputs/2017_07/0000159.npz (5552.3s total | fetch=5529.4s project=1.7s smooth=16.4s | cache hits=0 misses=15)
[2/88] PIREP at (26.07, -80.21) FL500 2017-07-19 16:27:00 (cache: 15 images)
  SAVED /cluster/tufts/capstone25skyblue/scleme01/SatelliteTurbulencePrediction/model_inputs/2017_07/0000145.npz (7257.0s total | fetch=7234.2s project=1.7s smooth=16.3s | cache hits=0 misses=15)
[3/88] PIREP at (31.63, -94.58) FL28000 2017-07-19 16:59:00 (cache: 30 images)
  SAVED /cluster/tufts/capstone25skyblue/scleme01/SatelliteTurbulencePrediction/model_inputs/2017_07/0000198.npz (3334.5s total | fetch=3325.3s project=0.7s smooth=6.5s | cache hits=9 misses=6)
[4/88] PIREP at (65.08, -146.64) FL7500 2017-07-19 17:22:00 (cache: 36 images)
  SAVED /cluster/tufts/capstone25skyblue/scleme01/SatelliteTurbulencePrediction/model_inputs/2017_07/0000207.npz (2668.2s total | fetch=2660.4s project=0.6s smooth=5.6s | cache hits=10 misses=5)
[5/88] PIREP at (37.56, -78.81) FL14000 2017-07-19 18:43:00 (cache: 41 images)
  SAVED /cluster/tufts/capstone25skyblue/scleme01/SatelliteTurbulencePrediction/model_inputs/2017_07/0000080.npz (7964.4s total | fetch=7941.4s project=1.7s smooth=16.5s | cache hits=0 misses=15)
[6/88] PIREP at (43.43, -71.44) FL8500 2017-07-19 20:36:00 (cache: 56 images)
  SAVED /cluster/tufts/capstone25skyblue/scleme01/SatelliteTurbulencePrediction/model_inputs/2017_07/0000197.npz (9589.6s total | fetch=9566.9s project=1.7s smooth=16.2s | cache hits=0 misses=15)
[7/88] PIREP at (43.85, -93.37) FL18000 2017-07-19 21:11:00 (cache: 71 images)
  SAVED /cluster/tufts/capstone25skyblue/scleme01/SatelliteTurbulencePrediction/model_inputs/2017_07/0000081.npz (4310.8s total | fetch=4300.1s project=0.8s smooth=7.5s | cache hits=8 misses=7)
[8/88] PIREP at (48.03, -69.39) FL16000 2017-07-19 21:17:00 (cache: 78 images)
  SAVED /cluster/tufts/capstone25skyblue/scleme01/SatelliteTurbulencePrediction/model_inputs/2017_07/0000082.npz (759.1s total | fetch=757.5s project=0.1s smooth=1.1s | cache hits=14 misses=1)
[9/88] PIREP at (47.47, -76.91) FL10000 2017-07-20 00:15:00 (cache: 79 images)
  SAVED /cluster/tufts/capstone25skyblue/scleme01/SatelliteTurbulencePrediction/model_inputs/2017_07/0000083.npz (11223.5s total | fetch=11201.3s project=1.6s smooth=15.9s | cache hits=0 misses=15)
[10/88] PIREP at (46.35, -73.42) FL35000 2017-07-20 01:05:00 (cache: 94 images)
  SAVED /cluster/tufts/capstone25skyblue/scleme01/SatelliteTurbulencePrediction/model_inputs/2017_07/0000084.npz (7734.3s total | fetch=7719.2s project=1.1s smooth=10.8s | cache hits=5 misses=10)
[11/88] PIREP at (46.41, -75.04) FL35000 2017-07-20 01:25:00 (cache: 104 images)
  SAVED /cluster/tufts/capstone25skyblue/scleme01/SatelliteTurbulencePrediction/model_inputs/2017_07/0000085.npz (3033.1s total | fetch=3027.0s project=0.4s smooth=4.3s | cache hits=11 misses=4)
[12/88] PIREP at (41.24, -89.78) FL3000 2017-07-20 12:20:00 (cache: 108 images)
