Resetting environment
Deactivating conda environment (if any)
Purging all modules
Done! Environment has been torn down
Loading cuda and miniforge...
Activating conda environment...
Redirecting into the satellite repo...
Done! Environment has now been set up
Processing 2017/04 chunk [150:300]
Fetching satellite data for PIREPs in /cluster/tufts/capstone25skyblue/scleme01/SatelliteTurbulencePrediction/pireps/2017/04_turb_pireps.csv
Processing chunk [150:300] (150 PIREPs) from /cluster/tufts/capstone25skyblue/scleme01/SatelliteTurbulencePrediction/pireps/2017/04_turb_pireps.csv
[1/150] PIREP at (60.33, -150.65) FL4500 2017-04-11 22:10:00 (cache: 0 images)
  SAVED /cluster/tufts/capstone25skyblue/scleme01/SatelliteTurbulencePrediction/model_inputs/2017_04/0000349.npz (6406.4s total | fetch=6383.7s project=1.7s smooth=16.4s | cache hits=0 misses=15)
[2/150] PIREP at (34.87, -118.85) FL10500 2017-04-11 22:26:00 (cache: 15 images)
  SAVED /cluster/tufts/capstone25skyblue/scleme01/SatelliteTurbulencePrediction/model_inputs/2017_04/0000416.npz (1333.5s total | fetch=1328.8s project=0.3s smooth=3.3s | cache hits=12 misses=3)
[3/150] PIREP at (64.59, -149.95) FL3500 2017-04-12 00:43:00 (cache: 18 images)
  SAVED /cluster/tufts/capstone25skyblue/scleme01/SatelliteTurbulencePrediction/model_inputs/2017_04/0000376.npz (4602.1s total | fetch=4579.2s project=1.7s smooth=16.5s | cache hits=0 misses=15)
[4/150] PIREP at (49.45, -60.92) FL34000 2017-04-12 01:37:00 (cache: 33 images)
  SAVED /cluster/tufts/capstone25skyblue/scleme01/SatelliteTurbulencePrediction/model_inputs/2017_04/0000079.npz (105.1s total | fetch=88.2s project=1.2s smooth=12.1s | cache hits=4 misses=11)
[5/150] PIREP at (41.53, -92.65) FL35000 2017-04-12 02:29:00 (cache: 44 images)
  SAVED /cluster/tufts/capstone25skyblue/scleme01/SatelliteTurbulencePrediction/model_inputs/2017_04/0000270.npz (64.7s total | fetch=49.6s project=1.1s smooth=10.8s | cache hits=5 misses=10)
[6/150] PIREP at (39.73, -86.56) FL32000 2017-04-12 06:15:00 (cache: 54 images)
  SAVED /cluster/tufts/capstone25skyblue/scleme01/SatelliteTurbulencePrediction/model_inputs/2017_04/0000080.npz (126.5s total | fetch=103.8s project=1.7s smooth=16.4s | cache hits=0 misses=15)
[7/150] PIREP at (39.81, -86.59) FL32000 2017-04-12 06:15:00 (cache: 69 images)
  SAVED /cluster/tufts/capstone25skyblue/scleme01/SatelliteTurbulencePrediction/model_inputs/2017_04/0000081.npz (0.1s total | fetch=0.0s project=0.0s smooth=0.0s | cache hits=15 misses=0)
[8/150] PIREP at (36.10, -79.94) FL35000 2017-04-12 13:25:00 (cache: 69 images)
  SAVED /cluster/tufts/capstone25skyblue/scleme01/SatelliteTurbulencePrediction/model_inputs/2017_04/0000406.npz (7009.2s total | fetch=6986.2s project=1.7s smooth=16.5s | cache hits=0 misses=15)
[9/150] PIREP at (29.47, -81.21) FL3000 2017-04-12 13:28:00 (cache: 84 images)
  SAVED /cluster/tufts/capstone25skyblue/scleme01/SatelliteTurbulencePrediction/model_inputs/2017_04/0000405.npz (0.2s total | fetch=0.0s project=0.0s smooth=0.0s | cache hits=15 misses=0)
[10/150] PIREP at (39.06, -86.62) FL12500 2017-04-12 13:45:00 (cache: 84 images)
  SAVED /cluster/tufts/capstone25skyblue/scleme01/SatelliteTurbulencePrediction/model_inputs/2017_04/0000326.npz (2088.8s total | fetch=2082.5s project=0.4s smooth=4.4s | cache hits=11 misses=4)
[11/150] PIREP at (66.88, -162.00) FL6500 2017-04-12 16:00:00 (cache: 88 images)
  SAVED /cluster/tufts/capstone25skyblue/scleme01/SatelliteTurbulencePrediction/model_inputs/2017_04/0000288.npz (8388.5s total | fetch=8365.8s project=1.6s smooth=16.3s | cache hits=0 misses=15)
[12/150] PIREP at (33.45, -93.99) FL2100 2017-04-12 17:23:00 (cache: 103 images)
  SAVED /cluster/tufts/capstone25skyblue/scleme01/SatelliteTurbulencePrediction/model_inputs/2017_04/0000249.npz (9841.9s total | fetch=9819.2s project=1.7s smooth=16.2s | cache hits=0 misses=15)
[13/150] PIREP at (45.25, -122.77) FL2000 2017-04-12 17:31:00 (cache: 118 images)
  SAVED /cluster/tufts/capstone25skyblue/scleme01/SatelliteTurbulencePrediction/model_inputs/2017_04/0000439.npz (1390.5s total | fetch=1387.4s project=0.2s smooth=2.1s | cache hits=13 misses=2)
[14/150] PIREP at (41.26, -94.88) FL5000 2017-04-12 19:47:00 (cache: 120 images)
  SAVED /cluster/tufts/capstone25skyblue/scleme01/SatelliteTurbulencePrediction/model_inputs/2017_04/0000082.npz (12132.6s total | fetch=12110.2s project=1.6s smooth=16.0s | cache hits=0 misses=15)
[15/150] PIREP at (34.19, -100.70) FL34000 2017-04-12 20:39:00 (cache: 135 images)
  SAVED /cluster/tufts/capstone25skyblue/scleme01/SatelliteTurbulencePrediction/model_inputs/2017_04/0000469.npz (8533.3s total | fetch=8518.3s project=1.1s smooth=10.7s | cache hits=5 misses=10)
[16/150] PIREP at (34.08, -105.32) FL12000 2017-04-12 21:17:00 (cache: 145 images)
