Resetting environment
Deactivating conda environment (if any)
Purging all modules
Done! Environment has been torn down
Loading cuda and miniforge...
Activating conda environment...
Redirecting into the satellite repo...
Done! Environment has now been set up
Processing 2023/08 chunk [0:110]
Fetching satellite data for PIREPs in /cluster/tufts/capstone25skyblue/scleme01/SatelliteTurbulencePrediction/pireps/2023/08_turb_pireps.csv
Processing chunk [0:110] (110 PIREPs) from /cluster/tufts/capstone25skyblue/scleme01/SatelliteTurbulencePrediction/pireps/2023/08_turb_pireps.csv
[1/110] SKIPPING /cluster/tufts/capstone25skyblue/scleme01/SatelliteTurbulencePrediction/model_inputs/2023_08/0000000.npz (already exists)
[2/110] SKIPPING /cluster/tufts/capstone25skyblue/scleme01/SatelliteTurbulencePrediction/model_inputs/2023_08/0000001.npz (already exists)
[3/110] PIREP at (28.87, -82.57) FL20000 2023-08-01 12:13:00 (cache: 0 images)
  SAVED /cluster/tufts/capstone25skyblue/scleme01/SatelliteTurbulencePrediction/model_inputs/2023_08/0000224.npz (235.1s total | fetch=204.0s project=2.1s smooth=21.6s | cache hits=0 misses=15)
[4/110] SKIPPING /cluster/tufts/capstone25skyblue/scleme01/SatelliteTurbulencePrediction/model_inputs/2023_08/0000002.npz (already exists)
[5/110] PIREP at (30.39, -84.35) FL32000 2023-08-01 12:19:00 (cache: 15 images)
  SAVED /cluster/tufts/capstone25skyblue/scleme01/SatelliteTurbulencePrediction/model_inputs/2023_08/0000286.npz (6.9s total | fetch=4.6s project=0.1s smooth=1.4s | cache hits=14 misses=1)
[6/110] PIREP at (47.50, 179.50) FL37000 2023-08-01 17:08:00 (cache: 16 images)
  SAVED /cluster/tufts/capstone25skyblue/scleme01/SatelliteTurbulencePrediction/model_inputs/2023_08/0000176.npz (16869.6s total | fetch=16839.3s project=2.0s smooth=21.1s | cache hits=0 misses=15)
[7/110] PIREP at (26.13, -80.35) FL12000 2023-08-01 17:23:00 (cache: 31 images)
