Resetting environment
Deactivating conda environment (if any)
Purging all modules
Done! Environment has been torn down
Allocating resources with slurm...
Loading cuda and miniforge...
Activating conda environment...
Redirecting into the satellite repo...
Done! Environment has now been set up
Processing 2020/01 chunk [450:600]
Fetching satellite data for PIREPs in /cluster/tufts/capstone25skyblue/scleme01/SatelliteTurbulencePrediction/pireps/2020/01_turb_pireps.csv
Processing chunk [450:600] (150 PIREPs) from /cluster/tufts/capstone25skyblue/scleme01/SatelliteTurbulencePrediction/pireps/2020/01_turb_pireps.csv
[1/150] SKIPPING /cluster/tufts/capstone25skyblue/scleme01/SatelliteTurbulencePrediction/model_inputs/2020_01/0000627.npz (already exists)
[2/150] SKIPPING /cluster/tufts/capstone25skyblue/scleme01/SatelliteTurbulencePrediction/model_inputs/2020_01/0000640.npz (already exists)
[3/150] SKIPPING /cluster/tufts/capstone25skyblue/scleme01/SatelliteTurbulencePrediction/model_inputs/2020_01/0000620.npz (already exists)
[4/150] SKIPPING /cluster/tufts/capstone25skyblue/scleme01/SatelliteTurbulencePrediction/model_inputs/2020_01/0000263.npz (already exists)
[5/150] SKIPPING /cluster/tufts/capstone25skyblue/scleme01/SatelliteTurbulencePrediction/model_inputs/2020_01/0000264.npz (already exists)
[6/150] SKIPPING /cluster/tufts/capstone25skyblue/scleme01/SatelliteTurbulencePrediction/model_inputs/2020_01/0000734.npz (already exists)
[7/150] SKIPPING /cluster/tufts/capstone25skyblue/scleme01/SatelliteTurbulencePrediction/model_inputs/2020_01/0000265.npz (already exists)
[8/150] SKIPPING /cluster/tufts/capstone25skyblue/scleme01/SatelliteTurbulencePrediction/model_inputs/2020_01/0000458.npz (already exists)
[9/150] PIREP at (34.83, -107.06) FL35000 2020-01-16 21:54:00 (cache: 0 images)
  SAVED /cluster/tufts/capstone25skyblue/scleme01/SatelliteTurbulencePrediction/model_inputs/2020_01/0000526.npz (9185.8s total | fetch=9154.7s project=2.1s smooth=21.7s | cache hits=0 misses=15)
[10/150] PIREP at (32.16, -98.08) FL9000 2020-01-16 22:00:00 (cache: 15 images)
  SAVED /cluster/tufts/capstone25skyblue/scleme01/SatelliteTurbulencePrediction/model_inputs/2020_01/0000266.npz (1067.9s total | fetch=1063.6s project=0.3s smooth=2.9s | cache hits=13 misses=2)
[11/150] PIREP at (32.16, -98.08) FL9000 2020-01-16 22:00:00 (cache: 17 images)
  SAVED /cluster/tufts/capstone25skyblue/scleme01/SatelliteTurbulencePrediction/model_inputs/2020_01/0000267.npz (0.2s total | fetch=0.0s project=0.0s smooth=0.0s | cache hits=15 misses=0)
[12/150] PIREP at (39.01, -77.03) FL11000 2020-01-16 22:17:00 (cache: 17 images)
  SAVED /cluster/tufts/capstone25skyblue/scleme01/SatelliteTurbulencePrediction/model_inputs/2020_01/0000268.npz (1824.7s total | fetch=1818.4s project=0.4s smooth=4.3s | cache hits=12 misses=3)
[13/150] PIREP at (37.13, -79.97) FL6000 2020-01-16 23:02:00 (cache: 20 images)
  SAVED /cluster/tufts/capstone25skyblue/scleme01/SatelliteTurbulencePrediction/model_inputs/2020_01/0000269.npz (5754.0s total | fetch=5735.7s project=1.2s smooth=12.7s | cache hits=6 misses=9)
[14/150] PIREP at (33.29, -98.34) FL18000 2020-01-16 23:40:00 (cache: 29 images)
  SAVED /cluster/tufts/capstone25skyblue/scleme01/SatelliteTurbulencePrediction/model_inputs/2020_01/0000270.npz (975.1s total | fetch=958.9s project=1.1s smooth=11.2s | cache hits=7 misses=8)
[15/150] PIREP at (33.29, -98.34) FL18000 2020-01-16 23:40:00 (cache: 37 images)
  SAVED /cluster/tufts/capstone25skyblue/scleme01/SatelliteTurbulencePrediction/model_inputs/2020_01/0000271.npz (0.2s total | fetch=0.0s project=0.0s smooth=0.0s | cache hits=15 misses=0)
[16/150] PIREP at (44.18, -95.53) FL35000 2020-01-16 23:57:00 (cache: 37 images)
  SAVED /cluster/tufts/capstone25skyblue/scleme01/SatelliteTurbulencePrediction/model_inputs/2020_01/0000705.npz (17.9s total | fetch=11.7s project=0.4s smooth=4.2s | cache hits=12 misses=3)
[17/150] PIREP at (36.07, -101.70) FL35000 2020-01-17 00:05:00 (cache: 40 images)
  SAVED /cluster/tufts/capstone25skyblue/scleme01/SatelliteTurbulencePrediction/model_inputs/2020_01/0000427.npz (13.9s total | fetch=9.7s project=0.3s smooth=2.8s | cache hits=13 misses=2)
[18/150] PIREP at (37.15, -78.31) FL8000 2020-01-17 00:12:00 (cache: 42 images)
  SAVED /cluster/tufts/capstone25skyblue/scleme01/SatelliteTurbulencePrediction/model_inputs/2020_01/0000272.npz (7.4s total | fetch=5.2s project=0.1s smooth=1.4s | cache hits=14 misses=1)
[19/150] PIREP at (33.18, -98.07) FL10000 2020-01-17 00:51:00 (cache: 43 images)
  SAVED /cluster/tufts/capstone25skyblue/scleme01/SatelliteTurbulencePrediction/model_inputs/2020_01/0000274.npz (72.5s total | fetch=56.3s project=1.1s smooth=11.2s | cache hits=7 misses=8)
[20/150] PIREP at (33.18, -98.07) FL10000 2020-01-17 00:51:00 (cache: 51 images)
  SAVED /cluster/tufts/capstone25skyblue/scleme01/SatelliteTurbulencePrediction/model_inputs/2020_01/0000273.npz (0.2s total | fetch=0.0s project=0.0s smooth=0.0s | cache hits=15 misses=0)
[21/150] PIREP at (33.22, -93.21) FL37000 2020-01-17 00:56:00 (cache: 51 images)
  SAVED /cluster/tufts/capstone25skyblue/scleme01/SatelliteTurbulencePrediction/model_inputs/2020_01/0000644.npz (9.7s total | fetch=7.5s project=0.1s smooth=1.4s | cache hits=14 misses=1)
[22/150] PIREP at (37.48, -79.28) FL7000 2020-01-17 01:05:00 (cache: 52 images)
  SAVED /cluster/tufts/capstone25skyblue/scleme01/SatelliteTurbulencePrediction/model_inputs/2020_01/0000275.npz (18.4s total | fetch=14.2s project=0.3s smooth=2.8s | cache hits=13 misses=2)
[23/150] PIREP at (33.92, -116.85) FL5500 2020-01-17 01:15:00 (cache: 54 images)
  SAVED /cluster/tufts/capstone25skyblue/scleme01/SatelliteTurbulencePrediction/model_inputs/2020_01/0000276.npz (23.0s total | fetch=18.8s project=0.3s smooth=2.8s | cache hits=13 misses=2)
[24/150] PIREP at (42.99, -106.27) FL8000 2020-01-17 02:27:00 (cache: 56 images)
  SAVED /cluster/tufts/capstone25skyblue/scleme01/SatelliteTurbulencePrediction/model_inputs/2020_01/0000278.npz (131.6s total | fetch=103.1s project=1.9s smooth=19.8s | cache hits=1 misses=14)
[25/150] PIREP at (42.99, -106.27) FL8000 2020-01-17 02:27:00 (cache: 70 images)
  SAVED /cluster/tufts/capstone25skyblue/scleme01/SatelliteTurbulencePrediction/model_inputs/2020_01/0000277.npz (0.2s total | fetch=0.0s project=0.0s smooth=0.0s | cache hits=15 misses=0)
[26/150] PIREP at (40.58, -74.74) FL5000 2020-01-17 11:48:00 (cache: 70 images)
  SAVED /cluster/tufts/capstone25skyblue/scleme01/SatelliteTurbulencePrediction/model_inputs/2020_01/0000279.npz (181.9s total | fetch=151.5s project=2.0s smooth=21.1s | cache hits=0 misses=15)
[27/150] PIREP at (41.34, -70.04) FL2000 2020-01-17 11:49:00 (cache: 85 images)
  SAVED /cluster/tufts/capstone25skyblue/scleme01/SatelliteTurbulencePrediction/model_inputs/2020_01/0000517.npz (0.2s total | fetch=0.0s project=0.0s smooth=0.0s | cache hits=15 misses=0)
[28/150] PIREP at (36.44, -82.13) FL34000 2020-01-17 11:58:00 (cache: 85 images)
  SAVED /cluster/tufts/capstone25skyblue/scleme01/SatelliteTurbulencePrediction/model_inputs/2020_01/0000732.npz (14.4s total | fetch=10.2s project=0.3s smooth=2.8s | cache hits=13 misses=2)
[29/150] PIREP at (46.03, -91.44) FL31000 2020-01-17 12:39:00 (cache: 87 images)
  SAVED /cluster/tufts/capstone25skyblue/scleme01/SatelliteTurbulencePrediction/model_inputs/2020_01/0000490.npz (97.0s total | fetch=80.9s project=1.1s smooth=11.2s | cache hits=7 misses=8)
[30/150] PIREP at (36.74, -104.87) FL12000 2020-01-17 15:49:00 (cache: 95 images)
  SAVED /cluster/tufts/capstone25skyblue/scleme01/SatelliteTurbulencePrediction/model_inputs/2020_01/0000280.npz (12993.9s total | fetch=12963.6s project=2.0s smooth=21.1s | cache hits=0 misses=15)
[31/150] PIREP at (42.91, -112.60) FL6000 2020-01-17 15:50:00 (cache: 110 images)
  SAVED /cluster/tufts/capstone25skyblue/scleme01/SatelliteTurbulencePrediction/model_inputs/2020_01/0000636.npz (964.6s total | fetch=962.4s project=0.1s smooth=1.4s | cache hits=14 misses=1)
[32/150] PIREP at (42.48, -114.49) FL25000 2020-01-17 16:23:00 (cache: 111 images)
  SAVED /cluster/tufts/capstone25skyblue/scleme01/SatelliteTurbulencePrediction/model_inputs/2020_01/0000591.npz (5737.7s total | fetch=5725.5s project=0.8s smooth=8.4s | cache hits=9 misses=6)
[33/150] PIREP at (39.72, -97.31) FL36000 2020-01-17 16:38:00 (cache: 117 images)
  SAVED /cluster/tufts/capstone25skyblue/scleme01/SatelliteTurbulencePrediction/model_inputs/2020_01/0000752.npz (3023.8s total | fetch=3017.6s project=0.4s smooth=4.2s | cache hits=12 misses=3)
[34/150] PIREP at (33.57, -107.30) FL32000 2020-01-17 17:39:00 (cache: 120 images)
