Resetting environment
Deactivating conda environment (if any)
Purging all modules
Done! Environment has been torn down
Loading cuda and miniforge...
Activating conda environment...
Redirecting into the satellite repo...
Done! Environment has now been set up
Processing 2020/04 chunk [110:220]
Fetching satellite data for PIREPs in /cluster/tufts/capstone25skyblue/scleme01/SatelliteTurbulencePrediction/pireps/2020/04_turb_pireps.csv
Processing chunk [110:220] (94 PIREPs) from /cluster/tufts/capstone25skyblue/scleme01/SatelliteTurbulencePrediction/pireps/2020/04_turb_pireps.csv
[1/94] PIREP at (64.51, -165.44) FL2200 2020-04-20 16:09:00 (cache: 0 images)
  SAVED /cluster/tufts/capstone25skyblue/scleme01/SatelliteTurbulencePrediction/model_inputs/2020_04/0000122.npz (11727.7s total | fetch=11703.6s project=1.6s smooth=16.9s | cache hits=0 misses=15)
[2/94] PIREP at (47.39, -121.53) FL5500 2020-04-20 18:50:00 (cache: 15 images)
  SAVED /cluster/tufts/capstone25skyblue/scleme01/SatelliteTurbulencePrediction/model_inputs/2020_04/0000113.npz (14027.2s total | fetch=14003.0s project=1.6s smooth=16.8s | cache hits=0 misses=15)
[3/94] PIREP at (46.00, -50.00) FL35000 2020-04-20 19:57:00 (cache: 30 images)
  SAVED /cluster/tufts/capstone25skyblue/scleme01/SatelliteTurbulencePrediction/model_inputs/2020_04/0000053.npz (13459.9s total | fetch=13439.1s project=1.4s smooth=14.5s | cache hits=2 misses=13)
[4/94] PIREP at (27.22, -80.40) FL21000 2020-04-20 22:05:00 (cache: 43 images)
  SAVED /cluster/tufts/capstone25skyblue/scleme01/SatelliteTurbulencePrediction/model_inputs/2020_04/0000136.npz (14399.7s total | fetch=14375.7s project=1.6s smooth=16.6s | cache hits=0 misses=15)
[5/94] PIREP at (51.10, -114.91) FL8500 2020-04-20 22:55:00 (cache: 58 images)
  SAVED /cluster/tufts/capstone25skyblue/scleme01/SatelliteTurbulencePrediction/model_inputs/2020_04/0000054.npz (9120.5s total | fetch=9104.6s project=1.0s smooth=11.0s | cache hits=5 misses=10)
[6/94] PIREP at (42.85, -99.12) FL39000 2020-04-21 02:05:00 (cache: 68 images)
  SAVED /cluster/tufts/capstone25skyblue/scleme01/SatelliteTurbulencePrediction/model_inputs/2020_04/0000139.npz (193.9s total | fetch=170.1s project=1.6s smooth=16.6s | cache hits=0 misses=15)
[7/94] PIREP at (58.35, -134.57) FL700 2020-04-21 03:14:00 (cache: 83 images)
  SAVED /cluster/tufts/capstone25skyblue/scleme01/SatelliteTurbulencePrediction/model_inputs/2020_04/0000105.npz (112.2s total | fetch=91.3s project=1.4s smooth=14.6s | cache hits=2 misses=13)
[8/94] PIREP at (37.45, -117.52) FL33000 2020-04-21 14:47:00 (cache: 96 images)
  SAVED /cluster/tufts/capstone25skyblue/scleme01/SatelliteTurbulencePrediction/model_inputs/2020_04/0000188.npz (12798.5s total | fetch=12774.5s project=1.6s smooth=16.7s | cache hits=0 misses=15)
[9/94] PIREP at (43.78, -82.99) FL36000 2020-04-21 16:30:00 (cache: 111 images)
