Resetting environment
Deactivating conda environment (if any)
Purging all modules
Done! Environment has been torn down
Loading cuda and miniforge...
Activating conda environment...
Redirecting into the satellite repo...
Done! Environment has now been set up
Processing 2017/03 chunk [0:110]
Fetching satellite data for PIREPs in /cluster/tufts/capstone25skyblue/scleme01/SatelliteTurbulencePrediction/pireps/2017/03_turb_pireps.csv
Processing chunk [0:110] (110 PIREPs) from /cluster/tufts/capstone25skyblue/scleme01/SatelliteTurbulencePrediction/pireps/2017/03_turb_pireps.csv
[1/110] PIREP at (34.18, -103.68) FL32000 2017-03-01 02:25:00 (cache: 0 images)
  SAVED /cluster/tufts/capstone25skyblue/scleme01/SatelliteTurbulencePrediction/model_inputs/2017_03/0000332.npz (175.1s total | fetch=147.6s project=2.0s smooth=19.6s | cache hits=0 misses=15)
[2/110] PIREP at (66.89, -159.74) FL8500 2017-03-01 02:30:00 (cache: 15 images)
  SAVED /cluster/tufts/capstone25skyblue/scleme01/SatelliteTurbulencePrediction/model_inputs/2017_03/0000429.npz (8.7s total | fetch=6.8s project=0.1s smooth=1.3s | cache hits=14 misses=1)
[3/110] SKIPPING /cluster/tufts/capstone25skyblue/scleme01/SatelliteTurbulencePrediction/model_inputs/2017_03/0000000.npz (already exists)
[4/110] PIREP at (47.81, -120.31) FL40000 2017-03-01 02:42:00 (cache: 16 images)
  SAVED /cluster/tufts/capstone25skyblue/scleme01/SatelliteTurbulencePrediction/model_inputs/2017_03/0000600.npz (23.3s total | fetch=19.5s project=0.3s smooth=2.6s | cache hits=13 misses=2)
[5/110] SKIPPING /cluster/tufts/capstone25skyblue/scleme01/SatelliteTurbulencePrediction/model_inputs/2017_03/0000001.npz (already exists)
[6/110] SKIPPING /cluster/tufts/capstone25skyblue/scleme01/SatelliteTurbulencePrediction/model_inputs/2017_03/0000002.npz (already exists)
[7/110] SKIPPING /cluster/tufts/capstone25skyblue/scleme01/SatelliteTurbulencePrediction/model_inputs/2017_03/0000003.npz (already exists)
[8/110] SKIPPING /cluster/tufts/capstone25skyblue/scleme01/SatelliteTurbulencePrediction/model_inputs/2017_03/0000004.npz (already exists)
[9/110] SKIPPING /cluster/tufts/capstone25skyblue/scleme01/SatelliteTurbulencePrediction/model_inputs/2017_03/0000005.npz (already exists)
[10/110] SKIPPING /cluster/tufts/capstone25skyblue/scleme01/SatelliteTurbulencePrediction/model_inputs/2017_03/0000006.npz (already exists)
[11/110] SKIPPING /cluster/tufts/capstone25skyblue/scleme01/SatelliteTurbulencePrediction/model_inputs/2017_03/0000007.npz (already exists)
[12/110] PIREP at (39.90, -82.59) FL11000 2017-03-01 13:00:00 (cache: 18 images)
  SAVED /cluster/tufts/capstone25skyblue/scleme01/SatelliteTurbulencePrediction/model_inputs/2017_03/0000315.npz (178.6s total | fetch=151.2s project=2.0s smooth=19.6s | cache hits=0 misses=15)
[13/110] SKIPPING /cluster/tufts/capstone25skyblue/scleme01/SatelliteTurbulencePrediction/model_inputs/2017_03/0000008.npz (already exists)
[14/110] SKIPPING /cluster/tufts/capstone25skyblue/scleme01/SatelliteTurbulencePrediction/model_inputs/2017_03/0000009.npz (already exists)
[15/110] PIREP at (42.95, -89.04) FL30000 2017-03-01 13:36:00 (cache: 33 images)
  SAVED /cluster/tufts/capstone25skyblue/scleme01/SatelliteTurbulencePrediction/model_inputs/2017_03/0000331.npz (4977.1s total | fetch=4964.0s project=1.0s smooth=9.3s | cache hits=8 misses=7)
[16/110] PIREP at (40.92, -103.67) FL6500 2017-03-01 13:49:00 (cache: 40 images)
  SAVED /cluster/tufts/capstone25skyblue/scleme01/SatelliteTurbulencePrediction/model_inputs/2017_03/0000495.npz (1691.6s total | fetch=1687.7s project=0.3s smooth=2.6s | cache hits=13 misses=2)
[17/110] SKIPPING /cluster/tufts/capstone25skyblue/scleme01/SatelliteTurbulencePrediction/model_inputs/2017_03/0000010.npz (already exists)
[18/110] SKIPPING /cluster/tufts/capstone25skyblue/scleme01/SatelliteTurbulencePrediction/model_inputs/2017_03/0000011.npz (already exists)
[19/110] SKIPPING /cluster/tufts/capstone25skyblue/scleme01/SatelliteTurbulencePrediction/model_inputs/2017_03/0000012.npz (already exists)
[20/110] SKIPPING /cluster/tufts/capstone25skyblue/scleme01/SatelliteTurbulencePrediction/model_inputs/2017_03/0000013.npz (already exists)
[21/110] SKIPPING /cluster/tufts/capstone25skyblue/scleme01/SatelliteTurbulencePrediction/model_inputs/2017_03/0000014.npz (already exists)
[22/110] SKIPPING /cluster/tufts/capstone25skyblue/scleme01/SatelliteTurbulencePrediction/model_inputs/2017_03/0000015.npz (already exists)
[23/110] SKIPPING /cluster/tufts/capstone25skyblue/scleme01/SatelliteTurbulencePrediction/model_inputs/2017_03/0000016.npz (already exists)
[24/110] SKIPPING /cluster/tufts/capstone25skyblue/scleme01/SatelliteTurbulencePrediction/model_inputs/2017_03/0000017.npz (already exists)
[25/110] SKIPPING /cluster/tufts/capstone25skyblue/scleme01/SatelliteTurbulencePrediction/model_inputs/2017_03/0000018.npz (already exists)
[26/110] SKIPPING /cluster/tufts/capstone25skyblue/scleme01/SatelliteTurbulencePrediction/model_inputs/2017_03/0000019.npz (already exists)
[27/110] SKIPPING /cluster/tufts/capstone25skyblue/scleme01/SatelliteTurbulencePrediction/model_inputs/2017_03/0000023.npz (already exists)
[28/110] SKIPPING /cluster/tufts/capstone25skyblue/scleme01/SatelliteTurbulencePrediction/model_inputs/2017_03/0000020.npz (already exists)
[29/110] SKIPPING /cluster/tufts/capstone25skyblue/scleme01/SatelliteTurbulencePrediction/model_inputs/2017_03/0000022.npz (already exists)
[30/110] SKIPPING /cluster/tufts/capstone25skyblue/scleme01/SatelliteTurbulencePrediction/model_inputs/2017_03/0000021.npz (already exists)
[31/110] SKIPPING /cluster/tufts/capstone25skyblue/scleme01/SatelliteTurbulencePrediction/model_inputs/2017_03/0000024.npz (already exists)
[32/110] SKIPPING /cluster/tufts/capstone25skyblue/scleme01/SatelliteTurbulencePrediction/model_inputs/2017_03/0000025.npz (already exists)
[33/110] SKIPPING /cluster/tufts/capstone25skyblue/scleme01/SatelliteTurbulencePrediction/model_inputs/2017_03/0000026.npz (already exists)
[34/110] PIREP at (41.66, -95.22) FL34000 2017-03-01 21:50:00 (cache: 42 images)
  SAVED /cluster/tufts/capstone25skyblue/scleme01/SatelliteTurbulencePrediction/model_inputs/2017_03/0000423.npz (15693.6s total | fetch=15665.6s project=2.1s smooth=20.0s | cache hits=0 misses=15)
[35/110] SKIPPING /cluster/tufts/capstone25skyblue/scleme01/SatelliteTurbulencePrediction/model_inputs/2017_03/0000027.npz (already exists)
[36/110] SKIPPING /cluster/tufts/capstone25skyblue/scleme01/SatelliteTurbulencePrediction/model_inputs/2017_03/0000028.npz (already exists)
[37/110] PIREP at (40.48, -99.01) FL5500 2017-03-01 23:51:00 (cache: 57 images)
  SAVED /cluster/tufts/capstone25skyblue/scleme01/SatelliteTurbulencePrediction/model_inputs/2017_03/0000410.npz (10711.6s total | fetch=10683.9s project=2.0s smooth=19.9s | cache hits=0 misses=15)
[38/110] PIREP at (42.91, -88.63) FL20000 2017-03-01 23:55:00 (cache: 72 images)
  SAVED /cluster/tufts/capstone25skyblue/scleme01/SatelliteTurbulencePrediction/model_inputs/2017_03/0000347.npz (17.8s total | fetch=15.8s project=0.1s smooth=1.3s | cache hits=14 misses=1)
[39/110] SKIPPING /cluster/tufts/capstone25skyblue/scleme01/SatelliteTurbulencePrediction/model_inputs/2017_03/0000029.npz (already exists)
[40/110] SKIPPING /cluster/tufts/capstone25skyblue/scleme01/SatelliteTurbulencePrediction/model_inputs/2017_03/0000030.npz (already exists)
[41/110] SKIPPING /cluster/tufts/capstone25skyblue/scleme01/SatelliteTurbulencePrediction/model_inputs/2017_03/0000031.npz (already exists)
[42/110] SKIPPING /cluster/tufts/capstone25skyblue/scleme01/SatelliteTurbulencePrediction/model_inputs/2017_03/0000032.npz (already exists)
[43/110] SKIPPING /cluster/tufts/capstone25skyblue/scleme01/SatelliteTurbulencePrediction/model_inputs/2017_03/0000033.npz (already exists)
[44/110] SKIPPING /cluster/tufts/capstone25skyblue/scleme01/SatelliteTurbulencePrediction/model_inputs/2017_03/0000034.npz (already exists)
[45/110] SKIPPING /cluster/tufts/capstone25skyblue/scleme01/SatelliteTurbulencePrediction/model_inputs/2017_03/0000035.npz (already exists)
[46/110] PIREP at (39.71, -91.58) FL41000 2017-03-02 12:41:00 (cache: 73 images)
  SAVED /cluster/tufts/capstone25skyblue/scleme01/SatelliteTurbulencePrediction/model_inputs/2017_03/0000539.npz (243.6s total | fetch=215.9s project=2.1s smooth=19.8s | cache hits=0 misses=15)
[47/110] SKIPPING /cluster/tufts/capstone25skyblue/scleme01/SatelliteTurbulencePrediction/model_inputs/2017_03/0000036.npz (already exists)
[48/110] PIREP at (39.30, -94.71) FL36000 2017-03-02 14:58:00 (cache: 88 images)
  SAVED /cluster/tufts/capstone25skyblue/scleme01/SatelliteTurbulencePrediction/model_inputs/2017_03/0000498.npz (16518.3s total | fetch=16490.5s project=2.1s smooth=19.9s | cache hits=0 misses=15)
[49/110] PIREP at (40.58, -74.63) FL6000 2017-03-02 15:57:00 (cache: 103 images)
  SAVED /cluster/tufts/capstone25skyblue/scleme01/SatelliteTurbulencePrediction/model_inputs/2017_03/0000525.npz (12942.1s total | fetch=12919.9s project=1.7s smooth=15.9s | cache hits=3 misses=12)
[50/110] SKIPPING /cluster/tufts/capstone25skyblue/scleme01/SatelliteTurbulencePrediction/model_inputs/2017_03/0000037.npz (already exists)
[51/110] PIREP at (32.47, -91.07) FL4500 2017-03-02 17:12:00 (cache: 115 images)
  SAVED /cluster/tufts/capstone25skyblue/scleme01/SatelliteTurbulencePrediction/model_inputs/2017_03/0000504.npz (13534.5s total | fetch=13506.6s project=2.1s smooth=19.9s | cache hits=0 misses=15)
[52/110] PIREP at (46.92, -94.70) FL5500 2017-03-02 20:50:00 (cache: 130 images)
