Resetting environment
Deactivating conda environment (if any)
Purging all modules
Done! Environment has been torn down
Loading cuda and miniforge...
Activating conda environment...
Redirecting into the satellite repo...
Done! Environment has now been set up
Processing 2017/03 chunk [330:440]
Fetching satellite data for PIREPs in /cluster/tufts/capstone25skyblue/scleme01/SatelliteTurbulencePrediction/pireps/2017/03_turb_pireps.csv
Processing chunk [330:440] (110 PIREPs) from /cluster/tufts/capstone25skyblue/scleme01/SatelliteTurbulencePrediction/pireps/2017/03_turb_pireps.csv
[1/110] PIREP at (34.65, -113.03) FL9500 2017-03-15 14:55:00 (cache: 0 images)
  SAVED /cluster/tufts/capstone25skyblue/scleme01/SatelliteTurbulencePrediction/model_inputs/2017_03/0000558.npz (13122.4s total | fetch=13095.1s project=2.0s smooth=19.4s | cache hits=0 misses=15)
[2/110] PIREP at (39.45, -87.31) FL9500 2017-03-15 16:19:00 (cache: 15 images)
  SAVED /cluster/tufts/capstone25skyblue/scleme01/SatelliteTurbulencePrediction/model_inputs/2017_03/0000366.npz (17307.8s total | fetch=17280.5s project=2.0s smooth=19.4s | cache hits=0 misses=15)
[3/110] PIREP at (33.58, -85.08) FL30000 2017-03-15 17:29:00 (cache: 30 images)
  SAVED /cluster/tufts/capstone25skyblue/scleme01/SatelliteTurbulencePrediction/model_inputs/2017_03/0000399.npz (17134.6s total | fetch=17109.1s project=1.9s smooth=18.0s | cache hits=1 misses=14)
[4/110] PIREP at (33.01, -85.17) FL6500 2017-03-15 17:30:00 (cache: 44 images)
  SAVED /cluster/tufts/capstone25skyblue/scleme01/SatelliteTurbulencePrediction/model_inputs/2017_03/0000193.npz (1208.5s total | fetch=1206.4s project=0.1s smooth=1.3s | cache hits=14 misses=1)
[5/110] PIREP at (42.54, -83.65) FL70000 2017-03-15 19:31:00 (cache: 45 images)
  SAVED /cluster/tufts/capstone25skyblue/scleme01/SatelliteTurbulencePrediction/model_inputs/2017_03/0000507.npz (18546.4s total | fetch=18519.2s project=2.0s smooth=19.4s | cache hits=0 misses=15)
[6/110] PIREP at (37.65, -97.43) FL36000 2017-03-15 19:46:00 (cache: 60 images)
  SAVED /cluster/tufts/capstone25skyblue/scleme01/SatelliteTurbulencePrediction/model_inputs/2017_03/0000309.npz (3348.7s total | fetch=3342.9s project=0.4s smooth=4.0s | cache hits=12 misses=3)
[7/110] PIREP at (34.68, -90.04) FL39000 2017-03-15 20:21:00 (cache: 63 images)
  SAVED /cluster/tufts/capstone25skyblue/scleme01/SatelliteTurbulencePrediction/model_inputs/2017_03/0000568.npz (7585.5s total | fetch=7572.2s project=1.0s smooth=9.3s | cache hits=8 misses=7)
[8/110] PIREP at (59.50, -0.70) FL40000 2017-03-15 21:10:00 (cache: 70 images)
  SAVED /cluster/tufts/capstone25skyblue/scleme01/SatelliteTurbulencePrediction/model_inputs/2017_03/0000194.npz (9974.6s total | fetch=9955.9s project=1.4s smooth=13.4s | cache hits=5 misses=10)
[9/110] PIREP at (56.43, -158.67) FL30000 2017-03-15 21:28:00 (cache: 80 images)
