Resetting environment
Deactivating conda environment (if any)
Purging all modules
Done! Environment has been torn down
Loading cuda and miniforge...
Activating conda environment...
Redirecting into the satellite repo...
Done! Environment has now been set up
Processing 2019/01 chunk [440:550]
Fetching satellite data for PIREPs in /cluster/tufts/capstone25skyblue/scleme01/SatelliteTurbulencePrediction/pireps/2019/01_turb_pireps.csv
Processing chunk [440:550] (110 PIREPs) from /cluster/tufts/capstone25skyblue/scleme01/SatelliteTurbulencePrediction/pireps/2019/01_turb_pireps.csv
[1/110] PIREP at (28.78, -98.47) FL34000 2019-01-19 23:45:00 (cache: 0 images)
  SAVED /cluster/tufts/capstone25skyblue/scleme01/SatelliteTurbulencePrediction/model_inputs/2019_01/0000196.npz (3859.9s total | fetch=3829.2s project=2.0s smooth=21.4s | cache hits=0 misses=15)
[2/110] PIREP at (28.78, -98.47) FL34000 2019-01-19 23:45:00 (cache: 15 images)
  SAVED /cluster/tufts/capstone25skyblue/scleme01/SatelliteTurbulencePrediction/model_inputs/2019_01/0000197.npz (0.3s total | fetch=0.0s project=0.0s smooth=0.0s | cache hits=15 misses=0)
[3/110] PIREP at (37.87, -84.78) FL26000 2019-01-19 23:48:00 (cache: 15 images)
  SAVED /cluster/tufts/capstone25skyblue/scleme01/SatelliteTurbulencePrediction/model_inputs/2019_01/0000198.npz (0.2s total | fetch=0.0s project=0.0s smooth=0.0s | cache hits=15 misses=0)
[4/110] PIREP at (37.62, -97.22) FL36000 2019-01-19 23:48:00 (cache: 15 images)
  SAVED /cluster/tufts/capstone25skyblue/scleme01/SatelliteTurbulencePrediction/model_inputs/2019_01/0000553.npz (0.2s total | fetch=0.0s project=0.0s smooth=0.0s | cache hits=15 misses=0)
[5/110] PIREP at (40.98, -85.19) FL7500 2019-01-20 00:10:00 (cache: 15 images)
  SAVED /cluster/tufts/capstone25skyblue/scleme01/SatelliteTurbulencePrediction/model_inputs/2019_01/0000510.npz (63.8s total | fetch=53.5s project=0.7s smooth=7.1s | cache hits=10 misses=5)
[6/110] PIREP at (41.69, -70.28) FL2000 2019-01-20 00:12:00 (cache: 20 images)
  SAVED /cluster/tufts/capstone25skyblue/scleme01/SatelliteTurbulencePrediction/model_inputs/2019_01/0000661.npz (0.2s total | fetch=0.0s project=0.0s smooth=0.0s | cache hits=15 misses=0)
[7/110] PIREP at (46.16, -100.83) FL32000 2019-01-20 01:08:00 (cache: 20 images)
  SAVED /cluster/tufts/capstone25skyblue/scleme01/SatelliteTurbulencePrediction/model_inputs/2019_01/0000383.npz (145.1s total | fetch=122.7s project=1.5s smooth=15.7s | cache hits=4 misses=11)
[8/110] PIREP at (47.24, -109.74) FL39000 2019-01-20 01:25:00 (cache: 31 images)
  SAVED /cluster/tufts/capstone25skyblue/scleme01/SatelliteTurbulencePrediction/model_inputs/2019_01/0000199.npz (22.6s total | fetch=14.3s project=0.5s smooth=5.7s | cache hits=11 misses=4)
[9/110] PIREP at (46.78, 99.67) FL37000 2019-01-20 01:30:00 (cache: 35 images)
  SAVED /cluster/tufts/capstone25skyblue/scleme01/SatelliteTurbulencePrediction/model_inputs/2019_01/0000200.npz (6.1s total | fetch=3.9s project=0.1s smooth=1.4s | cache hits=14 misses=1)
[10/110] PIREP at (31.15, -81.39) FL21000 2019-01-20 12:40:00 (cache: 36 images)
  SAVED /cluster/tufts/capstone25skyblue/scleme01/SatelliteTurbulencePrediction/model_inputs/2019_01/0000201.npz (227.4s total | fetch=196.8s project=2.0s smooth=21.4s | cache hits=0 misses=15)
[11/110] PIREP at (31.15, -81.39) FL21000 2019-01-20 12:40:00 (cache: 51 images)
  SAVED /cluster/tufts/capstone25skyblue/scleme01/SatelliteTurbulencePrediction/model_inputs/2019_01/0000202.npz (0.2s total | fetch=0.0s project=0.0s smooth=0.0s | cache hits=15 misses=0)
[12/110] PIREP at (31.46, -81.20) FL20000 2019-01-20 13:29:00 (cache: 51 images)
  SAVED /cluster/tufts/capstone25skyblue/scleme01/SatelliteTurbulencePrediction/model_inputs/2019_01/0000203.npz (4545.7s total | fetch=4527.2s project=1.2s smooth=12.8s | cache hits=6 misses=9)
[13/110] PIREP at (41.49, -74.54) FL7000 2019-01-20 13:30:00 (cache: 60 images)
  SAVED /cluster/tufts/capstone25skyblue/scleme01/SatelliteTurbulencePrediction/model_inputs/2019_01/0000519.npz (786.3s total | fetch=784.1s project=0.1s smooth=1.4s | cache hits=14 misses=1)
[14/110] PIREP at (43.90, -92.49) FL29000 2019-01-20 13:30:00 (cache: 61 images)
  SAVED /cluster/tufts/capstone25skyblue/scleme01/SatelliteTurbulencePrediction/model_inputs/2019_01/0000617.npz (0.2s total | fetch=0.0s project=0.0s smooth=0.0s | cache hits=15 misses=0)
[15/110] PIREP at (37.72, -85.38) FL28000 2019-01-20 14:19:00 (cache: 61 images)
  SAVED /cluster/tufts/capstone25skyblue/scleme01/SatelliteTurbulencePrediction/model_inputs/2019_01/0000698.npz (8421.1s total | fetch=8402.7s project=1.2s smooth=12.8s | cache hits=6 misses=9)
[16/110] PIREP at (35.05, -82.22) FL6000 2019-01-20 14:45:00 (cache: 70 images)
  SAVED /cluster/tufts/capstone25skyblue/scleme01/SatelliteTurbulencePrediction/model_inputs/2019_01/0000204.npz (6397.0s total | fetch=6384.5s project=0.8s smooth=8.6s | cache hits=9 misses=6)
[17/110] PIREP at (39.75, -90.37) FL19000 2019-01-20 14:52:00 (cache: 76 images)
  SAVED /cluster/tufts/capstone25skyblue/scleme01/SatelliteTurbulencePrediction/model_inputs/2019_01/0000396.npz (1204.5s total | fetch=1202.3s project=0.1s smooth=1.4s | cache hits=14 misses=1)
[18/110] PIREP at (34.88, -82.22) FL2400 2019-01-20 14:54:00 (cache: 77 images)
  SAVED /cluster/tufts/capstone25skyblue/scleme01/SatelliteTurbulencePrediction/model_inputs/2019_01/0000205.npz (0.2s total | fetch=0.0s project=0.0s smooth=0.0s | cache hits=15 misses=0)
[19/110] PIREP at (41.63, -95.51) FL38000 2019-01-20 15:05:00 (cache: 77 images)
  SAVED /cluster/tufts/capstone25skyblue/scleme01/SatelliteTurbulencePrediction/model_inputs/2019_01/0000572.npz (3555.5s total | fetch=3549.2s project=0.4s smooth=4.3s | cache hits=12 misses=3)
[20/110] PIREP at (46.93, -98.68) FL33000 2019-01-20 15:44:00 (cache: 80 images)
  SAVED /cluster/tufts/capstone25skyblue/scleme01/SatelliteTurbulencePrediction/model_inputs/2019_01/0000714.npz (7715.8s total | fetch=7701.5s project=1.0s smooth=10.0s | cache hits=8 misses=7)
[21/110] PIREP at (40.17, -73.26) FL9000 2019-01-20 15:51:00 (cache: 87 images)
  SAVED /cluster/tufts/capstone25skyblue/scleme01/SatelliteTurbulencePrediction/model_inputs/2019_01/0000207.npz (2028.3s total | fetch=2024.0s project=0.3s smooth=2.8s | cache hits=13 misses=2)
[22/110] PIREP at (40.17, -73.26) FL9000 2019-01-20 15:51:00 (cache: 89 images)
  SAVED /cluster/tufts/capstone25skyblue/scleme01/SatelliteTurbulencePrediction/model_inputs/2019_01/0000206.npz (0.2s total | fetch=0.0s project=0.0s smooth=0.0s | cache hits=15 misses=0)
[23/110] PIREP at (43.27, -88.49) FL8000 2019-01-20 17:22:00 (cache: 89 images)
  SAVED /cluster/tufts/capstone25skyblue/scleme01/SatelliteTurbulencePrediction/model_inputs/2019_01/0000671.npz (18327.7s total | fetch=18296.4s project=2.2s smooth=21.7s | cache hits=0 misses=15)
[24/110] PIREP at (26.59, -80.08) FL2500 2019-01-20 18:33:00 (cache: 104 images)
  SAVED /cluster/tufts/capstone25skyblue/scleme01/SatelliteTurbulencePrediction/model_inputs/2019_01/0000490.npz (16389.4s total | fetch=16360.7s project=1.9s smooth=19.9s | cache hits=1 misses=14)
[25/110] PIREP at (51.50, -35.00) FL33000 2019-01-20 20:20:00 (cache: 118 images)
  SAVED /cluster/tufts/capstone25skyblue/scleme01/SatelliteTurbulencePrediction/model_inputs/2019_01/0000208.npz (14705.0s total | fetch=14674.3s project=2.1s smooth=21.5s | cache hits=0 misses=15)
[26/110] PIREP at (32.03, -82.38) FL25000 2019-01-20 20:37:00 (cache: 133 images)
