Resetting environment
Deactivating conda environment (if any)
Purging all modules
Done! Environment has been torn down
Loading cuda and miniforge...
Activating conda environment...
Redirecting into the satellite repo...
Done! Environment has now been set up
Processing 2018/07 chunk [150:300]
Fetching satellite data for PIREPs in /cluster/tufts/capstone25skyblue/scleme01/SatelliteTurbulencePrediction/pireps/2018/07_turb_pireps.csv
Processing chunk [150:300] (150 PIREPs) from /cluster/tufts/capstone25skyblue/scleme01/SatelliteTurbulencePrediction/pireps/2018/07_turb_pireps.csv
[1/150] PIREP at (41.91, -88.25) FL3000 2018-07-16 20:40:00 (cache: 0 images)
  SAVED /cluster/tufts/capstone25skyblue/scleme01/SatelliteTurbulencePrediction/model_inputs/2018_07/0000322.npz (5610.6s total | fetch=5584.5s project=2.2s smooth=17.0s | cache hits=0 misses=15)
[2/150] PIREP at (35.06, -89.07) FL18000 2018-07-16 21:44:00 (cache: 15 images)
  SAVED /cluster/tufts/capstone25skyblue/scleme01/SatelliteTurbulencePrediction/model_inputs/2018_07/0000229.npz (5097.1s total | fetch=5075.7s project=1.8s smooth=13.9s | cache hits=3 misses=12)
[3/150] PIREP at (42.39, -87.95) FL34000 2018-07-16 22:03:00 (cache: 27 images)
  SAVED /cluster/tufts/capstone25skyblue/scleme01/SatelliteTurbulencePrediction/model_inputs/2018_07/0000244.npz (1608.2s total | fetch=1601.0s project=0.6s smooth=4.6s | cache hits=11 misses=4)
[4/150] PIREP at (41.33, -87.00) FL25000 2018-07-16 22:28:00 (cache: 31 images)
  SAVED /cluster/tufts/capstone25skyblue/scleme01/SatelliteTurbulencePrediction/model_inputs/2018_07/0000278.npz (1872.1s total | fetch=1863.1s project=0.8s smooth=5.9s | cache hits=10 misses=5)
[5/150] PIREP at (35.45, -120.41) FL7500 2018-07-16 23:05:00 (cache: 36 images)
  SAVED /cluster/tufts/capstone25skyblue/scleme01/SatelliteTurbulencePrediction/model_inputs/2018_07/0000190.npz (3418.6s total | fetch=3404.4s project=1.2s smooth=9.3s | cache hits=7 misses=8)
[6/150] PIREP at (33.31, -84.32) FL37000 2018-07-17 00:51:00 (cache: 44 images)
  SAVED /cluster/tufts/capstone25skyblue/scleme01/SatelliteTurbulencePrediction/model_inputs/2018_07/0000072.npz (6556.3s total | fetch=6529.8s project=2.3s smooth=17.3s | cache hits=0 misses=15)
[7/150] PIREP at (45.55, -71.51) FL37000 2018-07-17 09:29:00 (cache: 59 images)
  SAVED /cluster/tufts/capstone25skyblue/scleme01/SatelliteTurbulencePrediction/model_inputs/2018_07/0000073.npz (96.7s total | fetch=71.4s project=2.3s smooth=17.5s | cache hits=0 misses=15)
[8/150] PIREP at (39.76, -84.84) FL37000 2018-07-17 11:17:00 (cache: 74 images)
  SAVED /cluster/tufts/capstone25skyblue/scleme01/SatelliteTurbulencePrediction/model_inputs/2018_07/0000175.npz (1244.9s total | fetch=1219.1s project=2.3s smooth=17.6s | cache hits=0 misses=15)
[9/150] PIREP at (39.92, -77.40) FL34000 2018-07-17 13:35:00 (cache: 89 images)
  SAVED /cluster/tufts/capstone25skyblue/scleme01/SatelliteTurbulencePrediction/model_inputs/2018_07/0000074.npz (7126.8s total | fetch=7100.5s project=2.2s smooth=17.2s | cache hits=0 misses=15)
[10/150] PIREP at (40.26, -77.95) FL34000 2018-07-17 13:35:00 (cache: 104 images)
  SAVED /cluster/tufts/capstone25skyblue/scleme01/SatelliteTurbulencePrediction/model_inputs/2018_07/0000075.npz (0.2s total | fetch=0.0s project=0.0s smooth=0.0s | cache hits=15 misses=0)
[11/150] PIREP at (39.37, -104.95) FL39000 2018-07-17 14:35:00 (cache: 104 images)
  SAVED /cluster/tufts/capstone25skyblue/scleme01/SatelliteTurbulencePrediction/model_inputs/2018_07/0000259.npz (6015.1s total | fetch=5993.9s project=1.8s smooth=13.7s | cache hits=3 misses=12)
[12/150] PIREP at (42.71, -72.01) FL7000 2018-07-17 16:00:00 (cache: 116 images)
  SAVED /cluster/tufts/capstone25skyblue/scleme01/SatelliteTurbulencePrediction/model_inputs/2018_07/0000076.npz (7999.6s total | fetch=7973.1s project=2.2s smooth=17.3s | cache hits=0 misses=15)
[13/150] PIREP at (42.12, -91.61) FL24000 2018-07-17 16:03:00 (cache: 131 images)
  SAVED /cluster/tufts/capstone25skyblue/scleme01/SatelliteTurbulencePrediction/model_inputs/2018_07/0000209.npz (0.1s total | fetch=0.0s project=0.0s smooth=0.0s | cache hits=15 misses=0)
[14/150] PIREP at (19.73, -156.04) FL3000 2018-07-17 17:01:00 (cache: 131 images)
  SAVED /cluster/tufts/capstone25skyblue/scleme01/SatelliteTurbulencePrediction/model_inputs/2018_07/0000162.npz (7773.8s total | fetch=7752.8s project=1.8s smooth=13.7s | cache hits=3 misses=12)
[15/150] PIREP at (42.19, -89.09) FL29000 2018-07-17 18:37:00 (cache: 143 images)
