Resetting environment
Deactivating conda environment (if any)
Purging all modules
Done! Environment has been torn down
Loading cuda and miniforge...
Activating conda environment...
Redirecting into the satellite repo...
Done! Environment has now been set up
Processing 2023/02 chunk [0:110]
Fetching satellite data for PIREPs in /cluster/tufts/capstone25skyblue/scleme01/SatelliteTurbulencePrediction/pireps/2023/02_turb_pireps.csv
Processing chunk [0:110] (110 PIREPs) from /cluster/tufts/capstone25skyblue/scleme01/SatelliteTurbulencePrediction/pireps/2023/02_turb_pireps.csv
[1/110] PIREP at (23.70, -153.55) FL39000 2023-02-01 01:15:00 (cache: 0 images)
  SAVED /cluster/tufts/capstone25skyblue/scleme01/SatelliteTurbulencePrediction/model_inputs/2023_02/0000675.npz (212.4s total | fetch=182.0s project=2.0s smooth=21.3s | cache hits=0 misses=15)
[2/110] PIREP at (40.49, -85.68) FL26000 2023-02-01 01:37:00 (cache: 15 images)
  SAVED /cluster/tufts/capstone25skyblue/scleme01/SatelliteTurbulencePrediction/model_inputs/2023_02/0000499.npz (60.0s total | fetch=51.8s project=0.5s smooth=5.7s | cache hits=11 misses=4)
[3/110] PIREP at (40.49, -85.68) FL24000 2023-02-01 12:36:00 (cache: 19 images)
  SAVED /cluster/tufts/capstone25skyblue/scleme01/SatelliteTurbulencePrediction/model_inputs/2023_02/0000705.npz (263.5s total | fetch=233.2s project=2.0s smooth=21.2s | cache hits=0 misses=15)
[4/110] PIREP at (37.73, -98.59) FL24000 2023-02-01 13:37:00 (cache: 34 images)
  SAVED /cluster/tufts/capstone25skyblue/scleme01/SatelliteTurbulencePrediction/model_inputs/2023_02/0000678.npz (3340.1s total | fetch=3315.5s project=1.7s smooth=17.1s | cache hits=3 misses=12)
[5/110] PIREP at (58.35, -134.57) FL1600 2023-02-01 15:17:00 (cache: 46 images)
  SAVED /cluster/tufts/capstone25skyblue/scleme01/SatelliteTurbulencePrediction/model_inputs/2023_02/0000604.npz (16774.6s total | fetch=16744.3s project=2.0s smooth=21.2s | cache hits=0 misses=15)
[6/110] PIREP at (36.74, -82.37) FL26000 2023-02-01 16:06:00 (cache: 61 images)
  SAVED /cluster/tufts/capstone25skyblue/scleme01/SatelliteTurbulencePrediction/model_inputs/2023_02/0000519.npz (11102.9s total | fetch=11082.5s project=1.3s smooth=14.2s | cache hits=5 misses=10)
[7/110] PIREP at (35.00, -89.91) FL11000 2023-02-01 16:49:00 (cache: 71 images)
