Resetting environment
Deactivating conda environment (if any)
Purging all modules
Done! Environment has been torn down
Allocating resources with slurm...
Loading cuda and miniforge...
Activating conda environment...
Redirecting into the satellite repo...
Done! Environment has now been set up
Processing 2019/10 chunk [150:300]
Fetching satellite data for PIREPs in /cluster/tufts/capstone25skyblue/scleme01/SatelliteTurbulencePrediction/pireps/2019/10_turb_pireps.csv
Processing chunk [150:300] (150 PIREPs) from /cluster/tufts/capstone25skyblue/scleme01/SatelliteTurbulencePrediction/pireps/2019/10_turb_pireps.csv
[1/150] PIREP at (28.58, -84.14) FL34000 2019-10-13 00:00:00 (cache: 0 images)
  SAVED /cluster/tufts/capstone25skyblue/scleme01/SatelliteTurbulencePrediction/model_inputs/2019_10/0000443.npz (4413.1s total | fetch=4382.1s project=2.1s smooth=21.7s | cache hits=0 misses=15)
[2/150] PIREP at (35.11, -105.60) FL24000 2019-10-13 00:04:00 (cache: 15 images)
  SAVED /cluster/tufts/capstone25skyblue/scleme01/SatelliteTurbulencePrediction/model_inputs/2019_10/0000415.npz (0.3s total | fetch=0.0s project=0.0s smooth=0.0s | cache hits=15 misses=0)
[3/150] PIREP at (29.64, -82.91) FL37000 2019-10-13 13:45:00 (cache: 15 images)
  SAVED /cluster/tufts/capstone25skyblue/scleme01/SatelliteTurbulencePrediction/model_inputs/2019_10/0000390.npz (6871.5s total | fetch=6840.5s project=2.1s smooth=21.6s | cache hits=0 misses=15)
[4/150] PIREP at (41.07, -86.18) FL8000 2019-10-13 21:05:00 (cache: 30 images)
  SAVED /cluster/tufts/capstone25skyblue/scleme01/SatelliteTurbulencePrediction/model_inputs/2019_10/0000057.npz (8530.0s total | fetch=8498.9s project=2.2s smooth=21.6s | cache hits=0 misses=15)
[5/150] PIREP at (38.37, -120.79) FL8500 2019-10-14 00:51:00 (cache: 45 images)
  SAVED /cluster/tufts/capstone25skyblue/scleme01/SatelliteTurbulencePrediction/model_inputs/2019_10/0000483.npz (180.0s total | fetch=149.0s project=2.1s smooth=21.6s | cache hits=0 misses=15)
[6/150] PIREP at (45.50, -91.00) FL35000 2019-10-14 09:48:00 (cache: 60 images)
  SAVED /cluster/tufts/capstone25skyblue/scleme01/SatelliteTurbulencePrediction/model_inputs/2019_10/0000323.npz (143.4s total | fetch=112.4s project=2.1s smooth=21.6s | cache hits=0 misses=15)
[7/150] PIREP at (37.81, -85.50) FL11500 2019-10-14 14:11:00 (cache: 75 images)
  SAVED /cluster/tufts/capstone25skyblue/scleme01/SatelliteTurbulencePrediction/model_inputs/2019_10/0000351.npz (9085.2s total | fetch=9054.2s project=2.1s smooth=21.6s | cache hits=0 misses=15)
[8/150] PIREP at (34.29, -108.62) FL35000 2019-10-14 14:23:00 (cache: 90 images)
  SAVED /cluster/tufts/capstone25skyblue/scleme01/SatelliteTurbulencePrediction/model_inputs/2019_10/0000356.npz (1323.0s total | fetch=1318.7s project=0.3s smooth=2.9s | cache hits=13 misses=2)
[9/150] PIREP at (39.14, -78.57) FL6500 2019-10-14 16:07:00 (cache: 92 images)
  SAVED /cluster/tufts/capstone25skyblue/scleme01/SatelliteTurbulencePrediction/model_inputs/2019_10/0000058.npz (10666.2s total | fetch=10635.3s project=2.1s smooth=21.5s | cache hits=0 misses=15)
[10/150] PIREP at (39.34, -79.39) FL7500 2019-10-14 17:29:00 (cache: 107 images)
  SAVED /cluster/tufts/capstone25skyblue/scleme01/SatelliteTurbulencePrediction/model_inputs/2019_10/0000059.npz (13336.9s total | fetch=13305.4s project=2.2s smooth=21.7s | cache hits=0 misses=15)
[11/150] PIREP at (35.67, -95.99) FL5500 2019-10-14 19:31:00 (cache: 122 images)
