Resetting environment
Deactivating conda environment (if any)
Purging all modules
Done! Environment has been torn down
Loading cuda and miniforge...
Activating conda environment...
Redirecting into the satellite repo...
Done! Environment has now been set up
Processing 2017/04 chunk [300:450]
Fetching satellite data for PIREPs in /cluster/tufts/capstone25skyblue/scleme01/SatelliteTurbulencePrediction/pireps/2017/04_turb_pireps.csv
Processing chunk [300:450] (150 PIREPs) from /cluster/tufts/capstone25skyblue/scleme01/SatelliteTurbulencePrediction/pireps/2017/04_turb_pireps.csv
[1/150] PIREP at (61.61, -149.49) FL4500 2017-04-23 19:11:00 (cache: 0 images)
  SAVED /cluster/tufts/capstone25skyblue/scleme01/SatelliteTurbulencePrediction/model_inputs/2017_04/0000397.npz (7250.4s total | fetch=7227.5s project=1.7s smooth=16.5s | cache hits=0 misses=15)
[2/150] PIREP at (25.82, -78.96) FL22000 2017-04-23 20:14:00 (cache: 15 images)
  SAVED /cluster/tufts/capstone25skyblue/scleme01/SatelliteTurbulencePrediction/model_inputs/2017_04/0000130.npz (6003.9s total | fetch=5985.3s project=1.3s smooth=13.2s | cache hits=3 misses=12)
[3/150] PIREP at (40.98, -85.19) FL29500 2017-04-23 20:43:00 (cache: 27 images)
  SAVED /cluster/tufts/capstone25skyblue/scleme01/SatelliteTurbulencePrediction/model_inputs/2017_04/0000132.npz (3214.9s total | fetch=3205.6s project=0.7s smooth=6.5s | cache hits=9 misses=6)
[4/150] PIREP at (40.98, -85.19) FL29500 2017-04-23 20:43:00 (cache: 33 images)
  SAVED /cluster/tufts/capstone25skyblue/scleme01/SatelliteTurbulencePrediction/model_inputs/2017_04/0000131.npz (0.2s total | fetch=0.0s project=0.0s smooth=0.0s | cache hits=15 misses=0)
[5/150] PIREP at (39.27, -106.90) FL8000 2017-04-23 21:00:00 (cache: 33 images)
  SAVED /cluster/tufts/capstone25skyblue/scleme01/SatelliteTurbulencePrediction/model_inputs/2017_04/0000133.npz (2047.4s total | fetch=2041.1s project=0.4s smooth=4.4s | cache hits=11 misses=4)
[6/150] PIREP at (36.52, -111.31) FL9500 2017-04-23 21:08:00 (cache: 37 images)
  SAVED /cluster/tufts/capstone25skyblue/scleme01/SatelliteTurbulencePrediction/model_inputs/2017_04/0000134.npz (488.1s total | fetch=486.4s project=0.1s smooth=1.1s | cache hits=14 misses=1)
[7/150] PIREP at (37.12, -85.75) FL17500 2017-04-23 21:22:00 (cache: 38 images)
  SAVED /cluster/tufts/capstone25skyblue/scleme01/SatelliteTurbulencePrediction/model_inputs/2017_04/0000135.npz (1582.3s total | fetch=1577.6s project=0.3s smooth=3.3s | cache hits=12 misses=3)
[8/150] PIREP at (41.68, -70.96) FL25000 2017-04-23 22:20:00 (cache: 41 images)
  SAVED /cluster/tufts/capstone25skyblue/scleme01/SatelliteTurbulencePrediction/model_inputs/2017_04/0000136.npz (6814.7s total | fetch=6796.4s project=1.3s smooth=13.1s | cache hits=3 misses=12)
[9/150] PIREP at (36.13, -78.79) FL8500 2017-04-23 23:17:00 (cache: 53 images)
  SAVED /cluster/tufts/capstone25skyblue/scleme01/SatelliteTurbulencePrediction/model_inputs/2017_04/0000280.npz (5931.1s total | fetch=5914.4s project=1.2s smooth=11.9s | cache hits=4 misses=11)
[10/150] PIREP at (34.27, -83.83) FL1300 2017-04-23 23:21:00 (cache: 64 images)
  SAVED /cluster/tufts/capstone25skyblue/scleme01/SatelliteTurbulencePrediction/model_inputs/2017_04/0000422.npz (643.8s total | fetch=642.2s project=0.1s smooth=1.1s | cache hits=14 misses=1)
[11/150] PIREP at (61.42, -148.47) FL1500 2017-04-23 23:24:00 (cache: 65 images)
  SAVED /cluster/tufts/capstone25skyblue/scleme01/SatelliteTurbulencePrediction/model_inputs/2017_04/0000328.npz (0.1s total | fetch=0.0s project=0.0s smooth=0.0s | cache hits=15 misses=0)
[12/150] PIREP at (71.28, -156.76) FL0 2017-04-24 00:05:00 (cache: 65 images)
  SAVED /cluster/tufts/capstone25skyblue/scleme01/SatelliteTurbulencePrediction/model_inputs/2017_04/0000408.npz (5117.8s total | fetch=5104.4s project=1.0s smooth=9.6s | cache hits=6 misses=9)
[13/150] PIREP at (35.58, -80.70) FL13000 2017-04-24 01:50:00 (cache: 74 images)
  SAVED /cluster/tufts/capstone25skyblue/scleme01/SatelliteTurbulencePrediction/model_inputs/2017_04/0000399.npz (4512.6s total | fetch=4490.1s project=1.6s smooth=16.1s | cache hits=0 misses=15)
[14/150] PIREP at (64.92, -165.95) FL7500 2017-04-24 01:55:00 (cache: 89 images)
  SAVED /cluster/tufts/capstone25skyblue/scleme01/SatelliteTurbulencePrediction/model_inputs/2017_04/0000463.npz (15.0s total | fetch=13.4s project=0.1s smooth=1.1s | cache hits=14 misses=1)
[15/150] PIREP at (37.41, -84.28) FL15000 2017-04-24 03:56:00 (cache: 90 images)
  SAVED /cluster/tufts/capstone25skyblue/scleme01/SatelliteTurbulencePrediction/model_inputs/2017_04/0000137.npz (162.5s total | fetch=139.6s project=1.7s smooth=16.3s | cache hits=0 misses=15)
[16/150] PIREP at (39.28, -119.66) FL11000 2017-04-24 06:55:00 (cache: 105 images)
  SAVED /cluster/tufts/capstone25skyblue/scleme01/SatelliteTurbulencePrediction/model_inputs/2017_04/0000138.npz (135.2s total | fetch=112.3s project=1.7s smooth=16.4s | cache hits=0 misses=15)
[17/150] PIREP at (40.29, -84.04) FL35000 2017-04-24 10:43:00 (cache: 120 images)
  SAVED /cluster/tufts/capstone25skyblue/scleme01/SatelliteTurbulencePrediction/model_inputs/2017_04/0000289.npz (159.5s total | fetch=136.4s project=1.7s smooth=16.5s | cache hits=0 misses=15)
[18/150] PIREP at (42.31, -85.25) FL5500 2017-04-24 12:34:00 (cache: 135 images)
  SAVED /cluster/tufts/capstone25skyblue/scleme01/SatelliteTurbulencePrediction/model_inputs/2017_04/0000304.npz (11327.6s total | fetch=11305.0s project=1.7s smooth=16.1s | cache hits=0 misses=15)
[19/150] PIREP at (35.72, -118.41) FL9000 2017-04-24 14:55:00 (cache: 150 images)
