Resetting environment
Deactivating conda environment (if any)
Purging all modules
Done! Environment has been torn down
Allocating resources with slurm...
Loading cuda and miniforge...
Activating conda environment...
Redirecting into the satellite repo...
Done! Environment has now been set up
Processing 2019/06 chunk [0:150]
Fetching satellite data for PIREPs in /cluster/tufts/capstone25skyblue/scleme01/SatelliteTurbulencePrediction/pireps/2019/06_turb_pireps.csv
Processing chunk [0:150] (150 PIREPs) from /cluster/tufts/capstone25skyblue/scleme01/SatelliteTurbulencePrediction/pireps/2019/06_turb_pireps.csv
[1/150] SKIPPING /cluster/tufts/capstone25skyblue/scleme01/SatelliteTurbulencePrediction/model_inputs/2019_06/0000268.npz (already exists)
[2/150] SKIPPING /cluster/tufts/capstone25skyblue/scleme01/SatelliteTurbulencePrediction/model_inputs/2019_06/0000324.npz (already exists)
[3/150] SKIPPING /cluster/tufts/capstone25skyblue/scleme01/SatelliteTurbulencePrediction/model_inputs/2019_06/0000281.npz (already exists)
[4/150] SKIPPING /cluster/tufts/capstone25skyblue/scleme01/SatelliteTurbulencePrediction/model_inputs/2019_06/0000000.npz (already exists)
[5/150] SKIPPING /cluster/tufts/capstone25skyblue/scleme01/SatelliteTurbulencePrediction/model_inputs/2019_06/0000319.npz (already exists)
[6/150] SKIPPING /cluster/tufts/capstone25skyblue/scleme01/SatelliteTurbulencePrediction/model_inputs/2019_06/0000239.npz (already exists)
[7/150] SKIPPING /cluster/tufts/capstone25skyblue/scleme01/SatelliteTurbulencePrediction/model_inputs/2019_06/0000350.npz (already exists)
[8/150] SKIPPING /cluster/tufts/capstone25skyblue/scleme01/SatelliteTurbulencePrediction/model_inputs/2019_06/0000358.npz (already exists)
[9/150] SKIPPING /cluster/tufts/capstone25skyblue/scleme01/SatelliteTurbulencePrediction/model_inputs/2019_06/0000331.npz (already exists)
[10/150] SKIPPING /cluster/tufts/capstone25skyblue/scleme01/SatelliteTurbulencePrediction/model_inputs/2019_06/0000213.npz (already exists)
[11/150] SKIPPING /cluster/tufts/capstone25skyblue/scleme01/SatelliteTurbulencePrediction/model_inputs/2019_06/0000355.npz (already exists)
[12/150] PIREP at (32.43, -97.60) FL17500 2019-06-02 17:26:00 (cache: 0 images)
  SAVED /cluster/tufts/capstone25skyblue/scleme01/SatelliteTurbulencePrediction/model_inputs/2019_06/0000283.npz (8451.5s total | fetch=8420.4s project=2.1s smooth=21.7s | cache hits=0 misses=15)
[13/150] PIREP at (35.40, -98.96) FL32000 2019-06-02 17:46:00 (cache: 15 images)
  SAVED /cluster/tufts/capstone25skyblue/scleme01/SatelliteTurbulencePrediction/model_inputs/2019_06/0000326.npz (2281.7s total | fetch=2273.2s project=0.6s smooth=5.8s | cache hits=11 misses=4)
[14/150] PIREP at (71.28, -156.76) FL700 2019-06-02 19:50:00 (cache: 19 images)
  SAVED /cluster/tufts/capstone25skyblue/scleme01/SatelliteTurbulencePrediction/model_inputs/2019_06/0000263.npz (9094.7s total | fetch=9063.8s project=2.1s smooth=21.7s | cache hits=0 misses=15)
[15/150] SKIPPING /cluster/tufts/capstone25skyblue/scleme01/SatelliteTurbulencePrediction/model_inputs/2019_06/0000001.npz (already exists)
[16/150] SKIPPING /cluster/tufts/capstone25skyblue/scleme01/SatelliteTurbulencePrediction/model_inputs/2019_06/0000002.npz (already exists)
[17/150] SKIPPING /cluster/tufts/capstone25skyblue/scleme01/SatelliteTurbulencePrediction/model_inputs/2019_06/0000003.npz (already exists)
[18/150] PIREP at (35.20, -120.25) FL28000 2019-06-03 03:00:00 (cache: 34 images)
  SAVED /cluster/tufts/capstone25skyblue/scleme01/SatelliteTurbulencePrediction/model_inputs/2019_06/0000299.npz (175.1s total | fetch=144.1s project=2.1s smooth=21.7s | cache hits=0 misses=15)
[19/150] SKIPPING /cluster/tufts/capstone25skyblue/scleme01/SatelliteTurbulencePrediction/model_inputs/2019_06/0000004.npz (already exists)
[20/150] PIREP at (33.75, -84.52) FL39000 2019-06-03 12:25:00 (cache: 49 images)
  SAVED /cluster/tufts/capstone25skyblue/scleme01/SatelliteTurbulencePrediction/model_inputs/2019_06/0000271.npz (8720.1s total | fetch=8689.2s project=2.1s smooth=21.5s | cache hits=0 misses=15)
[21/150] PIREP at (38.57, -97.49) FL32000 2019-06-03 12:40:00 (cache: 64 images)
  SAVED /cluster/tufts/capstone25skyblue/scleme01/SatelliteTurbulencePrediction/model_inputs/2019_06/0000266.npz (2053.8s total | fetch=2047.6s project=0.4s smooth=4.2s | cache hits=12 misses=3)
[22/150] PIREP at (33.68, -115.78) FL33000 2019-06-03 12:59:00 (cache: 67 images)
  SAVED /cluster/tufts/capstone25skyblue/scleme01/SatelliteTurbulencePrediction/model_inputs/2019_06/0000318.npz (2159.7s total | fetch=2153.5s project=0.4s smooth=4.2s | cache hits=12 misses=3)
[23/150] PIREP at (40.32, -94.69) FL37500 2019-06-03 14:38:00 (cache: 70 images)
  SAVED /cluster/tufts/capstone25skyblue/scleme01/SatelliteTurbulencePrediction/model_inputs/2019_06/0000321.npz (11596.0s total | fetch=11565.8s project=2.0s smooth=21.1s | cache hits=0 misses=15)
[24/150] PIREP at (33.67, -87.30) FL36000 2019-06-03 14:43:00 (cache: 85 images)
  SAVED /cluster/tufts/capstone25skyblue/scleme01/SatelliteTurbulencePrediction/model_inputs/2019_06/0000320.npz (833.4s total | fetch=831.1s project=0.1s smooth=1.4s | cache hits=14 misses=1)
[25/150] PIREP at (38.40, -98.60) FL31000 2019-06-03 14:56:00 (cache: 86 images)
  SAVED /cluster/tufts/capstone25skyblue/scleme01/SatelliteTurbulencePrediction/model_inputs/2019_06/0000264.npz (2985.2s total | fetch=2979.0s project=0.4s smooth=4.2s | cache hits=12 misses=3)
[26/150] PIREP at (35.52, -84.33) FL34000 2019-06-03 15:42:00 (cache: 89 images)
  SAVED /cluster/tufts/capstone25skyblue/scleme01/SatelliteTurbulencePrediction/model_inputs/2019_06/0000223.npz (8804.9s total | fetch=8786.7s project=1.2s smooth=12.7s | cache hits=6 misses=9)
[27/150] PIREP at (41.91, -88.25) FL22000 2019-06-03 19:32:00 (cache: 98 images)
