Resetting environment
Deactivating conda environment (if any)
Purging all modules
Done! Environment has been torn down
Loading cuda and miniforge...
Activating conda environment...
Redirecting into the satellite repo...
Done! Environment has now been set up
Processing 2021/12 chunk [330:440]
Fetching satellite data for PIREPs in /cluster/tufts/capstone25skyblue/scleme01/SatelliteTurbulencePrediction/pireps/2021/12_turb_pireps.csv
Processing chunk [330:440] (110 PIREPs) from /cluster/tufts/capstone25skyblue/scleme01/SatelliteTurbulencePrediction/pireps/2021/12_turb_pireps.csv
[1/110] PIREP at (46.48, -84.50) FL13000 2021-12-15 16:00:00 (cache: 0 images)
  SAVED /cluster/tufts/capstone25skyblue/scleme01/SatelliteTurbulencePrediction/model_inputs/2021_12/0000180.npz (10660.3s total | fetch=10635.3s project=2.1s smooth=15.9s | cache hits=0 misses=15)
[2/110] PIREP at (36.49, -104.87) FL29000 2021-12-15 16:16:00 (cache: 15 images)
  SAVED /cluster/tufts/capstone25skyblue/scleme01/SatelliteTurbulencePrediction/model_inputs/2021_12/0000181.npz (2835.1s total | fetch=2830.0s project=0.4s smooth=3.2s | cache hits=12 misses=3)
[3/110] PIREP at (36.60, -104.48) FL29000 2021-12-15 16:17:00 (cache: 18 images)
  SAVED /cluster/tufts/capstone25skyblue/scleme01/SatelliteTurbulencePrediction/model_inputs/2021_12/0000182.npz (0.2s total | fetch=0.0s project=0.0s smooth=0.0s | cache hits=15 misses=0)
[4/110] PIREP at (35.07, -105.94) FL45000 2021-12-15 16:20:00 (cache: 18 images)
  SAVED /cluster/tufts/capstone25skyblue/scleme01/SatelliteTurbulencePrediction/model_inputs/2021_12/0000183.npz (1023.6s total | fetch=1021.8s project=0.1s smooth=1.1s | cache hits=14 misses=1)
[5/110] PIREP at (36.49, -104.87) FL35000 2021-12-15 16:28:00 (cache: 19 images)
  SAVED /cluster/tufts/capstone25skyblue/scleme01/SatelliteTurbulencePrediction/model_inputs/2021_12/0000184.npz (826.8s total | fetch=824.9s project=0.1s smooth=1.1s | cache hits=14 misses=1)
[6/110] PIREP at (32.26, -107.33) FL9500 2021-12-15 17:21:00 (cache: 20 images)
  SAVED /cluster/tufts/capstone25skyblue/scleme01/SatelliteTurbulencePrediction/model_inputs/2021_12/0000185.npz (9223.9s total | fetch=9205.3s project=1.6s smooth=11.8s | cache hits=4 misses=11)
[7/110] PIREP at (38.55, -106.31) FL20000 2021-12-15 17:30:00 (cache: 31 images)
  SAVED /cluster/tufts/capstone25skyblue/scleme01/SatelliteTurbulencePrediction/model_inputs/2021_12/0000186.npz (1622.6s total | fetch=1619.1s project=0.3s smooth=2.1s | cache hits=13 misses=2)
[8/110] PIREP at (36.96, -104.66) FL29000 2021-12-15 17:42:00 (cache: 33 images)
  SAVED /cluster/tufts/capstone25skyblue/scleme01/SatelliteTurbulencePrediction/model_inputs/2021_12/0000188.npz (1723.8s total | fetch=1720.3s project=0.3s smooth=2.1s | cache hits=13 misses=2)
[9/110] PIREP at (35.57, -105.75) FL38000 2021-12-15 17:42:00 (cache: 35 images)
  SAVED /cluster/tufts/capstone25skyblue/scleme01/SatelliteTurbulencePrediction/model_inputs/2021_12/0000187.npz (0.2s total | fetch=0.0s project=0.0s smooth=0.0s | cache hits=15 misses=0)
[10/110] PIREP at (35.52, -106.15) FL33000 2021-12-15 17:46:00 (cache: 35 images)
  SAVED /cluster/tufts/capstone25skyblue/scleme01/SatelliteTurbulencePrediction/model_inputs/2021_12/0000189.npz (646.2s total | fetch=644.3s project=0.2s smooth=1.1s | cache hits=14 misses=1)
[11/110] PIREP at (36.49, -104.87) FL38000 2021-12-15 18:05:00 (cache: 36 images)
  SAVED /cluster/tufts/capstone25skyblue/scleme01/SatelliteTurbulencePrediction/model_inputs/2021_12/0000190.npz (3048.5s total | fetch=3041.7s project=0.6s smooth=4.3s | cache hits=11 misses=4)
[12/110] PIREP at (36.49, -104.87) FL38000 2021-12-15 18:09:00 (cache: 40 images)
  SAVED /cluster/tufts/capstone25skyblue/scleme01/SatelliteTurbulencePrediction/model_inputs/2021_12/0000192.npz (0.1s total | fetch=0.0s project=0.0s smooth=0.0s | cache hits=15 misses=0)
[13/110] PIREP at (36.74, -104.50) FL33000 2021-12-15 18:09:00 (cache: 40 images)
  SAVED /cluster/tufts/capstone25skyblue/scleme01/SatelliteTurbulencePrediction/model_inputs/2021_12/0000191.npz (0.1s total | fetch=0.0s project=0.0s smooth=0.0s | cache hits=15 misses=0)
[14/110] PIREP at (35.66, -105.35) FL29000 2021-12-15 18:13:00 (cache: 40 images)
  SAVED /cluster/tufts/capstone25skyblue/scleme01/SatelliteTurbulencePrediction/model_inputs/2021_12/0000193.npz (733.5s total | fetch=731.6s project=0.1s smooth=1.1s | cache hits=14 misses=1)
[15/110] PIREP at (38.27, -105.86) FL19000 2021-12-15 18:22:00 (cache: 41 images)
  SAVED /cluster/tufts/capstone25skyblue/scleme01/SatelliteTurbulencePrediction/model_inputs/2021_12/0000195.npz (1472.2s total | fetch=1468.7s project=0.3s smooth=2.1s | cache hits=13 misses=2)
[16/110] PIREP at (38.27, -105.86) FL19000 2021-12-15 18:22:00 (cache: 43 images)
  SAVED /cluster/tufts/capstone25skyblue/scleme01/SatelliteTurbulencePrediction/model_inputs/2021_12/0000194.npz (0.1s total | fetch=0.0s project=0.0s smooth=0.0s | cache hits=15 misses=0)
[17/110] PIREP at (38.56, -102.59) FL45000 2021-12-15 18:55:00 (cache: 43 images)
  SAVED /cluster/tufts/capstone25skyblue/scleme01/SatelliteTurbulencePrediction/model_inputs/2021_12/0000196.npz (5391.0s total | fetch=5379.2s project=1.0s smooth=7.4s | cache hits=8 misses=7)
[18/110] PIREP at (36.25, -94.02) FL3000 2021-12-15 19:26:00 (cache: 50 images)
  SAVED /cluster/tufts/capstone25skyblue/scleme01/SatelliteTurbulencePrediction/model_inputs/2021_12/0000197.npz (5212.0s total | fetch=5201.9s project=0.8s smooth=6.3s | cache hits=9 misses=6)
[19/110] PIREP at (43.58, -96.75) FL36000 2021-12-15 23:20:00 (cache: 56 images)
  SAVED /cluster/tufts/capstone25skyblue/scleme01/SatelliteTurbulencePrediction/model_inputs/2021_12/0000198.npz (6360.1s total | fetch=6335.7s project=2.1s smooth=15.9s | cache hits=0 misses=15)
[20/110] PIREP at (39.98, -120.07) FL9200 2021-12-16 00:36:00 (cache: 71 images)
  SAVED /cluster/tufts/capstone25skyblue/scleme01/SatelliteTurbulencePrediction/model_inputs/2021_12/0000199.npz (158.3s total | fetch=134.8s project=2.1s smooth=15.9s | cache hits=0 misses=15)
[21/110] PIREP at (39.92, -120.10) FL10000 2021-12-16 00:38:00 (cache: 86 images)
  SAVED /cluster/tufts/capstone25skyblue/scleme01/SatelliteTurbulencePrediction/model_inputs/2021_12/0000200.npz (0.1s total | fetch=0.0s project=0.0s smooth=0.0s | cache hits=15 misses=0)
[22/110] PIREP at (46.40, -94.13) FL32000 2021-12-16 00:54:00 (cache: 86 images)
  SAVED /cluster/tufts/capstone25skyblue/scleme01/SatelliteTurbulencePrediction/model_inputs/2021_12/0000201.npz (36.2s total | fetch=31.4s project=0.4s smooth=3.2s | cache hits=12 misses=3)
[23/110] PIREP at (39.83, -104.66) FL11000 2021-12-16 01:38:00 (cache: 89 images)
  SAVED /cluster/tufts/capstone25skyblue/scleme01/SatelliteTurbulencePrediction/model_inputs/2021_12/0000202.npz (94.5s total | fetch=80.4s project=1.2s smooth=9.5s | cache hits=6 misses=9)
[24/110] PIREP at (39.83, -104.66) FL13000 2021-12-16 03:03:00 (cache: 98 images)
  SAVED /cluster/tufts/capstone25skyblue/scleme01/SatelliteTurbulencePrediction/model_inputs/2021_12/0000203.npz (139.3s total | fetch=115.9s project=2.1s smooth=15.9s | cache hits=0 misses=15)
[25/110] PIREP at (39.83, -104.66) FL43000 2021-12-16 04:57:00 (cache: 113 images)
  SAVED /cluster/tufts/capstone25skyblue/scleme01/SatelliteTurbulencePrediction/model_inputs/2021_12/0000204.npz (156.8s total | fetch=133.2s project=2.1s smooth=16.0s | cache hits=0 misses=15)
[26/110] PIREP at (36.95, -118.27) FL38000 2021-12-16 05:14:00 (cache: 128 images)
  SAVED /cluster/tufts/capstone25skyblue/scleme01/SatelliteTurbulencePrediction/model_inputs/2021_12/0000488.npz (24.3s total | fetch=19.4s project=0.4s smooth=3.2s | cache hits=12 misses=3)
[27/110] PIREP at (39.48, -86.37) FL12000 2021-12-16 15:03:00 (cache: 131 images)
