Resetting environment
Deactivating conda environment (if any)
Purging all modules
Done! Environment has been torn down
Allocating resources with slurm...
Loading cuda and miniforge...
Activating conda environment...
Redirecting into the satellite repo...
Done! Environment has now been set up
Processing 2019/11 chunk [450:600]
Fetching satellite data for PIREPs in /cluster/tufts/capstone25skyblue/scleme01/SatelliteTurbulencePrediction/pireps/2019/11_turb_pireps.csv
Processing chunk [450:600] (66 PIREPs) from /cluster/tufts/capstone25skyblue/scleme01/SatelliteTurbulencePrediction/pireps/2019/11_turb_pireps.csv
[1/66] SKIPPING /cluster/tufts/capstone25skyblue/scleme01/SatelliteTurbulencePrediction/model_inputs/2019_11/0000213.npz (already exists)
[2/66] SKIPPING /cluster/tufts/capstone25skyblue/scleme01/SatelliteTurbulencePrediction/model_inputs/2019_11/0000214.npz (already exists)
[3/66] SKIPPING /cluster/tufts/capstone25skyblue/scleme01/SatelliteTurbulencePrediction/model_inputs/2019_11/0000215.npz (already exists)
[4/66] SKIPPING /cluster/tufts/capstone25skyblue/scleme01/SatelliteTurbulencePrediction/model_inputs/2019_11/0000486.npz (already exists)
[5/66] SKIPPING /cluster/tufts/capstone25skyblue/scleme01/SatelliteTurbulencePrediction/model_inputs/2019_11/0000301.npz (already exists)
[6/66] PIREP at (39.94, -91.19) FL30000 2019-11-28 14:40:00 (cache: 0 images)
  SAVED /cluster/tufts/capstone25skyblue/scleme01/SatelliteTurbulencePrediction/model_inputs/2019_11/0000326.npz (7230.4s total | fetch=7199.2s project=2.2s smooth=21.8s | cache hits=0 misses=15)
[7/66] PIREP at (38.85, -94.74) FL32000 2019-11-28 15:07:00 (cache: 15 images)
  SAVED /cluster/tufts/capstone25skyblue/scleme01/SatelliteTurbulencePrediction/model_inputs/2019_11/0000484.npz (3068.3s total | fetch=3057.8s project=0.7s smooth=7.3s | cache hits=10 misses=5)
[8/66] PIREP at (41.26, -72.89) FL500 2019-11-28 15:24:00 (cache: 20 images)
  SAVED /cluster/tufts/capstone25skyblue/scleme01/SatelliteTurbulencePrediction/model_inputs/2019_11/0000216.npz (1382.6s total | fetch=1376.1s project=0.4s smooth=4.4s | cache hits=12 misses=3)
[9/66] PIREP at (41.07, -73.71) FL500 2019-11-28 15:24:00 (cache: 23 images)
  SAVED /cluster/tufts/capstone25skyblue/scleme01/SatelliteTurbulencePrediction/model_inputs/2019_11/0000217.npz (0.2s total | fetch=0.0s project=0.0s smooth=0.0s | cache hits=15 misses=0)
[10/66] PIREP at (35.40, -82.21) FL5500 2019-11-28 15:25:00 (cache: 23 images)
  SAVED /cluster/tufts/capstone25skyblue/scleme01/SatelliteTurbulencePrediction/model_inputs/2019_11/0000218.npz (618.2s total | fetch=615.9s project=0.1s smooth=1.5s | cache hits=14 misses=1)
[11/66] PIREP at (36.72, -120.78) FL20000 2019-11-28 16:52:00 (cache: 24 images)
  SAVED /cluster/tufts/capstone25skyblue/scleme01/SatelliteTurbulencePrediction/model_inputs/2019_11/0000271.npz (9385.0s total | fetch=9354.0s project=2.1s smooth=21.6s | cache hits=0 misses=15)
[12/66] PIREP at (46.92, -55.50) FL37000 2019-11-28 17:55:00 (cache: 39 images)
  SAVED /cluster/tufts/capstone25skyblue/scleme01/SatelliteTurbulencePrediction/model_inputs/2019_11/0000219.npz (9730.3s total | fetch=9703.7s project=1.8s smooth=18.5s | cache hits=2 misses=13)
[13/66] PIREP at (44.26, -88.52) FL30000 2019-11-28 18:37:00 (cache: 52 images)
  SAVED /cluster/tufts/capstone25skyblue/scleme01/SatelliteTurbulencePrediction/model_inputs/2019_11/0000348.npz (6829.5s total | fetch=6812.7s project=1.2s smooth=11.6s | cache hits=7 misses=8)
[14/66] PIREP at (35.87, -81.24) FL38000 2019-11-28 19:08:00 (cache: 60 images)
  SAVED /cluster/tufts/capstone25skyblue/scleme01/SatelliteTurbulencePrediction/model_inputs/2019_11/0000420.npz (5334.3s total | fetch=5321.3s project=0.9s smooth=8.8s | cache hits=9 misses=6)
[15/66] PIREP at (24.56, -82.88) FL1000 2019-11-28 19:15:00 (cache: 66 images)
  SAVED /cluster/tufts/capstone25skyblue/scleme01/SatelliteTurbulencePrediction/model_inputs/2019_11/0000473.npz (1916.0s total | fetch=1911.5s project=0.3s smooth=2.9s | cache hits=13 misses=2)
[16/66] PIREP at (45.56, -87.99) FL31000 2019-11-28 21:15:00 (cache: 68 images)
