Resetting environment
Deactivating conda environment (if any)
Purging all modules
Done! Environment has been torn down
Allocating resources with slurm...
Loading cuda and miniforge...
Activating conda environment...
Redirecting into the satellite repo...
Done! Environment has now been set up
Processing 2019/09 chunk [300:450]
Fetching satellite data for PIREPs in /cluster/tufts/capstone25skyblue/scleme01/SatelliteTurbulencePrediction/pireps/2019/09_turb_pireps.csv
Processing chunk [300:450] (64 PIREPs) from /cluster/tufts/capstone25skyblue/scleme01/SatelliteTurbulencePrediction/pireps/2019/09_turb_pireps.csv
[1/64] PIREP at (37.83, -121.62) FL4000 2019-09-27 01:18:00 (cache: 0 images)
  SAVED /cluster/tufts/capstone25skyblue/scleme01/SatelliteTurbulencePrediction/model_inputs/2019_09/0000197.npz (102.4s total | fetch=71.2s project=2.2s smooth=21.7s | cache hits=0 misses=15)
[2/64] PIREP at (43.28, -72.27) FL40000 2019-09-27 01:36:00 (cache: 15 images)
  SAVED /cluster/tufts/capstone25skyblue/scleme01/SatelliteTurbulencePrediction/model_inputs/2019_09/0000142.npz (35.8s total | fetch=27.4s project=0.6s smooth=5.8s | cache hits=11 misses=4)
[3/64] PIREP at (47.84, -96.62) FL11000 2019-09-27 02:03:00 (cache: 19 images)
  SAVED /cluster/tufts/capstone25skyblue/scleme01/SatelliteTurbulencePrediction/model_inputs/2019_09/0000143.npz (45.9s total | fetch=35.4s project=0.7s smooth=7.2s | cache hits=10 misses=5)
[4/64] PIREP at (45.35, -58.35) FL36000 2019-09-27 03:27:00 (cache: 24 images)
  SAVED /cluster/tufts/capstone25skyblue/scleme01/SatelliteTurbulencePrediction/model_inputs/2019_09/0000144.npz (126.9s total | fetch=95.6s project=2.2s smooth=21.8s | cache hits=0 misses=15)
[5/64] PIREP at (37.16, -104.87) FL33000 2019-09-27 03:41:00 (cache: 39 images)
  SAVED /cluster/tufts/capstone25skyblue/scleme01/SatelliteTurbulencePrediction/model_inputs/2019_09/0000145.npz (30.5s total | fetch=24.0s project=0.4s smooth=4.4s | cache hits=12 misses=3)
[6/64] PIREP at (41.43, -97.21) FL8000 2019-09-27 14:32:00 (cache: 42 images)
  SAVED /cluster/tufts/capstone25skyblue/scleme01/SatelliteTurbulencePrediction/model_inputs/2019_09/0000146.npz (7313.3s total | fetch=7282.2s project=2.1s smooth=21.7s | cache hits=0 misses=15)
[7/64] PIREP at (45.45, -98.42) FL34000 2019-09-27 14:36:00 (cache: 57 images)
  SAVED /cluster/tufts/capstone25skyblue/scleme01/SatelliteTurbulencePrediction/model_inputs/2019_09/0000211.npz (480.5s total | fetch=478.3s project=0.1s smooth=1.4s | cache hits=14 misses=1)
[8/64] PIREP at (39.01, -95.06) FL2500 2019-09-27 16:08:00 (cache: 58 images)
  SAVED /cluster/tufts/capstone25skyblue/scleme01/SatelliteTurbulencePrediction/model_inputs/2019_09/0000147.npz (7857.7s total | fetch=7826.4s project=2.1s smooth=21.7s | cache hits=0 misses=15)
[9/64] PIREP at (62.06, -163.30) FL1500 2019-09-27 17:45:00 (cache: 73 images)
  SAVED /cluster/tufts/capstone25skyblue/scleme01/SatelliteTurbulencePrediction/model_inputs/2019_09/0000187.npz (9261.1s total | fetch=9230.1s project=2.1s smooth=21.7s | cache hits=0 misses=15)
[10/64] PIREP at (40.44, -75.29) FL2500 2019-09-27 19:18:00 (cache: 88 images)
  SAVED /cluster/tufts/capstone25skyblue/scleme01/SatelliteTurbulencePrediction/model_inputs/2019_09/0000229.npz (11082.0s total | fetch=11050.8s project=2.1s smooth=21.7s | cache hits=0 misses=15)
[11/64] PIREP at (41.09, -85.36) FL19000 2019-09-27 20:32:00 (cache: 103 images)
  SAVED /cluster/tufts/capstone25skyblue/scleme01/SatelliteTurbulencePrediction/model_inputs/2019_09/0000148.npz (12157.0s total | fetch=12125.9s project=2.1s smooth=21.6s | cache hits=0 misses=15)
[12/64] PIREP at (41.09, -85.36) FL19000 2019-09-27 20:43:00 (cache: 118 images)
  SAVED /cluster/tufts/capstone25skyblue/scleme01/SatelliteTurbulencePrediction/model_inputs/2019_09/0000149.npz (2015.3s total | fetch=2011.0s project=0.3s smooth=2.9s | cache hits=13 misses=2)
[13/64] PIREP at (47.32, -122.17) FL2000 2019-09-27 21:25:00 (cache: 120 images)
  SAVED /cluster/tufts/capstone25skyblue/scleme01/SatelliteTurbulencePrediction/model_inputs/2019_09/0000150.npz (8596.9s total | fetch=8577.9s project=1.3s smooth=13.1s | cache hits=6 misses=9)
[14/64] PIREP at (8.85, -79.60) FL14000 2019-09-27 21:34:00 (cache: 129 images)
  SAVED /cluster/tufts/capstone25skyblue/scleme01/SatelliteTurbulencePrediction/model_inputs/2019_09/0000253.npz (1017.1s total | fetch=1014.7s project=0.1s smooth=1.5s | cache hits=14 misses=1)
[15/64] PIREP at (25.55, -81.21) FL7500 2019-09-27 22:37:00 (cache: 130 images)
