Resetting environment
Deactivating conda environment (if any)
Purging all modules
Done! Environment has been torn down
Loading cuda and miniforge...
Activating conda environment...
Redirecting into the satellite repo...
Done! Environment has now been set up
Processing 2021/11 chunk [220:330]
Fetching satellite data for PIREPs in /cluster/tufts/capstone25skyblue/scleme01/SatelliteTurbulencePrediction/pireps/2021/11_turb_pireps.csv
Processing chunk [220:330] (110 PIREPs) from /cluster/tufts/capstone25skyblue/scleme01/SatelliteTurbulencePrediction/pireps/2021/11_turb_pireps.csv
[1/110] PIREP at (40.64, -105.41) FL17000 2021-11-16 15:57:00 (cache: 0 images)
  SAVED /cluster/tufts/capstone25skyblue/scleme01/SatelliteTurbulencePrediction/model_inputs/2021_11/0000316.npz (11154.7s total | fetch=11129.4s project=2.2s smooth=16.1s | cache hits=0 misses=15)
[2/110] PIREP at (40.28, -105.15) FL15500 2021-11-16 18:30:00 (cache: 15 images)
  SAVED /cluster/tufts/capstone25skyblue/scleme01/SatelliteTurbulencePrediction/model_inputs/2021_11/0000112.npz (13026.1s total | fetch=13000.4s project=2.2s smooth=16.5s | cache hits=0 misses=15)
[3/110] PIREP at (45.14, -93.21) FL4000 2021-11-16 18:31:00 (cache: 30 images)
  SAVED /cluster/tufts/capstone25skyblue/scleme01/SatelliteTurbulencePrediction/model_inputs/2021_11/0000113.npz (0.1s total | fetch=0.0s project=0.0s smooth=0.0s | cache hits=15 misses=0)
[4/110] PIREP at (38.34, -105.11) FL8500 2021-11-16 18:35:00 (cache: 30 images)
  SAVED /cluster/tufts/capstone25skyblue/scleme01/SatelliteTurbulencePrediction/model_inputs/2021_11/0000114.npz (800.9s total | fetch=799.1s project=0.1s smooth=1.1s | cache hits=14 misses=1)
[5/110] PIREP at (45.94, -111.08) FL41000 2021-11-16 18:55:00 (cache: 31 images)
