Resetting environment
Deactivating conda environment (if any)
Purging all modules
Done! Environment has been torn down
Allocating resources with slurm...
Loading cuda and miniforge...
Activating conda environment...
Redirecting into the satellite repo...
Done! Environment has now been set up
Processing 2020/01 chunk [0:150]
Fetching satellite data for PIREPs in /cluster/tufts/capstone25skyblue/scleme01/SatelliteTurbulencePrediction/pireps/2020/01_turb_pireps.csv
Processing chunk [0:150] (150 PIREPs) from /cluster/tufts/capstone25skyblue/scleme01/SatelliteTurbulencePrediction/pireps/2020/01_turb_pireps.csv
[1/150] SKIPPING /cluster/tufts/capstone25skyblue/scleme01/SatelliteTurbulencePrediction/model_inputs/2020_01/0000558.npz (already exists)
[2/150] SKIPPING /cluster/tufts/capstone25skyblue/scleme01/SatelliteTurbulencePrediction/model_inputs/2020_01/0000000.npz (already exists)
[3/150] SKIPPING /cluster/tufts/capstone25skyblue/scleme01/SatelliteTurbulencePrediction/model_inputs/2020_01/0000001.npz (already exists)
[4/150] SKIPPING /cluster/tufts/capstone25skyblue/scleme01/SatelliteTurbulencePrediction/model_inputs/2020_01/0000002.npz (already exists)
[5/150] SKIPPING /cluster/tufts/capstone25skyblue/scleme01/SatelliteTurbulencePrediction/model_inputs/2020_01/0000479.npz (already exists)
[6/150] SKIPPING /cluster/tufts/capstone25skyblue/scleme01/SatelliteTurbulencePrediction/model_inputs/2020_01/0000686.npz (already exists)
[7/150] SKIPPING /cluster/tufts/capstone25skyblue/scleme01/SatelliteTurbulencePrediction/model_inputs/2020_01/0000003.npz (already exists)
[8/150] SKIPPING /cluster/tufts/capstone25skyblue/scleme01/SatelliteTurbulencePrediction/model_inputs/2020_01/0000004.npz (already exists)
[9/150] SKIPPING /cluster/tufts/capstone25skyblue/scleme01/SatelliteTurbulencePrediction/model_inputs/2020_01/0000005.npz (already exists)
[10/150] SKIPPING /cluster/tufts/capstone25skyblue/scleme01/SatelliteTurbulencePrediction/model_inputs/2020_01/0000733.npz (already exists)
[11/150] SKIPPING /cluster/tufts/capstone25skyblue/scleme01/SatelliteTurbulencePrediction/model_inputs/2020_01/0000481.npz (already exists)
[12/150] SKIPPING /cluster/tufts/capstone25skyblue/scleme01/SatelliteTurbulencePrediction/model_inputs/2020_01/0000598.npz (already exists)
[13/150] SKIPPING /cluster/tufts/capstone25skyblue/scleme01/SatelliteTurbulencePrediction/model_inputs/2020_01/0000763.npz (already exists)
[14/150] SKIPPING /cluster/tufts/capstone25skyblue/scleme01/SatelliteTurbulencePrediction/model_inputs/2020_01/0000006.npz (already exists)
[15/150] SKIPPING /cluster/tufts/capstone25skyblue/scleme01/SatelliteTurbulencePrediction/model_inputs/2020_01/0000007.npz (already exists)
[16/150] SKIPPING /cluster/tufts/capstone25skyblue/scleme01/SatelliteTurbulencePrediction/model_inputs/2020_01/0000419.npz (already exists)
[17/150] SKIPPING /cluster/tufts/capstone25skyblue/scleme01/SatelliteTurbulencePrediction/model_inputs/2020_01/0000589.npz (already exists)
[18/150] SKIPPING /cluster/tufts/capstone25skyblue/scleme01/SatelliteTurbulencePrediction/model_inputs/2020_01/0000009.npz (already exists)
[19/150] SKIPPING /cluster/tufts/capstone25skyblue/scleme01/SatelliteTurbulencePrediction/model_inputs/2020_01/0000008.npz (already exists)
[20/150] SKIPPING /cluster/tufts/capstone25skyblue/scleme01/SatelliteTurbulencePrediction/model_inputs/2020_01/0000010.npz (already exists)
[21/150] SKIPPING /cluster/tufts/capstone25skyblue/scleme01/SatelliteTurbulencePrediction/model_inputs/2020_01/0000011.npz (already exists)
[22/150] SKIPPING /cluster/tufts/capstone25skyblue/scleme01/SatelliteTurbulencePrediction/model_inputs/2020_01/0000012.npz (already exists)
[23/150] SKIPPING /cluster/tufts/capstone25skyblue/scleme01/SatelliteTurbulencePrediction/model_inputs/2020_01/0000691.npz (already exists)
[24/150] SKIPPING /cluster/tufts/capstone25skyblue/scleme01/SatelliteTurbulencePrediction/model_inputs/2020_01/0000013.npz (already exists)
[25/150] SKIPPING /cluster/tufts/capstone25skyblue/scleme01/SatelliteTurbulencePrediction/model_inputs/2020_01/0000544.npz (already exists)
[26/150] SKIPPING /cluster/tufts/capstone25skyblue/scleme01/SatelliteTurbulencePrediction/model_inputs/2020_01/0000014.npz (already exists)
[27/150] SKIPPING /cluster/tufts/capstone25skyblue/scleme01/SatelliteTurbulencePrediction/model_inputs/2020_01/0000017.npz (already exists)
[28/150] SKIPPING /cluster/tufts/capstone25skyblue/scleme01/SatelliteTurbulencePrediction/model_inputs/2020_01/0000016.npz (already exists)
[29/150] SKIPPING /cluster/tufts/capstone25skyblue/scleme01/SatelliteTurbulencePrediction/model_inputs/2020_01/0000015.npz (already exists)
[30/150] SKIPPING /cluster/tufts/capstone25skyblue/scleme01/SatelliteTurbulencePrediction/model_inputs/2020_01/0000018.npz (already exists)
[31/150] SKIPPING /cluster/tufts/capstone25skyblue/scleme01/SatelliteTurbulencePrediction/model_inputs/2020_01/0000019.npz (already exists)
[32/150] SKIPPING /cluster/tufts/capstone25skyblue/scleme01/SatelliteTurbulencePrediction/model_inputs/2020_01/0000020.npz (already exists)
[33/150] SKIPPING /cluster/tufts/capstone25skyblue/scleme01/SatelliteTurbulencePrediction/model_inputs/2020_01/0000021.npz (already exists)
[34/150] SKIPPING /cluster/tufts/capstone25skyblue/scleme01/SatelliteTurbulencePrediction/model_inputs/2020_01/0000022.npz (already exists)
[35/150] SKIPPING /cluster/tufts/capstone25skyblue/scleme01/SatelliteTurbulencePrediction/model_inputs/2020_01/0000024.npz (already exists)
[36/150] SKIPPING /cluster/tufts/capstone25skyblue/scleme01/SatelliteTurbulencePrediction/model_inputs/2020_01/0000023.npz (already exists)
[37/150] SKIPPING /cluster/tufts/capstone25skyblue/scleme01/SatelliteTurbulencePrediction/model_inputs/2020_01/0000025.npz (already exists)
[38/150] SKIPPING /cluster/tufts/capstone25skyblue/scleme01/SatelliteTurbulencePrediction/model_inputs/2020_01/0000026.npz (already exists)
[39/150] SKIPPING /cluster/tufts/capstone25skyblue/scleme01/SatelliteTurbulencePrediction/model_inputs/2020_01/0000697.npz (already exists)
[40/150] SKIPPING /cluster/tufts/capstone25skyblue/scleme01/SatelliteTurbulencePrediction/model_inputs/2020_01/0000027.npz (already exists)
[41/150] SKIPPING /cluster/tufts/capstone25skyblue/scleme01/SatelliteTurbulencePrediction/model_inputs/2020_01/0000608.npz (already exists)
[42/150] SKIPPING /cluster/tufts/capstone25skyblue/scleme01/SatelliteTurbulencePrediction/model_inputs/2020_01/0000701.npz (already exists)
[43/150] SKIPPING /cluster/tufts/capstone25skyblue/scleme01/SatelliteTurbulencePrediction/model_inputs/2020_01/0000028.npz (already exists)
[44/150] SKIPPING /cluster/tufts/capstone25skyblue/scleme01/SatelliteTurbulencePrediction/model_inputs/2020_01/0000715.npz (already exists)
[45/150] SKIPPING /cluster/tufts/capstone25skyblue/scleme01/SatelliteTurbulencePrediction/model_inputs/2020_01/0000664.npz (already exists)
[46/150] SKIPPING /cluster/tufts/capstone25skyblue/scleme01/SatelliteTurbulencePrediction/model_inputs/2020_01/0000502.npz (already exists)
[47/150] SKIPPING /cluster/tufts/capstone25skyblue/scleme01/SatelliteTurbulencePrediction/model_inputs/2020_01/0000029.npz (already exists)
[48/150] SKIPPING /cluster/tufts/capstone25skyblue/scleme01/SatelliteTurbulencePrediction/model_inputs/2020_01/0000030.npz (already exists)
[49/150] SKIPPING /cluster/tufts/capstone25skyblue/scleme01/SatelliteTurbulencePrediction/model_inputs/2020_01/0000031.npz (already exists)
[50/150] PIREP at (43.65, -92.49) FL30000 2020-01-01 22:33:00 (cache: 0 images)
  SAVED /cluster/tufts/capstone25skyblue/scleme01/SatelliteTurbulencePrediction/model_inputs/2020_01/0000770.npz (7005.8s total | fetch=6981.1s project=1.6s smooth=17.3s | cache hits=0 misses=15)
[51/150] SKIPPING /cluster/tufts/capstone25skyblue/scleme01/SatelliteTurbulencePrediction/model_inputs/2020_01/0000032.npz (already exists)
[52/150] SKIPPING /cluster/tufts/capstone25skyblue/scleme01/SatelliteTurbulencePrediction/model_inputs/2020_01/0000033.npz (already exists)
[53/150] PIREP at (34.43, -99.98) FL35000 2020-01-01 23:37:00 (cache: 15 images)
  SAVED /cluster/tufts/capstone25skyblue/scleme01/SatelliteTurbulencePrediction/model_inputs/2020_01/0000579.npz (2748.7s total | fetch=2727.2s project=1.4s smooth=15.1s | cache hits=2 misses=13)
[54/150] SKIPPING /cluster/tufts/capstone25skyblue/scleme01/SatelliteTurbulencePrediction/model_inputs/2020_01/0000034.npz (already exists)
[55/150] PIREP at (27.25, -151.50) FL35000 2020-01-02 00:24:00 (cache: 28 images)
  SAVED /cluster/tufts/capstone25skyblue/scleme01/SatelliteTurbulencePrediction/model_inputs/2020_01/0000561.npz (89.0s total | fetch=74.4s project=1.0s smooth=10.3s | cache hits=6 misses=9)
[56/150] PIREP at (33.24, -107.27) FL32000 2020-01-02 00:43:00 (cache: 37 images)
  SAVED /cluster/tufts/capstone25skyblue/scleme01/SatelliteTurbulencePrediction/model_inputs/2020_01/0000513.npz (43.1s total | fetch=36.5s project=0.4s smooth=4.6s | cache hits=11 misses=4)
[57/150] SKIPPING /cluster/tufts/capstone25skyblue/scleme01/SatelliteTurbulencePrediction/model_inputs/2020_01/0000035.npz (already exists)
[58/150] SKIPPING /cluster/tufts/capstone25skyblue/scleme01/SatelliteTurbulencePrediction/model_inputs/2020_01/0000036.npz (already exists)
[59/150] SKIPPING /cluster/tufts/capstone25skyblue/scleme01/SatelliteTurbulencePrediction/model_inputs/2020_01/0000037.npz (already exists)
[60/150] SKIPPING /cluster/tufts/capstone25skyblue/scleme01/SatelliteTurbulencePrediction/model_inputs/2020_01/0000038.npz (already exists)
[61/150] PIREP at (31.68, -142.62) FL33000 2020-01-02 02:50:00 (cache: 41 images)
  SAVED /cluster/tufts/capstone25skyblue/scleme01/SatelliteTurbulencePrediction/model_inputs/2020_01/0000546.npz (137.9s total | fetch=113.6s project=1.6s smooth=17.0s | cache hits=0 misses=15)
[62/150] SKIPPING /cluster/tufts/capstone25skyblue/scleme01/SatelliteTurbulencePrediction/model_inputs/2020_01/0000039.npz (already exists)
[63/150] SKIPPING /cluster/tufts/capstone25skyblue/scleme01/SatelliteTurbulencePrediction/model_inputs/2020_01/0000040.npz (already exists)
[64/150] SKIPPING /cluster/tufts/capstone25skyblue/scleme01/SatelliteTurbulencePrediction/model_inputs/2020_01/0000041.npz (already exists)
[65/150] PIREP at (34.30, -98.60) FL37000 2020-01-02 07:30:00 (cache: 56 images)
  SAVED /cluster/tufts/capstone25skyblue/scleme01/SatelliteTurbulencePrediction/model_inputs/2020_01/0000588.npz (81.5s total | fetch=56.9s project=1.6s smooth=17.2s | cache hits=0 misses=15)
[66/150] PIREP at (40.29, -84.04) FL31000 2020-01-02 11:36:00 (cache: 71 images)
  SAVED /cluster/tufts/capstone25skyblue/scleme01/SatelliteTurbulencePrediction/model_inputs/2020_01/0000498.npz (129.8s total | fetch=105.2s project=1.6s smooth=17.2s | cache hits=0 misses=15)
[67/150] SKIPPING /cluster/tufts/capstone25skyblue/scleme01/SatelliteTurbulencePrediction/model_inputs/2020_01/0000043.npz (already exists)
[68/150] SKIPPING /cluster/tufts/capstone25skyblue/scleme01/SatelliteTurbulencePrediction/model_inputs/2020_01/0000042.npz (already exists)
[69/150] PIREP at (44.22, -93.92) FL20000 2020-01-02 13:57:00 (cache: 86 images)
  SAVED /cluster/tufts/capstone25skyblue/scleme01/SatelliteTurbulencePrediction/model_inputs/2020_01/0000721.npz (5822.7s total | fetch=5798.0s project=1.6s smooth=17.3s | cache hits=0 misses=15)
[70/150] PIREP at (43.17, -95.99) FL32000 2020-01-02 15:55:00 (cache: 101 images)
  SAVED /cluster/tufts/capstone25skyblue/scleme01/SatelliteTurbulencePrediction/model_inputs/2020_01/0000507.npz (8734.8s total | fetch=8710.1s project=1.6s smooth=17.2s | cache hits=0 misses=15)
[71/150] PIREP at (40.06, -83.20) FL35000 2020-01-02 16:12:00 (cache: 116 images)
  SAVED /cluster/tufts/capstone25skyblue/scleme01/SatelliteTurbulencePrediction/model_inputs/2020_01/0000488.npz (1962.9s total | fetch=1957.9s project=0.3s smooth=3.4s | cache hits=12 misses=3)
[72/150] SKIPPING /cluster/tufts/capstone25skyblue/scleme01/SatelliteTurbulencePrediction/model_inputs/2020_01/0000044.npz (already exists)
[73/150] PIREP at (34.63, -84.44) FL12000 2020-01-02 16:40:00 (cache: 119 images)
  SAVED /cluster/tufts/capstone25skyblue/scleme01/SatelliteTurbulencePrediction/model_inputs/2020_01/0000626.npz (4621.0s total | fetch=4611.1s project=0.6s smooth=6.9s | cache hits=9 misses=6)
[74/150] SKIPPING /cluster/tufts/capstone25skyblue/scleme01/SatelliteTurbulencePrediction/model_inputs/2020_01/0000045.npz (already exists)
[75/150] SKIPPING /cluster/tufts/capstone25skyblue/scleme01/SatelliteTurbulencePrediction/model_inputs/2020_01/0000046.npz (already exists)
[76/150] SKIPPING /cluster/tufts/capstone25skyblue/scleme01/SatelliteTurbulencePrediction/model_inputs/2020_01/0000047.npz (already exists)
[77/150] PIREP at (37.12, -94.21) FL35000 2020-01-02 18:45:00 (cache: 125 images)
  SAVED /cluster/tufts/capstone25skyblue/scleme01/SatelliteTurbulencePrediction/model_inputs/2020_01/0000417.npz (12551.0s total | fetch=12526.8s project=1.6s smooth=16.9s | cache hits=0 misses=15)
[78/150] SKIPPING /cluster/tufts/capstone25skyblue/scleme01/SatelliteTurbulencePrediction/model_inputs/2020_01/0000048.npz (already exists)
[79/150] PIREP at (37.43, -81.57) FL6000 2020-01-02 19:45:00 (cache: 140 images)
