Resetting environment
Deactivating conda environment (if any)
Purging all modules
Done! Environment has been torn down
Loading cuda and miniforge...
Activating conda environment...
Redirecting into the satellite repo...
Done! Environment has now been set up
Processing 2018/02 chunk [110:220]
Fetching satellite data for PIREPs in /cluster/tufts/capstone25skyblue/scleme01/SatelliteTurbulencePrediction/pireps/2018/02_turb_pireps.csv
Processing chunk [110:220] (110 PIREPs) from /cluster/tufts/capstone25skyblue/scleme01/SatelliteTurbulencePrediction/pireps/2018/02_turb_pireps.csv
[1/110] PIREP at (38.07, -102.69) FL5000 2018-02-09 01:09:00 (cache: 0 images)
  SAVED /cluster/tufts/capstone25skyblue/scleme01/SatelliteTurbulencePrediction/model_inputs/2018_02/0000349.npz (148.1s total | fetch=117.5s project=2.0s smooth=21.3s | cache hits=0 misses=15)
[2/110] PIREP at (39.91, -105.12) FL10000 2018-02-09 02:10:00 (cache: 15 images)
  SAVED /cluster/tufts/capstone25skyblue/scleme01/SatelliteTurbulencePrediction/model_inputs/2018_02/0000051.npz (128.6s total | fetch=102.3s project=1.7s smooth=18.3s | cache hits=2 misses=13)
[3/110] PIREP at (39.84, -89.68) FL38000 2018-02-09 03:38:00 (cache: 28 images)
  SAVED /cluster/tufts/capstone25skyblue/scleme01/SatelliteTurbulencePrediction/model_inputs/2018_02/0000409.npz (160.0s total | fetch=129.7s project=2.0s smooth=21.1s | cache hits=0 misses=15)
[4/110] PIREP at (28.76, -88.27) FL38000 2018-02-09 14:58:00 (cache: 43 images)
  SAVED /cluster/tufts/capstone25skyblue/scleme01/SatelliteTurbulencePrediction/model_inputs/2018_02/0000422.npz (13607.0s total | fetch=13576.5s project=2.0s smooth=21.1s | cache hits=0 misses=15)
[5/110] PIREP at (37.23, -105.06) FL18000 2018-02-09 18:22:00 (cache: 58 images)
  SAVED /cluster/tufts/capstone25skyblue/scleme01/SatelliteTurbulencePrediction/model_inputs/2018_02/0000052.npz (18002.7s total | fetch=17972.3s project=2.0s smooth=21.1s | cache hits=0 misses=15)
[6/110] PIREP at (31.24, -87.77) FL39000 2018-02-09 18:51:00 (cache: 73 images)
  SAVED /cluster/tufts/capstone25skyblue/scleme01/SatelliteTurbulencePrediction/model_inputs/2018_02/0000433.npz (7514.0s total | fetch=7501.7s project=0.8s smooth=8.4s | cache hits=9 misses=6)
[7/110] PIREP at (42.64, -76.75) FL36000 2018-02-09 22:35:00 (cache: 79 images)
  SAVED /cluster/tufts/capstone25skyblue/scleme01/SatelliteTurbulencePrediction/model_inputs/2018_02/0000329.npz (16595.5s total | fetch=16565.3s project=2.0s smooth=21.0s | cache hits=0 misses=15)
[8/110] PIREP at (36.04, -95.98) FL2200 2018-02-10 00:55:00 (cache: 94 images)
  SAVED /cluster/tufts/capstone25skyblue/scleme01/SatelliteTurbulencePrediction/model_inputs/2018_02/0000053.npz (259.6s total | fetch=229.3s project=2.0s smooth=21.1s | cache hits=0 misses=15)
[9/110] PIREP at (60.74, -151.24) FL4000 2018-02-10 06:21:00 (cache: 109 images)
  SAVED /cluster/tufts/capstone25skyblue/scleme01/SatelliteTurbulencePrediction/model_inputs/2018_02/0000385.npz (218.4s total | fetch=188.4s project=2.0s smooth=21.0s | cache hits=0 misses=15)
[10/110] PIREP at (35.97, -104.54) FL37000 2018-02-10 14:01:00 (cache: 124 images)
  SAVED /cluster/tufts/capstone25skyblue/scleme01/SatelliteTurbulencePrediction/model_inputs/2018_02/0000419.npz (15321.0s total | fetch=15290.9s project=2.0s smooth=21.0s | cache hits=0 misses=15)
[11/110] PIREP at (33.83, -116.51) FL2500 2018-02-10 16:00:00 (cache: 139 images)
  SAVED /cluster/tufts/capstone25skyblue/scleme01/SatelliteTurbulencePrediction/model_inputs/2018_02/0000054.npz (15160.6s total | fetch=15130.4s project=2.0s smooth=21.0s | cache hits=0 misses=15)
[12/110] PIREP at (37.30, -117.44) FL36000 2018-02-10 16:27:00 (cache: 154 images)
