Resetting environment
Deactivating conda environment (if any)
Purging all modules
Done! Environment has been torn down
Allocating resources with slurm...
Loading cuda and miniforge...
Activating conda environment...
Redirecting into the satellite repo...
Done! Environment has now been set up
Processing 2020/10 chunk [150:300]
Fetching satellite data for PIREPs in /cluster/tufts/capstone25skyblue/scleme01/SatelliteTurbulencePrediction/pireps/2020/10_turb_pireps.csv
Processing chunk [150:300] (150 PIREPs) from /cluster/tufts/capstone25skyblue/scleme01/SatelliteTurbulencePrediction/pireps/2020/10_turb_pireps.csv
[1/150] PIREP at (37.04, -101.80) FL15000 2020-10-15 13:59:00 (cache: 0 images)
  SAVED /cluster/tufts/capstone25skyblue/scleme01/SatelliteTurbulencePrediction/model_inputs/2020_10/0000306.npz (9848.4s total | fetch=9818.3s project=2.0s smooth=21.0s | cache hits=0 misses=15)
[2/150] PIREP at (42.97, -86.43) FL25000 2020-10-15 14:06:00 (cache: 15 images)
  SAVED /cluster/tufts/capstone25skyblue/scleme01/SatelliteTurbulencePrediction/model_inputs/2020_10/0000068.npz (1487.1s total | fetch=1483.0s project=0.3s smooth=2.8s | cache hits=13 misses=2)
[3/150] PIREP at (44.38, -100.29) FL36000 2020-10-15 14:34:00 (cache: 17 images)
  SAVED /cluster/tufts/capstone25skyblue/scleme01/SatelliteTurbulencePrediction/model_inputs/2020_10/0000286.npz (3669.2s total | fetch=3659.1s project=0.6s smooth=6.9s | cache hits=10 misses=5)
[4/150] PIREP at (38.60, -85.75) FL40000 2020-10-15 16:26:00 (cache: 22 images)
  SAVED /cluster/tufts/capstone25skyblue/scleme01/SatelliteTurbulencePrediction/model_inputs/2020_10/0000386.npz (13841.1s total | fetch=13811.4s project=1.9s smooth=20.7s | cache hits=0 misses=15)
[5/150] PIREP at (26.20, -79.50) FL6500 2020-10-15 17:02:00 (cache: 37 images)
