Resetting environment
Deactivating conda environment (if any)
Purging all modules
Done! Environment has been torn down
Loading cuda and miniforge...
Activating conda environment...
Redirecting into the satellite repo...
Done! Environment has now been set up
Processing 2023/06 chunk [440:550]
Fetching satellite data for PIREPs in /cluster/tufts/capstone25skyblue/scleme01/SatelliteTurbulencePrediction/pireps/2023/06_turb_pireps.csv
Processing chunk [440:550] (84 PIREPs) from /cluster/tufts/capstone25skyblue/scleme01/SatelliteTurbulencePrediction/pireps/2023/06_turb_pireps.csv
[1/84] PIREP at (41.71, -88.39) FL35000 2023-06-27 00:15:00 (cache: 0 images)
  SAVED /cluster/tufts/capstone25skyblue/scleme01/SatelliteTurbulencePrediction/model_inputs/2023_06/0000362.npz (9625.8s total | fetch=9600.8s project=2.2s smooth=16.1s | cache hits=0 misses=15)
[2/84] PIREP at (40.15, -122.25) FL9500 2023-06-27 02:07:00 (cache: 15 images)
  SAVED /cluster/tufts/capstone25skyblue/scleme01/SatelliteTurbulencePrediction/model_inputs/2023_06/0000395.npz (151.2s total | fetch=127.7s project=2.1s smooth=15.9s | cache hits=0 misses=15)
[3/84] PIREP at (39.93, -74.29) FL17000 2023-06-27 05:02:00 (cache: 30 images)
  SAVED /cluster/tufts/capstone25skyblue/scleme01/SatelliteTurbulencePrediction/model_inputs/2023_06/0000212.npz (167.8s total | fetch=144.1s project=2.1s smooth=16.1s | cache hits=0 misses=15)
[4/84] PIREP at (31.74, -106.42) FL6000 2023-06-27 05:35:00 (cache: 45 images)
  SAVED /cluster/tufts/capstone25skyblue/scleme01/SatelliteTurbulencePrediction/model_inputs/2023_06/0000214.npz (71.2s total | fetch=60.1s project=1.0s smooth=7.5s | cache hits=8 misses=7)
[5/84] PIREP at (31.74, -106.42) FL6000 2023-06-27 05:35:00 (cache: 52 images)
  SAVED /cluster/tufts/capstone25skyblue/scleme01/SatelliteTurbulencePrediction/model_inputs/2023_06/0000213.npz (0.2s total | fetch=0.0s project=0.0s smooth=0.0s | cache hits=15 misses=0)
[6/84] PIREP at (39.21, -82.23) FL20000 2023-06-27 06:43:00 (cache: 52 images)
  SAVED /cluster/tufts/capstone25skyblue/scleme01/SatelliteTurbulencePrediction/model_inputs/2023_06/0000270.npz (134.0s total | fetch=113.4s project=1.8s smooth=13.9s | cache hits=2 misses=13)
[7/84] PIREP at (42.55, -92.40) FL35000 2023-06-27 09:03:00 (cache: 65 images)
  SAVED /cluster/tufts/capstone25skyblue/scleme01/SatelliteTurbulencePrediction/model_inputs/2023_06/0000450.npz (182.6s total | fetch=158.7s project=2.1s smooth=16.3s | cache hits=0 misses=15)
[8/84] PIREP at (46.84, -91.22) FL34000 2023-06-27 12:29:00 (cache: 80 images)
  SAVED /cluster/tufts/capstone25skyblue/scleme01/SatelliteTurbulencePrediction/model_inputs/2023_06/0000343.npz (2723.3s total | fetch=2699.2s project=2.1s smooth=16.1s | cache hits=0 misses=15)
[9/84] PIREP at (26.62, -80.99) FL13000 2023-06-27 14:14:00 (cache: 95 images)
  SAVED /cluster/tufts/capstone25skyblue/scleme01/SatelliteTurbulencePrediction/model_inputs/2023_06/0000369.npz (10125.9s total | fetch=10100.6s project=2.1s smooth=16.2s | cache hits=0 misses=15)
[10/84] PIREP at (36.49, -96.09) FL15000 2023-06-27 14:32:00 (cache: 110 images)
  SAVED /cluster/tufts/capstone25skyblue/scleme01/SatelliteTurbulencePrediction/model_inputs/2023_06/0000215.npz (2585.8s total | fetch=2578.9s project=0.6s smooth=4.4s | cache hits=11 misses=4)
[11/84] PIREP at (41.99, -87.93) FL28000 2023-06-27 17:05:00 (cache: 114 images)
  SAVED /cluster/tufts/capstone25skyblue/scleme01/SatelliteTurbulencePrediction/model_inputs/2023_06/0000489.npz (10493.9s total | fetch=10468.4s project=2.3s smooth=16.3s | cache hits=0 misses=15)
[12/84] PIREP at (24.86, -78.36) FL31000 2023-06-27 17:16:00 (cache: 129 images)
  SAVED /cluster/tufts/capstone25skyblue/scleme01/SatelliteTurbulencePrediction/model_inputs/2023_06/0000309.npz (1241.2s total | fetch=1237.7s project=0.3s smooth=2.2s | cache hits=13 misses=2)
[13/84] PIREP at (38.31, -105.99) FL20000 2023-06-27 18:41:00 (cache: 131 images)
