Resetting environment
Deactivating conda environment (if any)
Purging all modules
Done! Environment has been torn down
Allocating resources with slurm...
Loading cuda and miniforge...
Activating conda environment...
Redirecting into the satellite repo...
Done! Environment has now been set up
Processing 2019/02 chunk [0:150]
Fetching satellite data for PIREPs in /cluster/tufts/capstone25skyblue/scleme01/SatelliteTurbulencePrediction/pireps/2019/02_turb_pireps.csv
Processing chunk [0:150] (150 PIREPs) from /cluster/tufts/capstone25skyblue/scleme01/SatelliteTurbulencePrediction/pireps/2019/02_turb_pireps.csv
[1/150] SKIPPING /cluster/tufts/capstone25skyblue/scleme01/SatelliteTurbulencePrediction/model_inputs/2019_02/0000384.npz (already exists)
[2/150] SKIPPING /cluster/tufts/capstone25skyblue/scleme01/SatelliteTurbulencePrediction/model_inputs/2019_02/0000577.npz (already exists)
[3/150] SKIPPING /cluster/tufts/capstone25skyblue/scleme01/SatelliteTurbulencePrediction/model_inputs/2019_02/0000487.npz (already exists)
[4/150] SKIPPING /cluster/tufts/capstone25skyblue/scleme01/SatelliteTurbulencePrediction/model_inputs/2019_02/0000484.npz (already exists)
[5/150] SKIPPING /cluster/tufts/capstone25skyblue/scleme01/SatelliteTurbulencePrediction/model_inputs/2019_02/0000000.npz (already exists)
[6/150] SKIPPING /cluster/tufts/capstone25skyblue/scleme01/SatelliteTurbulencePrediction/model_inputs/2019_02/0000457.npz (already exists)
[7/150] SKIPPING /cluster/tufts/capstone25skyblue/scleme01/SatelliteTurbulencePrediction/model_inputs/2019_02/0000695.npz (already exists)
[8/150] SKIPPING /cluster/tufts/capstone25skyblue/scleme01/SatelliteTurbulencePrediction/model_inputs/2019_02/0000001.npz (already exists)
[9/150] SKIPPING /cluster/tufts/capstone25skyblue/scleme01/SatelliteTurbulencePrediction/model_inputs/2019_02/0000674.npz (already exists)
[10/150] SKIPPING /cluster/tufts/capstone25skyblue/scleme01/SatelliteTurbulencePrediction/model_inputs/2019_02/0000566.npz (already exists)
[11/150] SKIPPING /cluster/tufts/capstone25skyblue/scleme01/SatelliteTurbulencePrediction/model_inputs/2019_02/0000002.npz (already exists)
[12/150] SKIPPING /cluster/tufts/capstone25skyblue/scleme01/SatelliteTurbulencePrediction/model_inputs/2019_02/0000452.npz (already exists)
[13/150] SKIPPING /cluster/tufts/capstone25skyblue/scleme01/SatelliteTurbulencePrediction/model_inputs/2019_02/0000629.npz (already exists)
[14/150] SKIPPING /cluster/tufts/capstone25skyblue/scleme01/SatelliteTurbulencePrediction/model_inputs/2019_02/0000408.npz (already exists)
[15/150] SKIPPING /cluster/tufts/capstone25skyblue/scleme01/SatelliteTurbulencePrediction/model_inputs/2019_02/0000003.npz (already exists)
[16/150] SKIPPING /cluster/tufts/capstone25skyblue/scleme01/SatelliteTurbulencePrediction/model_inputs/2019_02/0000004.npz (already exists)
[17/150] SKIPPING /cluster/tufts/capstone25skyblue/scleme01/SatelliteTurbulencePrediction/model_inputs/2019_02/0000005.npz (already exists)
[18/150] SKIPPING /cluster/tufts/capstone25skyblue/scleme01/SatelliteTurbulencePrediction/model_inputs/2019_02/0000449.npz (already exists)
[19/150] SKIPPING /cluster/tufts/capstone25skyblue/scleme01/SatelliteTurbulencePrediction/model_inputs/2019_02/0000537.npz (already exists)
[20/150] SKIPPING /cluster/tufts/capstone25skyblue/scleme01/SatelliteTurbulencePrediction/model_inputs/2019_02/0000681.npz (already exists)
[21/150] SKIPPING /cluster/tufts/capstone25skyblue/scleme01/SatelliteTurbulencePrediction/model_inputs/2019_02/0000483.npz (already exists)
[22/150] SKIPPING /cluster/tufts/capstone25skyblue/scleme01/SatelliteTurbulencePrediction/model_inputs/2019_02/0000454.npz (already exists)
[23/150] SKIPPING /cluster/tufts/capstone25skyblue/scleme01/SatelliteTurbulencePrediction/model_inputs/2019_02/0000578.npz (already exists)
[24/150] PIREP at (33.48, -98.49) FL24000 2019-02-02 14:32:00 (cache: 0 images)
  SAVED /cluster/tufts/capstone25skyblue/scleme01/SatelliteTurbulencePrediction/model_inputs/2019_02/0000708.npz (5155.4s total | fetch=5129.1s project=2.2s smooth=17.2s | cache hits=0 misses=15)
[25/150] PIREP at (43.26, -122.95) FL37000 2019-02-02 15:00:00 (cache: 15 images)
  SAVED /cluster/tufts/capstone25skyblue/scleme01/SatelliteTurbulencePrediction/model_inputs/2019_02/0000551.npz (2423.5s total | fetch=2412.6s project=0.9s smooth=7.1s | cache hits=9 misses=6)
[26/150] PIREP at (33.50, -86.90) FL36000 2019-02-02 15:06:00 (cache: 21 images)
  SAVED /cluster/tufts/capstone25skyblue/scleme01/SatelliteTurbulencePrediction/model_inputs/2019_02/0000544.npz (500.0s total | fetch=498.1s project=0.2s smooth=1.2s | cache hits=14 misses=1)
[27/150] PIREP at (36.77, -119.07) FL38000 2019-02-02 15:49:00 (cache: 22 images)
  SAVED /cluster/tufts/capstone25skyblue/scleme01/SatelliteTurbulencePrediction/model_inputs/2019_02/0000657.npz (3329.0s total | fetch=3314.7s project=1.2s smooth=9.3s | cache hits=7 misses=8)
[28/150] PIREP at (42.04, -93.81) FL41000 2019-02-02 17:05:00 (cache: 30 images)
  SAVED /cluster/tufts/capstone25skyblue/scleme01/SatelliteTurbulencePrediction/model_inputs/2019_02/0000594.npz (6073.7s total | fetch=6046.9s project=2.3s smooth=17.5s | cache hits=0 misses=15)
[29/150] SKIPPING /cluster/tufts/capstone25skyblue/scleme01/SatelliteTurbulencePrediction/model_inputs/2019_02/0000006.npz (already exists)
[30/150] PIREP at (34.19, -78.92) FL37000 2019-02-02 18:51:00 (cache: 45 images)
  SAVED /cluster/tufts/capstone25skyblue/scleme01/SatelliteTurbulencePrediction/model_inputs/2019_02/0000383.npz (6942.8s total | fetch=6915.9s project=2.3s smooth=17.5s | cache hits=0 misses=15)
[31/150] PIREP at (42.22, -87.95) FL2500 2019-02-02 19:52:00 (cache: 60 images)
  SAVED /cluster/tufts/capstone25skyblue/scleme01/SatelliteTurbulencePrediction/model_inputs/2019_02/0000535.npz (6073.7s total | fetch=6052.3s project=1.9s smooth=14.0s | cache hits=3 misses=12)
[32/150] PIREP at (58.35, -134.57) FL2300 2019-02-02 23:23:00 (cache: 72 images)
  SAVED /cluster/tufts/capstone25skyblue/scleme01/SatelliteTurbulencePrediction/model_inputs/2019_02/0000667.npz (6965.7s total | fetch=6939.1s project=2.4s smooth=17.5s | cache hits=0 misses=15)
[33/150] SKIPPING /cluster/tufts/capstone25skyblue/scleme01/SatelliteTurbulencePrediction/model_inputs/2019_02/0000007.npz (already exists)
[34/150] PIREP at (28.87, -82.57) FL21000 2019-02-03 00:37:00 (cache: 87 images)
  SAVED /cluster/tufts/capstone25skyblue/scleme01/SatelliteTurbulencePrediction/model_inputs/2019_02/0000707.npz (420.8s total | fetch=395.0s project=2.3s smooth=17.8s | cache hits=0 misses=15)
[35/150] PIREP at (41.09, -103.98) FL40000 2019-02-03 02:37:00 (cache: 102 images)
  SAVED /cluster/tufts/capstone25skyblue/scleme01/SatelliteTurbulencePrediction/model_inputs/2019_02/0000686.npz (85.4s total | fetch=60.1s project=2.4s smooth=17.4s | cache hits=0 misses=15)
[36/150] PIREP at (31.67, -86.12) FL38000 2019-02-03 03:04:00 (cache: 117 images)
  SAVED /cluster/tufts/capstone25skyblue/scleme01/SatelliteTurbulencePrediction/model_inputs/2019_02/0000485.npz (39.9s total | fetch=31.3s project=0.8s smooth=5.8s | cache hits=10 misses=5)
[37/150] SKIPPING /cluster/tufts/capstone25skyblue/scleme01/SatelliteTurbulencePrediction/model_inputs/2019_02/0000008.npz (already exists)
[38/150] PIREP at (31.15, -81.39) FL17000 2019-02-03 11:13:00 (cache: 122 images)
  SAVED /cluster/tufts/capstone25skyblue/scleme01/SatelliteTurbulencePrediction/model_inputs/2019_02/0000429.npz (89.7s total | fetch=63.9s project=2.4s smooth=17.8s | cache hits=0 misses=15)
[39/150] PIREP at (34.02, -90.59) FL38000 2019-02-03 12:05:00 (cache: 137 images)
  SAVED /cluster/tufts/capstone25skyblue/scleme01/SatelliteTurbulencePrediction/model_inputs/2019_02/0000589.npz (74.8s total | fetch=55.7s project=1.8s smooth=13.1s | cache hits=4 misses=11)
[40/150] PIREP at (35.62, -106.09) FL35000 2019-02-03 15:11:00 (cache: 148 images)
  SAVED /cluster/tufts/capstone25skyblue/scleme01/SatelliteTurbulencePrediction/model_inputs/2019_02/0000447.npz (7560.3s total | fetch=7533.3s project=2.4s smooth=17.7s | cache hits=0 misses=15)
[41/150] SKIPPING /cluster/tufts/capstone25skyblue/scleme01/SatelliteTurbulencePrediction/model_inputs/2019_02/0000009.npz (already exists)
[42/150] SKIPPING /cluster/tufts/capstone25skyblue/scleme01/SatelliteTurbulencePrediction/model_inputs/2019_02/0000010.npz (already exists)
[43/150] SKIPPING /cluster/tufts/capstone25skyblue/scleme01/SatelliteTurbulencePrediction/model_inputs/2019_02/0000011.npz (already exists)
[44/150] PIREP at (32.51, -92.59) FL30000 2019-02-03 16:17:00 (cache: 163 images)
  SAVED /cluster/tufts/capstone25skyblue/scleme01/SatelliteTurbulencePrediction/model_inputs/2019_02/0000458.npz (8384.9s total | fetch=8361.5s project=2.1s smooth=15.2s | cache hits=2 misses=13)
[45/150] SKIPPING /cluster/tufts/capstone25skyblue/scleme01/SatelliteTurbulencePrediction/model_inputs/2019_02/0000012.npz (already exists)
[46/150] PIREP at (44.27, -86.25) FL30000 2019-02-03 16:41:00 (cache: 176 images)
  SAVED /cluster/tufts/capstone25skyblue/scleme01/SatelliteTurbulencePrediction/model_inputs/2019_02/0000396.npz (3070.7s total | fetch=3061.6s project=0.8s smooth=5.8s | cache hits=10 misses=5)
[47/150] SKIPPING /cluster/tufts/capstone25skyblue/scleme01/SatelliteTurbulencePrediction/model_inputs/2019_02/0000013.npz (already exists)
[48/150] SKIPPING /cluster/tufts/capstone25skyblue/scleme01/SatelliteTurbulencePrediction/model_inputs/2019_02/0000014.npz (already exists)
[49/150] SKIPPING /cluster/tufts/capstone25skyblue/scleme01/SatelliteTurbulencePrediction/model_inputs/2019_02/0000015.npz (already exists)
[50/150] SKIPPING /cluster/tufts/capstone25skyblue/scleme01/SatelliteTurbulencePrediction/model_inputs/2019_02/0000016.npz (already exists)
[51/150] PIREP at (45.87, -84.64) FL36000 2019-02-03 17:25:00 (cache: 181 images)
  SAVED /cluster/tufts/capstone25skyblue/scleme01/SatelliteTurbulencePrediction/model_inputs/2019_02/0000581.npz (6573.8s total | fetch=6557.7s project=1.4s smooth=10.4s | cache hits=6 misses=9)
[52/150] SKIPPING /cluster/tufts/capstone25skyblue/scleme01/SatelliteTurbulencePrediction/model_inputs/2019_02/0000017.npz (already exists)
[53/150] SKIPPING /cluster/tufts/capstone25skyblue/scleme01/SatelliteTurbulencePrediction/model_inputs/2019_02/0000018.npz (already exists)
[54/150] SKIPPING /cluster/tufts/capstone25skyblue/scleme01/SatelliteTurbulencePrediction/model_inputs/2019_02/0000019.npz (already exists)
[55/150] SKIPPING /cluster/tufts/capstone25skyblue/scleme01/SatelliteTurbulencePrediction/model_inputs/2019_02/0000020.npz (already exists)
[56/150] SKIPPING /cluster/tufts/capstone25skyblue/scleme01/SatelliteTurbulencePrediction/model_inputs/2019_02/0000021.npz (already exists)
[57/150] SKIPPING /cluster/tufts/capstone25skyblue/scleme01/SatelliteTurbulencePrediction/model_inputs/2019_02/0000022.npz (already exists)
[58/150] PIREP at (28.20, -87.64) FL40000 2019-02-03 21:41:00 (cache: 190 images)
