Resetting environment
Deactivating conda environment (if any)
Purging all modules
Done! Environment has been torn down
Allocating resources with slurm...
Loading cuda and miniforge...
Activating conda environment...
Redirecting into the satellite repo...
Done! Environment has now been set up
Processing 2019/02 chunk [600:750]
Fetching satellite data for PIREPs in /cluster/tufts/capstone25skyblue/scleme01/SatelliteTurbulencePrediction/pireps/2019/02_turb_pireps.csv
Processing chunk [600:750] (150 PIREPs) from /cluster/tufts/capstone25skyblue/scleme01/SatelliteTurbulencePrediction/pireps/2019/02_turb_pireps.csv
[1/150] PIREP at (36.28, -84.29) FL10000 2019-02-23 00:33:00 (cache: 0 images)
  SAVED /cluster/tufts/capstone25skyblue/scleme01/SatelliteTurbulencePrediction/model_inputs/2019_02/0000293.npz (1405.2s total | fetch=1377.4s project=1.8s smooth=19.4s | cache hits=0 misses=15)
[2/150] PIREP at (33.31, -91.72) FL37000 2019-02-23 00:34:00 (cache: 15 images)
  SAVED /cluster/tufts/capstone25skyblue/scleme01/SatelliteTurbulencePrediction/model_inputs/2019_02/0000294.npz (0.2s total | fetch=0.0s project=0.0s smooth=0.0s | cache hits=15 misses=0)
[3/150] PIREP at (36.22, -84.36) FL10000 2019-02-23 00:35:00 (cache: 15 images)
  SAVED /cluster/tufts/capstone25skyblue/scleme01/SatelliteTurbulencePrediction/model_inputs/2019_02/0000295.npz (8.5s total | fetch=6.4s project=0.1s smooth=1.3s | cache hits=14 misses=1)
[4/150] PIREP at (31.66, -84.29) FL39000 2019-02-23 01:16:00 (cache: 16 images)
  SAVED /cluster/tufts/capstone25skyblue/scleme01/SatelliteTurbulencePrediction/model_inputs/2019_02/0000296.npz (76.4s total | fetch=61.2s project=1.0s smooth=10.5s | cache hits=7 misses=8)
[5/150] PIREP at (34.26, -91.66) FL38000 2019-02-23 04:25:00 (cache: 24 images)
  SAVED /cluster/tufts/capstone25skyblue/scleme01/SatelliteTurbulencePrediction/model_inputs/2019_02/0000297.npz (131.2s total | fetch=103.2s project=1.8s smooth=19.6s | cache hits=0 misses=15)
[6/150] PIREP at (31.85, -104.37) FL33000 2019-02-23 04:34:00 (cache: 39 images)
  SAVED /cluster/tufts/capstone25skyblue/scleme01/SatelliteTurbulencePrediction/model_inputs/2019_02/0000451.npz (11.8s total | fetch=9.7s project=0.1s smooth=1.3s | cache hits=14 misses=1)
[7/150] PIREP at (35.87, -81.24) FL16000 2019-02-23 12:44:00 (cache: 40 images)
  SAVED /cluster/tufts/capstone25skyblue/scleme01/SatelliteTurbulencePrediction/model_inputs/2019_02/0000394.npz (149.7s total | fetch=122.0s project=1.8s smooth=19.4s | cache hits=0 misses=15)
[8/150] PIREP at (40.20, -87.60) FL36000 2019-02-23 13:03:00 (cache: 55 images)
  SAVED /cluster/tufts/capstone25skyblue/scleme01/SatelliteTurbulencePrediction/model_inputs/2019_02/0000745.npz (1052.2s total | fetch=1044.7s project=0.5s smooth=5.2s | cache hits=11 misses=4)
[9/150] PIREP at (43.23, -116.57) FL16000 2019-02-23 15:53:00 (cache: 59 images)
  SAVED /cluster/tufts/capstone25skyblue/scleme01/SatelliteTurbulencePrediction/model_inputs/2019_02/0000653.npz (7301.7s total | fetch=7273.9s project=1.8s smooth=19.4s | cache hits=0 misses=15)
[10/150] PIREP at (35.06, -90.80) FL37000 2019-02-23 16:26:00 (cache: 74 images)
  SAVED /cluster/tufts/capstone25skyblue/scleme01/SatelliteTurbulencePrediction/model_inputs/2019_02/0000299.npz (3634.5s total | fetch=3621.4s project=0.8s smooth=9.1s | cache hits=8 misses=7)
[11/150] PIREP at (35.06, -90.80) FL37000 2019-02-23 16:26:00 (cache: 81 images)
  SAVED /cluster/tufts/capstone25skyblue/scleme01/SatelliteTurbulencePrediction/model_inputs/2019_02/0000298.npz (0.2s total | fetch=0.0s project=0.0s smooth=0.0s | cache hits=15 misses=0)
[12/150] PIREP at (32.24, -90.93) FL37000 2019-02-23 16:29:00 (cache: 81 images)
  SAVED /cluster/tufts/capstone25skyblue/scleme01/SatelliteTurbulencePrediction/model_inputs/2019_02/0000546.npz (0.2s total | fetch=0.0s project=0.0s smooth=0.0s | cache hits=15 misses=0)
[13/150] PIREP at (37.94, -91.70) FL26000 2019-02-23 17:11:00 (cache: 81 images)
  SAVED /cluster/tufts/capstone25skyblue/scleme01/SatelliteTurbulencePrediction/model_inputs/2019_02/0000626.npz (5194.2s total | fetch=5177.4s project=1.1s smooth=11.6s | cache hits=6 misses=9)
[14/150] PIREP at (40.44, -109.51) FL16500 2019-02-23 18:07:00 (cache: 90 images)
  SAVED /cluster/tufts/capstone25skyblue/scleme01/SatelliteTurbulencePrediction/model_inputs/2019_02/0000741.npz (6981.1s total | fetch=6960.7s project=1.3s smooth=14.2s | cache hits=4 misses=11)
[15/150] PIREP at (33.83, -55.45) FL38000 2019-02-23 19:10:00 (cache: 101 images)
  SAVED /cluster/tufts/capstone25skyblue/scleme01/SatelliteTurbulencePrediction/model_inputs/2019_02/0000300.npz (8510.6s total | fetch=8486.4s project=1.6s smooth=16.8s | cache hits=2 misses=13)
[16/150] PIREP at (33.83, -55.45) FL38000 2019-02-23 19:10:00 (cache: 114 images)
  SAVED /cluster/tufts/capstone25skyblue/scleme01/SatelliteTurbulencePrediction/model_inputs/2019_02/0000301.npz (0.2s total | fetch=0.0s project=0.0s smooth=0.0s | cache hits=15 misses=0)
[17/150] PIREP at (37.63, -85.68) FL35000 2019-02-23 19:44:00 (cache: 114 images)
  SAVED /cluster/tufts/capstone25skyblue/scleme01/SatelliteTurbulencePrediction/model_inputs/2019_02/0000302.npz (4272.5s total | fetch=4261.4s project=0.7s smooth=7.7s | cache hits=9 misses=6)
[18/150] PIREP at (45.98, -100.35) FL37000 2019-02-23 19:45:00 (cache: 120 images)
  SAVED /cluster/tufts/capstone25skyblue/scleme01/SatelliteTurbulencePrediction/model_inputs/2019_02/0000700.npz (756.5s total | fetch=754.5s project=0.1s smooth=1.3s | cache hits=14 misses=1)
[19/150] PIREP at (43.90, -92.49) FL31000 2019-02-23 20:05:00 (cache: 121 images)
  SAVED /cluster/tufts/capstone25skyblue/scleme01/SatelliteTurbulencePrediction/model_inputs/2019_02/0000562.npz (3383.1s total | fetch=3375.6s project=0.5s smooth=5.1s | cache hits=11 misses=4)
[20/150] PIREP at (37.75, -89.01) FL36000 2019-02-23 20:16:00 (cache: 125 images)
  SAVED /cluster/tufts/capstone25skyblue/scleme01/SatelliteTurbulencePrediction/model_inputs/2019_02/0000303.npz (1689.5s total | fetch=1685.6s project=0.2s smooth=2.6s | cache hits=13 misses=2)
[21/150] PIREP at (34.88, -104.94) FL37000 2019-02-23 20:27:00 (cache: 127 images)
  SAVED /cluster/tufts/capstone25skyblue/scleme01/SatelliteTurbulencePrediction/model_inputs/2019_02/0000304.npz (1712.8s total | fetch=1708.9s project=0.2s smooth=2.6s | cache hits=13 misses=2)
[22/150] PIREP at (33.97, -50.57) FL36000 2019-02-23 20:44:00 (cache: 129 images)
  SAVED /cluster/tufts/capstone25skyblue/scleme01/SatelliteTurbulencePrediction/model_inputs/2019_02/0000305.npz (2670.1s total | fetch=2664.3s project=0.4s smooth=3.9s | cache hits=12 misses=3)
[23/150] PIREP at (40.27, -104.98) FL7500 2019-02-23 21:00:00 (cache: 132 images)
  SAVED /cluster/tufts/capstone25skyblue/scleme01/SatelliteTurbulencePrediction/model_inputs/2019_02/0000306.npz (3510.9s total | fetch=3503.4s project=0.5s smooth=5.2s | cache hits=11 misses=4)
[24/150] PIREP at (35.30, -90.27) FL36000 2019-02-23 21:12:00 (cache: 136 images)
  SAVED /cluster/tufts/capstone25skyblue/scleme01/SatelliteTurbulencePrediction/model_inputs/2019_02/0000307.npz (2011.7s total | fetch=2007.9s project=0.2s smooth=2.6s | cache hits=13 misses=2)
[25/150] PIREP at (37.39, -83.26) FL40000 2019-02-23 21:17:00 (cache: 138 images)
  SAVED /cluster/tufts/capstone25skyblue/scleme01/SatelliteTurbulencePrediction/model_inputs/2019_02/0000737.npz (885.4s total | fetch=883.4s project=0.1s smooth=1.3s | cache hits=14 misses=1)
[26/150] PIREP at (32.26, -97.68) FL10000 2019-02-23 21:21:00 (cache: 139 images)
  SAVED /cluster/tufts/capstone25skyblue/scleme01/SatelliteTurbulencePrediction/model_inputs/2019_02/0000308.npz (1045.0s total | fetch=1043.0s project=0.1s smooth=1.3s | cache hits=14 misses=1)
[27/150] PIREP at (41.76, -90.71) FL5000 2019-02-23 22:10:00 (cache: 140 images)
