Resetting environment
Deactivating conda environment (if any)
Purging all modules
Done! Environment has been torn down
Loading cuda and miniforge...
Activating conda environment...
Redirecting into the satellite repo...
Done! Environment has now been set up
Processing 2017/11 chunk [0:110]
Fetching satellite data for PIREPs in /cluster/tufts/capstone25skyblue/scleme01/SatelliteTurbulencePrediction/pireps/2017/11_turb_pireps.csv
Processing chunk [0:110] (110 PIREPs) from /cluster/tufts/capstone25skyblue/scleme01/SatelliteTurbulencePrediction/pireps/2017/11_turb_pireps.csv
[1/110] SKIPPING /cluster/tufts/capstone25skyblue/scleme01/SatelliteTurbulencePrediction/model_inputs/2017_11/0000000.npz (already exists)
[2/110] PIREP at (20.78, -156.95) FL2000 2017-11-01 05:05:00 (cache: 0 images)
  SAVED /cluster/tufts/capstone25skyblue/scleme01/SatelliteTurbulencePrediction/model_inputs/2017_11/0000202.npz (101.6s total | fetch=73.8s project=2.0s smooth=20.0s | cache hits=0 misses=15)
[3/110] PIREP at (47.46, -111.04) FL33000 2017-11-01 05:55:00 (cache: 15 images)
  SAVED /cluster/tufts/capstone25skyblue/scleme01/SatelliteTurbulencePrediction/model_inputs/2017_11/0000314.npz (82.4s total | fetch=63.8s project=1.4s smooth=13.3s | cache hits=5 misses=10)
[4/110] PIREP at (35.67, -95.95) FL41000 2017-11-01 13:12:00 (cache: 25 images)
  SAVED /cluster/tufts/capstone25skyblue/scleme01/SatelliteTurbulencePrediction/model_inputs/2017_11/0000325.npz (9070.1s total | fetch=9042.3s project=2.1s smooth=19.9s | cache hits=0 misses=15)
[5/110] PIREP at (37.88, -112.51) FL32000 2017-11-01 13:19:00 (cache: 40 images)
  SAVED /cluster/tufts/capstone25skyblue/scleme01/SatelliteTurbulencePrediction/model_inputs/2017_11/0000348.npz (740.0s total | fetch=737.9s project=0.1s smooth=1.3s | cache hits=14 misses=1)
[6/110] SKIPPING /cluster/tufts/capstone25skyblue/scleme01/SatelliteTurbulencePrediction/model_inputs/2017_11/0000001.npz (already exists)
[7/110] SKIPPING /cluster/tufts/capstone25skyblue/scleme01/SatelliteTurbulencePrediction/model_inputs/2017_11/0000002.npz (already exists)
[8/110] SKIPPING /cluster/tufts/capstone25skyblue/scleme01/SatelliteTurbulencePrediction/model_inputs/2017_11/0000003.npz (already exists)
[9/110] SKIPPING /cluster/tufts/capstone25skyblue/scleme01/SatelliteTurbulencePrediction/model_inputs/2017_11/0000004.npz (already exists)
[10/110] SKIPPING /cluster/tufts/capstone25skyblue/scleme01/SatelliteTurbulencePrediction/model_inputs/2017_11/0000005.npz (already exists)
[11/110] SKIPPING /cluster/tufts/capstone25skyblue/scleme01/SatelliteTurbulencePrediction/model_inputs/2017_11/0000006.npz (already exists)
[12/110] PIREP at (41.36, -85.79) FL15000 2017-11-01 18:43:00 (cache: 41 images)
  SAVED /cluster/tufts/capstone25skyblue/scleme01/SatelliteTurbulencePrediction/model_inputs/2017_11/0000248.npz (16518.0s total | fetch=16490.0s project=2.1s smooth=20.0s | cache hits=0 misses=15)
[13/110] SKIPPING /cluster/tufts/capstone25skyblue/scleme01/SatelliteTurbulencePrediction/model_inputs/2017_11/0000007.npz (already exists)
[14/110] PIREP at (63.50, -143.34) FL8500 2017-11-01 21:01:00 (cache: 56 images)
  SAVED /cluster/tufts/capstone25skyblue/scleme01/SatelliteTurbulencePrediction/model_inputs/2017_11/0000345.npz (18477.5s total | fetch=18449.3s project=2.1s smooth=20.2s | cache hits=0 misses=15)
[15/110] PIREP at (39.25, -104.48) FL41000 2017-11-01 21:42:00 (cache: 71 images)
  SAVED /cluster/tufts/capstone25skyblue/scleme01/SatelliteTurbulencePrediction/model_inputs/2017_11/0000228.npz (9735.1s total | fetch=9720.1s project=1.1s smooth=10.7s | cache hits=7 misses=8)
[16/110] SKIPPING /cluster/tufts/capstone25skyblue/scleme01/SatelliteTurbulencePrediction/model_inputs/2017_11/0000008.npz (already exists)
[17/110] PIREP at (57.77, -167.54) FL35000 2017-11-01 23:36:00 (cache: 79 images)
  SAVED /cluster/tufts/capstone25skyblue/scleme01/SatelliteTurbulencePrediction/model_inputs/2017_11/0000347.npz (12560.8s total | fetch=12533.0s project=2.1s smooth=20.0s | cache hits=0 misses=15)
[18/110] SKIPPING /cluster/tufts/capstone25skyblue/scleme01/SatelliteTurbulencePrediction/model_inputs/2017_11/0000009.npz (already exists)
[19/110] PIREP at (39.07, -95.62) FL27000 2017-11-02 11:43:00 (cache: 94 images)
  SAVED /cluster/tufts/capstone25skyblue/scleme01/SatelliteTurbulencePrediction/model_inputs/2017_11/0000271.npz (250.9s total | fetch=222.9s project=2.1s smooth=19.9s | cache hits=0 misses=15)
[20/110] PIREP at (40.94, -80.04) FL7000 2017-11-02 14:02:00 (cache: 109 images)
  SAVED /cluster/tufts/capstone25skyblue/scleme01/SatelliteTurbulencePrediction/model_inputs/2017_11/0000232.npz (14284.4s total | fetch=14256.1s project=2.1s smooth=20.2s | cache hits=0 misses=15)
[21/110] PIREP at (42.05, -72.70) FL16000 2017-11-02 19:22:00 (cache: 124 images)
