Resetting environment
Deactivating conda environment (if any)
Purging all modules
Done! Environment has been torn down
Loading cuda and miniforge...
Activating conda environment...
Redirecting into the satellite repo...
Done! Environment has now been set up
Processing 2018/08 chunk [0:150]
Fetching satellite data for PIREPs in /cluster/tufts/capstone25skyblue/scleme01/SatelliteTurbulencePrediction/pireps/2018/08_turb_pireps.csv
Processing chunk [0:150] (150 PIREPs) from /cluster/tufts/capstone25skyblue/scleme01/SatelliteTurbulencePrediction/pireps/2018/08_turb_pireps.csv
[1/150] SKIPPING /cluster/tufts/capstone25skyblue/scleme01/SatelliteTurbulencePrediction/model_inputs/2018_08/0000235.npz (already exists)
[2/150] SKIPPING /cluster/tufts/capstone25skyblue/scleme01/SatelliteTurbulencePrediction/model_inputs/2018_08/0000000.npz (already exists)
[3/150] SKIPPING /cluster/tufts/capstone25skyblue/scleme01/SatelliteTurbulencePrediction/model_inputs/2018_08/0000184.npz (already exists)
[4/150] SKIPPING /cluster/tufts/capstone25skyblue/scleme01/SatelliteTurbulencePrediction/model_inputs/2018_08/0000296.npz (already exists)
[5/150] SKIPPING /cluster/tufts/capstone25skyblue/scleme01/SatelliteTurbulencePrediction/model_inputs/2018_08/0000294.npz (already exists)
[6/150] SKIPPING /cluster/tufts/capstone25skyblue/scleme01/SatelliteTurbulencePrediction/model_inputs/2018_08/0000175.npz (already exists)
[7/150] SKIPPING /cluster/tufts/capstone25skyblue/scleme01/SatelliteTurbulencePrediction/model_inputs/2018_08/0000282.npz (already exists)
[8/150] SKIPPING /cluster/tufts/capstone25skyblue/scleme01/SatelliteTurbulencePrediction/model_inputs/2018_08/0000199.npz (already exists)
[9/150] SKIPPING /cluster/tufts/capstone25skyblue/scleme01/SatelliteTurbulencePrediction/model_inputs/2018_08/0000281.npz (already exists)
[10/150] SKIPPING /cluster/tufts/capstone25skyblue/scleme01/SatelliteTurbulencePrediction/model_inputs/2018_08/0000001.npz (already exists)
[11/150] SKIPPING /cluster/tufts/capstone25skyblue/scleme01/SatelliteTurbulencePrediction/model_inputs/2018_08/0000002.npz (already exists)
[12/150] SKIPPING /cluster/tufts/capstone25skyblue/scleme01/SatelliteTurbulencePrediction/model_inputs/2018_08/0000003.npz (already exists)
[13/150] SKIPPING /cluster/tufts/capstone25skyblue/scleme01/SatelliteTurbulencePrediction/model_inputs/2018_08/0000004.npz (already exists)
[14/150] SKIPPING /cluster/tufts/capstone25skyblue/scleme01/SatelliteTurbulencePrediction/model_inputs/2018_08/0000005.npz (already exists)
[15/150] SKIPPING /cluster/tufts/capstone25skyblue/scleme01/SatelliteTurbulencePrediction/model_inputs/2018_08/0000251.npz (already exists)
[16/150] SKIPPING /cluster/tufts/capstone25skyblue/scleme01/SatelliteTurbulencePrediction/model_inputs/2018_08/0000006.npz (already exists)
[17/150] SKIPPING /cluster/tufts/capstone25skyblue/scleme01/SatelliteTurbulencePrediction/model_inputs/2018_08/0000007.npz (already exists)
[18/150] SKIPPING /cluster/tufts/capstone25skyblue/scleme01/SatelliteTurbulencePrediction/model_inputs/2018_08/0000231.npz (already exists)
[19/150] PIREP at (38.47, -82.61) FL22000 2018-08-02 11:08:00 (cache: 0 images)
  SAVED /cluster/tufts/capstone25skyblue/scleme01/SatelliteTurbulencePrediction/model_inputs/2018_08/0000290.npz (968.1s total | fetch=943.8s project=2.1s smooth=16.5s | cache hits=0 misses=15)
[20/150] PIREP at (42.80, -87.13) FL34000 2018-08-02 11:15:00 (cache: 15 images)
  SAVED /cluster/tufts/capstone25skyblue/scleme01/SatelliteTurbulencePrediction/model_inputs/2018_08/0000177.npz (612.0s total | fetch=608.5s project=0.3s smooth=2.2s | cache hits=13 misses=2)
[21/150] PIREP at (41.77, -86.32) FL24000 2018-08-02 12:58:00 (cache: 17 images)
  SAVED /cluster/tufts/capstone25skyblue/scleme01/SatelliteTurbulencePrediction/model_inputs/2018_08/0000247.npz (5489.2s total | fetch=5463.1s project=2.2s smooth=17.0s | cache hits=0 misses=15)
[22/150] SKIPPING /cluster/tufts/capstone25skyblue/scleme01/SatelliteTurbulencePrediction/model_inputs/2018_08/0000008.npz (already exists)
[23/150] PIREP at (34.57, -114.36) FL37000 2018-08-02 19:59:00 (cache: 32 images)
  SAVED /cluster/tufts/capstone25skyblue/scleme01/SatelliteTurbulencePrediction/model_inputs/2018_08/0000299.npz (6500.0s total | fetch=6474.1s project=2.2s smooth=16.9s | cache hits=0 misses=15)
[24/150] SKIPPING /cluster/tufts/capstone25skyblue/scleme01/SatelliteTurbulencePrediction/model_inputs/2018_08/0000009.npz (already exists)
[25/150] PIREP at (64.56, -148.87) FL10000 2018-08-02 20:58:00 (cache: 47 images)
  SAVED /cluster/tufts/capstone25skyblue/scleme01/SatelliteTurbulencePrediction/model_inputs/2018_08/0000288.npz (4826.5s total | fetch=4805.4s project=1.8s smooth=13.8s | cache hits=3 misses=12)
[26/150] SKIPPING /cluster/tufts/capstone25skyblue/scleme01/SatelliteTurbulencePrediction/model_inputs/2018_08/0000010.npz (already exists)
[27/150] PIREP at (34.80, -116.46) FL36000 2018-08-02 22:09:00 (cache: 59 images)
  SAVED /cluster/tufts/capstone25skyblue/scleme01/SatelliteTurbulencePrediction/model_inputs/2018_08/0000209.npz (6477.6s total | fetch=6453.2s project=2.1s smooth=15.8s | cache hits=1 misses=14)
[28/150] SKIPPING /cluster/tufts/capstone25skyblue/scleme01/SatelliteTurbulencePrediction/model_inputs/2018_08/0000011.npz (already exists)
[29/150] SKIPPING /cluster/tufts/capstone25skyblue/scleme01/SatelliteTurbulencePrediction/model_inputs/2018_08/0000012.npz (already exists)
[30/150] PIREP at (60.48, -146.60) FL1000 2018-08-03 00:04:00 (cache: 73 images)
  SAVED /cluster/tufts/capstone25skyblue/scleme01/SatelliteTurbulencePrediction/model_inputs/2018_08/0000163.npz (6641.0s total | fetch=6614.9s project=2.3s smooth=17.1s | cache hits=0 misses=15)
[31/150] SKIPPING /cluster/tufts/capstone25skyblue/scleme01/SatelliteTurbulencePrediction/model_inputs/2018_08/0000013.npz (already exists)
[32/150] PIREP at (45.15, -67.50) FL24000 2018-08-03 11:49:00 (cache: 88 images)
  SAVED /cluster/tufts/capstone25skyblue/scleme01/SatelliteTurbulencePrediction/model_inputs/2018_08/0000250.npz (3443.1s total | fetch=3417.6s project=2.3s smooth=17.0s | cache hits=0 misses=15)
[33/150] PIREP at (30.53, -97.83) FL38000 2018-08-03 14:10:00 (cache: 103 images)
  SAVED /cluster/tufts/capstone25skyblue/scleme01/SatelliteTurbulencePrediction/model_inputs/2018_08/0000264.npz (7470.0s total | fetch=7443.7s project=2.2s smooth=17.1s | cache hits=0 misses=15)
[34/150] PIREP at (57.74, -152.49) FL2000 2018-08-03 22:03:00 (cache: 118 images)
  SAVED /cluster/tufts/capstone25skyblue/scleme01/SatelliteTurbulencePrediction/model_inputs/2018_08/0000222.npz (8936.0s total | fetch=8910.0s project=2.2s smooth=16.9s | cache hits=0 misses=15)
[35/150] SKIPPING /cluster/tufts/capstone25skyblue/scleme01/SatelliteTurbulencePrediction/model_inputs/2018_08/0000014.npz (already exists)
[36/150] SKIPPING /cluster/tufts/capstone25skyblue/scleme01/SatelliteTurbulencePrediction/model_inputs/2018_08/0000015.npz (already exists)
[37/150] PIREP at (58.35, -134.57) FL15000 2018-08-04 12:33:00 (cache: 133 images)
  SAVED /cluster/tufts/capstone25skyblue/scleme01/SatelliteTurbulencePrediction/model_inputs/2018_08/0000201.npz (8409.7s total | fetch=8383.7s project=2.3s smooth=16.8s | cache hits=0 misses=15)
[38/150] PIREP at (33.67, -86.90) FL38000 2018-08-04 13:03:00 (cache: 148 images)
  SAVED /cluster/tufts/capstone25skyblue/scleme01/SatelliteTurbulencePrediction/model_inputs/2018_08/0000234.npz (3884.3s total | fetch=3873.7s project=0.9s smooth=6.8s | cache hits=9 misses=6)
[39/150] PIREP at (39.86, -81.01) FL31000 2018-08-04 13:39:00 (cache: 154 images)
