Resetting environment
Deactivating conda environment (if any)
Purging all modules
Done! Environment has been torn down
Loading cuda and miniforge...
Activating conda environment...
Redirecting into the satellite repo...
Done! Environment has now been set up
Processing 2021/12 chunk [220:330]
Fetching satellite data for PIREPs in /cluster/tufts/capstone25skyblue/scleme01/SatelliteTurbulencePrediction/pireps/2021/12_turb_pireps.csv
Processing chunk [220:330] (110 PIREPs) from /cluster/tufts/capstone25skyblue/scleme01/SatelliteTurbulencePrediction/pireps/2021/12_turb_pireps.csv
[1/110] PIREP at (39.53, -119.66) FL34000 2021-12-10 21:11:00 (cache: 0 images)
  SAVED /cluster/tufts/capstone25skyblue/scleme01/SatelliteTurbulencePrediction/model_inputs/2021_12/0000668.npz (11151.0s total | fetch=11125.8s project=2.2s smooth=16.1s | cache hits=0 misses=15)
[2/110] PIREP at (43.74, -121.71) FL13000 2021-12-10 22:05:00 (cache: 15 images)
  SAVED /cluster/tufts/capstone25skyblue/scleme01/SatelliteTurbulencePrediction/model_inputs/2021_12/0000108.npz (7308.6s total | fetch=7289.9s project=1.6s smooth=12.0s | cache hits=4 misses=11)
[3/110] PIREP at (32.64, -97.18) FL17000 2021-12-10 22:25:00 (cache: 26 images)
  SAVED /cluster/tufts/capstone25skyblue/scleme01/SatelliteTurbulencePrediction/model_inputs/2021_12/0000109.npz (2784.7s total | fetch=2777.7s project=0.6s smooth=4.4s | cache hits=11 misses=4)
[4/110] PIREP at (32.64, -97.18) FL17000 2021-12-10 22:25:00 (cache: 30 images)
  SAVED /cluster/tufts/capstone25skyblue/scleme01/SatelliteTurbulencePrediction/model_inputs/2021_12/0000110.npz (0.2s total | fetch=0.0s project=0.0s smooth=0.0s | cache hits=15 misses=0)
[5/110] PIREP at (32.60, -96.69) FL17000 2021-12-10 22:25:00 (cache: 30 images)
  SAVED /cluster/tufts/capstone25skyblue/scleme01/SatelliteTurbulencePrediction/model_inputs/2021_12/0000111.npz (0.2s total | fetch=0.0s project=0.0s smooth=0.0s | cache hits=15 misses=0)
[6/110] PIREP at (40.97, -98.31) FL26000 2021-12-10 23:19:00 (cache: 30 images)
  SAVED /cluster/tufts/capstone25skyblue/scleme01/SatelliteTurbulencePrediction/model_inputs/2021_12/0000530.npz (171.7s total | fetch=155.6s project=1.4s smooth=10.9s | cache hits=5 misses=10)
[7/110] PIREP at (60.57, -151.24) FL10500 2021-12-10 23:27:00 (cache: 40 images)
  SAVED /cluster/tufts/capstone25skyblue/scleme01/SatelliteTurbulencePrediction/model_inputs/2021_12/0000688.npz (49.3s total | fetch=46.0s project=0.3s smooth=2.2s | cache hits=13 misses=2)
[8/110] PIREP at (39.62, -105.71) FL21000 2021-12-10 23:46:00 (cache: 42 images)
  SAVED /cluster/tufts/capstone25skyblue/scleme01/SatelliteTurbulencePrediction/model_inputs/2021_12/0000112.npz (76.4s total | fetch=69.9s project=0.6s smooth=4.3s | cache hits=11 misses=4)
[9/110] PIREP at (42.60, -86.76) FL16000 2021-12-11 00:03:00 (cache: 46 images)
  SAVED /cluster/tufts/capstone25skyblue/scleme01/SatelliteTurbulencePrediction/model_inputs/2021_12/0000670.npz (36.6s total | fetch=31.7s project=0.4s smooth=3.2s | cache hits=12 misses=3)
[10/110] PIREP at (40.81, -85.19) FL32000 2021-12-11 00:13:00 (cache: 49 images)
  SAVED /cluster/tufts/capstone25skyblue/scleme01/SatelliteTurbulencePrediction/model_inputs/2021_12/0000578.npz (15.0s total | fetch=11.8s project=0.3s smooth=2.1s | cache hits=13 misses=2)
[11/110] PIREP at (33.08, -96.52) FL2300 2021-12-11 01:35:00 (cache: 51 images)
  SAVED /cluster/tufts/capstone25skyblue/scleme01/SatelliteTurbulencePrediction/model_inputs/2021_12/0000113.npz (190.5s total | fetch=167.0s project=2.1s smooth=15.9s | cache hits=0 misses=15)
[12/110] PIREP at (37.38, -87.26) FL34000 2021-12-11 03:19:00 (cache: 66 images)
  SAVED /cluster/tufts/capstone25skyblue/scleme01/SatelliteTurbulencePrediction/model_inputs/2021_12/0000114.npz (285.5s total | fetch=261.7s project=2.1s smooth=16.1s | cache hits=0 misses=15)
[13/110] PIREP at (46.18, -95.67) FL25000 2021-12-11 03:53:00 (cache: 81 images)
  SAVED /cluster/tufts/capstone25skyblue/scleme01/SatelliteTurbulencePrediction/model_inputs/2021_12/0000527.npz (68.0s total | fetch=56.8s project=1.0s smooth=7.6s | cache hits=8 misses=7)
[14/110] PIREP at (42.39, -96.38) FL18200 2021-12-11 05:09:00 (cache: 88 images)
  SAVED /cluster/tufts/capstone25skyblue/scleme01/SatelliteTurbulencePrediction/model_inputs/2021_12/0000711.npz (162.3s total | fetch=138.7s project=2.1s smooth=16.0s | cache hits=0 misses=15)
[15/110] PIREP at (34.37, -92.67) FL36000 2021-12-11 05:09:00 (cache: 103 images)
  SAVED /cluster/tufts/capstone25skyblue/scleme01/SatelliteTurbulencePrediction/model_inputs/2021_12/0000115.npz (0.1s total | fetch=0.0s project=0.0s smooth=0.0s | cache hits=15 misses=0)
[16/110] PIREP at (34.37, -92.67) FL33000 2021-12-11 05:29:00 (cache: 103 images)
  SAVED /cluster/tufts/capstone25skyblue/scleme01/SatelliteTurbulencePrediction/model_inputs/2021_12/0000116.npz (44.2s total | fetch=37.8s project=0.6s smooth=4.2s | cache hits=11 misses=4)
[17/110] PIREP at (30.75, -96.36) FL31000 2021-12-11 05:35:00 (cache: 107 images)
  SAVED /cluster/tufts/capstone25skyblue/scleme01/SatelliteTurbulencePrediction/model_inputs/2021_12/0000117.npz (23.4s total | fetch=20.1s project=0.3s smooth=2.2s | cache hits=13 misses=2)
[18/110] PIREP at (39.04, -83.49) FL30000 2021-12-11 06:34:00 (cache: 109 images)
  SAVED /cluster/tufts/capstone25skyblue/scleme01/SatelliteTurbulencePrediction/model_inputs/2021_12/0000118.npz (126.5s total | fetch=109.1s project=1.5s smooth=11.7s | cache hits=4 misses=11)
[19/110] PIREP at (38.69, -91.40) FL17000 2021-12-11 12:30:00 (cache: 120 images)
  SAVED /cluster/tufts/capstone25skyblue/scleme01/SatelliteTurbulencePrediction/model_inputs/2021_12/0000119.npz (151.1s total | fetch=127.4s project=2.1s smooth=16.0s | cache hits=0 misses=15)
[20/110] PIREP at (34.33, -86.84) FL31000 2021-12-11 12:35:00 (cache: 135 images)
  SAVED /cluster/tufts/capstone25skyblue/scleme01/SatelliteTurbulencePrediction/model_inputs/2021_12/0000120.npz (10.5s total | fetch=8.7s project=0.1s smooth=1.1s | cache hits=14 misses=1)
[21/110] PIREP at (32.66, -109.90) FL35000 2021-12-11 13:22:00 (cache: 136 images)
  SAVED /cluster/tufts/capstone25skyblue/scleme01/SatelliteTurbulencePrediction/model_inputs/2021_12/0000121.npz (112.2s total | fetch=97.6s project=1.3s smooth=9.8s | cache hits=6 misses=9)
[22/110] PIREP at (34.51, -85.16) FL33000 2021-12-11 13:31:00 (cache: 145 images)
  SAVED /cluster/tufts/capstone25skyblue/scleme01/SatelliteTurbulencePrediction/model_inputs/2021_12/0000122.npz (1445.2s total | fetch=1441.6s project=0.3s smooth=2.2s | cache hits=13 misses=2)
[23/110] PIREP at (39.83, -104.66) FL9000 2021-12-11 13:38:00 (cache: 147 images)
  SAVED /cluster/tufts/capstone25skyblue/scleme01/SatelliteTurbulencePrediction/model_inputs/2021_12/0000123.npz (578.5s total | fetch=576.7s project=0.1s smooth=1.1s | cache hits=14 misses=1)
[24/110] PIREP at (39.45, -105.37) FL19000 2021-12-11 13:50:00 (cache: 148 images)
  SAVED /cluster/tufts/capstone25skyblue/scleme01/SatelliteTurbulencePrediction/model_inputs/2021_12/0000124.npz (2112.6s total | fetch=2107.5s project=0.4s smooth=3.2s | cache hits=12 misses=3)
[25/110] PIREP at (30.27, -97.98) FL36000 2021-12-11 14:21:00 (cache: 151 images)
  SAVED /cluster/tufts/capstone25skyblue/scleme01/SatelliteTurbulencePrediction/model_inputs/2021_12/0000390.npz (4337.6s total | fetch=4327.3s project=0.9s smooth=6.5s | cache hits=9 misses=6)
[26/110] PIREP at (36.69, -82.67) FL36000 2021-12-11 14:22:00 (cache: 157 images)
  SAVED /cluster/tufts/capstone25skyblue/scleme01/SatelliteTurbulencePrediction/model_inputs/2021_12/0000125.npz (0.1s total | fetch=0.0s project=0.0s smooth=0.0s | cache hits=15 misses=0)
[27/110] PIREP at (36.83, -82.91) FL36000 2021-12-11 14:23:00 (cache: 157 images)
  SAVED /cluster/tufts/capstone25skyblue/scleme01/SatelliteTurbulencePrediction/model_inputs/2021_12/0000126.npz (0.1s total | fetch=0.0s project=0.0s smooth=0.0s | cache hits=15 misses=0)
[28/110] PIREP at (39.10, -75.01) FL28000 2021-12-11 14:39:00 (cache: 157 images)
  SAVED /cluster/tufts/capstone25skyblue/scleme01/SatelliteTurbulencePrediction/model_inputs/2021_12/0000599.npz (1979.6s total | fetch=1974.4s project=0.4s smooth=3.2s | cache hits=12 misses=3)
[29/110] PIREP at (38.75, -90.37) FL39000 2021-12-11 14:49:00 (cache: 160 images)
  SAVED /cluster/tufts/capstone25skyblue/scleme01/SatelliteTurbulencePrediction/model_inputs/2021_12/0000587.npz (1416.8s total | fetch=1413.3s project=0.3s smooth=2.1s | cache hits=13 misses=2)
[30/110] PIREP at (42.93, -71.44) FL18000 2021-12-11 16:11:00 (cache: 162 images)
  SAVED /cluster/tufts/capstone25skyblue/scleme01/SatelliteTurbulencePrediction/model_inputs/2021_12/0000570.npz (11235.9s total | fetch=11210.7s project=2.1s smooth=16.1s | cache hits=0 misses=15)
[31/110] PIREP at (46.39, -119.27) FL6000 2021-12-11 16:49:00 (cache: 177 images)
  SAVED /cluster/tufts/capstone25skyblue/scleme01/SatelliteTurbulencePrediction/model_inputs/2021_12/0000127.npz (5151.4s total | fetch=5139.5s project=1.0s smooth=7.6s | cache hits=8 misses=7)
[32/110] PIREP at (50.12, -63.95) FL40000 2021-12-11 17:14:00 (cache: 184 images)
  SAVED /cluster/tufts/capstone25skyblue/scleme01/SatelliteTurbulencePrediction/model_inputs/2021_12/0000128.npz (3557.6s total | fetch=3549.2s project=0.7s smooth=5.3s | cache hits=10 misses=5)
[33/110] PIREP at (39.86, -105.12) FL7000 2021-12-11 17:25:00 (cache: 189 images)
  SAVED /cluster/tufts/capstone25skyblue/scleme01/SatelliteTurbulencePrediction/model_inputs/2021_12/0000129.npz (2154.0s total | fetch=2148.9s project=0.4s smooth=3.2s | cache hits=12 misses=3)
[34/110] PIREP at (42.86, -83.57) FL4000 2021-12-11 18:37:00 (cache: 192 images)
