Resetting environment
Deactivating conda environment (if any)
Purging all modules
Done! Environment has been torn down
Loading cuda and miniforge...
Activating conda environment...
Redirecting into the satellite repo...
Done! Environment has now been set up
Processing 2022/04 chunk [550:660]
Fetching satellite data for PIREPs in /cluster/tufts/capstone25skyblue/scleme01/SatelliteTurbulencePrediction/pireps/2022/04_turb_pireps.csv
Processing chunk [550:660] (110 PIREPs) from /cluster/tufts/capstone25skyblue/scleme01/SatelliteTurbulencePrediction/pireps/2022/04_turb_pireps.csv
[1/110] PIREP at (43.47, -97.99) FL37000 2022-04-23 03:09:00 (cache: 0 images)
  SAVED /cluster/tufts/capstone25skyblue/scleme01/SatelliteTurbulencePrediction/model_inputs/2022_04/0000295.npz (141.1s total | fetch=108.1s project=2.5s smooth=23.6s | cache hits=0 misses=15)
[2/110] PIREP at (40.18, -103.00) FL31500 2022-04-23 03:19:00 (cache: 15 images)
  SAVED /cluster/tufts/capstone25skyblue/scleme01/SatelliteTurbulencePrediction/model_inputs/2022_04/0000296.npz (26.8s total | fetch=22.3s project=0.3s smooth=3.1s | cache hits=13 misses=2)
[3/110] PIREP at (42.56, -103.55) FL27000 2022-04-23 03:26:00 (cache: 17 images)
  SAVED /cluster/tufts/capstone25skyblue/scleme01/SatelliteTurbulencePrediction/model_inputs/2022_04/0000297.npz (24.2s total | fetch=19.7s project=0.3s smooth=3.1s | cache hits=13 misses=2)
[4/110] PIREP at (38.95, -102.58) FL32000 2022-04-23 03:31:00 (cache: 19 images)
  SAVED /cluster/tufts/capstone25skyblue/scleme01/SatelliteTurbulencePrediction/model_inputs/2022_04/0000298.npz (14.8s total | fetch=12.5s project=0.2s smooth=1.5s | cache hits=14 misses=1)
[5/110] PIREP at (38.46, -102.40) FL35000 2022-04-23 03:35:00 (cache: 20 images)
  SAVED /cluster/tufts/capstone25skyblue/scleme01/SatelliteTurbulencePrediction/model_inputs/2022_04/0000299.npz (13.7s total | fetch=11.4s project=0.2s smooth=1.5s | cache hits=14 misses=1)
[6/110] PIREP at (36.75, -102.79) FL34000 2022-04-23 03:36:00 (cache: 21 images)
  SAVED /cluster/tufts/capstone25skyblue/scleme01/SatelliteTurbulencePrediction/model_inputs/2022_04/0000300.npz (0.2s total | fetch=0.0s project=0.0s smooth=0.0s | cache hits=15 misses=0)
[7/110] PIREP at (34.65, -119.08) FL13000 2022-04-23 04:00:00 (cache: 21 images)
  SAVED /cluster/tufts/capstone25skyblue/scleme01/SatelliteTurbulencePrediction/model_inputs/2022_04/0000302.npz (55.4s total | fetch=44.3s project=0.8s smooth=7.8s | cache hits=10 misses=5)
[8/110] PIREP at (34.65, -119.08) FL13000 2022-04-23 04:00:00 (cache: 26 images)
  SAVED /cluster/tufts/capstone25skyblue/scleme01/SatelliteTurbulencePrediction/model_inputs/2022_04/0000301.npz (0.2s total | fetch=0.0s project=0.0s smooth=0.0s | cache hits=15 misses=0)
[9/110] PIREP at (33.81, -78.72) FL1300 2022-04-23 11:17:00 (cache: 26 images)
  SAVED /cluster/tufts/capstone25skyblue/scleme01/SatelliteTurbulencePrediction/model_inputs/2022_04/0000501.npz (227.3s total | fetch=194.7s project=2.4s smooth=23.2s | cache hits=0 misses=15)
[10/110] PIREP at (40.97, -98.31) FL40000 2022-04-23 12:18:00 (cache: 41 images)
  SAVED /cluster/tufts/capstone25skyblue/scleme01/SatelliteTurbulencePrediction/model_inputs/2022_04/0000596.npz (5525.6s total | fetch=5499.2s project=2.0s smooth=18.8s | cache hits=3 misses=12)
[11/110] PIREP at (42.99, -73.34) FL36000 2022-04-23 12:25:00 (cache: 53 images)
  SAVED /cluster/tufts/capstone25skyblue/scleme01/SatelliteTurbulencePrediction/model_inputs/2022_04/0000683.npz (1336.4s total | fetch=1331.9s project=0.3s smooth=3.1s | cache hits=13 misses=2)
[12/110] PIREP at (40.90, -97.62) FL9000 2022-04-23 13:59:00 (cache: 55 images)
