Resetting environment
Deactivating conda environment (if any)
Purging all modules
Done! Environment has been torn down
Loading cuda and miniforge...
Activating conda environment...
Redirecting into the satellite repo...
Done! Environment has now been set up
Processing 2018/10 chunk [150:300]
Fetching satellite data for PIREPs in /cluster/tufts/capstone25skyblue/scleme01/SatelliteTurbulencePrediction/pireps/2018/10_turb_pireps.csv
Processing chunk [150:300] (150 PIREPs) from /cluster/tufts/capstone25skyblue/scleme01/SatelliteTurbulencePrediction/pireps/2018/10_turb_pireps.csv
[1/150] PIREP at (39.45, -105.37) FL12500 2018-10-12 22:16:00 (cache: 0 images)
  SAVED /cluster/tufts/capstone25skyblue/scleme01/SatelliteTurbulencePrediction/model_inputs/2018_10/0000080.npz (7196.4s total | fetch=7168.5s project=1.8s smooth=19.4s | cache hits=0 misses=15)
[2/150] PIREP at (28.17, -87.33) FL37000 2018-10-12 22:34:00 (cache: 15 images)
  SAVED /cluster/tufts/capstone25skyblue/scleme01/SatelliteTurbulencePrediction/model_inputs/2018_10/0000227.npz (1641.2s total | fetch=1635.4s project=0.4s smooth=3.9s | cache hits=12 misses=3)
[3/150] PIREP at (39.38, -104.07) FL23000 2018-10-12 22:39:00 (cache: 18 images)
  SAVED /cluster/tufts/capstone25skyblue/scleme01/SatelliteTurbulencePrediction/model_inputs/2018_10/0000081.npz (596.2s total | fetch=594.2s project=0.1s smooth=1.3s | cache hits=14 misses=1)
[4/150] PIREP at (37.37, -118.36) FL13500 2018-10-12 22:44:00 (cache: 19 images)
  SAVED /cluster/tufts/capstone25skyblue/scleme01/SatelliteTurbulencePrediction/model_inputs/2018_10/0000365.npz (524.4s total | fetch=522.4s project=0.1s smooth=1.3s | cache hits=14 misses=1)
[5/150] PIREP at (35.02, -110.72) FL35000 2018-10-12 23:07:00 (cache: 20 images)
  SAVED /cluster/tufts/capstone25skyblue/scleme01/SatelliteTurbulencePrediction/model_inputs/2018_10/0000382.npz (2728.5s total | fetch=2719.1s project=0.6s smooth=6.5s | cache hits=10 misses=5)
[6/150] PIREP at (60.73, -151.18) FL7000 2018-10-12 23:53:00 (cache: 25 images)
  SAVED /cluster/tufts/capstone25skyblue/scleme01/SatelliteTurbulencePrediction/model_inputs/2018_10/0000291.npz (3148.0s total | fetch=3131.4s project=1.1s smooth=11.6s | cache hits=6 misses=9)
[7/150] PIREP at (33.24, -117.42) FL17000 2018-10-13 01:05:00 (cache: 34 images)
  SAVED /cluster/tufts/capstone25skyblue/scleme01/SatelliteTurbulencePrediction/model_inputs/2018_10/0000261.npz (171.1s total | fetch=142.9s project=1.8s smooth=19.7s | cache hits=0 misses=15)
[8/150] PIREP at (45.45, -59.03) FL35000 2018-10-13 02:57:00 (cache: 49 images)
  SAVED /cluster/tufts/capstone25skyblue/scleme01/SatelliteTurbulencePrediction/model_inputs/2018_10/0000082.npz (183.0s total | fetch=155.3s project=1.8s smooth=19.4s | cache hits=0 misses=15)
[9/150] PIREP at (45.87, -59.62) FL37000 2018-10-13 02:57:00 (cache: 64 images)
  SAVED /cluster/tufts/capstone25skyblue/scleme01/SatelliteTurbulencePrediction/model_inputs/2018_10/0000083.npz (0.2s total | fetch=0.0s project=0.0s smooth=0.0s | cache hits=15 misses=0)
[10/150] PIREP at (64.34, -150.07) FL3000 2018-10-13 03:25:00 (cache: 64 images)
  SAVED /cluster/tufts/capstone25skyblue/scleme01/SatelliteTurbulencePrediction/model_inputs/2018_10/0000362.npz (34.1s total | fetch=23.0s project=0.7s smooth=7.7s | cache hits=9 misses=6)
[11/150] PIREP at (46.18, -57.97) FL35000 2018-10-13 05:50:00 (cache: 70 images)
  SAVED /cluster/tufts/capstone25skyblue/scleme01/SatelliteTurbulencePrediction/model_inputs/2018_10/0000084.npz (184.4s total | fetch=156.7s project=1.8s smooth=19.4s | cache hits=0 misses=15)
[12/150] PIREP at (64.18, -57.97) FL35000 2018-10-13 05:50:00 (cache: 85 images)
  SAVED /cluster/tufts/capstone25skyblue/scleme01/SatelliteTurbulencePrediction/model_inputs/2018_10/0000085.npz (0.1s total | fetch=0.0s project=0.0s smooth=0.0s | cache hits=15 misses=0)
[13/150] PIREP at (35.72, -114.86) FL31000 2018-10-13 12:49:00 (cache: 85 images)
  SAVED /cluster/tufts/capstone25skyblue/scleme01/SatelliteTurbulencePrediction/model_inputs/2018_10/0000086.npz (4776.2s total | fetch=4748.4s project=1.8s smooth=19.4s | cache hits=0 misses=15)
[14/150] PIREP at (35.72, -114.86) FL31000 2018-10-13 12:49:00 (cache: 100 images)
  SAVED /cluster/tufts/capstone25skyblue/scleme01/SatelliteTurbulencePrediction/model_inputs/2018_10/0000087.npz (0.2s total | fetch=0.0s project=0.0s smooth=0.0s | cache hits=15 misses=0)
[15/150] PIREP at (35.72, -114.86) FL31000 2018-10-13 12:49:00 (cache: 100 images)
  SAVED /cluster/tufts/capstone25skyblue/scleme01/SatelliteTurbulencePrediction/model_inputs/2018_10/0000088.npz (0.2s total | fetch=0.0s project=0.0s smooth=0.0s | cache hits=15 misses=0)
[16/150] PIREP at (43.64, -94.42) FL32000 2018-10-13 16:56:00 (cache: 100 images)
  SAVED /cluster/tufts/capstone25skyblue/scleme01/SatelliteTurbulencePrediction/model_inputs/2018_10/0000381.npz (9608.5s total | fetch=9580.8s project=1.8s smooth=19.3s | cache hits=0 misses=15)
[17/150] PIREP at (32.89, -96.90) FL16000 2018-10-13 17:34:00 (cache: 115 images)
  SAVED /cluster/tufts/capstone25skyblue/scleme01/SatelliteTurbulencePrediction/model_inputs/2018_10/0000089.npz (5041.6s total | fetch=5028.6s project=0.8s smooth=9.0s | cache hits=8 misses=7)
[18/150] PIREP at (32.19, -96.42) FL24000 2018-10-13 17:36:00 (cache: 122 images)
  SAVED /cluster/tufts/capstone25skyblue/scleme01/SatelliteTurbulencePrediction/model_inputs/2018_10/0000090.npz (666.7s total | fetch=664.7s project=0.1s smooth=1.3s | cache hits=14 misses=1)
[19/150] PIREP at (41.41, -74.59) FL6000 2018-10-13 18:05:00 (cache: 123 images)
  SAVED /cluster/tufts/capstone25skyblue/scleme01/SatelliteTurbulencePrediction/model_inputs/2018_10/0000318.npz (4484.0s total | fetch=4472.8s project=0.7s smooth=7.7s | cache hits=9 misses=6)
[20/150] PIREP at (42.57, -108.79) FL34000 2018-10-13 19:25:00 (cache: 129 images)
  SAVED /cluster/tufts/capstone25skyblue/scleme01/SatelliteTurbulencePrediction/model_inputs/2018_10/0000335.npz (12874.8s total | fetch=12847.1s project=1.8s smooth=19.3s | cache hits=0 misses=15)
[21/150] PIREP at (31.07, -97.83) FL16000 2018-10-13 21:13:00 (cache: 144 images)
