Resetting environment
Deactivating conda environment (if any)
Purging all modules
Done! Environment has been torn down
Allocating resources with slurm...
Loading cuda and miniforge...
Activating conda environment...
Redirecting into the satellite repo...
Done! Environment has now been set up
Processing 2019/09 chunk [0:150]
Fetching satellite data for PIREPs in /cluster/tufts/capstone25skyblue/scleme01/SatelliteTurbulencePrediction/pireps/2019/09_turb_pireps.csv
Processing chunk [0:150] (150 PIREPs) from /cluster/tufts/capstone25skyblue/scleme01/SatelliteTurbulencePrediction/pireps/2019/09_turb_pireps.csv
[1/150] PIREP at (45.07, -83.56) FL36000 2019-09-01 01:36:00 (cache: 0 images)
  SAVED /cluster/tufts/capstone25skyblue/scleme01/SatelliteTurbulencePrediction/model_inputs/2019_09/0000234.npz (2819.1s total | fetch=2787.9s project=2.1s smooth=21.8s | cache hits=0 misses=15)
[2/150] PIREP at (61.17, -149.99) FL10000 2019-09-01 13:20:00 (cache: 15 images)
  SAVED /cluster/tufts/capstone25skyblue/scleme01/SatelliteTurbulencePrediction/model_inputs/2019_09/0000209.npz (8088.4s total | fetch=8057.4s project=2.1s smooth=21.7s | cache hits=0 misses=15)
[3/150] PIREP at (34.10, -99.59) FL34000 2019-09-01 13:23:00 (cache: 30 images)
  SAVED /cluster/tufts/capstone25skyblue/scleme01/SatelliteTurbulencePrediction/model_inputs/2019_09/0000232.npz (0.2s total | fetch=0.0s project=0.0s smooth=0.0s | cache hits=15 misses=0)
[4/150] PIREP at (45.45, -98.42) FL40000 2019-09-01 13:29:00 (cache: 30 images)
  SAVED /cluster/tufts/capstone25skyblue/scleme01/SatelliteTurbulencePrediction/model_inputs/2019_09/0000193.npz (655.9s total | fetch=653.6s project=0.1s smooth=1.4s | cache hits=14 misses=1)
[5/150] SKIPPING /cluster/tufts/capstone25skyblue/scleme01/SatelliteTurbulencePrediction/model_inputs/2019_09/0000000.npz (already exists)
[6/150] SKIPPING /cluster/tufts/capstone25skyblue/scleme01/SatelliteTurbulencePrediction/model_inputs/2019_09/0000001.npz (already exists)
[7/150] SKIPPING /cluster/tufts/capstone25skyblue/scleme01/SatelliteTurbulencePrediction/model_inputs/2019_09/0000002.npz (already exists)
[8/150] SKIPPING /cluster/tufts/capstone25skyblue/scleme01/SatelliteTurbulencePrediction/model_inputs/2019_09/0000003.npz (already exists)
[9/150] SKIPPING /cluster/tufts/capstone25skyblue/scleme01/SatelliteTurbulencePrediction/model_inputs/2019_09/0000004.npz (already exists)
[10/150] PIREP at (28.87, -81.40) FL33000 2019-09-01 20:16:00 (cache: 31 images)
  SAVED /cluster/tufts/capstone25skyblue/scleme01/SatelliteTurbulencePrediction/model_inputs/2019_09/0000325.npz (9436.7s total | fetch=9405.6s project=2.1s smooth=21.7s | cache hits=0 misses=15)
[11/150] SKIPPING /cluster/tufts/capstone25skyblue/scleme01/SatelliteTurbulencePrediction/model_inputs/2019_09/0000005.npz (already exists)
[12/150] SKIPPING /cluster/tufts/capstone25skyblue/scleme01/SatelliteTurbulencePrediction/model_inputs/2019_09/0000006.npz (already exists)
[13/150] SKIPPING /cluster/tufts/capstone25skyblue/scleme01/SatelliteTurbulencePrediction/model_inputs/2019_09/0000007.npz (already exists)
[14/150] PIREP at (61.15, -150.12) FL500 2019-09-01 22:45:00 (cache: 46 images)
  SAVED /cluster/tufts/capstone25skyblue/scleme01/SatelliteTurbulencePrediction/model_inputs/2019_09/0000243.npz (10119.6s total | fetch=10089.1s project=2.0s smooth=21.3s | cache hits=0 misses=15)
[15/150] PIREP at (60.69, -151.51) FL3000 2019-09-01 22:45:00 (cache: 61 images)
  SAVED /cluster/tufts/capstone25skyblue/scleme01/SatelliteTurbulencePrediction/model_inputs/2019_09/0000184.npz (0.1s total | fetch=0.0s project=0.0s smooth=0.0s | cache hits=15 misses=0)
[16/150] SKIPPING /cluster/tufts/capstone25skyblue/scleme01/SatelliteTurbulencePrediction/model_inputs/2019_09/0000008.npz (already exists)
[17/150] PIREP at (42.99, -73.34) FL32000 2019-09-02 00:36:00 (cache: 61 images)
  SAVED /cluster/tufts/capstone25skyblue/scleme01/SatelliteTurbulencePrediction/model_inputs/2019_09/0000201.npz (10349.9s total | fetch=10319.5s project=2.0s smooth=21.2s | cache hits=0 misses=15)
[18/150] PIREP at (39.45, -105.08) FL16000 2019-09-02 03:05:00 (cache: 76 images)
  SAVED /cluster/tufts/capstone25skyblue/scleme01/SatelliteTurbulencePrediction/model_inputs/2019_09/0000326.npz (201.7s total | fetch=171.4s project=2.0s smooth=21.1s | cache hits=0 misses=15)
[19/150] SKIPPING /cluster/tufts/capstone25skyblue/scleme01/SatelliteTurbulencePrediction/model_inputs/2019_09/0000009.npz (already exists)
[20/150] SKIPPING /cluster/tufts/capstone25skyblue/scleme01/SatelliteTurbulencePrediction/model_inputs/2019_09/0000010.npz (already exists)
[21/150] SKIPPING /cluster/tufts/capstone25skyblue/scleme01/SatelliteTurbulencePrediction/model_inputs/2019_09/0000011.npz (already exists)
[22/150] PIREP at (38.13, -92.41) FL36000 2019-09-02 12:56:00 (cache: 91 images)
  SAVED /cluster/tufts/capstone25skyblue/scleme01/SatelliteTurbulencePrediction/model_inputs/2019_09/0000298.npz (12565.8s total | fetch=12535.5s project=2.0s smooth=21.1s | cache hits=0 misses=15)
[23/150] PIREP at (46.84, -92.19) FL32000 2019-09-02 15:25:00 (cache: 106 images)
