Resetting environment
Deactivating conda environment (if any)
Purging all modules
Done! Environment has been torn down
Allocating resources with slurm...
Loading cuda and miniforge...
Activating conda environment...
Redirecting into the satellite repo...
Done! Environment has now been set up
Processing 2020/02 chunk [750:900]
Fetching satellite data for PIREPs in /cluster/tufts/capstone25skyblue/scleme01/SatelliteTurbulencePrediction/pireps/2020/02_turb_pireps.csv
Processing chunk [750:900] (124 PIREPs) from /cluster/tufts/capstone25skyblue/scleme01/SatelliteTurbulencePrediction/pireps/2020/02_turb_pireps.csv
[1/124] PIREP at (39.63, -83.91) FL20000 2020-02-24 16:59:00 (cache: 0 images)
  SAVED /cluster/tufts/capstone25skyblue/scleme01/SatelliteTurbulencePrediction/model_inputs/2020_02/0000854.npz (9805.3s total | fetch=9774.3s project=2.1s smooth=21.7s | cache hits=0 misses=15)
[2/124] PIREP at (43.12, -88.74) FL36000 2020-02-24 17:32:00 (cache: 15 images)
  SAVED /cluster/tufts/capstone25skyblue/scleme01/SatelliteTurbulencePrediction/model_inputs/2020_02/0000668.npz (5061.0s total | fetch=5046.7s project=1.0s smooth=9.9s | cache hits=8 misses=7)
[3/124] PIREP at (36.16, -104.87) FL41000 2020-02-24 18:11:00 (cache: 22 images)
  SAVED /cluster/tufts/capstone25skyblue/scleme01/SatelliteTurbulencePrediction/model_inputs/2020_02/0000376.npz (6138.2s total | fetch=6121.9s project=1.1s smooth=11.3s | cache hits=7 misses=8)
[4/124] PIREP at (35.24, -120.64) FL3500 2020-02-24 18:34:00 (cache: 30 images)
  SAVED /cluster/tufts/capstone25skyblue/scleme01/SatelliteTurbulencePrediction/model_inputs/2020_02/0000377.npz (3205.8s total | fetch=3197.7s project=0.5s smooth=5.6s | cache hits=11 misses=4)
[5/124] PIREP at (40.15, -82.59) FL24000 2020-02-24 20:11:00 (cache: 34 images)
  SAVED /cluster/tufts/capstone25skyblue/scleme01/SatelliteTurbulencePrediction/model_inputs/2020_02/0000474.npz (14217.3s total | fetch=14187.1s project=2.0s smooth=21.0s | cache hits=0 misses=15)
[6/124] PIREP at (28.10, -80.65) FL2500 2020-02-25 02:45:00 (cache: 49 images)
  SAVED /cluster/tufts/capstone25skyblue/scleme01/SatelliteTurbulencePrediction/model_inputs/2020_02/0000595.npz (214.7s total | fetch=184.5s project=2.0s smooth=20.9s | cache hits=0 misses=15)
[7/124] PIREP at (39.10, -74.80) FL37000 2020-02-25 03:22:00 (cache: 64 images)
  SAVED /cluster/tufts/capstone25skyblue/scleme01/SatelliteTurbulencePrediction/model_inputs/2020_02/0000378.npz (82.1s total | fetch=68.0s project=0.9s smooth=9.8s | cache hits=8 misses=7)
[8/124] PIREP at (39.64, -79.92) FL26000 2020-02-25 05:20:00 (cache: 71 images)
  SAVED /cluster/tufts/capstone25skyblue/scleme01/SatelliteTurbulencePrediction/model_inputs/2020_02/0000379.npz (182.9s total | fetch=152.8s project=2.0s smooth=21.0s | cache hits=0 misses=15)
[9/124] PIREP at (34.85, -107.50) FL38000 2020-02-25 13:15:00 (cache: 86 images)
