Resetting environment
Deactivating conda environment (if any)
Purging all modules
Done! Environment has been torn down
Loading cuda and miniforge...
Activating conda environment...
Redirecting into the satellite repo...
Done! Environment has now been set up
Processing 2017/10 chunk [0:150]
Fetching satellite data for PIREPs in /cluster/tufts/capstone25skyblue/scleme01/SatelliteTurbulencePrediction/pireps/2017/10_turb_pireps.csv
Processing chunk [0:150] (150 PIREPs) from /cluster/tufts/capstone25skyblue/scleme01/SatelliteTurbulencePrediction/pireps/2017/10_turb_pireps.csv
[1/150] SKIPPING /cluster/tufts/capstone25skyblue/scleme01/SatelliteTurbulencePrediction/model_inputs/2017_10/0000295.npz (already exists)
[2/150] SKIPPING /cluster/tufts/capstone25skyblue/scleme01/SatelliteTurbulencePrediction/model_inputs/2017_10/0000243.npz (already exists)
[3/150] SKIPPING /cluster/tufts/capstone25skyblue/scleme01/SatelliteTurbulencePrediction/model_inputs/2017_10/0000276.npz (already exists)
[4/150] SKIPPING /cluster/tufts/capstone25skyblue/scleme01/SatelliteTurbulencePrediction/model_inputs/2017_10/0000339.npz (already exists)
[5/150] SKIPPING /cluster/tufts/capstone25skyblue/scleme01/SatelliteTurbulencePrediction/model_inputs/2017_10/0000000.npz (already exists)
[6/150] SKIPPING /cluster/tufts/capstone25skyblue/scleme01/SatelliteTurbulencePrediction/model_inputs/2017_10/0000001.npz (already exists)
[7/150] SKIPPING /cluster/tufts/capstone25skyblue/scleme01/SatelliteTurbulencePrediction/model_inputs/2017_10/0000446.npz (already exists)
[8/150] SKIPPING /cluster/tufts/capstone25skyblue/scleme01/SatelliteTurbulencePrediction/model_inputs/2017_10/0000341.npz (already exists)
[9/150] SKIPPING /cluster/tufts/capstone25skyblue/scleme01/SatelliteTurbulencePrediction/model_inputs/2017_10/0000271.npz (already exists)
[10/150] SKIPPING /cluster/tufts/capstone25skyblue/scleme01/SatelliteTurbulencePrediction/model_inputs/2017_10/0000412.npz (already exists)
[11/150] SKIPPING /cluster/tufts/capstone25skyblue/scleme01/SatelliteTurbulencePrediction/model_inputs/2017_10/0000447.npz (already exists)
[12/150] SKIPPING /cluster/tufts/capstone25skyblue/scleme01/SatelliteTurbulencePrediction/model_inputs/2017_10/0000002.npz (already exists)
[13/150] SKIPPING /cluster/tufts/capstone25skyblue/scleme01/SatelliteTurbulencePrediction/model_inputs/2017_10/0000003.npz (already exists)
[14/150] SKIPPING /cluster/tufts/capstone25skyblue/scleme01/SatelliteTurbulencePrediction/model_inputs/2017_10/0000413.npz (already exists)
[15/150] SKIPPING /cluster/tufts/capstone25skyblue/scleme01/SatelliteTurbulencePrediction/model_inputs/2017_10/0000004.npz (already exists)
[16/150] SKIPPING /cluster/tufts/capstone25skyblue/scleme01/SatelliteTurbulencePrediction/model_inputs/2017_10/0000005.npz (already exists)
[17/150] SKIPPING /cluster/tufts/capstone25skyblue/scleme01/SatelliteTurbulencePrediction/model_inputs/2017_10/0000006.npz (already exists)
[18/150] SKIPPING /cluster/tufts/capstone25skyblue/scleme01/SatelliteTurbulencePrediction/model_inputs/2017_10/0000007.npz (already exists)
[19/150] SKIPPING /cluster/tufts/capstone25skyblue/scleme01/SatelliteTurbulencePrediction/model_inputs/2017_10/0000008.npz (already exists)
[20/150] SKIPPING /cluster/tufts/capstone25skyblue/scleme01/SatelliteTurbulencePrediction/model_inputs/2017_10/0000009.npz (already exists)
[21/150] SKIPPING /cluster/tufts/capstone25skyblue/scleme01/SatelliteTurbulencePrediction/model_inputs/2017_10/0000278.npz (already exists)
[22/150] SKIPPING /cluster/tufts/capstone25skyblue/scleme01/SatelliteTurbulencePrediction/model_inputs/2017_10/0000307.npz (already exists)
[23/150] SKIPPING /cluster/tufts/capstone25skyblue/scleme01/SatelliteTurbulencePrediction/model_inputs/2017_10/0000010.npz (already exists)
[24/150] SKIPPING /cluster/tufts/capstone25skyblue/scleme01/SatelliteTurbulencePrediction/model_inputs/2017_10/0000458.npz (already exists)
[25/150] SKIPPING /cluster/tufts/capstone25skyblue/scleme01/SatelliteTurbulencePrediction/model_inputs/2017_10/0000011.npz (already exists)
[26/150] PIREP at (66.23, -147.85) FL33000 2017-10-02 18:20:00 (cache: 0 images)
  SAVED /cluster/tufts/capstone25skyblue/scleme01/SatelliteTurbulencePrediction/model_inputs/2017_10/0000310.npz (6332.4s total | fetch=6307.9s project=2.2s smooth=16.3s | cache hits=0 misses=15)
[27/150] PIREP at (59.50, -139.66) FL10000 2017-10-02 18:48:00 (cache: 15 images)
  SAVED /cluster/tufts/capstone25skyblue/scleme01/SatelliteTurbulencePrediction/model_inputs/2017_10/0000256.npz (1876.9s total | fetch=1868.5s project=0.8s smooth=5.5s | cache hits=10 misses=5)
[28/150] PIREP at (40.02, -78.10) FL38000 2017-10-02 18:59:00 (cache: 20 images)
  SAVED /cluster/tufts/capstone25skyblue/scleme01/SatelliteTurbulencePrediction/model_inputs/2017_10/0000235.npz (786.5s total | fetch=782.9s project=0.3s smooth=2.3s | cache hits=13 misses=2)
[29/150] SKIPPING /cluster/tufts/capstone25skyblue/scleme01/SatelliteTurbulencePrediction/model_inputs/2017_10/0000012.npz (already exists)
[30/150] PIREP at (39.69, -81.89) FL36000 2017-10-02 21:56:00 (cache: 22 images)
  SAVED /cluster/tufts/capstone25skyblue/scleme01/SatelliteTurbulencePrediction/model_inputs/2017_10/0000406.npz (6309.1s total | fetch=6283.8s project=2.3s smooth=16.7s | cache hits=0 misses=15)
[31/150] PIREP at (20.80, -157.13) FL4500 2017-10-03 02:01:00 (cache: 37 images)
  SAVED /cluster/tufts/capstone25skyblue/scleme01/SatelliteTurbulencePrediction/model_inputs/2017_10/0000321.npz (138.0s total | fetch=114.4s project=2.4s smooth=16.5s | cache hits=0 misses=15)
[32/150] PIREP at (61.96, -151.19) FL2500 2017-10-03 02:04:00 (cache: 52 images)
  SAVED /cluster/tufts/capstone25skyblue/scleme01/SatelliteTurbulencePrediction/model_inputs/2017_10/0000364.npz (0.1s total | fetch=0.0s project=0.0s smooth=0.0s | cache hits=15 misses=0)
[33/150] PIREP at (45.15, -89.11) FL37000 2017-10-03 15:33:00 (cache: 52 images)
  SAVED /cluster/tufts/capstone25skyblue/scleme01/SatelliteTurbulencePrediction/model_inputs/2017_10/0000280.npz (6457.8s total | fetch=6432.8s project=2.4s smooth=16.5s | cache hits=0 misses=15)
[34/150] PIREP at (43.50, -100.72) FL9000 2017-10-03 15:55:00 (cache: 67 images)
  SAVED /cluster/tufts/capstone25skyblue/scleme01/SatelliteTurbulencePrediction/model_inputs/2017_10/0000359.npz (2249.6s total | fetch=2241.1s project=0.8s smooth=5.5s | cache hits=10 misses=5)
[35/150] SKIPPING /cluster/tufts/capstone25skyblue/scleme01/SatelliteTurbulencePrediction/model_inputs/2017_10/0000013.npz (already exists)
[36/150] SKIPPING /cluster/tufts/capstone25skyblue/scleme01/SatelliteTurbulencePrediction/model_inputs/2017_10/0000014.npz (already exists)
[37/150] SKIPPING /cluster/tufts/capstone25skyblue/scleme01/SatelliteTurbulencePrediction/model_inputs/2017_10/0000015.npz (already exists)
[38/150] PIREP at (36.81, -102.40) FL39000 2017-10-03 18:06:00 (cache: 72 images)
  SAVED /cluster/tufts/capstone25skyblue/scleme01/SatelliteTurbulencePrediction/model_inputs/2017_10/0000453.npz (7420.6s total | fetch=7395.5s project=2.3s smooth=16.5s | cache hits=0 misses=15)
[39/150] SKIPPING /cluster/tufts/capstone25skyblue/scleme01/SatelliteTurbulencePrediction/model_inputs/2017_10/0000016.npz (already exists)
[40/150] SKIPPING /cluster/tufts/capstone25skyblue/scleme01/SatelliteTurbulencePrediction/model_inputs/2017_10/0000017.npz (already exists)
[41/150] SKIPPING /cluster/tufts/capstone25skyblue/scleme01/SatelliteTurbulencePrediction/model_inputs/2017_10/0000018.npz (already exists)
[42/150] PIREP at (37.80, -120.36) FL31000 2017-10-04 03:52:00 (cache: 87 images)
  SAVED /cluster/tufts/capstone25skyblue/scleme01/SatelliteTurbulencePrediction/model_inputs/2017_10/0000251.npz (125.4s total | fetch=101.9s project=2.4s smooth=16.5s | cache hits=0 misses=15)
[43/150] SKIPPING /cluster/tufts/capstone25skyblue/scleme01/SatelliteTurbulencePrediction/model_inputs/2017_10/0000019.npz (already exists)
[44/150] SKIPPING /cluster/tufts/capstone25skyblue/scleme01/SatelliteTurbulencePrediction/model_inputs/2017_10/0000020.npz (already exists)
[45/150] SKIPPING /cluster/tufts/capstone25skyblue/scleme01/SatelliteTurbulencePrediction/model_inputs/2017_10/0000021.npz (already exists)
[46/150] PIREP at (46.93, -96.81) FL37000 2017-10-04 13:48:00 (cache: 102 images)
  SAVED /cluster/tufts/capstone25skyblue/scleme01/SatelliteTurbulencePrediction/model_inputs/2017_10/0000325.npz (8003.6s total | fetch=7978.6s project=2.4s smooth=16.5s | cache hits=0 misses=15)
[47/150] SKIPPING /cluster/tufts/capstone25skyblue/scleme01/SatelliteTurbulencePrediction/model_inputs/2017_10/0000022.npz (already exists)
[48/150] PIREP at (41.36, -85.79) FL29000 2017-10-04 18:46:00 (cache: 117 images)
  SAVED /cluster/tufts/capstone25skyblue/scleme01/SatelliteTurbulencePrediction/model_inputs/2017_10/0000356.npz (9484.5s total | fetch=9459.4s project=2.3s smooth=16.6s | cache hits=0 misses=15)
[49/150] PIREP at (62.96, -141.92) FL38000 2017-10-04 22:37:00 (cache: 132 images)
  SAVED /cluster/tufts/capstone25skyblue/scleme01/SatelliteTurbulencePrediction/model_inputs/2017_10/0000263.npz (9512.7s total | fetch=9487.7s project=2.4s smooth=16.4s | cache hits=0 misses=15)
[50/150] PIREP at (27.82, -80.42) FL2500 2017-10-05 00:52:00 (cache: 147 images)
  SAVED /cluster/tufts/capstone25skyblue/scleme01/SatelliteTurbulencePrediction/model_inputs/2017_10/0000254.npz (5506.4s total | fetch=5481.6s project=2.5s smooth=16.6s | cache hits=0 misses=15)
[51/150] PIREP at (39.86, -84.44) FL26000 2017-10-05 01:23:00 (cache: 162 images)
  SAVED /cluster/tufts/capstone25skyblue/scleme01/SatelliteTurbulencePrediction/model_inputs/2017_10/0000299.npz (53.5s total | fetch=43.8s project=1.0s smooth=6.7s | cache hits=9 misses=6)
[52/150] SKIPPING /cluster/tufts/capstone25skyblue/scleme01/SatelliteTurbulencePrediction/model_inputs/2017_10/0000023.npz (already exists)
[53/150] SKIPPING /cluster/tufts/capstone25skyblue/scleme01/SatelliteTurbulencePrediction/model_inputs/2017_10/0000024.npz (already exists)
[54/150] PIREP at (26.50, -78.78) FL41000 2017-10-05 10:44:00 (cache: 168 images)
  SAVED /cluster/tufts/capstone25skyblue/scleme01/SatelliteTurbulencePrediction/model_inputs/2017_10/0000239.npz (167.4s total | fetch=143.1s project=2.8s smooth=16.6s | cache hits=0 misses=15)
[55/150] PIREP at (38.27, -86.18) FL31000 2017-10-05 13:04:00 (cache: 183 images)
