Resetting environment
Deactivating conda environment (if any)
Purging all modules
Done! Environment has been torn down
Allocating resources with slurm...
Loading cuda and miniforge...
Activating conda environment...
Redirecting into the satellite repo...
Done! Environment has now been set up
Processing 2019/12 chunk [300:450]
Fetching satellite data for PIREPs in /cluster/tufts/capstone25skyblue/scleme01/SatelliteTurbulencePrediction/pireps/2019/12_turb_pireps.csv
Processing chunk [300:450] (150 PIREPs) from /cluster/tufts/capstone25skyblue/scleme01/SatelliteTurbulencePrediction/pireps/2019/12_turb_pireps.csv
[1/150] PIREP at (51.80, -54.53) FL37000 2019-12-15 20:43:00 (cache: 0 images)
  SAVED /cluster/tufts/capstone25skyblue/scleme01/SatelliteTurbulencePrediction/model_inputs/2019_12/0000161.npz (8026.4s total | fetch=7995.6s project=2.1s smooth=21.7s | cache hits=0 misses=15)
[2/150] PIREP at (59.64, -151.47) FL8000 2019-12-15 21:23:00 (cache: 15 images)
  SAVED /cluster/tufts/capstone25skyblue/scleme01/SatelliteTurbulencePrediction/model_inputs/2019_12/0000162.npz (4578.9s total | fetch=4562.3s project=1.1s smooth=11.6s | cache hits=7 misses=8)
[3/150] PIREP at (33.71, -114.51) FL34000 2019-12-15 23:25:00 (cache: 23 images)
  SAVED /cluster/tufts/capstone25skyblue/scleme01/SatelliteTurbulencePrediction/model_inputs/2019_12/0000625.npz (120.5s total | fetch=89.4s project=2.1s smooth=21.7s | cache hits=0 misses=15)
[4/150] PIREP at (35.11, -106.11) FL31000 2019-12-16 01:25:00 (cache: 38 images)
  SAVED /cluster/tufts/capstone25skyblue/scleme01/SatelliteTurbulencePrediction/model_inputs/2019_12/0000588.npz (153.3s total | fetch=122.3s project=2.1s smooth=21.6s | cache hits=0 misses=15)
[5/150] PIREP at (32.27, -107.98) FL32000 2019-12-16 04:32:00 (cache: 53 images)
  SAVED /cluster/tufts/capstone25skyblue/scleme01/SatelliteTurbulencePrediction/model_inputs/2019_12/0000315.npz (156.2s total | fetch=125.1s project=2.1s smooth=21.7s | cache hits=0 misses=15)
[6/150] PIREP at (44.89, -93.23) FL36000 2019-12-16 06:42:00 (cache: 68 images)
  SAVED /cluster/tufts/capstone25skyblue/scleme01/SatelliteTurbulencePrediction/model_inputs/2019_12/0000502.npz (121.0s total | fetch=89.8s project=2.1s smooth=21.8s | cache hits=0 misses=15)
[7/150] PIREP at (34.37, -112.93) FL26000 2019-12-16 07:20:00 (cache: 83 images)
  SAVED /cluster/tufts/capstone25skyblue/scleme01/SatelliteTurbulencePrediction/model_inputs/2019_12/0000337.npz (64.7s total | fetch=48.0s project=1.2s smooth=11.5s | cache hits=7 misses=8)
[8/150] PIREP at (40.53, -75.73) FL7000 2019-12-16 12:00:00 (cache: 91 images)
  SAVED /cluster/tufts/capstone25skyblue/scleme01/SatelliteTurbulencePrediction/model_inputs/2019_12/0000611.npz (146.4s total | fetch=115.5s project=2.1s smooth=21.6s | cache hits=0 misses=15)
[9/150] PIREP at (42.26, -94.43) FL33000 2019-12-16 12:59:00 (cache: 106 images)
  SAVED /cluster/tufts/capstone25skyblue/scleme01/SatelliteTurbulencePrediction/model_inputs/2019_12/0000352.npz (105.6s total | fetch=82.5s project=1.5s smooth=16.1s | cache hits=4 misses=11)
[10/150] PIREP at (35.59, -94.37) FL31500 2019-12-16 13:20:00 (cache: 117 images)
  SAVED /cluster/tufts/capstone25skyblue/scleme01/SatelliteTurbulencePrediction/model_inputs/2019_12/0000163.npz (53.9s total | fetch=43.3s project=0.7s smooth=7.3s | cache hits=10 misses=5)
[11/150] PIREP at (36.70, -84.48) FL34000 2019-12-16 14:36:00 (cache: 122 images)
  SAVED /cluster/tufts/capstone25skyblue/scleme01/SatelliteTurbulencePrediction/model_inputs/2019_12/0000164.npz (8090.1s total | fetch=8059.3s project=2.1s smooth=21.5s | cache hits=0 misses=15)
[12/150] PIREP at (43.58, -96.75) FL36000 2019-12-16 15:45:00 (cache: 137 images)
  SAVED /cluster/tufts/capstone25skyblue/scleme01/SatelliteTurbulencePrediction/model_inputs/2019_12/0000413.npz (10060.7s total | fetch=10032.3s project=1.9s smooth=19.8s | cache hits=1 misses=14)
[13/150] PIREP at (30.54, -93.34) FL30000 2019-12-16 16:07:00 (cache: 151 images)
  SAVED /cluster/tufts/capstone25skyblue/scleme01/SatelliteTurbulencePrediction/model_inputs/2019_12/0000166.npz (2969.7s total | fetch=2961.4s project=0.5s smooth=5.7s | cache hits=11 misses=4)
[14/150] PIREP at (43.17, -86.24) FL19000 2019-12-16 16:07:00 (cache: 155 images)
  SAVED /cluster/tufts/capstone25skyblue/scleme01/SatelliteTurbulencePrediction/model_inputs/2019_12/0000563.npz (0.2s total | fetch=0.0s project=0.0s smooth=0.0s | cache hits=15 misses=0)
[15/150] PIREP at (30.54, -93.34) FL30000 2019-12-16 16:07:00 (cache: 155 images)
  SAVED /cluster/tufts/capstone25skyblue/scleme01/SatelliteTurbulencePrediction/model_inputs/2019_12/0000165.npz (0.2s total | fetch=0.0s project=0.0s smooth=0.0s | cache hits=15 misses=0)
[16/150] PIREP at (31.50, -93.24) FL34000 2019-12-16 16:37:00 (cache: 155 images)
  SAVED /cluster/tufts/capstone25skyblue/scleme01/SatelliteTurbulencePrediction/model_inputs/2019_12/0000167.npz (5841.9s total | fetch=5829.2s project=0.9s smooth=8.7s | cache hits=9 misses=6)
[17/150] PIREP at (31.50, -93.24) FL34000 2019-12-16 16:37:00 (cache: 161 images)
  SAVED /cluster/tufts/capstone25skyblue/scleme01/SatelliteTurbulencePrediction/model_inputs/2019_12/0000168.npz (0.2s total | fetch=0.0s project=0.0s smooth=0.0s | cache hits=15 misses=0)
[18/150] PIREP at (37.47, -84.47) FL34000 2019-12-16 16:50:00 (cache: 161 images)
  SAVED /cluster/tufts/capstone25skyblue/scleme01/SatelliteTurbulencePrediction/model_inputs/2019_12/0000169.npz (2681.0s total | fetch=2674.5s project=0.5s smooth=4.4s | cache hits=12 misses=3)
[19/150] PIREP at (38.17, -85.74) FL10000 2019-12-16 17:44:00 (cache: 164 images)
  SAVED /cluster/tufts/capstone25skyblue/scleme01/SatelliteTurbulencePrediction/model_inputs/2019_12/0000540.npz (8872.5s total | fetch=8851.4s project=1.5s smooth=14.6s | cache hits=5 misses=10)
[20/150] PIREP at (30.62, -92.46) FL36000 2019-12-16 18:34:00 (cache: 174 images)
