Resetting environment
Deactivating conda environment (if any)
Purging all modules
Done! Environment has been torn down
Loading cuda and miniforge...
Activating conda environment...
Redirecting into the satellite repo...
Done! Environment has now been set up
Processing 2019/12 chunk [110:220]
Fetching satellite data for PIREPs in /cluster/tufts/capstone25skyblue/scleme01/SatelliteTurbulencePrediction/pireps/2019/12_turb_pireps.csv
Processing chunk [110:220] (110 PIREPs) from /cluster/tufts/capstone25skyblue/scleme01/SatelliteTurbulencePrediction/pireps/2019/12_turb_pireps.csv
[1/110] PIREP at (41.16, -104.81) FL30000 2019-12-04 01:27:00 (cache: 0 images)
  SAVED /cluster/tufts/capstone25skyblue/scleme01/SatelliteTurbulencePrediction/model_inputs/2019_12/0000072.npz (194.9s total | fetch=170.2s project=1.7s smooth=17.2s | cache hits=0 misses=15)
[2/110] PIREP at (40.06, -102.81) FL28000 2019-12-04 01:30:00 (cache: 15 images)
  SAVED /cluster/tufts/capstone25skyblue/scleme01/SatelliteTurbulencePrediction/model_inputs/2019_12/0000073.npz (10.7s total | fetch=8.8s project=0.1s smooth=1.1s | cache hits=14 misses=1)
[3/110] PIREP at (40.82, -116.95) FL41000 2019-12-04 02:48:00 (cache: 16 images)
  SAVED /cluster/tufts/capstone25skyblue/scleme01/SatelliteTurbulencePrediction/model_inputs/2019_12/0000074.npz (162.7s total | fetch=138.2s project=1.6s smooth=17.0s | cache hits=0 misses=15)
[4/110] PIREP at (58.35, -134.57) FL3000 2019-12-04 05:21:00 (cache: 31 images)
  SAVED /cluster/tufts/capstone25skyblue/scleme01/SatelliteTurbulencePrediction/model_inputs/2019_12/0000551.npz (159.4s total | fetch=134.8s project=1.6s smooth=17.2s | cache hits=0 misses=15)
[5/110] PIREP at (35.11, -119.00) FL20000 2019-12-04 05:23:00 (cache: 46 images)
  SAVED /cluster/tufts/capstone25skyblue/scleme01/SatelliteTurbulencePrediction/model_inputs/2019_12/0000075.npz (0.1s total | fetch=0.0s project=0.0s smooth=0.0s | cache hits=15 misses=0)
[6/110] PIREP at (35.11, -119.00) FL20000 2019-12-04 05:23:00 (cache: 46 images)
  SAVED /cluster/tufts/capstone25skyblue/scleme01/SatelliteTurbulencePrediction/model_inputs/2019_12/0000076.npz (0.1s total | fetch=0.0s project=0.0s smooth=0.0s | cache hits=15 misses=0)
[7/110] PIREP at (39.71, -85.98) FL23000 2019-12-04 12:00:00 (cache: 46 images)
  SAVED /cluster/tufts/capstone25skyblue/scleme01/SatelliteTurbulencePrediction/model_inputs/2019_12/0000444.npz (177.9s total | fetch=153.7s project=1.6s smooth=16.9s | cache hits=0 misses=15)
[8/110] PIREP at (40.24, -75.56) FL4000 2019-12-04 13:10:00 (cache: 61 images)
  SAVED /cluster/tufts/capstone25skyblue/scleme01/SatelliteTurbulencePrediction/model_inputs/2019_12/0000077.npz (4722.3s total | fetch=4699.6s project=1.5s smooth=15.9s | cache hits=1 misses=14)
[9/110] PIREP at (38.44, -93.33) FL34000 2019-12-04 14:47:00 (cache: 75 images)
  SAVED /cluster/tufts/capstone25skyblue/scleme01/SatelliteTurbulencePrediction/model_inputs/2019_12/0000536.npz (13845.7s total | fetch=13821.4s project=1.6s smooth=16.9s | cache hits=0 misses=15)
[10/110] PIREP at (34.67, -82.89) FL6500 2019-12-04 15:49:00 (cache: 90 images)
  SAVED /cluster/tufts/capstone25skyblue/scleme01/SatelliteTurbulencePrediction/model_inputs/2019_12/0000463.npz (11917.9s total | fetch=11898.4s project=1.3s smooth=13.5s | cache hits=3 misses=12)
[11/110] PIREP at (43.12, -88.28) FL30000 2019-12-04 16:46:00 (cache: 102 images)
  SAVED /cluster/tufts/capstone25skyblue/scleme01/SatelliteTurbulencePrediction/model_inputs/2019_12/0000403.npz (14189.7s total | fetch=14170.3s project=1.3s smooth=13.5s | cache hits=3 misses=12)
[12/110] PIREP at (39.94, -81.89) FL35000 2019-12-04 18:05:00 (cache: 114 images)
  SAVED /cluster/tufts/capstone25skyblue/scleme01/SatelliteTurbulencePrediction/model_inputs/2019_12/0000376.npz (15587.2s total | fetch=15563.1s project=1.6s smooth=16.8s | cache hits=0 misses=15)
[13/110] PIREP at (35.11, -105.04) FL26000 2019-12-04 19:02:00 (cache: 129 images)
  SAVED /cluster/tufts/capstone25skyblue/scleme01/SatelliteTurbulencePrediction/model_inputs/2019_12/0000555.npz (11266.6s total | fetch=11248.8s project=1.2s smooth=12.3s | cache hits=4 misses=11)
[14/110] PIREP at (31.00, -179.00) FL38000 2019-12-04 19:08:00 (cache: 140 images)
  SAVED /cluster/tufts/capstone25skyblue/scleme01/SatelliteTurbulencePrediction/model_inputs/2019_12/0000078.npz (1015.1s total | fetch=1013.4s project=0.1s smooth=1.1s | cache hits=14 misses=1)
[15/110] PIREP at (32.53, -85.65) FL33000 2019-12-04 19:20:00 (cache: 141 images)
  SAVED /cluster/tufts/capstone25skyblue/scleme01/SatelliteTurbulencePrediction/model_inputs/2019_12/0000575.npz (2846.3s total | fetch=2841.3s project=0.3s smooth=3.4s | cache hits=12 misses=3)
[16/110] PIREP at (57.60, -168.73) FL33000 2019-12-04 19:35:00 (cache: 144 images)
  SAVED /cluster/tufts/capstone25skyblue/scleme01/SatelliteTurbulencePrediction/model_inputs/2019_12/0000526.npz (2986.1s total | fetch=2981.2s project=0.3s smooth=3.4s | cache hits=12 misses=3)
[17/110] PIREP at (42.12, -87.90) FL600 2019-12-04 21:01:00 (cache: 147 images)
