Resetting environment
Deactivating conda environment (if any)
Purging all modules
Done! Environment has been torn down
Loading cuda and miniforge...
Activating conda environment...
Redirecting into the satellite repo...
Done! Environment has now been set up
Processing 2025/01 chunk [0:110]
Fetching satellite data for PIREPs in /cluster/tufts/capstone25skyblue/scleme01/SatelliteTurbulencePrediction/pireps/2025/01_turb_pireps.csv
Processing chunk [0:110] (110 PIREPs) from /cluster/tufts/capstone25skyblue/scleme01/SatelliteTurbulencePrediction/pireps/2025/01_turb_pireps.csv
[1/110] SKIPPING /cluster/tufts/capstone25skyblue/scleme01/SatelliteTurbulencePrediction/model_inputs/2025_01/0000000.npz (already exists)
[2/110] SKIPPING /cluster/tufts/capstone25skyblue/scleme01/SatelliteTurbulencePrediction/model_inputs/2025_01/0000001.npz (already exists)
[3/110] PIREP at (33.67, -86.90) FL34000 2025-01-01 18:39:00 (cache: 0 images)
  SAVED /cluster/tufts/capstone25skyblue/scleme01/SatelliteTurbulencePrediction/model_inputs/2025_01/0000440.npz (9670.2s total | fetch=9644.7s project=2.2s smooth=16.4s | cache hits=0 misses=15)
[4/110] PIREP at (36.10, -79.94) FL22000 2025-01-01 18:47:00 (cache: 15 images)
  SAVED /cluster/tufts/capstone25skyblue/scleme01/SatelliteTurbulencePrediction/model_inputs/2025_01/0000469.npz (1184.5s total | fetch=1181.0s project=0.3s smooth=2.2s | cache hits=13 misses=2)
[5/110] SKIPPING /cluster/tufts/capstone25skyblue/scleme01/SatelliteTurbulencePrediction/model_inputs/2025_01/0000002.npz (already exists)
[6/110] SKIPPING /cluster/tufts/capstone25skyblue/scleme01/SatelliteTurbulencePrediction/model_inputs/2025_01/0000003.npz (already exists)
[7/110] PIREP at (37.39, -83.26) FL27000 2025-01-01 21:40:00 (cache: 17 images)
