Resetting environment
Deactivating conda environment (if any)
Purging all modules
Done! Environment has been torn down
Loading cuda and miniforge...
Activating conda environment...
Redirecting into the satellite repo...
Done! Environment has now been set up
Processing 2023/07 chunk [110:220]
Fetching satellite data for PIREPs in /cluster/tufts/capstone25skyblue/scleme01/SatelliteTurbulencePrediction/pireps/2023/07_turb_pireps.csv
Processing chunk [110:220] (110 PIREPs) from /cluster/tufts/capstone25skyblue/scleme01/SatelliteTurbulencePrediction/pireps/2023/07_turb_pireps.csv
[1/110] PIREP at (34.99, -78.88) FL38000 2023-07-09 23:30:00 (cache: 0 images)
  SAVED /cluster/tufts/capstone25skyblue/scleme01/SatelliteTurbulencePrediction/model_inputs/2023_07/0000054.npz (10418.5s total | fetch=10393.4s project=2.1s smooth=16.1s | cache hits=0 misses=15)
[2/110] PIREP at (26.90, -168.00) FL36000 2023-07-09 23:45:00 (cache: 15 images)
  SAVED /cluster/tufts/capstone25skyblue/scleme01/SatelliteTurbulencePrediction/model_inputs/2023_07/0000055.npz (1987.4s total | fetch=1982.5s project=0.4s smooth=3.2s | cache hits=12 misses=3)
[3/110] PIREP at (35.33, -77.61) FL33000 2023-07-09 23:51:00 (cache: 18 images)
  SAVED /cluster/tufts/capstone25skyblue/scleme01/SatelliteTurbulencePrediction/model_inputs/2023_07/0000056.npz (633.3s total | fetch=631.5s project=0.1s smooth=1.1s | cache hits=14 misses=1)
[4/110] PIREP at (32.94, -77.90) FL31000 2023-07-10 00:06:00 (cache: 19 images)
  SAVED /cluster/tufts/capstone25skyblue/scleme01/SatelliteTurbulencePrediction/model_inputs/2023_07/0000057.npz (645.2s total | fetch=640.4s project=0.4s smooth=3.1s | cache hits=12 misses=3)
[5/110] PIREP at (41.72, -89.52) FL35000 2023-07-10 01:40:00 (cache: 22 images)
  SAVED /cluster/tufts/capstone25skyblue/scleme01/SatelliteTurbulencePrediction/model_inputs/2023_07/0000293.npz (131.3s total | fetch=107.8s project=2.1s smooth=15.9s | cache hits=0 misses=15)
[6/110] PIREP at (37.36, -85.41) FL24000 2023-07-10 02:16:00 (cache: 37 images)
  SAVED /cluster/tufts/capstone25skyblue/scleme01/SatelliteTurbulencePrediction/model_inputs/2023_07/0000058.npz (69.6s total | fetch=58.7s project=1.0s smooth=7.3s | cache hits=8 misses=7)
[7/110] PIREP at (37.79, -82.18) FL37000 2023-07-10 13:01:00 (cache: 44 images)
  SAVED /cluster/tufts/capstone25skyblue/scleme01/SatelliteTurbulencePrediction/model_inputs/2023_07/0000347.npz (719.5s total | fetch=696.0s project=2.1s smooth=15.8s | cache hits=0 misses=15)
[8/110] PIREP at (38.14, -78.11) FL27000 2023-07-10 17:25:00 (cache: 59 images)
  SAVED /cluster/tufts/capstone25skyblue/scleme01/SatelliteTurbulencePrediction/model_inputs/2023_07/0000059.npz (10615.3s total | fetch=10590.4s project=2.1s smooth=15.9s | cache hits=0 misses=15)
[9/110] PIREP at (53.29, -77.70) FL5000 2023-07-10 18:39:00 (cache: 74 images)
  SAVED /cluster/tufts/capstone25skyblue/scleme01/SatelliteTurbulencePrediction/model_inputs/2023_07/0000060.npz (9616.1s total | fetch=9592.5s project=2.1s smooth=15.3s | cache hits=1 misses=14)
[10/110] PIREP at (28.66, -82.69) FL14000 2023-07-10 18:56:00 (cache: 88 images)
  SAVED /cluster/tufts/capstone25skyblue/scleme01/SatelliteTurbulencePrediction/model_inputs/2023_07/0000061.npz (2717.8s total | fetch=2710.7s project=0.6s smooth=4.5s | cache hits=11 misses=4)
[11/110] PIREP at (28.44, -81.40) FL6300 2023-07-10 20:03:00 (cache: 92 images)
