Resetting environment
Deactivating conda environment (if any)
Purging all modules
Done! Environment has been torn down
Loading cuda and miniforge...
Activating conda environment...
Redirecting into the satellite repo...
Done! Environment has now been set up
Processing 2018/03 chunk [220:330]
Fetching satellite data for PIREPs in /cluster/tufts/capstone25skyblue/scleme01/SatelliteTurbulencePrediction/pireps/2018/03_turb_pireps.csv
Processing chunk [220:330] (110 PIREPs) from /cluster/tufts/capstone25skyblue/scleme01/SatelliteTurbulencePrediction/pireps/2018/03_turb_pireps.csv
[1/110] PIREP at (61.17, -149.99) FL6000 2018-03-09 04:45:00 (cache: 0 images)
  SAVED /cluster/tufts/capstone25skyblue/scleme01/SatelliteTurbulencePrediction/model_inputs/2018_03/0000133.npz (184.5s total | fetch=154.8s project=1.9s smooth=20.8s | cache hits=0 misses=15)
[2/110] PIREP at (36.94, -77.30) FL35000 2018-03-09 12:23:00 (cache: 15 images)
  SAVED /cluster/tufts/capstone25skyblue/scleme01/SatelliteTurbulencePrediction/model_inputs/2018_03/0000481.npz (3570.1s total | fetch=3539.9s project=1.9s smooth=21.1s | cache hits=0 misses=15)
[3/110] PIREP at (26.68, -80.10) FL4500 2018-03-09 16:30:00 (cache: 30 images)
  SAVED /cluster/tufts/capstone25skyblue/scleme01/SatelliteTurbulencePrediction/model_inputs/2018_03/0000515.npz (16261.2s total | fetch=16230.8s project=2.0s smooth=21.2s | cache hits=0 misses=15)
[4/110] PIREP at (37.78, -102.14) FL39000 2018-03-09 17:12:00 (cache: 45 images)
  SAVED /cluster/tufts/capstone25skyblue/scleme01/SatelliteTurbulencePrediction/model_inputs/2018_03/0000571.npz (9456.5s total | fetch=9440.2s project=1.1s smooth=11.3s | cache hits=7 misses=8)
[5/110] PIREP at (48.97, -61.40) FL32000 2018-03-09 17:38:00 (cache: 53 images)
  SAVED /cluster/tufts/capstone25skyblue/scleme01/SatelliteTurbulencePrediction/model_inputs/2018_03/0000134.npz (5672.6s total | fetch=5662.4s project=0.7s smooth=7.1s | cache hits=10 misses=5)
[6/110] PIREP at (36.16, -97.09) FL4200 2018-03-09 18:14:00 (cache: 58 images)
  SAVED /cluster/tufts/capstone25skyblue/scleme01/SatelliteTurbulencePrediction/model_inputs/2018_03/0000555.npz (8654.0s total | fetch=8639.7s project=0.9s smooth=9.9s | cache hits=8 misses=7)
[7/110] PIREP at (47.32, -118.86) FL38000 2018-03-09 18:40:00 (cache: 65 images)
  SAVED /cluster/tufts/capstone25skyblue/scleme01/SatelliteTurbulencePrediction/model_inputs/2018_03/0000363.npz (6996.4s total | fetch=6984.2s project=0.8s smooth=8.5s | cache hits=9 misses=6)
[8/110] PIREP at (35.89, -80.95) FL9000 2018-03-09 19:45:00 (cache: 71 images)
  SAVED /cluster/tufts/capstone25skyblue/scleme01/SatelliteTurbulencePrediction/model_inputs/2018_03/0000136.npz (16278.3s total | fetch=16251.9s project=1.7s smooth=18.4s | cache hits=2 misses=13)
[9/110] PIREP at (35.87, -81.24) FL9000 2018-03-09 19:45:00 (cache: 84 images)
  SAVED /cluster/tufts/capstone25skyblue/scleme01/SatelliteTurbulencePrediction/model_inputs/2018_03/0000135.npz (0.2s total | fetch=0.0s project=0.0s smooth=0.0s | cache hits=15 misses=0)
[10/110] PIREP at (39.69, -105.55) FL36000 2018-03-09 21:16:00 (cache: 84 images)
  SAVED /cluster/tufts/capstone25skyblue/scleme01/SatelliteTurbulencePrediction/model_inputs/2018_03/0000625.npz (15888.7s total | fetch=15858.0s project=2.0s smooth=21.4s | cache hits=0 misses=15)
[11/110] PIREP at (32.99, -109.50) FL39000 2018-03-09 21:17:00 (cache: 99 images)
  SAVED /cluster/tufts/capstone25skyblue/scleme01/SatelliteTurbulencePrediction/model_inputs/2018_03/0000416.npz (0.2s total | fetch=0.0s project=0.0s smooth=0.0s | cache hits=15 misses=0)
[12/110] PIREP at (61.50, -0.67) FL34000 2018-03-09 23:05:00 (cache: 99 images)
