Resetting environment
Deactivating conda environment (if any)
Purging all modules
Done! Environment has been torn down
Loading cuda and miniforge...
Activating conda environment...
Redirecting into the satellite repo...
Done! Environment has now been set up
Processing 2022/03 chunk [220:330]
Fetching satellite data for PIREPs in /cluster/tufts/capstone25skyblue/scleme01/SatelliteTurbulencePrediction/pireps/2022/03_turb_pireps.csv
Processing chunk [220:330] (110 PIREPs) from /cluster/tufts/capstone25skyblue/scleme01/SatelliteTurbulencePrediction/pireps/2022/03_turb_pireps.csv
[1/110] PIREP at (29.18, -87.94) FL34000 2022-03-11 20:35:00 (cache: 0 images)
  SAVED /cluster/tufts/capstone25skyblue/scleme01/SatelliteTurbulencePrediction/model_inputs/2022_03/0000088.npz (11796.6s total | fetch=11771.5s project=2.2s smooth=15.9s | cache hits=0 misses=15)
[2/110] PIREP at (28.38, -137.62) FL36000 2022-03-11 21:11:00 (cache: 15 images)
  SAVED /cluster/tufts/capstone25skyblue/scleme01/SatelliteTurbulencePrediction/model_inputs/2022_03/0000553.npz (5122.2s total | fetch=5110.7s project=1.0s smooth=7.4s | cache hits=8 misses=7)
[3/110] PIREP at (40.67, -89.68) FL38000 2022-03-11 21:44:00 (cache: 22 images)
  SAVED /cluster/tufts/capstone25skyblue/scleme01/SatelliteTurbulencePrediction/model_inputs/2022_03/0000776.npz (4999.8s total | fetch=4989.9s project=0.9s smooth=6.2s | cache hits=9 misses=6)
[4/110] PIREP at (42.23, -90.07) FL32000 2022-03-11 22:16:00 (cache: 28 images)
  SAVED /cluster/tufts/capstone25skyblue/scleme01/SatelliteTurbulencePrediction/model_inputs/2022_03/0000491.npz (4742.8s total | fetch=4730.7s project=1.1s smooth=7.7s | cache hits=8 misses=7)
[5/110] PIREP at (42.29, -89.04) FL28000 2022-03-11 22:30:00 (cache: 35 images)
  SAVED /cluster/tufts/capstone25skyblue/scleme01/SatelliteTurbulencePrediction/model_inputs/2022_03/0000431.npz (2104.3s total | fetch=2099.1s project=0.4s smooth=3.3s | cache hits=12 misses=3)
[6/110] PIREP at (43.14, -89.57) FL32000 2022-03-11 22:43:00 (cache: 38 images)
  SAVED /cluster/tufts/capstone25skyblue/scleme01/SatelliteTurbulencePrediction/model_inputs/2022_03/0000548.npz (1532.4s total | fetch=1528.8s project=0.3s smooth=2.2s | cache hits=13 misses=2)
[7/110] PIREP at (42.93, -120.40) FL9500 2022-03-11 23:34:00 (cache: 40 images)
  SAVED /cluster/tufts/capstone25skyblue/scleme01/SatelliteTurbulencePrediction/model_inputs/2022_03/0000799.npz (5230.1s total | fetch=5213.7s project=1.4s smooth=10.6s | cache hits=5 misses=10)
[8/110] PIREP at (35.70, -101.39) FL29000 2022-03-12 01:57:00 (cache: 50 images)
  SAVED /cluster/tufts/capstone25skyblue/scleme01/SatelliteTurbulencePrediction/model_inputs/2022_03/0000477.npz (156.1s total | fetch=132.3s project=2.2s smooth=16.0s | cache hits=0 misses=15)
[9/110] PIREP at (41.53, -85.97) FL15500 2022-03-12 02:42:00 (cache: 65 images)
  SAVED /cluster/tufts/capstone25skyblue/scleme01/SatelliteTurbulencePrediction/model_inputs/2022_03/0000843.npz (51.5s total | fetch=36.9s project=1.3s smooth=9.8s | cache hits=6 misses=9)
[10/110] PIREP at (34.50, -85.84) FL24000 2022-03-12 03:40:00 (cache: 74 images)
  SAVED /cluster/tufts/capstone25skyblue/scleme01/SatelliteTurbulencePrediction/model_inputs/2022_03/0000089.npz (126.8s total | fetch=107.5s project=1.8s smooth=13.0s | cache hits=3 misses=12)
[11/110] PIREP at (34.42, -82.78) FL29000 2022-03-12 07:58:00 (cache: 86 images)
  SAVED /cluster/tufts/capstone25skyblue/scleme01/SatelliteTurbulencePrediction/model_inputs/2022_03/0000090.npz (113.8s total | fetch=90.2s project=2.2s smooth=15.9s | cache hits=0 misses=15)
[12/110] PIREP at (44.52, -109.02) FL38000 2022-03-12 09:10:00 (cache: 101 images)
  SAVED /cluster/tufts/capstone25skyblue/scleme01/SatelliteTurbulencePrediction/model_inputs/2022_03/0000091.npz (158.1s total | fetch=134.4s project=2.2s smooth=16.1s | cache hits=0 misses=15)
[13/110] PIREP at (40.98, -85.19) FL27000 2022-03-12 11:01:00 (cache: 116 images)
  SAVED /cluster/tufts/capstone25skyblue/scleme01/SatelliteTurbulencePrediction/model_inputs/2022_03/0000443.npz (160.5s total | fetch=137.2s project=2.1s smooth=15.8s | cache hits=0 misses=15)
[14/110] PIREP at (44.32, -94.85) FL28000 2022-03-12 11:55:00 (cache: 131 images)
  SAVED /cluster/tufts/capstone25skyblue/scleme01/SatelliteTurbulencePrediction/model_inputs/2022_03/0000092.npz (109.4s total | fetch=92.1s project=1.6s smooth=11.6s | cache hits=4 misses=11)
[15/110] PIREP at (42.09, -77.36) FL28000 2022-03-12 11:55:00 (cache: 142 images)
  SAVED /cluster/tufts/capstone25skyblue/scleme01/SatelliteTurbulencePrediction/model_inputs/2022_03/0000093.npz (0.1s total | fetch=0.0s project=0.0s smooth=0.0s | cache hits=15 misses=0)
[16/110] PIREP at (33.68, -78.93) FL1500 2022-03-12 12:06:00 (cache: 142 images)
  SAVED /cluster/tufts/capstone25skyblue/scleme01/SatelliteTurbulencePrediction/model_inputs/2022_03/0000502.npz (11.1s total | fetch=7.8s project=0.3s smooth=2.1s | cache hits=13 misses=2)
[17/110] PIREP at (38.06, -75.46) FL38000 2022-03-12 12:49:00 (cache: 144 images)
  SAVED /cluster/tufts/capstone25skyblue/scleme01/SatelliteTurbulencePrediction/model_inputs/2022_03/0000094.npz (2826.6s total | fetch=2813.5s project=1.2s smooth=8.5s | cache hits=7 misses=8)
[18/110] PIREP at (40.97, -98.31) FL36000 2022-03-12 13:44:00 (cache: 152 images)
  SAVED /cluster/tufts/capstone25skyblue/scleme01/SatelliteTurbulencePrediction/model_inputs/2022_03/0000648.npz (7758.1s total | fetch=7739.8s project=1.6s smooth=11.7s | cache hits=4 misses=11)
[19/110] PIREP at (38.65, -70.55) FL33000 2022-03-12 14:00:00 (cache: 163 images)
  SAVED /cluster/tufts/capstone25skyblue/scleme01/SatelliteTurbulencePrediction/model_inputs/2022_03/0000095.npz (2729.7s total | fetch=2722.9s project=0.6s smooth=4.2s | cache hits=11 misses=4)
[20/110] PIREP at (41.17, -95.74) FL32000 2022-03-12 15:43:00 (cache: 167 images)
  SAVED /cluster/tufts/capstone25skyblue/scleme01/SatelliteTurbulencePrediction/model_inputs/2022_03/0000729.npz (10859.4s total | fetch=10834.1s project=2.2s smooth=16.2s | cache hits=0 misses=15)
[21/110] PIREP at (56.86, -135.55) FL4500 2022-03-12 16:19:00 (cache: 182 images)
  SAVED /cluster/tufts/capstone25skyblue/scleme01/SatelliteTurbulencePrediction/model_inputs/2022_03/0000637.npz (4505.5s total | fetch=4493.6s project=1.0s smooth=7.6s | cache hits=8 misses=7)
[22/110] PIREP at (28.51, -80.80) FL16000 2022-03-12 16:20:00 (cache: 189 images)
  SAVED /cluster/tufts/capstone25skyblue/scleme01/SatelliteTurbulencePrediction/model_inputs/2022_03/0000096.npz (749.2s total | fetch=747.4s project=0.1s smooth=1.1s | cache hits=14 misses=1)
[23/110] PIREP at (39.63, -94.20) FL35000 2022-03-12 17:23:00 (cache: 190 images)
  SAVED /cluster/tufts/capstone25skyblue/scleme01/SatelliteTurbulencePrediction/model_inputs/2022_03/0000839.npz (8146.6s total | fetch=8125.9s project=1.8s smooth=13.3s | cache hits=3 misses=12)
[24/110] PIREP at (43.17, -86.24) FL24000 2022-03-12 17:30:00 (cache: 202 images)
  SAVED /cluster/tufts/capstone25skyblue/scleme01/SatelliteTurbulencePrediction/model_inputs/2022_03/0000614.npz (1310.9s total | fetch=1307.3s project=0.3s smooth=2.2s | cache hits=13 misses=2)
[25/110] PIREP at (42.33, -124.42) FL8700 2022-03-12 17:35:00 (cache: 204 images)
