Resetting environment
Deactivating conda environment (if any)
Purging all modules
Done! Environment has been torn down
Loading cuda and miniforge...
Activating conda environment...
Redirecting into the satellite repo...
Done! Environment has now been set up
Processing 2017/10 chunk [330:440]
Fetching satellite data for PIREPs in /cluster/tufts/capstone25skyblue/scleme01/SatelliteTurbulencePrediction/pireps/2017/10_turb_pireps.csv
Processing chunk [330:440] (110 PIREPs) from /cluster/tufts/capstone25skyblue/scleme01/SatelliteTurbulencePrediction/pireps/2017/10_turb_pireps.csv
[1/110] PIREP at (30.91, -102.92) FL40000 2017-10-25 11:30:00 (cache: 0 images)
  SAVED /cluster/tufts/capstone25skyblue/scleme01/SatelliteTurbulencePrediction/model_inputs/2017_10/0000304.npz (153.6s total | fetch=125.6s project=2.1s smooth=19.9s | cache hits=0 misses=15)
[2/110] PIREP at (37.55, -80.27) FL24000 2017-10-25 11:34:00 (cache: 15 images)
  SAVED /cluster/tufts/capstone25skyblue/scleme01/SatelliteTurbulencePrediction/model_inputs/2017_10/0000153.npz (0.2s total | fetch=0.0s project=0.0s smooth=0.0s | cache hits=15 misses=0)
[3/110] PIREP at (32.51, -92.43) FL39000 2017-10-25 13:45:00 (cache: 15 images)
  SAVED /cluster/tufts/capstone25skyblue/scleme01/SatelliteTurbulencePrediction/model_inputs/2017_10/0000154.npz (13133.8s total | fetch=13105.2s project=2.2s smooth=20.4s | cache hits=0 misses=15)
[4/110] PIREP at (51.10, -114.64) FL5500 2017-10-25 14:05:00 (cache: 30 images)
  SAVED /cluster/tufts/capstone25skyblue/scleme01/SatelliteTurbulencePrediction/model_inputs/2017_10/0000155.npz (4198.8s total | fetch=4191.1s project=0.6s smooth=5.5s | cache hits=11 misses=4)
[5/110] PIREP at (43.64, -93.95) FL36000 2017-10-25 15:20:00 (cache: 34 images)
  SAVED /cluster/tufts/capstone25skyblue/scleme01/SatelliteTurbulencePrediction/model_inputs/2017_10/0000253.npz (17564.6s total | fetch=17536.6s project=2.1s smooth=19.8s | cache hits=0 misses=15)
[6/110] PIREP at (36.26, -79.94) FL16000 2017-10-25 16:06:00 (cache: 49 images)
  SAVED /cluster/tufts/capstone25skyblue/scleme01/SatelliteTurbulencePrediction/model_inputs/2017_10/0000449.npz (10371.2s total | fetch=10353.8s project=1.3s smooth=12.3s | cache hits=6 misses=9)
[7/110] PIREP at (42.42, -117.86) FL10500 2017-10-25 16:56:00 (cache: 58 images)
  SAVED /cluster/tufts/capstone25skyblue/scleme01/SatelliteTurbulencePrediction/model_inputs/2017_10/0000289.npz (11985.3s total | fetch=11966.3s project=1.4s smooth=13.4s | cache hits=5 misses=10)
[8/110] PIREP at (51.11, -114.02) FL14000 2017-10-25 18:56:00 (cache: 68 images)
  SAVED /cluster/tufts/capstone25skyblue/scleme01/SatelliteTurbulencePrediction/model_inputs/2017_10/0000156.npz (17843.4s total | fetch=17815.3s project=2.1s smooth=20.0s | cache hits=0 misses=15)
[9/110] PIREP at (41.74, -72.24) FL11000 2017-10-25 20:08:00 (cache: 83 images)
  SAVED /cluster/tufts/capstone25skyblue/scleme01/SatelliteTurbulencePrediction/model_inputs/2017_10/0000157.npz (14308.0s total | fetch=14281.1s project=2.1s smooth=19.1s | cache hits=1 misses=14)
[10/110] PIREP at (41.70, -72.27) FL11000 2017-10-25 20:08:00 (cache: 97 images)
  SAVED /cluster/tufts/capstone25skyblue/scleme01/SatelliteTurbulencePrediction/model_inputs/2017_10/0000158.npz (0.2s total | fetch=0.0s project=0.0s smooth=0.0s | cache hits=15 misses=0)
[11/110] PIREP at (42.54, -72.01) FL14000 2017-10-25 20:24:00 (cache: 97 images)
