Resetting environment
Deactivating conda environment (if any)
Purging all modules
Done! Environment has been torn down
Loading cuda and miniforge...
Activating conda environment...
Redirecting into the satellite repo...
Done! Environment has now been set up
Processing 2018/11 chunk [220:330]
Fetching satellite data for PIREPs in /cluster/tufts/capstone25skyblue/scleme01/SatelliteTurbulencePrediction/pireps/2018/11_turb_pireps.csv
Processing chunk [220:330] (110 PIREPs) from /cluster/tufts/capstone25skyblue/scleme01/SatelliteTurbulencePrediction/pireps/2018/11_turb_pireps.csv
[1/110] PIREP at (38.64, -76.80) FL40000 2018-11-09 16:48:00 (cache: 0 images)
  SAVED /cluster/tufts/capstone25skyblue/scleme01/SatelliteTurbulencePrediction/model_inputs/2018_11/0000517.npz (14384.8s total | fetch=14354.4s project=2.0s smooth=21.1s | cache hits=0 misses=15)
[2/110] PIREP at (29.32, -82.30) FL7000 2018-11-09 17:22:00 (cache: 15 images)
  SAVED /cluster/tufts/capstone25skyblue/scleme01/SatelliteTurbulencePrediction/model_inputs/2018_11/0000500.npz (7833.7s total | fetch=7819.5s project=0.9s smooth=9.8s | cache hits=8 misses=7)
[3/110] PIREP at (34.71, -84.60) FL38000 2018-11-09 18:39:00 (cache: 22 images)
  SAVED /cluster/tufts/capstone25skyblue/scleme01/SatelliteTurbulencePrediction/model_inputs/2018_11/0000379.npz (18387.6s total | fetch=18357.3s project=2.0s smooth=21.1s | cache hits=0 misses=15)
[4/110] PIREP at (25.64, -80.43) FL11500 2018-11-09 20:32:00 (cache: 37 images)
  SAVED /cluster/tufts/capstone25skyblue/scleme01/SatelliteTurbulencePrediction/model_inputs/2018_11/0000321.npz (17268.2s total | fetch=17237.8s project=2.0s smooth=21.0s | cache hits=0 misses=15)
[5/110] PIREP at (39.17, -76.66) FL10000 2018-11-09 20:41:00 (cache: 52 images)
  SAVED /cluster/tufts/capstone25skyblue/scleme01/SatelliteTurbulencePrediction/model_inputs/2018_11/0000117.npz (2134.0s total | fetch=2129.8s project=0.3s smooth=2.8s | cache hits=13 misses=2)
[6/110] PIREP at (35.51, -108.79) FL36000 2018-11-09 20:51:00 (cache: 54 images)
  SAVED /cluster/tufts/capstone25skyblue/scleme01/SatelliteTurbulencePrediction/model_inputs/2018_11/0000390.npz (2204.0s total | fetch=2199.8s project=0.3s smooth=2.8s | cache hits=13 misses=2)
[7/110] PIREP at (38.77, -75.19) FL33000 2018-11-09 22:30:00 (cache: 56 images)
  SAVED /cluster/tufts/capstone25skyblue/scleme01/SatelliteTurbulencePrediction/model_inputs/2018_11/0000118.npz (15316.5s total | fetch=15286.3s project=2.0s smooth=21.1s | cache hits=0 misses=15)
[8/110] PIREP at (48.38, -66.00) FL39000 2018-11-09 22:35:00 (cache: 71 images)
  SAVED /cluster/tufts/capstone25skyblue/scleme01/SatelliteTurbulencePrediction/model_inputs/2018_11/0000119.npz (739.0s total | fetch=736.9s project=0.1s smooth=1.4s | cache hits=14 misses=1)
[9/110] PIREP at (38.93, -74.80) FL35000 2018-11-09 23:06:00 (cache: 72 images)
  SAVED /cluster/tufts/capstone25skyblue/scleme01/SatelliteTurbulencePrediction/model_inputs/2018_11/0000120.npz (112.2s total | fetch=99.9s project=0.8s smooth=8.5s | cache hits=9 misses=6)
[10/110] PIREP at (47.69, -122.34) FL3000 2018-11-09 23:28:00 (cache: 78 images)
  SAVED /cluster/tufts/capstone25skyblue/scleme01/SatelliteTurbulencePrediction/model_inputs/2018_11/0000351.npz (37.6s total | fetch=29.4s project=0.5s smooth=5.7s | cache hits=11 misses=4)
[11/110] PIREP at (39.94, -74.23) FL6000 2018-11-09 23:44:00 (cache: 82 images)
  SAVED /cluster/tufts/capstone25skyblue/scleme01/SatelliteTurbulencePrediction/model_inputs/2018_11/0000121.npz (48.6s total | fetch=42.4s project=0.4s smooth=4.2s | cache hits=12 misses=3)
[12/110] PIREP at (34.35, -118.40) FL7500 2018-11-10 00:16:00 (cache: 85 images)
  SAVED /cluster/tufts/capstone25skyblue/scleme01/SatelliteTurbulencePrediction/model_inputs/2018_11/0000544.npz (112.0s total | fetch=97.8s project=0.9s smooth=9.8s | cache hits=8 misses=7)
[13/110] PIREP at (37.66, -77.12) FL35000 2018-11-10 00:35:00 (cache: 92 images)
  SAVED /cluster/tufts/capstone25skyblue/scleme01/SatelliteTurbulencePrediction/model_inputs/2018_11/0000122.npz (57.7s total | fetch=49.5s project=0.5s smooth=5.6s | cache hits=11 misses=4)
[14/110] PIREP at (32.13, -80.41) FL37000 2018-11-10 01:00:00 (cache: 96 images)
  SAVED /cluster/tufts/capstone25skyblue/scleme01/SatelliteTurbulencePrediction/model_inputs/2018_11/0000393.npz (66.1s total | fetch=55.9s project=0.7s smooth=7.0s | cache hits=10 misses=5)
[15/110] PIREP at (60.49, -145.47) FL5000 2018-11-10 01:01:00 (cache: 101 images)
  SAVED /cluster/tufts/capstone25skyblue/scleme01/SatelliteTurbulencePrediction/model_inputs/2018_11/0000334.npz (0.1s total | fetch=0.0s project=0.0s smooth=0.0s | cache hits=15 misses=0)
[16/110] PIREP at (45.00, -52.67) FL35000 2018-11-10 01:05:00 (cache: 101 images)
  SAVED /cluster/tufts/capstone25skyblue/scleme01/SatelliteTurbulencePrediction/model_inputs/2018_11/0000123.npz (16.8s total | fetch=14.6s project=0.1s smooth=1.4s | cache hits=14 misses=1)
[17/110] PIREP at (44.67, -54.33) FL37000 2018-11-10 01:22:00 (cache: 102 images)
  SAVED /cluster/tufts/capstone25skyblue/scleme01/SatelliteTurbulencePrediction/model_inputs/2018_11/0000124.npz (37.7s total | fetch=31.6s project=0.4s smooth=4.2s | cache hits=12 misses=3)
[18/110] PIREP at (42.11, -71.30) FL4000 2018-11-10 02:00:00 (cache: 105 images)
  SAVED /cluster/tufts/capstone25skyblue/scleme01/SatelliteTurbulencePrediction/model_inputs/2018_11/0000125.npz (123.2s total | fetch=107.0s project=1.1s smooth=11.2s | cache hits=7 misses=8)
[19/110] PIREP at (44.17, -52.40) FL33000 2018-11-10 03:25:00 (cache: 113 images)
  SAVED /cluster/tufts/capstone25skyblue/scleme01/SatelliteTurbulencePrediction/model_inputs/2018_11/0000126.npz (235.2s total | fetch=204.9s project=2.0s smooth=21.1s | cache hits=0 misses=15)
[20/110] PIREP at (35.84, -101.02) FL31000 2018-11-10 04:53:00 (cache: 128 images)
  SAVED /cluster/tufts/capstone25skyblue/scleme01/SatelliteTurbulencePrediction/model_inputs/2018_11/0000127.npz (217.8s total | fetch=187.4s project=2.0s smooth=21.2s | cache hits=0 misses=15)
[21/110] PIREP at (44.60, -44.62) FL33000 2018-11-10 06:25:00 (cache: 143 images)
  SAVED /cluster/tufts/capstone25skyblue/scleme01/SatelliteTurbulencePrediction/model_inputs/2018_11/0000128.npz (163.7s total | fetch=133.5s project=2.0s smooth=21.0s | cache hits=0 misses=15)
[22/110] PIREP at (40.46, -73.10) FL9000 2018-11-10 07:32:00 (cache: 158 images)
  SAVED /cluster/tufts/capstone25skyblue/scleme01/SatelliteTurbulencePrediction/model_inputs/2018_11/0000129.npz (124.3s total | fetch=98.1s project=1.7s smooth=18.2s | cache hits=2 misses=13)
[23/110] PIREP at (41.07, -87.85) FL34000 2018-11-10 12:23:00 (cache: 171 images)
  SAVED /cluster/tufts/capstone25skyblue/scleme01/SatelliteTurbulencePrediction/model_inputs/2018_11/0000450.npz (216.1s total | fetch=185.7s project=2.0s smooth=21.2s | cache hits=0 misses=15)
[24/110] PIREP at (51.17, -52.33) FL38000 2018-11-10 13:50:00 (cache: 186 images)
