Resetting environment
Deactivating conda environment (if any)
Purging all modules
Done! Environment has been torn down
Loading cuda and miniforge...
Activating conda environment...
Redirecting into the satellite repo...
Done! Environment has now been set up
Processing 2017/04 chunk [0:110]
Fetching satellite data for PIREPs in /cluster/tufts/capstone25skyblue/scleme01/SatelliteTurbulencePrediction/pireps/2017/04_turb_pireps.csv
Processing chunk [0:110] (110 PIREPs) from /cluster/tufts/capstone25skyblue/scleme01/SatelliteTurbulencePrediction/pireps/2017/04_turb_pireps.csv
[1/110] PIREP at (43.34, -73.61) FL34000 2017-04-01 00:32:00 (cache: 0 images)
  SAVED /cluster/tufts/capstone25skyblue/scleme01/SatelliteTurbulencePrediction/model_inputs/2017_04/0000321.npz (12738.0s total | fetch=12710.1s project=2.1s smooth=19.9s | cache hits=0 misses=15)
[2/110] SKIPPING /cluster/tufts/capstone25skyblue/scleme01/SatelliteTurbulencePrediction/model_inputs/2017_04/0000000.npz (already exists)
[3/110] SKIPPING /cluster/tufts/capstone25skyblue/scleme01/SatelliteTurbulencePrediction/model_inputs/2017_04/0000001.npz (already exists)
[4/110] SKIPPING /cluster/tufts/capstone25skyblue/scleme01/SatelliteTurbulencePrediction/model_inputs/2017_04/0000002.npz (already exists)
[5/110] SKIPPING /cluster/tufts/capstone25skyblue/scleme01/SatelliteTurbulencePrediction/model_inputs/2017_04/0000003.npz (already exists)
[6/110] SKIPPING /cluster/tufts/capstone25skyblue/scleme01/SatelliteTurbulencePrediction/model_inputs/2017_04/0000004.npz (already exists)
[7/110] PIREP at (41.10, -92.44) FL38000 2017-04-01 13:15:00 (cache: 15 images)
  SAVED /cluster/tufts/capstone25skyblue/scleme01/SatelliteTurbulencePrediction/model_inputs/2017_04/0000398.npz (14066.0s total | fetch=14037.9s project=2.1s smooth=20.1s | cache hits=0 misses=15)
[8/110] SKIPPING /cluster/tufts/capstone25skyblue/scleme01/SatelliteTurbulencePrediction/model_inputs/2017_04/0000005.npz (already exists)
[9/110] SKIPPING /cluster/tufts/capstone25skyblue/scleme01/SatelliteTurbulencePrediction/model_inputs/2017_04/0000006.npz (already exists)
[10/110] PIREP at (34.88, -110.62) FL34000 2017-04-01 16:39:00 (cache: 30 images)
  SAVED /cluster/tufts/capstone25skyblue/scleme01/SatelliteTurbulencePrediction/model_inputs/2017_04/0000438.npz (18160.4s total | fetch=18132.4s project=2.1s smooth=20.0s | cache hits=0 misses=15)
[11/110] PIREP at (33.07, -96.07) FL36000 2017-04-01 17:17:00 (cache: 45 images)
  SAVED /cluster/tufts/capstone25skyblue/scleme01/SatelliteTurbulencePrediction/model_inputs/2017_04/0000271.npz (9247.5s total | fetch=9232.5s project=1.1s smooth=10.7s | cache hits=7 misses=8)
[12/110] PIREP at (39.27, -103.70) FL21000 2017-04-01 17:25:00 (cache: 53 images)
  SAVED /cluster/tufts/capstone25skyblue/scleme01/SatelliteTurbulencePrediction/model_inputs/2017_04/0000481.npz (2625.5s total | fetch=2621.6s project=0.3s smooth=2.7s | cache hits=13 misses=2)
[13/110] PIREP at (36.12, -90.93) FL15000 2017-04-01 18:57:00 (cache: 55 images)
  SAVED /cluster/tufts/capstone25skyblue/scleme01/SatelliteTurbulencePrediction/model_inputs/2017_04/0000479.npz (17390.1s total | fetch=17362.0s project=2.1s smooth=20.0s | cache hits=0 misses=15)
[14/110] PIREP at (34.44, -116.71) FL9500 2017-04-01 23:01:00 (cache: 70 images)
  SAVED /cluster/tufts/capstone25skyblue/scleme01/SatelliteTurbulencePrediction/model_inputs/2017_04/0000245.npz (14464.7s total | fetch=14436.7s project=2.1s smooth=20.1s | cache hits=0 misses=15)
[15/110] PIREP at (39.41, -94.06) FL40000 2017-04-01 23:55:00 (cache: 85 images)
