Resetting environment
Deactivating conda environment (if any)
Purging all modules
Done! Environment has been torn down
Loading cuda and miniforge...
Activating conda environment...
Redirecting into the satellite repo...
Done! Environment has now been set up
Processing 2023/02 chunk [110:220]
Fetching satellite data for PIREPs in /cluster/tufts/capstone25skyblue/scleme01/SatelliteTurbulencePrediction/pireps/2023/02_turb_pireps.csv
Processing chunk [110:220] (110 PIREPs) from /cluster/tufts/capstone25skyblue/scleme01/SatelliteTurbulencePrediction/pireps/2023/02_turb_pireps.csv
[1/110] PIREP at (40.47, -105.36) FL22000 2023-02-06 15:51:00 (cache: 0 images)
  SAVED /cluster/tufts/capstone25skyblue/scleme01/SatelliteTurbulencePrediction/model_inputs/2023_02/0000052.npz (11385.3s total | fetch=11360.3s project=2.2s smooth=15.9s | cache hits=0 misses=15)
[2/110] PIREP at (37.25, -79.99) FL5500 2023-02-06 16:05:00 (cache: 15 images)
  SAVED /cluster/tufts/capstone25skyblue/scleme01/SatelliteTurbulencePrediction/model_inputs/2023_02/0000053.npz (2554.7s total | fetch=2549.6s project=0.4s smooth=3.1s | cache hits=12 misses=3)
[3/110] PIREP at (42.47, -86.11) FL37000 2023-02-06 16:08:00 (cache: 18 images)
  SAVED /cluster/tufts/capstone25skyblue/scleme01/SatelliteTurbulencePrediction/model_inputs/2023_02/0000702.npz (0.1s total | fetch=0.0s project=0.0s smooth=0.0s | cache hits=15 misses=0)
[4/110] PIREP at (45.12, -95.13) FL6000 2023-02-06 16:45:00 (cache: 18 images)
  SAVED /cluster/tufts/capstone25skyblue/scleme01/SatelliteTurbulencePrediction/model_inputs/2023_02/0000529.npz (5967.2s total | fetch=5953.8s project=1.1s smooth=8.4s | cache hits=7 misses=8)
[5/110] PIREP at (36.10, -80.67) FL37000 2023-02-06 17:53:00 (cache: 26 images)
  SAVED /cluster/tufts/capstone25skyblue/scleme01/SatelliteTurbulencePrediction/model_inputs/2023_02/0000665.npz (9856.3s total | fetch=9834.6s project=1.9s smooth=13.8s | cache hits=2 misses=13)
[6/110] PIREP at (32.71, -111.49) FL5500 2023-02-06 17:56:00 (cache: 39 images)
  SAVED /cluster/tufts/capstone25skyblue/scleme01/SatelliteTurbulencePrediction/model_inputs/2023_02/0000590.npz (793.2s total | fetch=791.4s project=0.1s smooth=1.1s | cache hits=14 misses=1)
[7/110] PIREP at (39.75, -81.59) FL22000 2023-02-06 18:03:00 (cache: 40 images)
  SAVED /cluster/tufts/capstone25skyblue/scleme01/SatelliteTurbulencePrediction/model_inputs/2023_02/0000431.npz (742.2s total | fetch=740.3s project=0.1s smooth=1.1s | cache hits=14 misses=1)
[8/110] PIREP at (58.35, -134.57) FL12400 2023-02-06 19:25:00 (cache: 41 images)
  SAVED /cluster/tufts/capstone25skyblue/scleme01/SatelliteTurbulencePrediction/model_inputs/2023_02/0000415.npz (10897.0s total | fetch=10872.0s project=2.2s smooth=15.9s | cache hits=0 misses=15)
[9/110] PIREP at (61.21, -149.84) FL900 2023-02-06 19:55:00 (cache: 56 images)
  SAVED /cluster/tufts/capstone25skyblue/scleme01/SatelliteTurbulencePrediction/model_inputs/2023_02/0000698.npz (4525.6s total | fetch=4515.2s project=0.9s smooth=6.6s | cache hits=9 misses=6)
[10/110] PIREP at (39.90, -82.21) FL35000 2023-02-06 21:02:00 (cache: 62 images)
  SAVED /cluster/tufts/capstone25skyblue/scleme01/SatelliteTurbulencePrediction/model_inputs/2023_02/0000572.npz (8286.6s total | fetch=8264.2s project=1.9s smooth=14.4s | cache hits=2 misses=13)
[11/110] PIREP at (43.17, -95.21) FL11000 2023-02-06 21:22:00 (cache: 75 images)
  SAVED /cluster/tufts/capstone25skyblue/scleme01/SatelliteTurbulencePrediction/model_inputs/2023_02/0000716.npz (2638.6s total | fetch=2631.6s project=0.6s smooth=4.4s | cache hits=11 misses=4)
[12/110] PIREP at (44.54, -117.39) FL6500 2023-02-06 22:17:00 (cache: 79 images)
