Resetting environment
Deactivating conda environment (if any)
Purging all modules
Done! Environment has been torn down
Loading cuda and miniforge...
Activating conda environment...
Redirecting into the satellite repo...
Done! Environment has now been set up
Processing 2019/01 chunk [300:450]
Fetching satellite data for PIREPs in /cluster/tufts/capstone25skyblue/scleme01/SatelliteTurbulencePrediction/pireps/2019/01_turb_pireps.csv
Processing chunk [300:450] (150 PIREPs) from /cluster/tufts/capstone25skyblue/scleme01/SatelliteTurbulencePrediction/pireps/2019/01_turb_pireps.csv
[1/150] PIREP at (38.04, -83.55) FL36000 2019-01-11 17:02:00 (cache: 0 images)
  SAVED /cluster/tufts/capstone25skyblue/scleme01/SatelliteTurbulencePrediction/model_inputs/2019_01/0000530.npz (6601.1s total | fetch=6576.0s project=1.6s smooth=17.5s | cache hits=0 misses=15)
[2/150] PIREP at (32.69, -83.65) FL35000 2019-01-11 17:32:00 (cache: 15 images)
  SAVED /cluster/tufts/capstone25skyblue/scleme01/SatelliteTurbulencePrediction/model_inputs/2019_01/0000622.npz (2663.8s total | fetch=2653.6s project=0.7s smooth=7.1s | cache hits=9 misses=6)
[3/150] PIREP at (63.56, -148.67) FL36000 2019-01-11 18:30:00 (cache: 21 images)
  SAVED /cluster/tufts/capstone25skyblue/scleme01/SatelliteTurbulencePrediction/model_inputs/2019_01/0000739.npz (5159.1s total | fetch=5139.3s project=1.3s smooth=13.8s | cache hits=3 misses=12)
[4/150] PIREP at (48.57, -40.00) FL39000 2019-01-11 19:05:00 (cache: 33 images)
  SAVED /cluster/tufts/capstone25skyblue/scleme01/SatelliteTurbulencePrediction/model_inputs/2019_01/0000149.npz (3521.8s total | fetch=3510.0s project=0.8s smooth=8.2s | cache hits=8 misses=7)
[5/150] PIREP at (40.00, -135.58) FL37000 2019-01-11 19:42:00 (cache: 40 images)
  SAVED /cluster/tufts/capstone25skyblue/scleme01/SatelliteTurbulencePrediction/model_inputs/2019_01/0000150.npz (3565.7s total | fetch=3553.9s project=0.8s smooth=8.2s | cache hits=8 misses=7)
[6/150] PIREP at (41.87, -103.22) FL41000 2019-01-11 20:13:00 (cache: 47 images)
  SAVED /cluster/tufts/capstone25skyblue/scleme01/SatelliteTurbulencePrediction/model_inputs/2019_01/0000581.npz (3136.0s total | fetch=3126.0s project=0.7s smooth=7.0s | cache hits=9 misses=6)
[7/150] PIREP at (25.64, -80.43) FL11500 2019-01-11 20:54:00 (cache: 53 images)
  SAVED /cluster/tufts/capstone25skyblue/scleme01/SatelliteTurbulencePrediction/model_inputs/2019_01/0000588.npz (4383.2s total | fetch=4369.8s project=0.9s smooth=9.3s | cache hits=7 misses=8)
[8/150] PIREP at (26.51, -77.08) FL8500 2019-01-11 21:49:00 (cache: 61 images)
  SAVED /cluster/tufts/capstone25skyblue/scleme01/SatelliteTurbulencePrediction/model_inputs/2019_01/0000640.npz (6318.3s total | fetch=6300.1s project=1.2s smooth=12.6s | cache hits=4 misses=11)
[9/150] PIREP at (36.35, -108.68) FL41000 2019-01-11 22:07:00 (cache: 72 images)
  SAVED /cluster/tufts/capstone25skyblue/scleme01/SatelliteTurbulencePrediction/model_inputs/2019_01/0000638.npz (2228.0s total | fetch=2221.3s project=0.4s smooth=4.6s | cache hits=11 misses=4)
[10/150] PIREP at (44.89, -100.40) FL36000 2019-01-11 22:16:00 (cache: 76 images)
  SAVED /cluster/tufts/capstone25skyblue/scleme01/SatelliteTurbulencePrediction/model_inputs/2019_01/0000659.npz (1139.1s total | fetch=1135.7s project=0.2s smooth=2.3s | cache hits=13 misses=2)
[11/150] PIREP at (41.38, -72.51) FL2200 2019-01-11 22:40:00 (cache: 78 images)
  SAVED /cluster/tufts/capstone25skyblue/scleme01/SatelliteTurbulencePrediction/model_inputs/2019_01/0000151.npz (2985.9s total | fetch=2977.5s project=0.5s smooth=5.8s | cache hits=10 misses=5)
[12/150] PIREP at (36.66, -121.88) FL3000 2019-01-11 23:10:00 (cache: 83 images)
  SAVED /cluster/tufts/capstone25skyblue/scleme01/SatelliteTurbulencePrediction/model_inputs/2019_01/0000152.npz (76.7s total | fetch=66.9s project=0.6s smooth=6.8s | cache hits=9 misses=6)
[13/150] PIREP at (68.03, -162.89) FL6000 2019-01-11 23:45:00 (cache: 89 images)
  SAVED /cluster/tufts/capstone25skyblue/scleme01/SatelliteTurbulencePrediction/model_inputs/2019_01/0000645.npz (65.4s total | fetch=53.9s project=0.7s smooth=8.0s | cache hits=8 misses=7)
[14/150] PIREP at (38.69, -90.97) FL36000 2019-01-12 00:02:00 (cache: 96 images)
  SAVED /cluster/tufts/capstone25skyblue/scleme01/SatelliteTurbulencePrediction/model_inputs/2019_01/0000522.npz (15.7s total | fetch=10.7s project=0.3s smooth=3.4s | cache hits=12 misses=3)
[15/150] PIREP at (40.96, -72.80) FL3500 2019-01-12 01:05:00 (cache: 99 images)
  SAVED /cluster/tufts/capstone25skyblue/scleme01/SatelliteTurbulencePrediction/model_inputs/2019_01/0000153.npz (128.8s total | fetch=108.0s project=1.4s smooth=14.5s | cache hits=2 misses=13)
[16/150] PIREP at (45.47, -100.29) FL40000 2019-01-12 01:55:00 (cache: 112 images)
  SAVED /cluster/tufts/capstone25skyblue/scleme01/SatelliteTurbulencePrediction/model_inputs/2019_01/0000442.npz (92.4s total | fetch=76.3s project=1.0s smooth=11.2s | cache hits=5 misses=10)
[17/150] PIREP at (41.53, -93.65) FL31000 2019-01-12 02:15:00 (cache: 122 images)
  SAVED /cluster/tufts/capstone25skyblue/scleme01/SatelliteTurbulencePrediction/model_inputs/2019_01/0000382.npz (50.7s total | fetch=44.1s project=0.4s smooth=4.5s | cache hits=11 misses=4)
[18/150] PIREP at (45.01, -84.70) FL5500 2019-01-12 02:30:00 (cache: 126 images)
  SAVED /cluster/tufts/capstone25skyblue/scleme01/SatelliteTurbulencePrediction/model_inputs/2019_01/0000582.npz (27.9s total | fetch=22.9s project=0.3s smooth=3.4s | cache hits=12 misses=3)
[19/150] PIREP at (41.96, -87.49) FL39000 2019-01-12 02:52:00 (cache: 129 images)
  SAVED /cluster/tufts/capstone25skyblue/scleme01/SatelliteTurbulencePrediction/model_inputs/2019_01/0000612.npz (42.6s total | fetch=36.0s project=0.4s smooth=4.5s | cache hits=11 misses=4)
[20/150] PIREP at (37.57, -119.81) FL31000 2019-01-12 03:30:00 (cache: 133 images)
  SAVED /cluster/tufts/capstone25skyblue/scleme01/SatelliteTurbulencePrediction/model_inputs/2019_01/0000602.npz (92.4s total | fetch=79.4s project=0.8s smooth=9.0s | cache hits=7 misses=8)
[21/150] PIREP at (49.00, -41.00) FL39000 2019-01-12 03:47:00 (cache: 141 images)
  SAVED /cluster/tufts/capstone25skyblue/scleme01/SatelliteTurbulencePrediction/model_inputs/2019_01/0000154.npz (16.0s total | fetch=11.0s project=0.3s smooth=3.4s | cache hits=12 misses=3)
[22/150] PIREP at (39.89, -86.11) FL40000 2019-01-12 13:11:00 (cache: 144 images)
  SAVED /cluster/tufts/capstone25skyblue/scleme01/SatelliteTurbulencePrediction/model_inputs/2019_01/0000730.npz (176.7s total | fetch=152.5s project=1.6s smooth=16.9s | cache hits=0 misses=15)
[23/150] PIREP at (44.36, -84.67) FL34000 2019-01-12 14:00:00 (cache: 159 images)
  SAVED /cluster/tufts/capstone25skyblue/scleme01/SatelliteTurbulencePrediction/model_inputs/2019_01/0000648.npz (5962.3s total | fetch=5945.9s project=1.1s smooth=11.4s | cache hits=5 misses=10)
[24/150] PIREP at (46.84, -92.19) FL34000 2019-01-12 14:41:00 (cache: 169 images)
  SAVED /cluster/tufts/capstone25skyblue/scleme01/SatelliteTurbulencePrediction/model_inputs/2019_01/0000412.npz (5807.4s total | fetch=5794.3s project=0.9s smooth=9.1s | cache hits=7 misses=8)
[25/150] PIREP at (34.85, -116.79) FL31000 2019-01-12 16:03:00 (cache: 177 images)
