Resetting environment
Deactivating conda environment (if any)
Purging all modules
Done! Environment has been torn down
Loading cuda and miniforge...
Activating conda environment...
Redirecting into the satellite repo...
Done! Environment has now been set up
Processing 2018/06 chunk [330:440]
Fetching satellite data for PIREPs in /cluster/tufts/capstone25skyblue/scleme01/SatelliteTurbulencePrediction/pireps/2018/06_turb_pireps.csv
Processing chunk [330:440] (40 PIREPs) from /cluster/tufts/capstone25skyblue/scleme01/SatelliteTurbulencePrediction/pireps/2018/06_turb_pireps.csv
[1/40] PIREP at (40.73, -75.45) FL12000 2018-06-28 02:10:00 (cache: 0 images)
  SAVED /cluster/tufts/capstone25skyblue/scleme01/SatelliteTurbulencePrediction/model_inputs/2018_06/0000159.npz (2213.5s total | fetch=2182.8s project=2.1s smooth=21.4s | cache hits=0 misses=15)
[2/40] PIREP at (31.75, -106.45) FL7500 2018-06-28 02:45:00 (cache: 15 images)
  SAVED /cluster/tufts/capstone25skyblue/scleme01/SatelliteTurbulencePrediction/model_inputs/2018_06/0000160.npz (87.0s total | fetch=72.5s project=1.0s smooth=10.0s | cache hits=8 misses=7)
[3/40] PIREP at (45.12, 166.25) FL31000 2018-06-28 14:22:00 (cache: 22 images)
  SAVED /cluster/tufts/capstone25skyblue/scleme01/SatelliteTurbulencePrediction/model_inputs/2018_06/0000161.npz (14769.5s total | fetch=14738.5s project=2.1s smooth=21.6s | cache hits=0 misses=15)
[4/40] PIREP at (38.60, -75.34) FL2500 2018-06-28 16:48:00 (cache: 37 images)
  SAVED /cluster/tufts/capstone25skyblue/scleme01/SatelliteTurbulencePrediction/model_inputs/2018_06/0000368.npz (17919.4s total | fetch=17888.5s project=2.1s smooth=21.5s | cache hits=0 misses=15)
[5/40] PIREP at (42.78, -91.54) FL35000 2018-06-28 16:50:00 (cache: 52 images)
  SAVED /cluster/tufts/capstone25skyblue/scleme01/SatelliteTurbulencePrediction/model_inputs/2018_06/0000355.npz (1230.5s total | fetch=1228.3s project=0.1s smooth=1.4s | cache hits=14 misses=1)
[6/40] PIREP at (39.70, -104.86) FL8500 2018-06-28 17:40:00 (cache: 53 images)
  SAVED /cluster/tufts/capstone25skyblue/scleme01/SatelliteTurbulencePrediction/model_inputs/2018_06/0000162.npz (12071.4s total | fetch=12051.2s project=1.3s smooth=14.0s | cache hits=5 misses=10)
[7/40] PIREP at (40.51, -103.22) FL11000 2018-06-28 23:09:00 (cache: 63 images)
  SAVED /cluster/tufts/capstone25skyblue/scleme01/SatelliteTurbulencePrediction/model_inputs/2018_06/0000163.npz (17289.6s total | fetch=17259.4s project=2.0s smooth=21.0s | cache hits=0 misses=15)
[8/40] PIREP at (40.33, -90.45) FL13000 2018-06-28 23:15:00 (cache: 78 images)
  SAVED /cluster/tufts/capstone25skyblue/scleme01/SatelliteTurbulencePrediction/model_inputs/2018_06/0000164.npz (2089.3s total | fetch=2085.2s project=0.3s smooth=2.8s | cache hits=13 misses=2)
[9/40] PIREP at (39.83, -88.87) FL47000 2018-06-29 00:04:00 (cache: 80 images)
  SAVED /cluster/tufts/capstone25skyblue/scleme01/SatelliteTurbulencePrediction/model_inputs/2018_06/0000165.npz (9613.1s total | fetch=9594.7s project=1.2s smooth=12.8s | cache hits=6 misses=9)
[10/40] PIREP at (39.39, -105.15) FL14000 2018-06-29 01:04:00 (cache: 89 images)
  SAVED /cluster/tufts/capstone25skyblue/scleme01/SatelliteTurbulencePrediction/model_inputs/2018_06/0000166.npz (10574.0s total | fetch=10549.1s project=1.7s smooth=17.3s | cache hits=3 misses=12)
[11/40] PIREP at (40.62, -111.87) FL8000 2018-06-29 01:16:00 (cache: 101 images)
  SAVED /cluster/tufts/capstone25skyblue/scleme01/SatelliteTurbulencePrediction/model_inputs/2018_06/0000167.npz (2370.8s total | fetch=2364.4s project=0.4s smooth=4.3s | cache hits=12 misses=3)
[12/40] PIREP at (50.72, -33.90) FL36000 2018-06-29 01:56:00 (cache: 104 images)
  SAVED /cluster/tufts/capstone25skyblue/scleme01/SatelliteTurbulencePrediction/model_inputs/2018_06/0000185.npz (259.3s total | fetch=242.9s project=1.1s smooth=11.5s | cache hits=7 misses=8)
[13/40] PIREP at (36.54, -92.59) FL4000 2018-06-29 04:54:00 (cache: 112 images)
