Resetting environment
Deactivating conda environment (if any)
Purging all modules
Done! Environment has been torn down
Loading cuda and miniforge...
Activating conda environment...
Redirecting into the satellite repo...
Done! Environment has now been set up
Processing 2018/11 chunk [150:300]
Fetching satellite data for PIREPs in /cluster/tufts/capstone25skyblue/scleme01/SatelliteTurbulencePrediction/pireps/2018/11_turb_pireps.csv
Processing chunk [150:300] (150 PIREPs) from /cluster/tufts/capstone25skyblue/scleme01/SatelliteTurbulencePrediction/pireps/2018/11_turb_pireps.csv
[1/150] PIREP at (42.18, -74.96) FL18000 2018-11-05 15:36:00 (cache: 0 images)
  SAVED /cluster/tufts/capstone25skyblue/scleme01/SatelliteTurbulencePrediction/model_inputs/2018_11/0000293.npz (5274.8s total | fetch=5248.5s project=2.2s smooth=17.1s | cache hits=0 misses=15)
[2/150] PIREP at (39.81, -87.02) FL33000 2018-11-05 16:31:00 (cache: 15 images)
  SAVED /cluster/tufts/capstone25skyblue/scleme01/SatelliteTurbulencePrediction/model_inputs/2018_11/0000435.npz (4652.6s total | fetch=4633.2s project=1.7s smooth=12.6s | cache hits=4 misses=11)
[3/150] PIREP at (33.83, -79.01) FL34000 2018-11-05 17:10:00 (cache: 26 images)
  SAVED /cluster/tufts/capstone25skyblue/scleme01/SatelliteTurbulencePrediction/model_inputs/2018_11/0000423.npz (3431.1s total | fetch=3416.9s project=1.2s smooth=9.2s | cache hits=7 misses=8)
[4/150] PIREP at (40.98, -85.19) FL36000 2018-11-05 18:37:00 (cache: 34 images)
  SAVED /cluster/tufts/capstone25skyblue/scleme01/SatelliteTurbulencePrediction/model_inputs/2018_11/0000302.npz (6301.1s total | fetch=6274.7s project=2.3s smooth=17.3s | cache hits=0 misses=15)
[5/150] PIREP at (31.33, -92.56) FL30000 2018-11-05 20:10:00 (cache: 49 images)
  SAVED /cluster/tufts/capstone25skyblue/scleme01/SatelliteTurbulencePrediction/model_inputs/2018_11/0000509.npz (7137.3s total | fetch=7110.9s project=2.2s smooth=17.2s | cache hits=0 misses=15)
[6/150] PIREP at (33.63, -84.44) FL38000 2018-11-05 20:27:00 (cache: 64 images)
  SAVED /cluster/tufts/capstone25skyblue/scleme01/SatelliteTurbulencePrediction/model_inputs/2018_11/0000335.npz (1448.5s total | fetch=1443.2s project=0.4s smooth=3.4s | cache hits=12 misses=3)
[7/150] PIREP at (40.26, -76.79) FL6000 2018-11-05 22:38:00 (cache: 67 images)
  SAVED /cluster/tufts/capstone25skyblue/scleme01/SatelliteTurbulencePrediction/model_inputs/2018_11/0000426.npz (6888.7s total | fetch=6862.5s project=2.2s smooth=17.2s | cache hits=0 misses=15)
[8/150] PIREP at (47.17, -88.49) FL100 2018-11-05 23:27:00 (cache: 82 images)
  SAVED /cluster/tufts/capstone25skyblue/scleme01/SatelliteTurbulencePrediction/model_inputs/2018_11/0000322.npz (1476.0s total | fetch=1459.0s project=1.5s smooth=11.4s | cache hits=5 misses=10)
[9/150] PIREP at (32.99, -116.08) FL10500 2018-11-05 23:28:00 (cache: 92 images)
  SAVED /cluster/tufts/capstone25skyblue/scleme01/SatelliteTurbulencePrediction/model_inputs/2018_11/0000481.npz (0.2s total | fetch=0.0s project=0.0s smooth=0.0s | cache hits=15 misses=0)
[10/150] PIREP at (37.93, -87.34) FL31000 2018-11-05 23:38:00 (cache: 92 images)
  SAVED /cluster/tufts/capstone25skyblue/scleme01/SatelliteTurbulencePrediction/model_inputs/2018_11/0000089.npz (20.3s total | fetch=16.8s project=0.3s smooth=2.3s | cache hits=13 misses=2)
[11/150] PIREP at (34.10, -119.35) FL20000 2018-11-06 00:03:00 (cache: 94 images)
  SAVED /cluster/tufts/capstone25skyblue/scleme01/SatelliteTurbulencePrediction/model_inputs/2018_11/0000433.npz (46.3s total | fetch=37.8s project=0.7s smooth=5.8s | cache hits=10 misses=5)
[12/150] PIREP at (37.44, -87.87) FL31000 2018-11-06 00:26:00 (cache: 99 images)
  SAVED /cluster/tufts/capstone25skyblue/scleme01/SatelliteTurbulencePrediction/model_inputs/2018_11/0000090.npz (48.7s total | fetch=40.3s project=0.8s smooth=5.7s | cache hits=10 misses=5)
[13/150] PIREP at (35.22, -80.95) FL36000 2018-11-06 01:47:00 (cache: 104 images)
  SAVED /cluster/tufts/capstone25skyblue/scleme01/SatelliteTurbulencePrediction/model_inputs/2018_11/0000501.npz (126.2s total | fetch=101.3s project=2.2s smooth=17.1s | cache hits=0 misses=15)
[14/150] PIREP at (31.15, -82.51) FL37000 2018-11-06 01:50:00 (cache: 119 images)
  SAVED /cluster/tufts/capstone25skyblue/scleme01/SatelliteTurbulencePrediction/model_inputs/2018_11/0000091.npz (5.9s total | fetch=4.0s project=0.2s smooth=1.1s | cache hits=14 misses=1)
[15/150] PIREP at (28.99, -81.49) FL37000 2018-11-06 01:50:00 (cache: 120 images)
  SAVED /cluster/tufts/capstone25skyblue/scleme01/SatelliteTurbulencePrediction/model_inputs/2018_11/0000092.npz (0.2s total | fetch=0.0s project=0.0s smooth=0.0s | cache hits=15 misses=0)
[16/150] PIREP at (28.78, -81.24) FL3500 2018-11-06 02:28:00 (cache: 120 images)
  SAVED /cluster/tufts/capstone25skyblue/scleme01/SatelliteTurbulencePrediction/model_inputs/2018_11/0000396.npz (48.1s total | fetch=35.9s project=1.1s smooth=8.3s | cache hits=8 misses=7)
[17/150] PIREP at (32.69, -84.32) FL27000 2018-11-06 03:02:00 (cache: 127 images)
  SAVED /cluster/tufts/capstone25skyblue/scleme01/SatelliteTurbulencePrediction/model_inputs/2018_11/0000093.npz (52.8s total | fetch=40.7s project=1.1s smooth=8.2s | cache hits=8 misses=7)
[18/150] PIREP at (37.56, -88.33) FL27000 2018-11-06 03:05:00 (cache: 134 images)
  SAVED /cluster/tufts/capstone25skyblue/scleme01/SatelliteTurbulencePrediction/model_inputs/2018_11/0000094.npz (11.3s total | fetch=9.5s project=0.2s smooth=1.2s | cache hits=14 misses=1)
[19/150] PIREP at (37.56, -88.33) FL27000 2018-11-06 03:05:00 (cache: 135 images)
  SAVED /cluster/tufts/capstone25skyblue/scleme01/SatelliteTurbulencePrediction/model_inputs/2018_11/0000095.npz (0.1s total | fetch=0.0s project=0.0s smooth=0.0s | cache hits=15 misses=0)
[20/150] PIREP at (32.88, -95.47) FL7000 2018-11-06 03:10:00 (cache: 135 images)
  SAVED /cluster/tufts/capstone25skyblue/scleme01/SatelliteTurbulencePrediction/model_inputs/2018_11/0000096.npz (10.9s total | fetch=9.1s project=0.2s smooth=1.2s | cache hits=14 misses=1)
[21/150] PIREP at (38.89, -79.85) FL26000 2018-11-06 13:05:00 (cache: 136 images)
  SAVED /cluster/tufts/capstone25skyblue/scleme01/SatelliteTurbulencePrediction/model_inputs/2018_11/0000097.npz (3328.6s total | fetch=3302.8s project=2.2s smooth=17.3s | cache hits=0 misses=15)
[22/150] PIREP at (37.69, -85.92) FL4500 2018-11-06 14:17:00 (cache: 151 images)
  SAVED /cluster/tufts/capstone25skyblue/scleme01/SatelliteTurbulencePrediction/model_inputs/2018_11/0000452.npz (6814.6s total | fetch=6790.1s project=2.1s smooth=15.9s | cache hits=1 misses=14)
[23/150] PIREP at (31.61, -87.24) FL4000 2018-11-06 14:46:00 (cache: 165 images)
  SAVED /cluster/tufts/capstone25skyblue/scleme01/SatelliteTurbulencePrediction/model_inputs/2018_11/0000099.npz (3520.5s total | fetch=3509.8s project=0.9s smooth=6.9s | cache hits=9 misses=6)
[24/150] PIREP at (32.46, -86.29) FL4000 2018-11-06 14:46:00 (cache: 171 images)
  SAVED /cluster/tufts/capstone25skyblue/scleme01/SatelliteTurbulencePrediction/model_inputs/2018_11/0000098.npz (0.2s total | fetch=0.0s project=0.0s smooth=0.0s | cache hits=15 misses=0)
[25/150] PIREP at (43.19, -73.20) FL6000 2018-11-06 15:18:00 (cache: 171 images)
  SAVED /cluster/tufts/capstone25skyblue/scleme01/SatelliteTurbulencePrediction/model_inputs/2018_11/0000358.npz (3717.8s total | fetch=3707.2s project=0.9s smooth=6.8s | cache hits=9 misses=6)
[26/150] PIREP at (38.80, -76.07) FL1000 2018-11-06 17:35:00 (cache: 177 images)
  SAVED /cluster/tufts/capstone25skyblue/scleme01/SatelliteTurbulencePrediction/model_inputs/2018_11/0000100.npz (10020.4s total | fetch=9994.2s project=2.2s smooth=17.0s | cache hits=0 misses=15)
[27/150] PIREP at (30.56, -84.37) FL39000 2018-11-06 18:43:00 (cache: 192 images)
