Resetting environment
Deactivating conda environment (if any)
Purging all modules
Done! Environment has been torn down
Loading cuda and miniforge...
Activating conda environment...
Redirecting into the satellite repo...
Done! Environment has now been set up
Processing 2018/04 chunk [0:110]
Fetching satellite data for PIREPs in /cluster/tufts/capstone25skyblue/scleme01/SatelliteTurbulencePrediction/pireps/2018/04_turb_pireps.csv
Processing chunk [0:110] (110 PIREPs) from /cluster/tufts/capstone25skyblue/scleme01/SatelliteTurbulencePrediction/pireps/2018/04_turb_pireps.csv
[1/110] PIREP at (45.83, -123.08) FL39000 2018-04-01 01:01:00 (cache: 0 images)
  SAVED /cluster/tufts/capstone25skyblue/scleme01/SatelliteTurbulencePrediction/model_inputs/2018_04/0000524.npz (4291.8s total | fetch=4254.1s project=3.3s smooth=25.5s | cache hits=0 misses=15)
[2/110] PIREP at (34.54, -119.84) FL7000 2018-04-01 02:38:00 (cache: 15 images)
  SAVED /cluster/tufts/capstone25skyblue/scleme01/SatelliteTurbulencePrediction/model_inputs/2018_04/0000325.npz (196.0s total | fetch=166.0s project=2.0s smooth=21.1s | cache hits=0 misses=15)
[3/110] PIREP at (37.34, -118.18) FL38000 2018-04-01 02:57:00 (cache: 30 images)
  SAVED /cluster/tufts/capstone25skyblue/scleme01/SatelliteTurbulencePrediction/model_inputs/2018_04/0000506.npz (72.3s total | fetch=64.2s project=0.5s smooth=5.6s | cache hits=11 misses=4)
[4/110] PIREP at (36.93, -105.95) FL32000 2018-04-01 04:05:00 (cache: 34 images)
  SAVED /cluster/tufts/capstone25skyblue/scleme01/SatelliteTurbulencePrediction/model_inputs/2018_04/0000514.npz (230.1s total | fetch=202.0s project=1.8s smooth=19.7s | cache hits=1 misses=14)
[5/110] SKIPPING /cluster/tufts/capstone25skyblue/scleme01/SatelliteTurbulencePrediction/model_inputs/2018_04/0000000.npz (already exists)
[6/110] PIREP at (38.57, -118.03) FL37000 2018-04-01 14:08:00 (cache: 48 images)
  SAVED /cluster/tufts/capstone25skyblue/scleme01/SatelliteTurbulencePrediction/model_inputs/2018_04/0000385.npz (14445.9s total | fetch=14406.5s project=3.6s smooth=26.5s | cache hits=0 misses=15)
[7/110] PIREP at (35.22, -80.24) FL38000 2018-04-01 14:11:00 (cache: 63 images)
  SAVED /cluster/tufts/capstone25skyblue/scleme01/SatelliteTurbulencePrediction/model_inputs/2018_04/0000393.npz (1121.8s total | fetch=1118.8s project=0.3s smooth=1.9s | cache hits=14 misses=1)
[8/110] SKIPPING /cluster/tufts/capstone25skyblue/scleme01/SatelliteTurbulencePrediction/model_inputs/2018_04/0000001.npz (already exists)
[9/110] SKIPPING /cluster/tufts/capstone25skyblue/scleme01/SatelliteTurbulencePrediction/model_inputs/2018_04/0000002.npz (already exists)
[10/110] SKIPPING /cluster/tufts/capstone25skyblue/scleme01/SatelliteTurbulencePrediction/model_inputs/2018_04/0000003.npz (already exists)
[11/110] PIREP at (24.57, -76.37) FL36000 2018-04-01 20:24:00 (cache: 64 images)
  SAVED /cluster/tufts/capstone25skyblue/scleme01/SatelliteTurbulencePrediction/model_inputs/2018_04/0000498.npz (17140.1s total | fetch=17103.7s project=3.1s smooth=24.7s | cache hits=0 misses=15)
[12/110] PIREP at (60.57, -151.24) FL2400 2018-04-01 20:49:00 (cache: 79 images)
  SAVED /cluster/tufts/capstone25skyblue/scleme01/SatelliteTurbulencePrediction/model_inputs/2018_04/0000520.npz (5560.5s total | fetch=5548.7s project=1.0s smooth=8.1s | cache hits=10 misses=5)
[13/110] PIREP at (32.56, -82.99) FL33000 2018-04-01 22:03:00 (cache: 84 images)
  SAVED /cluster/tufts/capstone25skyblue/scleme01/SatelliteTurbulencePrediction/model_inputs/2018_04/0000419.npz (16922.0s total | fetch=16880.8s project=3.9s smooth=27.5s | cache hits=0 misses=15)
[14/110] PIREP at (42.42, -96.60) FL5400 2018-04-01 22:03:00 (cache: 99 images)
  SAVED /cluster/tufts/capstone25skyblue/scleme01/SatelliteTurbulencePrediction/model_inputs/2018_04/0000472.npz (0.2s total | fetch=0.0s project=0.0s smooth=0.0s | cache hits=15 misses=0)
[15/110] PIREP at (45.30, -122.78) FL1100 2018-04-02 00:48:00 (cache: 99 images)
  SAVED /cluster/tufts/capstone25skyblue/scleme01/SatelliteTurbulencePrediction/model_inputs/2018_04/0000446.npz (7970.7s total | fetch=7936.1s project=2.7s smooth=23.7s | cache hits=0 misses=15)
[16/110] PIREP at (34.39, -80.95) FL35000 2018-04-02 01:08:00 (cache: 114 images)
  SAVED /cluster/tufts/capstone25skyblue/scleme01/SatelliteTurbulencePrediction/model_inputs/2018_04/0000570.npz (70.2s total | fetch=61.9s project=0.5s smooth=5.7s | cache hits=11 misses=4)
[17/110] PIREP at (61.77, -149.97) FL3500 2018-04-02 02:40:00 (cache: 118 images)
  SAVED /cluster/tufts/capstone25skyblue/scleme01/SatelliteTurbulencePrediction/model_inputs/2018_04/0000410.npz (189.5s total | fetch=159.3s project=1.9s smooth=21.3s | cache hits=0 misses=15)
[18/110] PIREP at (33.74, -77.12) FL41000 2018-04-02 03:34:00 (cache: 133 images)
  SAVED /cluster/tufts/capstone25skyblue/scleme01/SatelliteTurbulencePrediction/model_inputs/2018_04/0000432.npz (97.2s total | fetch=77.1s project=1.3s smooth=14.0s | cache hits=5 misses=10)
[19/110] SKIPPING /cluster/tufts/capstone25skyblue/scleme01/SatelliteTurbulencePrediction/model_inputs/2018_04/0000004.npz (already exists)
[20/110] PIREP at (33.98, -98.49) FL26000 2018-04-02 11:50:00 (cache: 143 images)
  SAVED /cluster/tufts/capstone25skyblue/scleme01/SatelliteTurbulencePrediction/model_inputs/2018_04/0000479.npz (204.0s total | fetch=174.0s project=1.9s smooth=21.1s | cache hits=0 misses=15)
[21/110] SKIPPING /cluster/tufts/capstone25skyblue/scleme01/SatelliteTurbulencePrediction/model_inputs/2018_04/0000005.npz (already exists)
[22/110] SKIPPING /cluster/tufts/capstone25skyblue/scleme01/SatelliteTurbulencePrediction/model_inputs/2018_04/0000006.npz (already exists)
[23/110] PIREP at (27.26, -80.85) FL11500 2018-04-02 16:13:00 (cache: 158 images)
  SAVED /cluster/tufts/capstone25skyblue/scleme01/SatelliteTurbulencePrediction/model_inputs/2018_04/0000449.npz (14855.1s total | fetch=14816.3s project=3.4s smooth=26.1s | cache hits=0 misses=15)
[24/110] SKIPPING /cluster/tufts/capstone25skyblue/scleme01/SatelliteTurbulencePrediction/model_inputs/2018_04/0000007.npz (already exists)
[25/110] SKIPPING /cluster/tufts/capstone25skyblue/scleme01/SatelliteTurbulencePrediction/model_inputs/2018_04/0000008.npz (already exists)
[26/110] SKIPPING /cluster/tufts/capstone25skyblue/scleme01/SatelliteTurbulencePrediction/model_inputs/2018_04/0000009.npz (already exists)
[27/110] PIREP at (40.98, -85.19) FL32000 2018-04-02 18:00:00 (cache: 173 images)
