Resetting environment
Deactivating conda environment (if any)
Purging all modules
Done! Environment has been torn down
Loading cuda and miniforge...
Activating conda environment...
Redirecting into the satellite repo...
Done! Environment has now been set up
Processing 2019/11 chunk [220:330]
Fetching satellite data for PIREPs in /cluster/tufts/capstone25skyblue/scleme01/SatelliteTurbulencePrediction/pireps/2019/11_turb_pireps.csv
Processing chunk [220:330] (110 PIREPs) from /cluster/tufts/capstone25skyblue/scleme01/SatelliteTurbulencePrediction/pireps/2019/11_turb_pireps.csv
[1/110] PIREP at (44.65, -68.91) FL25000 2019-11-19 20:49:00 (cache: 0 images)
  SAVED /cluster/tufts/capstone25skyblue/scleme01/SatelliteTurbulencePrediction/model_inputs/2019_11/0000355.npz (14940.4s total | fetch=14910.2s project=2.0s smooth=21.0s | cache hits=0 misses=15)
[2/110] PIREP at (40.49, -85.68) FL22000 2019-11-19 20:53:00 (cache: 15 images)
  SAVED /cluster/tufts/capstone25skyblue/scleme01/SatelliteTurbulencePrediction/model_inputs/2019_11/0000416.npz (1044.9s total | fetch=1042.7s project=0.1s smooth=1.4s | cache hits=14 misses=1)
[3/110] PIREP at (39.37, -119.73) FL7000 2019-11-19 21:45:00 (cache: 16 images)
  SAVED /cluster/tufts/capstone25skyblue/scleme01/SatelliteTurbulencePrediction/model_inputs/2019_11/0000479.npz (11868.1s total | fetch=11845.9s project=1.5s smooth=15.4s | cache hits=4 misses=11)
[4/110] PIREP at (61.14, -150.15) FL1400 2019-11-19 23:21:00 (cache: 27 images)
  SAVED /cluster/tufts/capstone25skyblue/scleme01/SatelliteTurbulencePrediction/model_inputs/2019_11/0000087.npz (9659.5s total | fetch=9629.4s project=2.0s smooth=21.0s | cache hits=0 misses=15)
[5/110] PIREP at (61.01, -150.39) FL2000 2019-11-19 23:49:00 (cache: 42 images)
  SAVED /cluster/tufts/capstone25skyblue/scleme01/SatelliteTurbulencePrediction/model_inputs/2019_11/0000088.npz (64.8s total | fetch=54.7s project=0.7s smooth=7.0s | cache hits=10 misses=5)
[6/110] PIREP at (36.53, -107.91) FL11000 2019-11-20 00:52:00 (cache: 47 images)
  SAVED /cluster/tufts/capstone25skyblue/scleme01/SatelliteTurbulencePrediction/model_inputs/2019_11/0000493.npz (186.8s total | fetch=160.8s project=1.7s smooth=18.1s | cache hits=2 misses=13)
[7/110] PIREP at (33.80, -87.70) FL34000 2019-11-20 01:49:00 (cache: 60 images)
  SAVED /cluster/tufts/capstone25skyblue/scleme01/SatelliteTurbulencePrediction/model_inputs/2019_11/0000386.npz (173.9s total | fetch=151.7s project=1.5s smooth=15.4s | cache hits=4 misses=11)
[8/110] PIREP at (40.24, -85.40) FL18500 2019-11-20 01:57:00 (cache: 71 images)
  SAVED /cluster/tufts/capstone25skyblue/scleme01/SatelliteTurbulencePrediction/model_inputs/2019_11/0000457.npz (29.3s total | fetch=25.1s project=0.3s smooth=2.8s | cache hits=13 misses=2)
[9/110] PIREP at (60.11, -144.67) FL35000 2019-11-20 03:39:00 (cache: 73 images)
  SAVED /cluster/tufts/capstone25skyblue/scleme01/SatelliteTurbulencePrediction/model_inputs/2019_11/0000409.npz (218.2s total | fetch=188.2s project=2.0s smooth=21.0s | cache hits=0 misses=15)
[10/110] PIREP at (33.52, -115.20) FL31000 2019-11-20 04:18:00 (cache: 88 images)
  SAVED /cluster/tufts/capstone25skyblue/scleme01/SatelliteTurbulencePrediction/model_inputs/2019_11/0000090.npz (73.3s total | fetch=57.2s project=1.1s smooth=11.2s | cache hits=7 misses=8)
[11/110] PIREP at (33.52, -115.20) FL31000 2019-11-20 04:18:00 (cache: 96 images)
  SAVED /cluster/tufts/capstone25skyblue/scleme01/SatelliteTurbulencePrediction/model_inputs/2019_11/0000089.npz (0.2s total | fetch=0.0s project=0.0s smooth=0.0s | cache hits=15 misses=0)
[12/110] PIREP at (58.35, -134.57) FL10000 2019-11-20 09:10:00 (cache: 96 images)
  SAVED /cluster/tufts/capstone25skyblue/scleme01/SatelliteTurbulencePrediction/model_inputs/2019_11/0000404.npz (271.6s total | fetch=241.6s project=2.0s smooth=21.0s | cache hits=0 misses=15)
[13/110] PIREP at (34.48, -86.79) FL5500 2019-11-20 11:42:00 (cache: 111 images)
  SAVED /cluster/tufts/capstone25skyblue/scleme01/SatelliteTurbulencePrediction/model_inputs/2019_11/0000471.npz (293.1s total | fetch=263.0s project=2.0s smooth=21.0s | cache hits=0 misses=15)
[14/110] PIREP at (44.14, -99.55) FL37000 2019-11-20 13:18:00 (cache: 126 images)
  SAVED /cluster/tufts/capstone25skyblue/scleme01/SatelliteTurbulencePrediction/model_inputs/2019_11/0000435.npz (11446.7s total | fetch=11416.5s project=2.0s smooth=21.0s | cache hits=0 misses=15)
[15/110] PIREP at (48.70, -54.57) FL10000 2019-11-20 14:08:00 (cache: 141 images)
  SAVED /cluster/tufts/capstone25skyblue/scleme01/SatelliteTurbulencePrediction/model_inputs/2019_11/0000091.npz (11068.4s total | fetch=11048.3s project=1.3s smooth=14.0s | cache hits=5 misses=10)
[16/110] PIREP at (42.39, -95.70) FL38000 2019-11-20 14:13:00 (cache: 151 images)
  SAVED /cluster/tufts/capstone25skyblue/scleme01/SatelliteTurbulencePrediction/model_inputs/2019_11/0000345.npz (1216.6s total | fetch=1214.4s project=0.1s smooth=1.4s | cache hits=14 misses=1)
[17/110] PIREP at (47.56, -111.38) FL5800 2019-11-20 14:20:00 (cache: 152 images)
  SAVED /cluster/tufts/capstone25skyblue/scleme01/SatelliteTurbulencePrediction/model_inputs/2019_11/0000403.npz (2115.8s total | fetch=2111.6s project=0.3s smooth=2.8s | cache hits=13 misses=2)
[18/110] PIREP at (33.42, -112.69) FL30000 2019-11-20 14:58:00 (cache: 154 images)
  SAVED /cluster/tufts/capstone25skyblue/scleme01/SatelliteTurbulencePrediction/model_inputs/2019_11/0000343.npz (7315.5s total | fetch=7301.3s project=0.9s smooth=9.8s | cache hits=8 misses=7)
[19/110] PIREP at (37.15, -111.73) FL41000 2019-11-20 15:14:00 (cache: 161 images)
  SAVED /cluster/tufts/capstone25skyblue/scleme01/SatelliteTurbulencePrediction/model_inputs/2019_11/0000258.npz (2954.6s total | fetch=2948.4s project=0.4s smooth=4.2s | cache hits=12 misses=3)
[20/110] PIREP at (40.27, -97.30) FL30000 2019-11-20 15:16:00 (cache: 164 images)
  SAVED /cluster/tufts/capstone25skyblue/scleme01/SatelliteTurbulencePrediction/model_inputs/2019_11/0000323.npz (1068.0s total | fetch=1065.8s project=0.1s smooth=1.4s | cache hits=14 misses=1)
[21/110] PIREP at (38.11, -122.28) FL2000 2019-11-20 15:38:00 (cache: 165 images)
  SAVED /cluster/tufts/capstone25skyblue/scleme01/SatelliteTurbulencePrediction/model_inputs/2019_11/0000092.npz (4173.1s total | fetch=4164.9s project=0.5s smooth=5.6s | cache hits=11 misses=4)
[22/110] PIREP at (58.35, -134.57) FL2000 2019-11-20 17:05:00 (cache: 169 images)
