Resetting environment
Deactivating conda environment (if any)
Purging all modules
Done! Environment has been torn down
Loading cuda and miniforge...
Activating conda environment...
Redirecting into the satellite repo...
Done! Environment has now been set up
Processing 2019/01 chunk [330:440]
Fetching satellite data for PIREPs in /cluster/tufts/capstone25skyblue/scleme01/SatelliteTurbulencePrediction/pireps/2019/01_turb_pireps.csv
Processing chunk [330:440] (110 PIREPs) from /cluster/tufts/capstone25skyblue/scleme01/SatelliteTurbulencePrediction/pireps/2019/01_turb_pireps.csv
[1/110] PIREP at (34.64, -101.58) FL39000 2019-01-12 22:38:00 (cache: 0 images)
  SAVED /cluster/tufts/capstone25skyblue/scleme01/SatelliteTurbulencePrediction/model_inputs/2019_01/0000599.npz (12334.7s total | fetch=12303.9s project=2.1s smooth=21.5s | cache hits=0 misses=15)
[2/110] PIREP at (42.82, -82.35) FL34000 2019-01-12 23:34:00 (cache: 15 images)
  SAVED /cluster/tufts/capstone25skyblue/scleme01/SatelliteTurbulencePrediction/model_inputs/2019_01/0000662.npz (282.7s total | fetch=259.9s project=1.6s smooth=15.9s | cache hits=4 misses=11)
[3/110] PIREP at (58.00, -40.00) FL37000 2019-01-13 11:03:00 (cache: 26 images)
  SAVED /cluster/tufts/capstone25skyblue/scleme01/SatelliteTurbulencePrediction/model_inputs/2019_01/0000156.npz (216.9s total | fetch=186.1s project=2.1s smooth=21.6s | cache hits=0 misses=15)
[4/110] PIREP at (41.07, -79.22) FL34000 2019-01-13 12:57:00 (cache: 41 images)
  SAVED /cluster/tufts/capstone25skyblue/scleme01/SatelliteTurbulencePrediction/model_inputs/2019_01/0000745.npz (142.9s total | fetch=112.0s project=2.1s smooth=21.6s | cache hits=0 misses=15)
[5/110] PIREP at (38.05, -82.82) FL36000 2019-01-13 14:37:00 (cache: 56 images)
  SAVED /cluster/tufts/capstone25skyblue/scleme01/SatelliteTurbulencePrediction/model_inputs/2019_01/0000477.npz (14516.9s total | fetch=14485.9s project=2.1s smooth=21.6s | cache hits=0 misses=15)
[6/110] PIREP at (37.01, -119.22) FL25000 2019-01-13 18:05:00 (cache: 71 images)
  SAVED /cluster/tufts/capstone25skyblue/scleme01/SatelliteTurbulencePrediction/model_inputs/2019_01/0000444.npz (17041.4s total | fetch=17010.8s project=2.1s smooth=21.3s | cache hits=0 misses=15)
[7/110] PIREP at (61.18, -162.09) FL34000 2019-01-13 20:28:00 (cache: 86 images)
  SAVED /cluster/tufts/capstone25skyblue/scleme01/SatelliteTurbulencePrediction/model_inputs/2019_01/0000683.npz (17048.4s total | fetch=17018.3s project=2.0s smooth=21.0s | cache hits=0 misses=15)
[8/110] PIREP at (33.43, -87.76) FL35000 2019-01-13 23:08:00 (cache: 101 images)
  SAVED /cluster/tufts/capstone25skyblue/scleme01/SatelliteTurbulencePrediction/model_inputs/2019_01/0000507.npz (6682.7s total | fetch=6652.5s project=2.0s smooth=21.0s | cache hits=0 misses=15)
[9/110] PIREP at (55.85, -154.01) FL30000 2019-01-14 11:56:00 (cache: 116 images)
  SAVED /cluster/tufts/capstone25skyblue/scleme01/SatelliteTurbulencePrediction/model_inputs/2019_01/0000157.npz (208.5s total | fetch=177.8s project=2.0s smooth=21.5s | cache hits=0 misses=15)
[10/110] PIREP at (26.50, -80.48) FL2600 2019-01-14 13:38:00 (cache: 131 images)
  SAVED /cluster/tufts/capstone25skyblue/scleme01/SatelliteTurbulencePrediction/model_inputs/2019_01/0000718.npz (377.6s total | fetch=347.0s project=2.0s smooth=21.3s | cache hits=0 misses=15)
[11/110] PIREP at (34.52, -109.48) FL38000 2019-01-14 14:47:00 (cache: 146 images)
  SAVED /cluster/tufts/capstone25skyblue/scleme01/SatelliteTurbulencePrediction/model_inputs/2019_01/0000689.npz (12746.4s total | fetch=12717.7s project=1.9s smooth=20.0s | cache hits=1 misses=14)
[12/110] PIREP at (35.39, -81.75) FL21000 2019-01-14 15:26:00 (cache: 160 images)
  SAVED /cluster/tufts/capstone25skyblue/scleme01/SatelliteTurbulencePrediction/model_inputs/2019_01/0000486.npz (7222.1s total | fetch=7205.4s project=1.1s smooth=11.5s | cache hits=7 misses=8)
[13/110] PIREP at (55.35, -131.71) FL2000 2019-01-14 16:09:00 (cache: 168 images)
