Resetting environment
Deactivating conda environment (if any)
Purging all modules
Done! Environment has been torn down
Allocating resources with slurm...
Loading cuda and miniforge...
Activating conda environment...
Redirecting into the satellite repo...
Done! Environment has now been set up
Processing 2019/05 chunk [150:300]
Fetching satellite data for PIREPs in /cluster/tufts/capstone25skyblue/scleme01/SatelliteTurbulencePrediction/pireps/2019/05_turb_pireps.csv
Processing chunk [150:300] (150 PIREPs) from /cluster/tufts/capstone25skyblue/scleme01/SatelliteTurbulencePrediction/pireps/2019/05_turb_pireps.csv
[1/150] PIREP at (29.18, -98.06) FL19000 2019-05-09 22:11:00 (cache: 0 images)
  SAVED /cluster/tufts/capstone25skyblue/scleme01/SatelliteTurbulencePrediction/model_inputs/2019_05/0000068.npz (8092.8s total | fetch=8061.5s project=2.1s smooth=21.9s | cache hits=0 misses=15)
[2/150] PIREP at (29.18, -98.06) FL19000 2019-05-09 22:11:00 (cache: 15 images)
  SAVED /cluster/tufts/capstone25skyblue/scleme01/SatelliteTurbulencePrediction/model_inputs/2019_05/0000069.npz (0.2s total | fetch=0.0s project=0.0s smooth=0.0s | cache hits=15 misses=0)
[3/150] PIREP at (29.18, -98.06) FL19000 2019-05-09 22:11:00 (cache: 15 images)
  SAVED /cluster/tufts/capstone25skyblue/scleme01/SatelliteTurbulencePrediction/model_inputs/2019_05/0000070.npz (0.2s total | fetch=0.0s project=0.0s smooth=0.0s | cache hits=15 misses=0)
[4/150] PIREP at (39.52, -99.47) FL36000 2019-05-09 23:48:00 (cache: 15 images)
  SAVED /cluster/tufts/capstone25skyblue/scleme01/SatelliteTurbulencePrediction/model_inputs/2019_05/0000546.npz (7896.4s total | fetch=7865.0s project=2.2s smooth=21.9s | cache hits=0 misses=15)
[5/150] PIREP at (31.70, -94.85) FL11000 2019-05-10 01:39:00 (cache: 30 images)
  SAVED /cluster/tufts/capstone25skyblue/scleme01/SatelliteTurbulencePrediction/model_inputs/2019_05/0000072.npz (2455.6s total | fetch=2424.4s project=2.1s smooth=21.8s | cache hits=0 misses=15)
[6/150] PIREP at (31.70, -94.85) FL11000 2019-05-10 01:39:00 (cache: 45 images)
  SAVED /cluster/tufts/capstone25skyblue/scleme01/SatelliteTurbulencePrediction/model_inputs/2019_05/0000073.npz (0.2s total | fetch=0.0s project=0.0s smooth=0.0s | cache hits=15 misses=0)
[7/150] PIREP at (31.58, -94.71) FL11000 2019-05-10 01:41:00 (cache: 45 images)
  SAVED /cluster/tufts/capstone25skyblue/scleme01/SatelliteTurbulencePrediction/model_inputs/2019_05/0000074.npz (11.5s total | fetch=9.3s project=0.1s smooth=1.4s | cache hits=14 misses=1)
[8/150] PIREP at (31.58, -94.71) FL11000 2019-05-10 01:41:00 (cache: 46 images)
  SAVED /cluster/tufts/capstone25skyblue/scleme01/SatelliteTurbulencePrediction/model_inputs/2019_05/0000075.npz (0.2s total | fetch=0.0s project=0.0s smooth=0.0s | cache hits=15 misses=0)
[9/150] PIREP at (60.90, -149.62) FL3000 2019-05-10 02:10:00 (cache: 46 images)
  SAVED /cluster/tufts/capstone25skyblue/scleme01/SatelliteTurbulencePrediction/model_inputs/2019_05/0000076.npz (72.7s total | fetch=60.3s project=0.8s smooth=8.6s | cache hits=9 misses=6)
[10/150] PIREP at (60.90, -149.62) FL3000 2019-05-10 02:10:00 (cache: 52 images)
  SAVED /cluster/tufts/capstone25skyblue/scleme01/SatelliteTurbulencePrediction/model_inputs/2019_05/0000077.npz (0.1s total | fetch=0.0s project=0.0s smooth=0.0s | cache hits=15 misses=0)
[11/150] PIREP at (34.93, -98.76) FL39000 2019-05-10 02:39:00 (cache: 52 images)
  SAVED /cluster/tufts/capstone25skyblue/scleme01/SatelliteTurbulencePrediction/model_inputs/2019_05/0000533.npz (52.3s total | fetch=41.8s project=0.7s smooth=7.3s | cache hits=10 misses=5)
[12/150] PIREP at (26.29, -98.11) FL7000 2019-05-10 09:45:00 (cache: 57 images)
  SAVED /cluster/tufts/capstone25skyblue/scleme01/SatelliteTurbulencePrediction/model_inputs/2019_05/0000078.npz (147.2s total | fetch=116.1s project=2.1s smooth=21.8s | cache hits=0 misses=15)
[13/150] PIREP at (37.14, -81.10) FL36000 2019-05-10 11:21:00 (cache: 72 images)
  SAVED /cluster/tufts/capstone25skyblue/scleme01/SatelliteTurbulencePrediction/model_inputs/2019_05/0000476.npz (2046.5s total | fetch=2015.6s project=2.1s smooth=21.6s | cache hits=0 misses=15)
[14/150] PIREP at (40.69, -86.06) FL41000 2019-05-10 11:59:00 (cache: 87 images)
  SAVED /cluster/tufts/capstone25skyblue/scleme01/SatelliteTurbulencePrediction/model_inputs/2019_05/0000536.npz (3880.2s total | fetch=3865.7s project=0.9s smooth=10.1s | cache hits=8 misses=7)
[15/150] PIREP at (43.28, -90.74) FL37000 2019-05-10 12:35:00 (cache: 94 images)
  SAVED /cluster/tufts/capstone25skyblue/scleme01/SatelliteTurbulencePrediction/model_inputs/2019_05/0000446.npz (5103.5s total | fetch=5087.2s project=1.1s smooth=11.3s | cache hits=7 misses=8)
[16/150] PIREP at (43.30, -83.75) FL43000 2019-05-10 17:20:00 (cache: 102 images)
  SAVED /cluster/tufts/capstone25skyblue/scleme01/SatelliteTurbulencePrediction/model_inputs/2019_05/0000079.npz (11217.6s total | fetch=11187.1s project=2.0s smooth=21.3s | cache hits=0 misses=15)
[17/150] PIREP at (29.06, -80.95) FL4500 2019-05-10 19:06:00 (cache: 117 images)
  SAVED /cluster/tufts/capstone25skyblue/scleme01/SatelliteTurbulencePrediction/model_inputs/2019_05/0000584.npz (14261.0s total | fetch=14230.4s project=2.0s smooth=21.3s | cache hits=0 misses=15)
[18/150] PIREP at (43.77, -81.71) FL43000 2019-05-10 19:36:00 (cache: 132 images)
  SAVED /cluster/tufts/capstone25skyblue/scleme01/SatelliteTurbulencePrediction/model_inputs/2019_05/0000080.npz (6559.0s total | fetch=6546.7s project=0.8s smooth=8.5s | cache hits=9 misses=6)
[19/150] PIREP at (39.30, -114.85) FL12500 2019-05-10 20:29:00 (cache: 138 images)
