Resetting environment
Deactivating conda environment (if any)
Purging all modules
Done! Environment has been torn down
Loading cuda and miniforge...
Activating conda environment...
Redirecting into the satellite repo...
Done! Environment has now been set up
Processing 2023/03 chunk [110:220]
Fetching satellite data for PIREPs in /cluster/tufts/capstone25skyblue/scleme01/SatelliteTurbulencePrediction/pireps/2023/03_turb_pireps.csv
Processing chunk [110:220] (110 PIREPs) from /cluster/tufts/capstone25skyblue/scleme01/SatelliteTurbulencePrediction/pireps/2023/03_turb_pireps.csv
[1/110] PIREP at (35.79, -85.15) FL20000 2023-03-03 19:09:00 (cache: 0 images)
  SAVED /cluster/tufts/capstone25skyblue/scleme01/SatelliteTurbulencePrediction/model_inputs/2023_03/0000072.npz (18179.8s total | fetch=18149.5s project=2.0s smooth=21.1s | cache hits=0 misses=15)
[2/110] PIREP at (41.43, -87.87) FL17000 2023-03-03 19:19:00 (cache: 15 images)
  SAVED /cluster/tufts/capstone25skyblue/scleme01/SatelliteTurbulencePrediction/model_inputs/2023_03/0000528.npz (2384.9s total | fetch=2380.7s project=0.3s smooth=2.8s | cache hits=13 misses=2)
[3/110] PIREP at (40.53, -86.17) FL19000 2023-03-03 19:40:00 (cache: 17 images)
  SAVED /cluster/tufts/capstone25skyblue/scleme01/SatelliteTurbulencePrediction/model_inputs/2023_03/0000073.npz (6274.9s total | fetch=6264.7s project=0.7s smooth=7.0s | cache hits=10 misses=5)
[4/110] PIREP at (37.34, -79.92) FL900 2023-03-03 20:05:00 (cache: 22 images)
  SAVED /cluster/tufts/capstone25skyblue/scleme01/SatelliteTurbulencePrediction/model_inputs/2023_03/0000617.npz (4918.5s total | fetch=4908.3s project=0.7s smooth=7.0s | cache hits=10 misses=5)
[5/110] PIREP at (57.70, -153.59) FL39000 2023-03-03 20:15:00 (cache: 27 images)
