Resetting environment
Deactivating conda environment (if any)
Purging all modules
Done! Environment has been torn down
Loading cuda and miniforge...
Activating conda environment...
Redirecting into the satellite repo...
Done! Environment has now been set up
Processing 2019/01 chunk [660:770]
Fetching satellite data for PIREPs in /cluster/tufts/capstone25skyblue/scleme01/SatelliteTurbulencePrediction/pireps/2019/01_turb_pireps.csv
Processing chunk [660:770] (92 PIREPs) from /cluster/tufts/capstone25skyblue/scleme01/SatelliteTurbulencePrediction/pireps/2019/01_turb_pireps.csv
[1/92] PIREP at (34.91, -79.22) FL35000 2019-01-27 18:15:00 (cache: 0 images)
  SAVED /cluster/tufts/capstone25skyblue/scleme01/SatelliteTurbulencePrediction/model_inputs/2019_01/0000326.npz (14584.2s total | fetch=14553.4s project=2.0s smooth=21.4s | cache hits=0 misses=15)
[2/92] PIREP at (30.52, -90.42) FL24000 2019-01-27 18:23:00 (cache: 15 images)
  SAVED /cluster/tufts/capstone25skyblue/scleme01/SatelliteTurbulencePrediction/model_inputs/2019_01/0000328.npz (1075.5s total | fetch=1073.2s project=0.1s smooth=1.4s | cache hits=14 misses=1)
[3/92] PIREP at (35.81, -79.61) FL37000 2019-01-27 18:34:00 (cache: 16 images)
  SAVED /cluster/tufts/capstone25skyblue/scleme01/SatelliteTurbulencePrediction/model_inputs/2019_01/0000329.npz (2139.2s total | fetch=2135.0s project=0.3s smooth=2.8s | cache hits=13 misses=2)
[4/92] PIREP at (30.85, -90.47) FL24000 2019-01-27 18:35:00 (cache: 18 images)
  SAVED /cluster/tufts/capstone25skyblue/scleme01/SatelliteTurbulencePrediction/model_inputs/2019_01/0000330.npz (1142.8s total | fetch=1140.5s project=0.1s smooth=1.4s | cache hits=14 misses=1)
[5/92] PIREP at (37.59, -82.45) FL25000 2019-01-27 18:42:00 (cache: 19 images)
  SAVED /cluster/tufts/capstone25skyblue/scleme01/SatelliteTurbulencePrediction/model_inputs/2019_01/0000331.npz (1069.4s total | fetch=1067.1s project=0.1s smooth=1.4s | cache hits=14 misses=1)
[6/92] PIREP at (35.81, -79.61) FL37000 2019-01-27 18:46:00 (cache: 20 images)
  SAVED /cluster/tufts/capstone25skyblue/scleme01/SatelliteTurbulencePrediction/model_inputs/2019_01/0000332.npz (1443.6s total | fetch=1441.4s project=0.1s smooth=1.4s | cache hits=14 misses=1)
[7/92] PIREP at (36.44, -82.13) FL29000 2019-01-27 18:58:00 (cache: 21 images)
  SAVED /cluster/tufts/capstone25skyblue/scleme01/SatelliteTurbulencePrediction/model_inputs/2019_01/0000561.npz (2202.9s total | fetch=2198.7s project=0.3s smooth=2.9s | cache hits=13 misses=2)
[8/92] PIREP at (38.74, -79.10) FL27000 2019-01-27 19:09:00 (cache: 23 images)
  SAVED /cluster/tufts/capstone25skyblue/scleme01/SatelliteTurbulencePrediction/model_inputs/2019_01/0000333.npz (2477.5s total | fetch=2473.2s project=0.3s smooth=2.8s | cache hits=13 misses=2)
[9/92] PIREP at (27.07, -80.50) FL23000 2019-01-27 19:11:00 (cache: 25 images)
  SAVED /cluster/tufts/capstone25skyblue/scleme01/SatelliteTurbulencePrediction/model_inputs/2019_01/0000334.npz (1130.0s total | fetch=1127.7s project=0.1s smooth=1.4s | cache hits=14 misses=1)
[10/92] PIREP at (29.48, -93.64) FL41000 2019-01-27 19:13:00 (cache: 26 images)
  SAVED /cluster/tufts/capstone25skyblue/scleme01/SatelliteTurbulencePrediction/model_inputs/2019_01/0000463.npz (0.3s total | fetch=0.0s project=0.0s smooth=0.0s | cache hits=15 misses=0)
[11/92] PIREP at (44.31, -73.23) FL9000 2019-01-27 19:22:00 (cache: 26 images)
  SAVED /cluster/tufts/capstone25skyblue/scleme01/SatelliteTurbulencePrediction/model_inputs/2019_01/0000496.npz (2394.5s total | fetch=2390.2s project=0.3s smooth=2.8s | cache hits=13 misses=2)
[12/92] PIREP at (55.85, -132.49) FL32000 2019-01-27 19:28:00 (cache: 28 images)
  SAVED /cluster/tufts/capstone25skyblue/scleme01/SatelliteTurbulencePrediction/model_inputs/2019_01/0000728.npz (1192.9s total | fetch=1190.8s project=0.1s smooth=1.4s | cache hits=14 misses=1)
[13/92] PIREP at (38.97, -108.54) FL1000 2019-01-27 19:28:00 (cache: 29 images)
  SAVED /cluster/tufts/capstone25skyblue/scleme01/SatelliteTurbulencePrediction/model_inputs/2019_01/0000541.npz (0.2s total | fetch=0.0s project=0.0s smooth=0.0s | cache hits=15 misses=0)
[14/92] PIREP at (39.57, -88.86) FL35000 2019-01-27 20:41:00 (cache: 29 images)
  SAVED /cluster/tufts/capstone25skyblue/scleme01/SatelliteTurbulencePrediction/model_inputs/2019_01/0000614.npz (17577.5s total | fetch=17546.7s project=2.0s smooth=21.4s | cache hits=0 misses=15)
[15/92] PIREP at (39.23, -78.67) FL27000 2019-01-27 21:08:00 (cache: 44 images)
  SAVED /cluster/tufts/capstone25skyblue/scleme01/SatelliteTurbulencePrediction/model_inputs/2019_01/0000335.npz (5744.5s total | fetch=5733.8s project=0.7s smooth=7.3s | cache hits=10 misses=5)
[16/92] PIREP at (33.57, -87.65) FL26000 2019-01-27 21:25:00 (cache: 49 images)
  SAVED /cluster/tufts/capstone25skyblue/scleme01/SatelliteTurbulencePrediction/model_inputs/2019_01/0000336.npz (4778.3s total | fetch=4769.6s project=0.6s smooth=5.9s | cache hits=11 misses=4)
[17/92] PIREP at (39.93, -77.95) FL27000 2019-01-27 21:47:00 (cache: 53 images)
  SAVED /cluster/tufts/capstone25skyblue/scleme01/SatelliteTurbulencePrediction/model_inputs/2019_01/0000337.npz (4293.7s total | fetch=4285.4s project=0.5s smooth=5.7s | cache hits=11 misses=4)
[18/92] PIREP at (38.02, -80.40) FL24000 2019-01-27 21:54:00 (cache: 57 images)
  SAVED /cluster/tufts/capstone25skyblue/scleme01/SatelliteTurbulencePrediction/model_inputs/2019_01/0000338.npz (1142.0s total | fetch=1139.8s project=0.1s smooth=1.4s | cache hits=14 misses=1)
[19/92] PIREP at (37.16, -82.08) FL22000 2019-01-27 21:57:00 (cache: 58 images)
  SAVED /cluster/tufts/capstone25skyblue/scleme01/SatelliteTurbulencePrediction/model_inputs/2019_01/0000339.npz (1208.3s total | fetch=1206.0s project=0.1s smooth=1.5s | cache hits=14 misses=1)
[20/92] PIREP at (41.44, -76.07) FL26000 2019-01-27 22:07:00 (cache: 59 images)
  SAVED /cluster/tufts/capstone25skyblue/scleme01/SatelliteTurbulencePrediction/model_inputs/2019_01/0000340.npz (2197.7s total | fetch=2193.4s project=0.3s smooth=2.8s | cache hits=13 misses=2)
[21/92] PIREP at (34.99, -85.72) FL23000 2019-01-27 22:42:00 (cache: 61 images)
  SAVED /cluster/tufts/capstone25skyblue/scleme01/SatelliteTurbulencePrediction/model_inputs/2019_01/0000341.npz (6518.6s total | fetch=6504.2s project=0.9s smooth=10.0s | cache hits=8 misses=7)
[22/92] PIREP at (35.19, -85.05) FL22500 2019-01-27 22:58:00 (cache: 68 images)
  SAVED /cluster/tufts/capstone25skyblue/scleme01/SatelliteTurbulencePrediction/model_inputs/2019_01/0000342.npz (2752.7s total | fetch=2746.4s project=0.4s smooth=4.3s | cache hits=12 misses=3)
[23/92] PIREP at (38.60, -77.51) FL32000 2019-01-27 23:18:00 (cache: 71 images)
  SAVED /cluster/tufts/capstone25skyblue/scleme01/SatelliteTurbulencePrediction/model_inputs/2019_01/0000579.npz (1791.7s total | fetch=1783.3s project=0.6s smooth=5.7s | cache hits=11 misses=4)
[24/92] PIREP at (41.48, -76.03) FL28000 2019-01-27 23:25:00 (cache: 75 images)
  SAVED /cluster/tufts/capstone25skyblue/scleme01/SatelliteTurbulencePrediction/model_inputs/2019_01/0000344.npz (11.9s total | fetch=7.7s project=0.3s smooth=2.8s | cache hits=13 misses=2)
[25/92] PIREP at (41.48, -76.03) FL28000 2019-01-27 23:25:00 (cache: 77 images)
  SAVED /cluster/tufts/capstone25skyblue/scleme01/SatelliteTurbulencePrediction/model_inputs/2019_01/0000343.npz (0.2s total | fetch=0.0s project=0.0s smooth=0.0s | cache hits=15 misses=0)
[26/92] PIREP at (40.38, -83.29) FL38000 2019-01-27 23:57:00 (cache: 77 images)
  SAVED /cluster/tufts/capstone25skyblue/scleme01/SatelliteTurbulencePrediction/model_inputs/2019_01/0000646.npz (65.0s total | fetch=52.7s project=0.8s smooth=8.5s | cache hits=9 misses=6)
[27/92] PIREP at (39.83, -105.31) FL17000 2019-01-28 00:17:00 (cache: 83 images)
  SAVED /cluster/tufts/capstone25skyblue/scleme01/SatelliteTurbulencePrediction/model_inputs/2019_01/0000345.npz (60.9s total | fetch=52.6s project=0.5s smooth=5.7s | cache hits=11 misses=4)
[28/92] PIREP at (37.58, -88.21) FL35000 2019-01-28 00:24:00 (cache: 87 images)
  SAVED /cluster/tufts/capstone25skyblue/scleme01/SatelliteTurbulencePrediction/model_inputs/2019_01/0000554.npz (15.3s total | fetch=13.0s project=0.1s smooth=1.4s | cache hits=14 misses=1)
[29/92] PIREP at (26.68, -79.54) FL10000 2019-01-28 01:35:00 (cache: 88 images)
  SAVED /cluster/tufts/capstone25skyblue/scleme01/SatelliteTurbulencePrediction/model_inputs/2019_01/0000346.npz (178.6s total | fetch=148.1s project=2.0s smooth=21.3s | cache hits=0 misses=15)
[30/92] PIREP at (26.97, -80.29) FL5000 2019-01-28 02:10:00 (cache: 103 images)
  SAVED /cluster/tufts/capstone25skyblue/scleme01/SatelliteTurbulencePrediction/model_inputs/2019_01/0000347.npz (92.2s total | fetch=77.8s project=0.9s smooth=10.0s | cache hits=8 misses=7)
[31/92] PIREP at (28.56, -81.19) FL6000 2019-01-28 02:52:00 (cache: 110 images)
  SAVED /cluster/tufts/capstone25skyblue/scleme01/SatelliteTurbulencePrediction/model_inputs/2019_01/0000348.npz (74.3s total | fetch=57.9s project=1.1s smooth=11.4s | cache hits=7 misses=8)
[32/92] PIREP at (37.90, -79.11) FL21000 2019-01-28 03:12:00 (cache: 118 images)
  SAVED /cluster/tufts/capstone25skyblue/scleme01/SatelliteTurbulencePrediction/model_inputs/2019_01/0000349.npz (52.3s total | fetch=44.0s project=0.5s smooth=5.7s | cache hits=11 misses=4)
[33/92] PIREP at (29.30, -81.11) FL9200 2019-01-28 03:17:00 (cache: 122 images)
  SAVED /cluster/tufts/capstone25skyblue/scleme01/SatelliteTurbulencePrediction/model_inputs/2019_01/0000464.npz (20.4s total | fetch=18.2s project=0.1s smooth=1.4s | cache hits=14 misses=1)
[34/92] PIREP at (37.90, -79.32) FL25000 2019-01-28 03:31:00 (cache: 123 images)
  SAVED /cluster/tufts/capstone25skyblue/scleme01/SatelliteTurbulencePrediction/model_inputs/2019_01/0000350.npz (49.9s total | fetch=43.7s project=0.4s smooth=4.3s | cache hits=12 misses=3)
[35/92] PIREP at (38.20, -78.26) FL20000 2019-01-28 03:44:00 (cache: 126 images)
  SAVED /cluster/tufts/capstone25skyblue/scleme01/SatelliteTurbulencePrediction/model_inputs/2019_01/0000351.npz (33.4s total | fetch=29.1s project=0.3s smooth=2.9s | cache hits=13 misses=2)
[36/92] PIREP at (32.45, -76.50) FL39000 2019-01-28 04:45:00 (cache: 128 images)
  SAVED /cluster/tufts/capstone25skyblue/scleme01/SatelliteTurbulencePrediction/model_inputs/2019_01/0000352.npz (125.9s total | fetch=99.4s project=1.8s smooth=18.5s | cache hits=2 misses=13)
[37/92] PIREP at (42.36, -71.01) FL39000 2019-01-28 08:55:00 (cache: 141 images)
  SAVED /cluster/tufts/capstone25skyblue/scleme01/SatelliteTurbulencePrediction/model_inputs/2019_01/0000353.npz (193.0s total | fetch=162.5s project=2.0s smooth=21.3s | cache hits=0 misses=15)
[38/92] PIREP at (47.00, -40.00) FL39000 2019-01-28 11:47:00 (cache: 156 images)
  SAVED /cluster/tufts/capstone25skyblue/scleme01/SatelliteTurbulencePrediction/model_inputs/2019_01/0000354.npz (198.8s total | fetch=168.2s project=2.0s smooth=21.3s | cache hits=0 misses=15)
[39/92] PIREP at (47.00, -36.00) FL37000 2019-01-28 12:00:00 (cache: 171 images)
  SAVED /cluster/tufts/capstone25skyblue/scleme01/SatelliteTurbulencePrediction/model_inputs/2019_01/0000355.npz (49.2s total | fetch=43.0s project=0.4s smooth=4.3s | cache hits=12 misses=3)
[40/92] PIREP at (37.24, -93.39) FL33000 2019-01-28 12:31:00 (cache: 174 images)
  SAVED /cluster/tufts/capstone25skyblue/scleme01/SatelliteTurbulencePrediction/model_inputs/2019_01/0000416.npz (98.8s total | fetch=86.5s project=0.8s smooth=8.5s | cache hits=9 misses=6)
[41/92] PIREP at (41.52, -81.16) FL27000 2019-01-28 13:00:00 (cache: 180 images)
  SAVED /cluster/tufts/capstone25skyblue/scleme01/SatelliteTurbulencePrediction/model_inputs/2019_01/0000575.npz (3324.8s total | fetch=3312.3s project=0.8s smooth=8.6s | cache hits=9 misses=6)
[42/92] PIREP at (38.57, -92.27) FL28000 2019-01-28 14:28:00 (cache: 186 images)
