Resetting environment
Deactivating conda environment (if any)
Purging all modules
Done! Environment has been torn down
Loading cuda and miniforge...
Activating conda environment...
Redirecting into the satellite repo...
Done! Environment has now been set up
Processing 2017/05 chunk [330:440]
Fetching satellite data for PIREPs in /cluster/tufts/capstone25skyblue/scleme01/SatelliteTurbulencePrediction/pireps/2017/05_turb_pireps.csv
Processing chunk [330:440] (110 PIREPs) from /cluster/tufts/capstone25skyblue/scleme01/SatelliteTurbulencePrediction/pireps/2017/05_turb_pireps.csv
[1/110] PIREP at (44.59, -92.49) FL16000 2017-05-23 20:40:00 (cache: 0 images)
  SAVED /cluster/tufts/capstone25skyblue/scleme01/SatelliteTurbulencePrediction/model_inputs/2017_05/0000446.npz (15482.7s total | fetch=15455.0s project=2.1s smooth=19.7s | cache hits=0 misses=15)
[2/110] PIREP at (50.13, -124.89) FL12500 2017-05-24 00:27:00 (cache: 15 images)
  SAVED /cluster/tufts/capstone25skyblue/scleme01/SatelliteTurbulencePrediction/model_inputs/2017_05/0000250.npz (16467.6s total | fetch=16439.8s project=2.1s smooth=19.9s | cache hits=0 misses=15)
[3/110] PIREP at (46.83, -63.25) FL39000 2017-05-24 02:30:00 (cache: 30 images)
  SAVED /cluster/tufts/capstone25skyblue/scleme01/SatelliteTurbulencePrediction/model_inputs/2017_05/0000161.npz (226.2s total | fetch=198.3s project=2.1s smooth=19.9s | cache hits=0 misses=15)
[4/110] PIREP at (46.66, -95.47) FL35000 2017-05-24 09:40:00 (cache: 45 images)
  SAVED /cluster/tufts/capstone25skyblue/scleme01/SatelliteTurbulencePrediction/model_inputs/2017_05/0000355.npz (258.1s total | fetch=230.4s project=2.1s smooth=19.9s | cache hits=0 misses=15)
[5/110] PIREP at (28.18, -85.82) FL41000 2017-05-24 12:26:00 (cache: 60 images)
  SAVED /cluster/tufts/capstone25skyblue/scleme01/SatelliteTurbulencePrediction/model_inputs/2017_05/0000162.npz (16069.8s total | fetch=16041.9s project=2.1s smooth=19.9s | cache hits=0 misses=15)
[6/110] PIREP at (29.77, -81.31) FL38000 2017-05-24 13:00:00 (cache: 75 images)
  SAVED /cluster/tufts/capstone25skyblue/scleme01/SatelliteTurbulencePrediction/model_inputs/2017_05/0000163.npz (7887.9s total | fetch=7874.8s project=1.0s smooth=9.2s | cache hits=8 misses=7)
[7/110] PIREP at (33.31, -82.90) FL25000 2017-05-24 13:44:00 (cache: 82 images)
  SAVED /cluster/tufts/capstone25skyblue/scleme01/SatelliteTurbulencePrediction/model_inputs/2017_05/0000164.npz (9209.4s total | fetch=9194.4s project=1.1s smooth=10.6s | cache hits=7 misses=8)
[8/110] PIREP at (35.54, -81.09) FL41000 2017-05-24 14:02:00 (cache: 90 images)
  SAVED /cluster/tufts/capstone25skyblue/scleme01/SatelliteTurbulencePrediction/model_inputs/2017_05/0000165.npz (4271.2s total | fetch=4263.5s project=0.6s smooth=5.4s | cache hits=11 misses=4)
[9/110] PIREP at (30.41, -82.76) FL40000 2017-05-24 14:25:00 (cache: 94 images)
  SAVED /cluster/tufts/capstone25skyblue/scleme01/SatelliteTurbulencePrediction/model_inputs/2017_05/0000166.npz (5683.2s total | fetch=5673.7s project=0.7s smooth=6.7s | cache hits=10 misses=5)
[10/110] PIREP at (26.58, -81.86) FL22000 2017-05-24 14:42:00 (cache: 99 images)
  SAVED /cluster/tufts/capstone25skyblue/scleme01/SatelliteTurbulencePrediction/model_inputs/2017_05/0000317.npz (3152.5s total | fetch=3146.6s project=0.4s smooth=4.1s | cache hits=12 misses=3)
[11/110] PIREP at (34.11, -85.66) FL38000 2017-05-24 14:57:00 (cache: 102 images)
  SAVED /cluster/tufts/capstone25skyblue/scleme01/SatelliteTurbulencePrediction/model_inputs/2017_05/0000273.npz (2955.0s total | fetch=2949.1s project=0.4s smooth=4.1s | cache hits=12 misses=3)
[12/110] PIREP at (32.73, -98.00) FL31000 2017-05-24 15:38:00 (cache: 105 images)
  SAVED /cluster/tufts/capstone25skyblue/scleme01/SatelliteTurbulencePrediction/model_inputs/2017_05/0000399.npz (7714.1s total | fetch=7698.7s project=1.1s smooth=10.9s | cache hits=7 misses=8)
[13/110] PIREP at (34.35, -84.96) FL13000 2017-05-24 16:39:00 (cache: 113 images)
