Resetting environment
Deactivating conda environment (if any)
Purging all modules
Done! Environment has been torn down
Loading cuda and miniforge...
Activating conda environment...
Redirecting into the satellite repo...
Done! Environment has now been set up
Processing 2019/02 chunk [330:440]
Fetching satellite data for PIREPs in /cluster/tufts/capstone25skyblue/scleme01/SatelliteTurbulencePrediction/pireps/2019/02_turb_pireps.csv
Processing chunk [330:440] (110 PIREPs) from /cluster/tufts/capstone25skyblue/scleme01/SatelliteTurbulencePrediction/pireps/2019/02_turb_pireps.csv
[1/110] PIREP at (38.59, -88.48) FL28000 2019-02-13 23:13:00 (cache: 0 images)
  SAVED /cluster/tufts/capstone25skyblue/scleme01/SatelliteTurbulencePrediction/model_inputs/2019_02/0000698.npz (12676.8s total | fetch=12649.2s project=1.8s smooth=19.3s | cache hits=0 misses=15)
[2/110] PIREP at (38.97, -104.92) FL8000 2019-02-13 23:16:00 (cache: 15 images)
  SAVED /cluster/tufts/capstone25skyblue/scleme01/SatelliteTurbulencePrediction/model_inputs/2019_02/0000163.npz (975.8s total | fetch=973.8s project=0.1s smooth=1.3s | cache hits=14 misses=1)
[3/110] PIREP at (34.50, -102.44) FL25000 2019-02-13 23:16:00 (cache: 16 images)
  SAVED /cluster/tufts/capstone25skyblue/scleme01/SatelliteTurbulencePrediction/model_inputs/2019_02/0000601.npz (0.2s total | fetch=0.0s project=0.0s smooth=0.0s | cache hits=15 misses=0)
[4/110] PIREP at (36.26, -79.89) FL30000 2019-02-13 23:37:00 (cache: 16 images)
  SAVED /cluster/tufts/capstone25skyblue/scleme01/SatelliteTurbulencePrediction/model_inputs/2019_02/0000164.npz (3766.1s total | fetch=3758.6s project=0.5s smooth=5.1s | cache hits=11 misses=4)
[5/110] PIREP at (36.35, -80.21) FL30000 2019-02-13 23:39:00 (cache: 20 images)
  SAVED /cluster/tufts/capstone25skyblue/scleme01/SatelliteTurbulencePrediction/model_inputs/2019_02/0000165.npz (0.2s total | fetch=0.0s project=0.0s smooth=0.0s | cache hits=15 misses=0)
[6/110] PIREP at (34.11, -116.24) FL24000 2019-02-13 23:50:00 (cache: 20 images)
  SAVED /cluster/tufts/capstone25skyblue/scleme01/SatelliteTurbulencePrediction/model_inputs/2019_02/0000534.npz (207.3s total | fetch=201.7s project=0.4s smooth=3.8s | cache hits=12 misses=3)
[7/110] PIREP at (36.13, -114.35) FL35000 2019-02-13 23:51:00 (cache: 23 images)
  SAVED /cluster/tufts/capstone25skyblue/scleme01/SatelliteTurbulencePrediction/model_inputs/2019_02/0000398.npz (0.2s total | fetch=0.0s project=0.0s smooth=0.0s | cache hits=15 misses=0)
[8/110] PIREP at (32.20, -81.01) FL24000 2019-02-13 23:55:00 (cache: 23 images)
  SAVED /cluster/tufts/capstone25skyblue/scleme01/SatelliteTurbulencePrediction/model_inputs/2019_02/0000167.npz (22.2s total | fetch=20.2s project=0.1s smooth=1.3s | cache hits=14 misses=1)
[9/110] PIREP at (32.13, -81.20) FL26000 2019-02-13 23:55:00 (cache: 24 images)
  SAVED /cluster/tufts/capstone25skyblue/scleme01/SatelliteTurbulencePrediction/model_inputs/2019_02/0000166.npz (0.2s total | fetch=0.0s project=0.0s smooth=0.0s | cache hits=15 misses=0)
[10/110] PIREP at (38.99, -89.16) FL35000 2019-02-13 23:55:00 (cache: 24 images)
  SAVED /cluster/tufts/capstone25skyblue/scleme01/SatelliteTurbulencePrediction/model_inputs/2019_02/0000702.npz (0.2s total | fetch=0.0s project=0.0s smooth=0.0s | cache hits=15 misses=0)
[11/110] PIREP at (32.20, -81.01) FL24000 2019-02-13 23:55:00 (cache: 24 images)
  SAVED /cluster/tufts/capstone25skyblue/scleme01/SatelliteTurbulencePrediction/model_inputs/2019_02/0000168.npz (0.2s total | fetch=0.0s project=0.0s smooth=0.0s | cache hits=15 misses=0)
[12/110] PIREP at (32.13, -81.20) FL27000 2019-02-14 00:07:00 (cache: 24 images)
  SAVED /cluster/tufts/capstone25skyblue/scleme01/SatelliteTurbulencePrediction/model_inputs/2019_02/0000169.npz (44.2s total | fetch=40.4s project=0.2s smooth=2.5s | cache hits=13 misses=2)
[13/110] PIREP at (32.20, -81.06) FL27000 2019-02-14 00:08:00 (cache: 26 images)
  SAVED /cluster/tufts/capstone25skyblue/scleme01/SatelliteTurbulencePrediction/model_inputs/2019_02/0000170.npz (0.2s total | fetch=0.0s project=0.0s smooth=0.0s | cache hits=15 misses=0)
[14/110] PIREP at (40.19, -105.12) FL11000 2019-02-14 00:10:00 (cache: 26 images)
  SAVED /cluster/tufts/capstone25skyblue/scleme01/SatelliteTurbulencePrediction/model_inputs/2019_02/0000171.npz (8.5s total | fetch=6.5s project=0.1s smooth=1.3s | cache hits=14 misses=1)
[15/110] PIREP at (40.19, -105.12) FL11000 2019-02-14 00:10:00 (cache: 27 images)
  SAVED /cluster/tufts/capstone25skyblue/scleme01/SatelliteTurbulencePrediction/model_inputs/2019_02/0000172.npz (0.2s total | fetch=0.0s project=0.0s smooth=0.0s | cache hits=15 misses=0)
[16/110] PIREP at (40.01, -104.89) FL11000 2019-02-14 00:15:00 (cache: 27 images)
  SAVED /cluster/tufts/capstone25skyblue/scleme01/SatelliteTurbulencePrediction/model_inputs/2019_02/0000173.npz (16.6s total | fetch=14.6s project=0.1s smooth=1.3s | cache hits=14 misses=1)
[17/110] PIREP at (31.21, -82.44) FL24000 2019-02-14 00:23:00 (cache: 28 images)
  SAVED /cluster/tufts/capstone25skyblue/scleme01/SatelliteTurbulencePrediction/model_inputs/2019_02/0000174.npz (22.3s total | fetch=20.2s project=0.1s smooth=1.3s | cache hits=14 misses=1)
[18/110] PIREP at (28.41, -81.79) FL24000 2019-02-14 00:38:00 (cache: 29 images)
  SAVED /cluster/tufts/capstone25skyblue/scleme01/SatelliteTurbulencePrediction/model_inputs/2019_02/0000175.npz (50.1s total | fetch=44.4s project=0.4s smooth=3.8s | cache hits=12 misses=3)
[19/110] PIREP at (31.32, -80.95) FL24000 2019-02-14 00:50:00 (cache: 32 images)
  SAVED /cluster/tufts/capstone25skyblue/scleme01/SatelliteTurbulencePrediction/model_inputs/2019_02/0000176.npz (48.2s total | fetch=42.5s project=0.4s smooth=3.8s | cache hits=12 misses=3)
[20/110] PIREP at (30.96, -81.20) FL29000 2019-02-14 00:53:00 (cache: 35 images)
  SAVED /cluster/tufts/capstone25skyblue/scleme01/SatelliteTurbulencePrediction/model_inputs/2019_02/0000177.npz (0.2s total | fetch=0.0s project=0.0s smooth=0.0s | cache hits=15 misses=0)
[21/110] PIREP at (30.79, -81.20) FL31000 2019-02-14 00:55:00 (cache: 35 images)
  SAVED /cluster/tufts/capstone25skyblue/scleme01/SatelliteTurbulencePrediction/model_inputs/2019_02/0000178.npz (15.5s total | fetch=13.5s project=0.1s smooth=1.3s | cache hits=14 misses=1)
[22/110] PIREP at (30.64, -80.89) FL23000 2019-02-14 01:20:00 (cache: 36 images)
  SAVED /cluster/tufts/capstone25skyblue/scleme01/SatelliteTurbulencePrediction/model_inputs/2019_02/0000179.npz (74.1s total | fetch=64.8s project=0.6s smooth=6.4s | cache hits=10 misses=5)
[23/110] PIREP at (36.95, -78.10) FL35000 2019-02-14 01:22:00 (cache: 41 images)
  SAVED /cluster/tufts/capstone25skyblue/scleme01/SatelliteTurbulencePrediction/model_inputs/2019_02/0000180.npz (0.2s total | fetch=0.0s project=0.0s smooth=0.0s | cache hits=15 misses=0)
[24/110] PIREP at (36.95, -78.10) FL35000 2019-02-14 01:22:00 (cache: 41 images)
  SAVED /cluster/tufts/capstone25skyblue/scleme01/SatelliteTurbulencePrediction/model_inputs/2019_02/0000181.npz (0.2s total | fetch=0.0s project=0.0s smooth=0.0s | cache hits=15 misses=0)
[25/110] PIREP at (29.64, -83.58) FL29000 2019-02-14 01:59:00 (cache: 41 images)
  SAVED /cluster/tufts/capstone25skyblue/scleme01/SatelliteTurbulencePrediction/model_inputs/2019_02/0000182.npz (81.7s total | fetch=68.8s project=0.8s smooth=8.9s | cache hits=8 misses=7)
[26/110] PIREP at (37.70, -113.10) FL28000 2019-02-14 02:04:00 (cache: 48 images)
  SAVED /cluster/tufts/capstone25skyblue/scleme01/SatelliteTurbulencePrediction/model_inputs/2019_02/0000183.npz (18.9s total | fetch=16.9s project=0.1s smooth=1.3s | cache hits=14 misses=1)
[27/110] PIREP at (40.24, -101.57) FL39000 2019-02-14 02:42:00 (cache: 49 images)
  SAVED /cluster/tufts/capstone25skyblue/scleme01/SatelliteTurbulencePrediction/model_inputs/2019_02/0000693.npz (131.9s total | fetch=117.1s project=0.9s smooth=10.2s | cache hits=7 misses=8)
[28/110] PIREP at (36.10, -119.22) FL13000 2019-02-14 03:16:00 (cache: 57 images)
  SAVED /cluster/tufts/capstone25skyblue/scleme01/SatelliteTurbulencePrediction/model_inputs/2019_02/0000184.npz (36.2s total | fetch=23.4s project=0.8s smooth=8.9s | cache hits=8 misses=7)
[29/110] PIREP at (38.32, -122.33) FL28000 2019-02-14 04:03:00 (cache: 64 images)
  SAVED /cluster/tufts/capstone25skyblue/scleme01/SatelliteTurbulencePrediction/model_inputs/2019_02/0000185.npz (122.6s total | fetch=106.1s project=1.1s smooth=11.5s | cache hits=6 misses=9)
[30/110] PIREP at (59.75, -154.91) FL4500 2019-02-14 04:52:00 (cache: 73 images)
  SAVED /cluster/tufts/capstone25skyblue/scleme01/SatelliteTurbulencePrediction/model_inputs/2019_02/0000749.npz (103.1s total | fetch=84.8s project=1.2s smooth=12.8s | cache hits=5 misses=10)
[31/110] PIREP at (38.59, -119.22) FL31000 2019-02-14 04:53:00 (cache: 83 images)
  SAVED /cluster/tufts/capstone25skyblue/scleme01/SatelliteTurbulencePrediction/model_inputs/2019_02/0000186.npz (0.2s total | fetch=0.0s project=0.0s smooth=0.0s | cache hits=15 misses=0)
[32/110] PIREP at (38.07, -119.94) FL31000 2019-02-14 05:03:00 (cache: 83 images)
  SAVED /cluster/tufts/capstone25skyblue/scleme01/SatelliteTurbulencePrediction/model_inputs/2019_02/0000187.npz (14.2s total | fetch=10.4s project=0.2s smooth=2.6s | cache hits=13 misses=2)
[33/110] PIREP at (32.94, -115.10) FL20000 2019-02-14 07:40:00 (cache: 85 images)
  SAVED /cluster/tufts/capstone25skyblue/scleme01/SatelliteTurbulencePrediction/model_inputs/2019_02/0000188.npz (212.9s total | fetch=185.5s project=1.8s smooth=19.2s | cache hits=0 misses=15)
[34/110] PIREP at (32.69, -80.86) FL38000 2019-02-14 11:34:00 (cache: 100 images)
  SAVED /cluster/tufts/capstone25skyblue/scleme01/SatelliteTurbulencePrediction/model_inputs/2019_02/0000553.npz (207.7s total | fetch=180.2s project=1.8s smooth=19.2s | cache hits=0 misses=15)
[35/110] PIREP at (33.25, -79.54) FL36000 2019-02-14 12:24:00 (cache: 115 images)
  SAVED /cluster/tufts/capstone25skyblue/scleme01/SatelliteTurbulencePrediction/model_inputs/2019_02/0000655.npz (154.5s total | fetch=136.1s project=1.2s smooth=12.8s | cache hits=5 misses=10)
[36/110] PIREP at (33.58, -86.04) FL24000 2019-02-14 13:17:00 (cache: 125 images)
  SAVED /cluster/tufts/capstone25skyblue/scleme01/SatelliteTurbulencePrediction/model_inputs/2019_02/0000389.npz (10730.3s total | fetch=10710.1s project=1.3s smooth=14.1s | cache hits=4 misses=11)
[37/110] PIREP at (38.99, -89.16) FL26000 2019-02-14 13:18:00 (cache: 136 images)
  SAVED /cluster/tufts/capstone25skyblue/scleme01/SatelliteTurbulencePrediction/model_inputs/2019_02/0000675.npz (0.2s total | fetch=0.0s project=0.0s smooth=0.0s | cache hits=15 misses=0)
[38/110] PIREP at (33.02, -98.93) FL32000 2019-02-14 13:22:00 (cache: 136 images)
  SAVED /cluster/tufts/capstone25skyblue/scleme01/SatelliteTurbulencePrediction/model_inputs/2019_02/0000618.npz (1179.4s total | fetch=1177.4s project=0.1s smooth=1.3s | cache hits=14 misses=1)
[39/110] PIREP at (34.27, -83.00) FL41000 2019-02-14 13:26:00 (cache: 137 images)
  SAVED /cluster/tufts/capstone25skyblue/scleme01/SatelliteTurbulencePrediction/model_inputs/2019_02/0000652.npz (944.4s total | fetch=942.3s project=0.1s smooth=1.3s | cache hits=14 misses=1)
[40/110] PIREP at (35.18, -103.60) FL25000 2019-02-14 13:34:00 (cache: 138 images)
  SAVED /cluster/tufts/capstone25skyblue/scleme01/SatelliteTurbulencePrediction/model_inputs/2019_02/0000492.npz (1174.2s total | fetch=1172.2s project=0.1s smooth=1.3s | cache hits=14 misses=1)
[41/110] PIREP at (33.54, -96.23) FL33000 2019-02-14 13:41:00 (cache: 139 images)
  SAVED /cluster/tufts/capstone25skyblue/scleme01/SatelliteTurbulencePrediction/model_inputs/2019_02/0000638.npz (1965.0s total | fetch=1961.2s project=0.2s smooth=2.6s | cache hits=13 misses=2)
[42/110] PIREP at (38.34, -99.27) FL33000 2019-02-14 13:43:00 (cache: 141 images)
  SAVED /cluster/tufts/capstone25skyblue/scleme01/SatelliteTurbulencePrediction/model_inputs/2019_02/0000403.npz (0.2s total | fetch=0.0s project=0.0s smooth=0.0s | cache hits=15 misses=0)
[43/110] PIREP at (34.57, -112.26) FL26000 2019-02-14 14:13:00 (cache: 141 images)
  SAVED /cluster/tufts/capstone25skyblue/scleme01/SatelliteTurbulencePrediction/model_inputs/2019_02/0000609.npz (6840.4s total | fetch=6829.3s project=0.7s smooth=7.7s | cache hits=9 misses=6)
[44/110] PIREP at (38.54, -118.63) FL27800 2019-02-14 14:16:00 (cache: 147 images)
  SAVED /cluster/tufts/capstone25skyblue/scleme01/SatelliteTurbulencePrediction/model_inputs/2019_02/0000189.npz (877.2s total | fetch=875.2s project=0.1s smooth=1.3s | cache hits=14 misses=1)
[45/110] PIREP at (37.14, -80.68) FL32000 2019-02-14 14:24:00 (cache: 148 images)
  SAVED /cluster/tufts/capstone25skyblue/scleme01/SatelliteTurbulencePrediction/model_inputs/2019_02/0000718.npz (1358.0s total | fetch=1356.0s project=0.1s smooth=1.3s | cache hits=14 misses=1)
[46/110] PIREP at (36.80, -106.54) FL26000 2019-02-14 14:49:00 (cache: 149 images)
  SAVED /cluster/tufts/capstone25skyblue/scleme01/SatelliteTurbulencePrediction/model_inputs/2019_02/0000583.npz (5589.6s total | fetch=5580.3s project=0.6s smooth=6.4s | cache hits=10 misses=5)
[47/110] PIREP at (40.77, -80.39) FL3000 2019-02-14 15:28:00 (cache: 154 images)
  SAVED /cluster/tufts/capstone25skyblue/scleme01/SatelliteTurbulencePrediction/model_inputs/2019_02/0000490.npz (9120.9s total | fetch=9106.2s project=0.9s smooth=10.2s | cache hits=7 misses=8)
[48/110] PIREP at (31.86, -82.19) FL29000 2019-02-14 15:54:00 (cache: 162 images)
  SAVED /cluster/tufts/capstone25skyblue/scleme01/SatelliteTurbulencePrediction/model_inputs/2019_02/0000386.npz (5847.7s total | fetch=5838.3s project=0.6s smooth=6.4s | cache hits=10 misses=5)
[49/110] PIREP at (39.22, -119.81) FL20000 2019-02-14 16:26:00 (cache: 167 images)
  SAVED /cluster/tufts/capstone25skyblue/scleme01/SatelliteTurbulencePrediction/model_inputs/2019_02/0000190.npz (7912.1s total | fetch=7899.2s project=0.8s smooth=8.9s | cache hits=8 misses=7)
[50/110] PIREP at (34.43, -100.29) FL34000 2019-02-14 16:27:00 (cache: 174 images)
  SAVED /cluster/tufts/capstone25skyblue/scleme01/SatelliteTurbulencePrediction/model_inputs/2019_02/0000433.npz (0.2s total | fetch=0.0s project=0.0s smooth=0.0s | cache hits=15 misses=0)
[51/110] PIREP at (38.14, -119.17) FL20000 2019-02-14 16:28:00 (cache: 174 images)
  SAVED /cluster/tufts/capstone25skyblue/scleme01/SatelliteTurbulencePrediction/model_inputs/2019_02/0000191.npz (0.1s total | fetch=0.0s project=0.0s smooth=0.0s | cache hits=15 misses=0)
[52/110] PIREP at (39.93, -105.12) FL6500 2019-02-14 16:35:00 (cache: 174 images)
  SAVED /cluster/tufts/capstone25skyblue/scleme01/SatelliteTurbulencePrediction/model_inputs/2019_02/0000192.npz (2173.3s total | fetch=2169.5s project=0.2s smooth=2.6s | cache hits=13 misses=2)
[53/110] PIREP at (37.37, -118.36) FL17500 2019-02-14 16:53:00 (cache: 176 images)
  SAVED /cluster/tufts/capstone25skyblue/scleme01/SatelliteTurbulencePrediction/model_inputs/2019_02/0000193.npz (3137.8s total | fetch=3132.2s project=0.4s smooth=3.8s | cache hits=12 misses=3)
[54/110] PIREP at (41.01, -83.67) FL3500 2019-02-14 17:13:00 (cache: 179 images)
  SAVED /cluster/tufts/capstone25skyblue/scleme01/SatelliteTurbulencePrediction/model_inputs/2019_02/0000610.npz (4229.0s total | fetch=4221.6s project=0.5s smooth=5.1s | cache hits=11 misses=4)
[55/110] PIREP at (36.54, -119.24) FL19000 2019-02-14 17:29:00 (cache: 183 images)
  SAVED /cluster/tufts/capstone25skyblue/scleme01/SatelliteTurbulencePrediction/model_inputs/2019_02/0000194.npz (3307.8s total | fetch=3302.1s project=0.4s smooth=3.8s | cache hits=12 misses=3)
[56/110] PIREP at (58.35, -134.57) FL1000 2019-02-14 18:07:00 (cache: 186 images)
