Resetting environment
Deactivating conda environment (if any)
Purging all modules
Done! Environment has been torn down
Loading cuda and miniforge...
Activating conda environment...
Redirecting into the satellite repo...
Done! Environment has now been set up
Processing 2018/02 chunk [0:110]
Fetching satellite data for PIREPs in /cluster/tufts/capstone25skyblue/scleme01/SatelliteTurbulencePrediction/pireps/2018/02_turb_pireps.csv
Processing chunk [0:110] (110 PIREPs) from /cluster/tufts/capstone25skyblue/scleme01/SatelliteTurbulencePrediction/pireps/2018/02_turb_pireps.csv
[1/110] PIREP at (57.74, -152.49) FL8000 2018-02-01 00:07:00 (cache: 0 images)
  SAVED /cluster/tufts/capstone25skyblue/scleme01/SatelliteTurbulencePrediction/model_inputs/2018_02/0000374.npz (4839.6s total | fetch=4809.3s project=2.0s smooth=21.2s | cache hits=0 misses=15)
[2/110] PIREP at (31.70, -97.23) FL5500 2018-02-01 07:31:00 (cache: 15 images)
  SAVED /cluster/tufts/capstone25skyblue/scleme01/SatelliteTurbulencePrediction/model_inputs/2018_02/0000335.npz (236.0s total | fetch=205.8s project=2.0s smooth=21.0s | cache hits=0 misses=15)
[3/110] PIREP at (51.57, -9.35) FL34000 2018-02-01 08:39:00 (cache: 30 images)
  SAVED /cluster/tufts/capstone25skyblue/scleme01/SatelliteTurbulencePrediction/model_inputs/2018_02/0000298.npz (163.6s total | fetch=137.4s project=1.8s smooth=18.3s | cache hits=2 misses=13)
[4/110] PIREP at (40.18, -74.82) FL30000 2018-02-01 11:36:00 (cache: 43 images)
  SAVED /cluster/tufts/capstone25skyblue/scleme01/SatelliteTurbulencePrediction/model_inputs/2018_02/0000432.npz (167.9s total | fetch=137.6s project=2.0s smooth=21.1s | cache hits=0 misses=15)
[5/110] PIREP at (31.05, -92.89) FL40000 2018-02-01 12:20:00 (cache: 58 images)
  SAVED /cluster/tufts/capstone25skyblue/scleme01/SatelliteTurbulencePrediction/model_inputs/2018_02/0000370.npz (146.5s total | fetch=128.3s project=1.2s smooth=12.6s | cache hits=6 misses=9)
[6/110] PIREP at (59.50, -139.66) FL10000 2018-02-01 13:10:00 (cache: 67 images)
  SAVED /cluster/tufts/capstone25skyblue/scleme01/SatelliteTurbulencePrediction/model_inputs/2018_02/0000414.npz (3308.9s total | fetch=3288.7s project=1.4s smooth=14.0s | cache hits=5 misses=10)
[7/110] PIREP at (33.34, -104.62) FL41000 2018-02-01 14:05:00 (cache: 77 images)
  SAVED /cluster/tufts/capstone25skyblue/scleme01/SatelliteTurbulencePrediction/model_inputs/2018_02/0000362.npz (10143.4s total | fetch=10121.1s project=1.5s smooth=15.4s | cache hits=4 misses=11)
[8/110] PIREP at (33.21, -97.20) FL1500 2018-02-01 14:35:00 (cache: 88 images)
  SAVED /cluster/tufts/capstone25skyblue/scleme01/SatelliteTurbulencePrediction/model_inputs/2018_02/0000281.npz (6472.3s total | fetch=6460.1s project=0.8s smooth=8.4s | cache hits=9 misses=6)
[9/110] PIREP at (42.71, -86.35) FL12000 2018-02-01 20:39:00 (cache: 94 images)
  SAVED /cluster/tufts/capstone25skyblue/scleme01/SatelliteTurbulencePrediction/model_inputs/2018_02/0000267.npz (17974.8s total | fetch=17944.6s project=2.0s smooth=21.0s | cache hits=0 misses=15)
[10/110] PIREP at (44.02, -97.09) FL9000 2018-02-01 21:45:00 (cache: 109 images)
  SAVED /cluster/tufts/capstone25skyblue/scleme01/SatelliteTurbulencePrediction/model_inputs/2018_02/0000343.npz (16361.6s total | fetch=16333.4s project=1.9s smooth=19.6s | cache hits=1 misses=14)
[11/110] SKIPPING /cluster/tufts/capstone25skyblue/scleme01/SatelliteTurbulencePrediction/model_inputs/2018_02/0000000.npz (already exists)
[12/110] SKIPPING /cluster/tufts/capstone25skyblue/scleme01/SatelliteTurbulencePrediction/model_inputs/2018_02/0000001.npz (already exists)
[13/110] SKIPPING /cluster/tufts/capstone25skyblue/scleme01/SatelliteTurbulencePrediction/model_inputs/2018_02/0000002.npz (already exists)
[14/110] SKIPPING /cluster/tufts/capstone25skyblue/scleme01/SatelliteTurbulencePrediction/model_inputs/2018_02/0000003.npz (already exists)
[15/110] SKIPPING /cluster/tufts/capstone25skyblue/scleme01/SatelliteTurbulencePrediction/model_inputs/2018_02/0000004.npz (already exists)
[16/110] PIREP at (31.90, -107.03) FL32000 2018-02-02 01:36:00 (cache: 123 images)
  SAVED /cluster/tufts/capstone25skyblue/scleme01/SatelliteTurbulencePrediction/model_inputs/2018_02/0000387.npz (159.0s total | fetch=128.7s project=2.1s smooth=21.1s | cache hits=0 misses=15)
[17/110] PIREP at (30.82, -100.66) FL32000 2018-02-02 01:45:00 (cache: 138 images)
  SAVED /cluster/tufts/capstone25skyblue/scleme01/SatelliteTurbulencePrediction/model_inputs/2018_02/0000232.npz (30.1s total | fetch=25.9s project=0.3s smooth=2.8s | cache hits=13 misses=2)
[18/110] PIREP at (60.89, -150.54) FL4500 2018-02-02 02:00:00 (cache: 140 images)
  SAVED /cluster/tufts/capstone25skyblue/scleme01/SatelliteTurbulencePrediction/model_inputs/2018_02/0000286.npz (42.5s total | fetch=36.5s project=0.4s smooth=4.2s | cache hits=12 misses=3)
[19/110] PIREP at (55.35, -131.71) FL500 2018-02-02 03:00:00 (cache: 143 images)
  SAVED /cluster/tufts/capstone25skyblue/scleme01/SatelliteTurbulencePrediction/model_inputs/2018_02/0000375.npz (212.5s total | fetch=188.4s project=1.6s smooth=16.8s | cache hits=3 misses=12)
[20/110] SKIPPING /cluster/tufts/capstone25skyblue/scleme01/SatelliteTurbulencePrediction/model_inputs/2018_02/0000005.npz (already exists)
[21/110] PIREP at (30.21, -85.68) FL38000 2018-02-02 12:16:00 (cache: 155 images)
  SAVED /cluster/tufts/capstone25skyblue/scleme01/SatelliteTurbulencePrediction/model_inputs/2018_02/0000354.npz (181.9s total | fetch=151.7s project=2.1s smooth=21.0s | cache hits=0 misses=15)
[22/110] SKIPPING /cluster/tufts/capstone25skyblue/scleme01/SatelliteTurbulencePrediction/model_inputs/2018_02/0000006.npz (already exists)
[23/110] SKIPPING /cluster/tufts/capstone25skyblue/scleme01/SatelliteTurbulencePrediction/model_inputs/2018_02/0000007.npz (already exists)
[24/110] SKIPPING /cluster/tufts/capstone25skyblue/scleme01/SatelliteTurbulencePrediction/model_inputs/2018_02/0000008.npz (already exists)
[25/110] SKIPPING /cluster/tufts/capstone25skyblue/scleme01/SatelliteTurbulencePrediction/model_inputs/2018_02/0000009.npz (already exists)
[26/110] SKIPPING /cluster/tufts/capstone25skyblue/scleme01/SatelliteTurbulencePrediction/model_inputs/2018_02/0000010.npz (already exists)
[27/110] SKIPPING /cluster/tufts/capstone25skyblue/scleme01/SatelliteTurbulencePrediction/model_inputs/2018_02/0000011.npz (already exists)
[28/110] PIREP at (31.81, -106.96) FL39000 2018-02-02 16:04:00 (cache: 170 images)
  SAVED /cluster/tufts/capstone25skyblue/scleme01/SatelliteTurbulencePrediction/model_inputs/2018_02/0000250.npz (16514.1s total | fetch=16483.8s project=2.1s smooth=21.0s | cache hits=0 misses=15)
[29/110] PIREP at (31.77, -85.74) FL47000 2018-02-02 16:37:00 (cache: 185 images)
  SAVED /cluster/tufts/capstone25skyblue/scleme01/SatelliteTurbulencePrediction/model_inputs/2018_02/0000233.npz (7048.5s total | fetch=7034.2s project=1.0s smooth=9.8s | cache hits=8 misses=7)
[30/110] SKIPPING /cluster/tufts/capstone25skyblue/scleme01/SatelliteTurbulencePrediction/model_inputs/2018_02/0000012.npz (already exists)
[31/110] PIREP at (32.51, -93.35) FL39000 2018-02-02 17:24:00 (cache: 192 images)
