Resetting environment
Deactivating conda environment (if any)
Purging all modules
Done! Environment has been torn down
Loading cuda and miniforge...
Activating conda environment...
Redirecting into the satellite repo...
Done! Environment has now been set up
Processing 2018/12 chunk [450:600]
Fetching satellite data for PIREPs in /cluster/tufts/capstone25skyblue/scleme01/SatelliteTurbulencePrediction/pireps/2018/12_turb_pireps.csv
Processing chunk [450:600] (150 PIREPs) from /cluster/tufts/capstone25skyblue/scleme01/SatelliteTurbulencePrediction/pireps/2018/12_turb_pireps.csv
[1/150] SKIPPING /cluster/tufts/capstone25skyblue/scleme01/SatelliteTurbulencePrediction/model_inputs/2018_12/0000560.npz (already exists)
[2/150] SKIPPING /cluster/tufts/capstone25skyblue/scleme01/SatelliteTurbulencePrediction/model_inputs/2018_12/0000728.npz (already exists)
[3/150] SKIPPING /cluster/tufts/capstone25skyblue/scleme01/SatelliteTurbulencePrediction/model_inputs/2018_12/0000201.npz (already exists)
[4/150] SKIPPING /cluster/tufts/capstone25skyblue/scleme01/SatelliteTurbulencePrediction/model_inputs/2018_12/0000202.npz (already exists)
[5/150] SKIPPING /cluster/tufts/capstone25skyblue/scleme01/SatelliteTurbulencePrediction/model_inputs/2018_12/0000483.npz (already exists)
[6/150] SKIPPING /cluster/tufts/capstone25skyblue/scleme01/SatelliteTurbulencePrediction/model_inputs/2018_12/0000203.npz (already exists)
[7/150] SKIPPING /cluster/tufts/capstone25skyblue/scleme01/SatelliteTurbulencePrediction/model_inputs/2018_12/0000204.npz (already exists)
[8/150] SKIPPING /cluster/tufts/capstone25skyblue/scleme01/SatelliteTurbulencePrediction/model_inputs/2018_12/0000205.npz (already exists)
[9/150] SKIPPING /cluster/tufts/capstone25skyblue/scleme01/SatelliteTurbulencePrediction/model_inputs/2018_12/0000546.npz (already exists)
[10/150] SKIPPING /cluster/tufts/capstone25skyblue/scleme01/SatelliteTurbulencePrediction/model_inputs/2018_12/0000206.npz (already exists)
[11/150] SKIPPING /cluster/tufts/capstone25skyblue/scleme01/SatelliteTurbulencePrediction/model_inputs/2018_12/0000207.npz (already exists)
[12/150] SKIPPING /cluster/tufts/capstone25skyblue/scleme01/SatelliteTurbulencePrediction/model_inputs/2018_12/0000444.npz (already exists)
[13/150] SKIPPING /cluster/tufts/capstone25skyblue/scleme01/SatelliteTurbulencePrediction/model_inputs/2018_12/0000208.npz (already exists)
[14/150] SKIPPING /cluster/tufts/capstone25skyblue/scleme01/SatelliteTurbulencePrediction/model_inputs/2018_12/0000719.npz (already exists)
[15/150] PIREP at (37.37, -118.36) FL31000 2018-12-20 20:12:00 (cache: 0 images)
  SAVED /cluster/tufts/capstone25skyblue/scleme01/SatelliteTurbulencePrediction/model_inputs/2018_12/0000566.npz (7876.1s total | fetch=7848.4s project=1.8s smooth=19.4s | cache hits=0 misses=15)
[16/150] PIREP at (33.19, -85.10) FL22000 2018-12-20 22:03:00 (cache: 15 images)
  SAVED /cluster/tufts/capstone25skyblue/scleme01/SatelliteTurbulencePrediction/model_inputs/2018_12/0000209.npz (8037.7s total | fetch=8009.9s project=1.8s smooth=19.5s | cache hits=0 misses=15)
[17/150] PIREP at (25.33, -90.83) FL39000 2018-12-20 22:32:00 (cache: 30 images)
  SAVED /cluster/tufts/capstone25skyblue/scleme01/SatelliteTurbulencePrediction/model_inputs/2018_12/0000210.npz (2503.3s total | fetch=2492.0s project=0.7s smooth=7.8s | cache hits=9 misses=6)
[18/150] PIREP at (52.33, -117.65) FL25000 2018-12-20 22:44:00 (cache: 36 images)
  SAVED /cluster/tufts/capstone25skyblue/scleme01/SatelliteTurbulencePrediction/model_inputs/2018_12/0000211.npz (26.9s total | fetch=23.1s project=0.2s smooth=2.6s | cache hits=13 misses=2)
[19/150] PIREP at (26.07, -80.15) FL5000 2018-12-20 23:10:00 (cache: 38 images)
  SAVED /cluster/tufts/capstone25skyblue/scleme01/SatelliteTurbulencePrediction/model_inputs/2018_12/0000212.npz (60.1s total | fetch=48.9s project=0.7s smooth=7.7s | cache hits=9 misses=6)
[20/150] PIREP at (25.79, -80.41) FL2000 2018-12-20 23:15:00 (cache: 44 images)
  SAVED /cluster/tufts/capstone25skyblue/scleme01/SatelliteTurbulencePrediction/model_inputs/2018_12/0000213.npz (13.0s total | fetch=11.0s project=0.1s smooth=1.3s | cache hits=14 misses=1)
[21/150] PIREP at (50.90, -114.22) FL6000 2018-12-20 23:45:00 (cache: 45 images)
  SAVED /cluster/tufts/capstone25skyblue/scleme01/SatelliteTurbulencePrediction/model_inputs/2018_12/0000214.npz (63.2s total | fetch=52.1s project=0.7s smooth=7.7s | cache hits=9 misses=6)
[22/150] PIREP at (34.22, -83.73) FL16000 2018-12-20 23:45:00 (cache: 51 images)
  SAVED /cluster/tufts/capstone25skyblue/scleme01/SatelliteTurbulencePrediction/model_inputs/2018_12/0000215.npz (0.2s total | fetch=0.0s project=0.0s smooth=0.0s | cache hits=15 misses=0)
[23/150] PIREP at (29.30, -83.10) FL17000 2018-12-21 00:18:00 (cache: 51 images)
  SAVED /cluster/tufts/capstone25skyblue/scleme01/SatelliteTurbulencePrediction/model_inputs/2018_12/0000216.npz (66.7s total | fetch=55.4s project=0.7s smooth=7.8s | cache hits=9 misses=6)
[24/150] PIREP at (38.76, -87.61) FL29000 2018-12-21 00:24:00 (cache: 57 images)
  SAVED /cluster/tufts/capstone25skyblue/scleme01/SatelliteTurbulencePrediction/model_inputs/2018_12/0000721.npz (6.4s total | fetch=4.3s project=0.1s smooth=1.3s | cache hits=14 misses=1)
[25/150] PIREP at (26.07, -79.87) FL4000 2018-12-21 00:45:00 (cache: 58 images)
  SAVED /cluster/tufts/capstone25skyblue/scleme01/SatelliteTurbulencePrediction/model_inputs/2018_12/0000217.npz (30.6s total | fetch=21.3s project=0.6s smooth=6.4s | cache hits=10 misses=5)
[26/150] PIREP at (26.07, -80.06) FL3000 2018-12-21 00:55:00 (cache: 63 images)
  SAVED /cluster/tufts/capstone25skyblue/scleme01/SatelliteTurbulencePrediction/model_inputs/2018_12/0000218.npz (26.3s total | fetch=22.5s project=0.2s smooth=2.6s | cache hits=13 misses=2)
[27/150] PIREP at (40.22, -79.36) FL28000 2018-12-21 01:14:00 (cache: 65 images)
  SAVED /cluster/tufts/capstone25skyblue/scleme01/SatelliteTurbulencePrediction/model_inputs/2018_12/0000672.npz (47.8s total | fetch=42.2s project=0.4s smooth=3.9s | cache hits=12 misses=3)
[28/150] PIREP at (51.57, -115.28) FL35000 2018-12-21 01:20:00 (cache: 68 images)
  SAVED /cluster/tufts/capstone25skyblue/scleme01/SatelliteTurbulencePrediction/model_inputs/2018_12/0000219.npz (21.6s total | fetch=17.8s project=0.2s smooth=2.6s | cache hits=13 misses=2)
[29/150] PIREP at (32.63, -84.19) FL14500 2018-12-21 01:31:00 (cache: 70 images)
  SAVED /cluster/tufts/capstone25skyblue/scleme01/SatelliteTurbulencePrediction/model_inputs/2018_12/0000220.npz (24.2s total | fetch=20.3s project=0.2s smooth=2.6s | cache hits=13 misses=2)
[30/150] PIREP at (47.04, -122.14) FL15000 2018-12-21 01:34:00 (cache: 72 images)
  SAVED /cluster/tufts/capstone25skyblue/scleme01/SatelliteTurbulencePrediction/model_inputs/2018_12/0000221.npz (0.1s total | fetch=0.0s project=0.0s smooth=0.0s | cache hits=15 misses=0)
[31/150] PIREP at (34.27, -78.51) FL11000 2018-12-21 03:04:00 (cache: 72 images)
  SAVED /cluster/tufts/capstone25skyblue/scleme01/SatelliteTurbulencePrediction/model_inputs/2018_12/0000222.npz (142.8s total | fetch=115.2s project=1.8s smooth=19.3s | cache hits=0 misses=15)
[32/150] PIREP at (34.27, -78.51) FL11000 2018-12-21 03:04:00 (cache: 87 images)
  SAVED /cluster/tufts/capstone25skyblue/scleme01/SatelliteTurbulencePrediction/model_inputs/2018_12/0000223.npz (0.2s total | fetch=0.0s project=0.0s smooth=0.0s | cache hits=15 misses=0)
[33/150] PIREP at (42.11, -77.99) FL34000 2018-12-21 03:12:00 (cache: 87 images)
  SAVED /cluster/tufts/capstone25skyblue/scleme01/SatelliteTurbulencePrediction/model_inputs/2018_12/0000788.npz (18.9s total | fetch=15.0s project=0.2s smooth=2.6s | cache hits=13 misses=2)
[34/150] PIREP at (50.82, -113.54) FL10000 2018-12-21 04:23:00 (cache: 89 images)
  SAVED /cluster/tufts/capstone25skyblue/scleme01/SatelliteTurbulencePrediction/model_inputs/2018_12/0000224.npz (154.1s total | fetch=128.4s project=1.7s smooth=18.0s | cache hits=1 misses=14)
[35/150] PIREP at (38.85, -105.26) FL21000 2018-12-21 08:05:00 (cache: 103 images)
  SAVED /cluster/tufts/capstone25skyblue/scleme01/SatelliteTurbulencePrediction/model_inputs/2018_12/0000225.npz (104.3s total | fetch=76.8s project=1.8s smooth=19.3s | cache hits=0 misses=15)
[36/150] PIREP at (40.12, -76.73) FL25000 2018-12-21 11:20:00 (cache: 118 images)
  SAVED /cluster/tufts/capstone25skyblue/scleme01/SatelliteTurbulencePrediction/model_inputs/2018_12/0000498.npz (139.3s total | fetch=111.8s project=1.8s smooth=19.3s | cache hits=0 misses=15)
[37/150] PIREP at (41.03, -112.03) FL13000 2018-12-21 12:00:00 (cache: 133 images)
  SAVED /cluster/tufts/capstone25skyblue/scleme01/SatelliteTurbulencePrediction/model_inputs/2018_12/0000512.npz (80.4s total | fetch=65.6s project=1.0s smooth=10.3s | cache hits=7 misses=8)
[38/150] PIREP at (41.83, -95.37) FL36000 2018-12-21 12:18:00 (cache: 141 images)
  SAVED /cluster/tufts/capstone25skyblue/scleme01/SatelliteTurbulencePrediction/model_inputs/2018_12/0000757.npz (27.4s total | fetch=21.7s project=0.4s smooth=3.9s | cache hits=12 misses=3)
[39/150] PIREP at (45.08, -101.72) FL36000 2018-12-21 13:02:00 (cache: 144 images)
  SAVED /cluster/tufts/capstone25skyblue/scleme01/SatelliteTurbulencePrediction/model_inputs/2018_12/0000434.npz (1829.9s total | fetch=1813.3s project=1.1s smooth=11.6s | cache hits=6 misses=9)
[40/150] PIREP at (34.51, -80.94) FL20000 2018-12-21 13:10:00 (cache: 153 images)
  SAVED /cluster/tufts/capstone25skyblue/scleme01/SatelliteTurbulencePrediction/model_inputs/2018_12/0000592.npz (1067.7s total | fetch=1063.9s project=0.2s smooth=2.6s | cache hits=13 misses=2)
[41/150] PIREP at (26.79, -82.00) FL11000 2018-12-21 13:22:00 (cache: 155 images)
  SAVED /cluster/tufts/capstone25skyblue/scleme01/SatelliteTurbulencePrediction/model_inputs/2018_12/0000226.npz (1048.4s total | fetch=1044.4s project=0.2s smooth=2.6s | cache hits=13 misses=2)
[42/150] PIREP at (41.87, -78.05) FL16000 2018-12-21 14:14:00 (cache: 157 images)
  SAVED /cluster/tufts/capstone25skyblue/scleme01/SatelliteTurbulencePrediction/model_inputs/2018_12/0000227.npz (5761.3s total | fetch=5742.8s project=1.2s smooth=12.9s | cache hits=5 misses=10)
[43/150] PIREP at (39.51, -104.77) FL7000 2018-12-21 15:10:00 (cache: 167 images)
  SAVED /cluster/tufts/capstone25skyblue/scleme01/SatelliteTurbulencePrediction/model_inputs/2018_12/0000228.npz (7801.0s total | fetch=7778.8s project=1.4s smooth=15.5s | cache hits=3 misses=12)
[44/150] PIREP at (32.70, -110.99) FL37000 2018-12-21 15:22:00 (cache: 179 images)
  SAVED /cluster/tufts/capstone25skyblue/scleme01/SatelliteTurbulencePrediction/model_inputs/2018_12/0000506.npz (1546.1s total | fetch=1542.2s project=0.2s smooth=2.6s | cache hits=13 misses=2)
[45/150] PIREP at (41.79, -87.75) FL2000 2018-12-21 15:27:00 (cache: 181 images)
  SAVED /cluster/tufts/capstone25skyblue/scleme01/SatelliteTurbulencePrediction/model_inputs/2018_12/0000454.npz (655.2s total | fetch=653.2s project=0.1s smooth=1.3s | cache hits=14 misses=1)
[46/150] PIREP at (33.23, -114.28) FL39000 2018-12-21 16:02:00 (cache: 182 images)
  SAVED /cluster/tufts/capstone25skyblue/scleme01/SatelliteTurbulencePrediction/model_inputs/2018_12/0000586.npz (5481.6s total | fetch=5468.6s project=0.8s smooth=9.0s | cache hits=8 misses=7)
[47/150] PIREP at (38.71, -78.32) FL15000 2018-12-21 16:33:00 (cache: 189 images)
  SAVED /cluster/tufts/capstone25skyblue/scleme01/SatelliteTurbulencePrediction/model_inputs/2018_12/0000229.npz (5505.4s total | fetch=5494.2s project=0.7s smooth=7.7s | cache hits=9 misses=6)
[48/150] PIREP at (39.53, -72.97) FL34000 2018-12-21 16:51:00 (cache: 195 images)
  SAVED /cluster/tufts/capstone25skyblue/scleme01/SatelliteTurbulencePrediction/model_inputs/2018_12/0000230.npz (3625.3s total | fetch=3617.8s project=0.5s smooth=5.2s | cache hits=11 misses=4)
[49/150] PIREP at (64.81, -147.85) FL7000 2018-12-21 17:20:00 (cache: 199 images)
  SAVED /cluster/tufts/capstone25skyblue/scleme01/SatelliteTurbulencePrediction/model_inputs/2018_12/0000583.npz (5982.2s total | fetch=5971.1s project=0.7s smooth=7.7s | cache hits=9 misses=6)
[50/150] PIREP at (33.63, -85.64) FL29000 2018-12-21 17:33:00 (cache: 205 images)
  SAVED /cluster/tufts/capstone25skyblue/scleme01/SatelliteTurbulencePrediction/model_inputs/2018_12/0000717.npz (2077.8s total | fetch=2074.0s project=0.2s smooth=2.6s | cache hits=13 misses=2)
[51/150] PIREP at (34.65, -106.44) FL12500 2018-12-21 18:38:00 (cache: 207 images)
