Resetting environment
Deactivating conda environment (if any)
Purging all modules
Done! Environment has been torn down
Loading cuda and miniforge...
Activating conda environment...
Redirecting into the satellite repo...
Done! Environment has now been set up
Processing 2018/04 chunk [300:450]
Fetching satellite data for PIREPs in /cluster/tufts/capstone25skyblue/scleme01/SatelliteTurbulencePrediction/pireps/2018/04_turb_pireps.csv
Processing chunk [300:450] (150 PIREPs) from /cluster/tufts/capstone25skyblue/scleme01/SatelliteTurbulencePrediction/pireps/2018/04_turb_pireps.csv
[1/150] PIREP at (40.79, -86.96) FL23000 2018-04-15 17:36:00 (cache: 0 images)
  SAVED /cluster/tufts/capstone25skyblue/scleme01/SatelliteTurbulencePrediction/model_inputs/2018_04/0000560.npz (7834.3s total | fetch=7803.9s project=2.0s smooth=21.2s | cache hits=0 misses=15)
[2/150] PIREP at (33.48, -77.68) FL43000 2018-04-15 18:36:00 (cache: 15 images)
  SAVED /cluster/tufts/capstone25skyblue/scleme01/SatelliteTurbulencePrediction/model_inputs/2018_04/0000152.npz (6619.1s total | fetch=6594.8s project=1.6s smooth=16.9s | cache hits=3 misses=12)
[3/150] PIREP at (33.58, -77.78) FL40000 2018-04-15 18:38:00 (cache: 27 images)
  SAVED /cluster/tufts/capstone25skyblue/scleme01/SatelliteTurbulencePrediction/model_inputs/2018_04/0000153.npz (0.2s total | fetch=0.0s project=0.0s smooth=0.0s | cache hits=15 misses=0)
[4/150] PIREP at (40.14, -75.27) FL0 2018-04-15 18:48:00 (cache: 27 images)
  SAVED /cluster/tufts/capstone25skyblue/scleme01/SatelliteTurbulencePrediction/model_inputs/2018_04/0000154.npz (1295.0s total | fetch=1290.8s project=0.3s smooth=2.8s | cache hits=13 misses=2)
[5/150] PIREP at (34.66, -83.60) FL10000 2018-04-15 18:52:00 (cache: 29 images)
  SAVED /cluster/tufts/capstone25skyblue/scleme01/SatelliteTurbulencePrediction/model_inputs/2018_04/0000155.npz (691.6s total | fetch=689.3s project=0.1s smooth=1.4s | cache hits=14 misses=1)
[6/150] PIREP at (53.44, -75.91) FL30000 2018-04-15 19:06:00 (cache: 30 images)
  SAVED /cluster/tufts/capstone25skyblue/scleme01/SatelliteTurbulencePrediction/model_inputs/2018_04/0000156.npz (1631.3s total | fetch=1625.3s project=0.4s smooth=4.2s | cache hits=12 misses=3)
[7/150] PIREP at (38.28, -94.34) FL36000 2018-04-15 21:02:00 (cache: 33 images)
  SAVED /cluster/tufts/capstone25skyblue/scleme01/SatelliteTurbulencePrediction/model_inputs/2018_04/0000441.npz (8757.1s total | fetch=8726.6s project=2.1s smooth=21.2s | cache hits=0 misses=15)
[8/150] PIREP at (56.08, -132.32) FL2000 2018-04-15 22:02:00 (cache: 48 images)
  SAVED /cluster/tufts/capstone25skyblue/scleme01/SatelliteTurbulencePrediction/model_inputs/2018_04/0000568.npz (8486.3s total | fetch=8462.0s project=1.6s smooth=17.0s | cache hits=3 misses=12)
[9/150] PIREP at (42.83, -71.33) FL33000 2018-04-15 22:22:00 (cache: 60 images)
  SAVED /cluster/tufts/capstone25skyblue/scleme01/SatelliteTurbulencePrediction/model_inputs/2018_04/0000544.npz (2413.3s total | fetch=2405.1s project=0.5s smooth=5.6s | cache hits=11 misses=4)
[10/150] PIREP at (29.69, -82.28) FL19000 2018-04-15 23:00:00 (cache: 64 images)
  SAVED /cluster/tufts/capstone25skyblue/scleme01/SatelliteTurbulencePrediction/model_inputs/2018_04/0000539.npz (5798.1s total | fetch=5781.8s project=1.1s smooth=11.3s | cache hits=7 misses=8)
[11/150] PIREP at (51.19, -72.34) FL30000 2018-04-15 23:27:00 (cache: 72 images)
  SAVED /cluster/tufts/capstone25skyblue/scleme01/SatelliteTurbulencePrediction/model_inputs/2018_04/0000157.npz (3532.0s total | fetch=3521.8s project=0.7s smooth=7.1s | cache hits=10 misses=5)
[12/150] PIREP at (35.82, -83.99) FL28000 2018-04-15 23:59:00 (cache: 77 images)
  SAVED /cluster/tufts/capstone25skyblue/scleme01/SatelliteTurbulencePrediction/model_inputs/2018_04/0000343.npz (4658.2s total | fetch=4645.9s project=0.8s smooth=8.4s | cache hits=9 misses=6)
[13/150] PIREP at (35.88, -78.79) FL37000 2018-04-16 01:15:00 (cache: 83 images)
  SAVED /cluster/tufts/capstone25skyblue/scleme01/SatelliteTurbulencePrediction/model_inputs/2018_04/0000158.npz (228.9s total | fetch=198.8s project=2.0s smooth=21.0s | cache hits=0 misses=15)
[14/150] PIREP at (35.88, -78.38) FL16000 2018-04-16 02:05:00 (cache: 98 images)
  SAVED /cluster/tufts/capstone25skyblue/scleme01/SatelliteTurbulencePrediction/model_inputs/2018_04/0000159.npz (88.6s total | fetch=68.4s project=1.3s smooth=14.0s | cache hits=5 misses=10)
[15/150] PIREP at (36.11, -78.50) FL16000 2018-04-16 02:41:00 (cache: 108 images)
  SAVED /cluster/tufts/capstone25skyblue/scleme01/SatelliteTurbulencePrediction/model_inputs/2018_04/0000160.npz (94.3s total | fetch=80.2s project=0.9s smooth=9.8s | cache hits=8 misses=7)
[16/150] PIREP at (38.02, -122.59) FL22000 2018-04-16 03:34:00 (cache: 115 images)
  SAVED /cluster/tufts/capstone25skyblue/scleme01/SatelliteTurbulencePrediction/model_inputs/2018_04/0000289.npz (138.7s total | fetch=118.6s project=1.3s smooth=14.0s | cache hits=5 misses=10)
[17/150] PIREP at (45.56, -87.09) FL35000 2018-04-16 07:34:00 (cache: 125 images)
  SAVED /cluster/tufts/capstone25skyblue/scleme01/SatelliteTurbulencePrediction/model_inputs/2018_04/0000161.npz (182.3s total | fetch=152.2s project=2.0s smooth=21.0s | cache hits=0 misses=15)
[18/150] PIREP at (40.47, -74.89) FL28000 2018-04-16 10:23:00 (cache: 140 images)
  SAVED /cluster/tufts/capstone25skyblue/scleme01/SatelliteTurbulencePrediction/model_inputs/2018_04/0000423.npz (160.6s total | fetch=130.5s project=2.0s smooth=21.0s | cache hits=0 misses=15)
[19/150] PIREP at (32.03, -84.96) FL41000 2018-04-16 11:16:00 (cache: 155 images)
  SAVED /cluster/tufts/capstone25skyblue/scleme01/SatelliteTurbulencePrediction/model_inputs/2018_04/0000331.npz (119.8s total | fetch=97.5s project=1.5s smooth=15.5s | cache hits=4 misses=11)
[20/150] PIREP at (38.36, -91.66) FL40000 2018-04-16 11:21:00 (cache: 166 images)
  SAVED /cluster/tufts/capstone25skyblue/scleme01/SatelliteTurbulencePrediction/model_inputs/2018_04/0000447.npz (13.7s total | fetch=11.4s project=0.1s smooth=1.4s | cache hits=14 misses=1)
[21/150] PIREP at (40.78, -73.88) FL2000 2018-04-16 13:15:00 (cache: 167 images)
