Resetting environment
Deactivating conda environment (if any)
Purging all modules
Done! Environment has been torn down
Loading cuda and miniforge...
Activating conda environment...
Redirecting into the satellite repo...
Done! Environment has now been set up
Processing 2018/01 chunk [150:300]
Fetching satellite data for PIREPs in /cluster/tufts/capstone25skyblue/scleme01/SatelliteTurbulencePrediction/pireps/2018/01_turb_pireps.csv
Processing chunk [150:300] (150 PIREPs) from /cluster/tufts/capstone25skyblue/scleme01/SatelliteTurbulencePrediction/pireps/2018/01_turb_pireps.csv
[1/150] PIREP at (61.11, -149.88) FL2500 2018-01-12 02:50:00 (cache: 0 images)
  SAVED /cluster/tufts/capstone25skyblue/scleme01/SatelliteTurbulencePrediction/model_inputs/2018_01/0000070.npz (66.5s total | fetch=41.4s project=1.6s smooth=17.7s | cache hits=0 misses=15)
[2/150] PIREP at (39.40, -119.77) FL8000 2018-01-12 02:57:00 (cache: 15 images)
  SAVED /cluster/tufts/capstone25skyblue/scleme01/SatelliteTurbulencePrediction/model_inputs/2018_01/0000071.npz (7.2s total | fetch=5.3s project=0.1s smooth=1.2s | cache hits=14 misses=1)
[3/150] PIREP at (34.01, -95.66) FL30000 2018-01-12 03:22:00 (cache: 16 images)
  SAVED /cluster/tufts/capstone25skyblue/scleme01/SatelliteTurbulencePrediction/model_inputs/2018_01/0000072.npz (43.7s total | fetch=35.0s project=0.6s smooth=6.0s | cache hits=10 misses=5)
[4/150] PIREP at (38.33, -96.19) FL35000 2018-01-12 03:32:00 (cache: 21 images)
  SAVED /cluster/tufts/capstone25skyblue/scleme01/SatelliteTurbulencePrediction/model_inputs/2018_01/0000246.npz (19.8s total | fetch=16.2s project=0.2s smooth=2.4s | cache hits=13 misses=2)
[5/150] PIREP at (59.33, -22.00) FL37000 2018-01-12 08:14:00 (cache: 23 images)
  SAVED /cluster/tufts/capstone25skyblue/scleme01/SatelliteTurbulencePrediction/model_inputs/2018_01/0000229.npz (117.8s total | fetch=92.3s project=1.7s smooth=17.9s | cache hits=0 misses=15)
[6/150] PIREP at (41.16, -89.59) FL36000 2018-01-12 11:49:00 (cache: 38 images)
  SAVED /cluster/tufts/capstone25skyblue/scleme01/SatelliteTurbulencePrediction/model_inputs/2018_01/0000356.npz (105.6s total | fetch=80.3s project=1.7s smooth=17.8s | cache hits=0 misses=15)
[7/150] PIREP at (45.82, -88.11) FL23000 2018-01-12 11:50:00 (cache: 53 images)
  SAVED /cluster/tufts/capstone25skyblue/scleme01/SatelliteTurbulencePrediction/model_inputs/2018_01/0000405.npz (4.4s total | fetch=2.6s project=0.1s smooth=1.2s | cache hits=14 misses=1)
[8/150] PIREP at (40.80, -74.82) FL3000 2018-01-12 12:38:00 (cache: 54 images)
  SAVED /cluster/tufts/capstone25skyblue/scleme01/SatelliteTurbulencePrediction/model_inputs/2018_01/0000073.npz (49.1s total | fetch=33.8s project=1.0s smooth=10.6s | cache hits=6 misses=9)
[9/150] PIREP at (40.80, -74.82) FL3000 2018-01-12 12:38:00 (cache: 63 images)
  SAVED /cluster/tufts/capstone25skyblue/scleme01/SatelliteTurbulencePrediction/model_inputs/2018_01/0000074.npz (0.1s total | fetch=0.0s project=0.0s smooth=0.0s | cache hits=15 misses=0)
[10/150] PIREP at (41.69, -84.10) FL17000 2018-01-12 13:22:00 (cache: 63 images)
  SAVED /cluster/tufts/capstone25skyblue/scleme01/SatelliteTurbulencePrediction/model_inputs/2018_01/0000412.npz (2602.4s total | fetch=2587.4s project=1.0s smooth=10.5s | cache hits=6 misses=9)
[11/150] PIREP at (37.43, -90.43) FL34000 2018-01-12 13:59:00 (cache: 72 images)
  SAVED /cluster/tufts/capstone25skyblue/scleme01/SatelliteTurbulencePrediction/model_inputs/2018_01/0000368.npz (2986.1s total | fetch=2974.5s project=0.7s smooth=8.1s | cache hits=8 misses=7)
[12/150] PIREP at (35.70, -101.39) FL26000 2018-01-12 15:50:00 (cache: 79 images)
  SAVED /cluster/tufts/capstone25skyblue/scleme01/SatelliteTurbulencePrediction/model_inputs/2018_01/0000341.npz (7740.8s total | fetch=7715.9s project=1.6s smooth=17.4s | cache hits=0 misses=15)
[13/150] PIREP at (32.98, -90.10) FL34000 2018-01-12 16:22:00 (cache: 94 images)
  SAVED /cluster/tufts/capstone25skyblue/scleme01/SatelliteTurbulencePrediction/model_inputs/2018_01/0000245.npz (3392.6s total | fetch=3382.4s project=0.7s smooth=7.0s | cache hits=9 misses=6)
[14/150] PIREP at (28.86, -101.42) FL16500 2018-01-12 16:25:00 (cache: 100 images)
  SAVED /cluster/tufts/capstone25skyblue/scleme01/SatelliteTurbulencePrediction/model_inputs/2018_01/0000413.npz (606.4s total | fetch=604.6s project=0.1s smooth=1.1s | cache hits=14 misses=1)
[15/150] PIREP at (19.83, -155.20) FL6000 2018-01-12 17:26:00 (cache: 101 images)
  SAVED /cluster/tufts/capstone25skyblue/scleme01/SatelliteTurbulencePrediction/model_inputs/2018_01/0000263.npz (6931.7s total | fetch=6911.7s project=1.3s smooth=14.1s | cache hits=3 misses=12)
[16/150] PIREP at (34.87, -112.48) FL8500 2018-01-12 19:06:00 (cache: 113 images)
  SAVED /cluster/tufts/capstone25skyblue/scleme01/SatelliteTurbulencePrediction/model_inputs/2018_01/0000309.npz (10082.4s total | fetch=10057.7s project=1.6s smooth=17.2s | cache hits=0 misses=15)
[17/150] PIREP at (35.24, -120.64) FL3500 2018-01-12 20:37:00 (cache: 128 images)
  SAVED /cluster/tufts/capstone25skyblue/scleme01/SatelliteTurbulencePrediction/model_inputs/2018_01/0000075.npz (11484.0s total | fetch=11459.4s project=1.6s smooth=17.1s | cache hits=0 misses=15)
[18/150] PIREP at (35.63, -82.26) FL20000 2018-01-12 21:24:00 (cache: 143 images)
  SAVED /cluster/tufts/capstone25skyblue/scleme01/SatelliteTurbulencePrediction/model_inputs/2018_01/0000076.npz (8423.0s total | fetch=8408.3s project=0.9s smooth=10.2s | cache hits=6 misses=9)
[19/150] PIREP at (35.75, -82.05) FL8000 2018-01-12 22:22:00 (cache: 152 images)
