Resetting environment
Deactivating conda environment (if any)
Purging all modules
Done! Environment has been torn down
Loading cuda and miniforge...
Activating conda environment...
Redirecting into the satellite repo...
Done! Environment has now been set up
Processing 2020/01 chunk [770:880]
Fetching satellite data for PIREPs in /cluster/tufts/capstone25skyblue/scleme01/SatelliteTurbulencePrediction/pireps/2020/01_turb_pireps.csv
Processing chunk [770:880] (42 PIREPs) from /cluster/tufts/capstone25skyblue/scleme01/SatelliteTurbulencePrediction/pireps/2020/01_turb_pireps.csv
[1/42] PIREP at (33.45, -93.99) FL36000 2020-01-30 19:32:00 (cache: 0 images)
  SAVED /cluster/tufts/capstone25skyblue/scleme01/SatelliteTurbulencePrediction/model_inputs/2020_01/0000757.npz (13723.2s total | fetch=13698.9s project=1.6s smooth=16.9s | cache hits=0 misses=15)
[2/42] PIREP at (31.38, -84.54) FL35000 2020-01-30 19:58:00 (cache: 15 images)
  SAVED /cluster/tufts/capstone25skyblue/scleme01/SatelliteTurbulencePrediction/model_inputs/2020_01/0000390.npz (4647.7s total | fetch=4639.5s project=0.5s smooth=5.6s | cache hits=10 misses=5)
[3/42] PIREP at (34.88, -105.81) FL35000 2020-01-30 20:07:00 (cache: 20 images)
  SAVED /cluster/tufts/capstone25skyblue/scleme01/SatelliteTurbulencePrediction/model_inputs/2020_01/0000725.npz (1745.4s total | fetch=1742.0s project=0.2s smooth=2.3s | cache hits=13 misses=2)
[4/42] PIREP at (40.93, -106.93) FL16000 2020-01-30 23:33:00 (cache: 22 images)
  SAVED /cluster/tufts/capstone25skyblue/scleme01/SatelliteTurbulencePrediction/model_inputs/2020_01/0000426.npz (12840.0s total | fetch=12815.9s project=1.6s smooth=16.8s | cache hits=0 misses=15)
[5/42] PIREP at (36.49, -104.87) FL40000 2020-01-30 23:51:00 (cache: 37 images)
  SAVED /cluster/tufts/capstone25skyblue/scleme01/SatelliteTurbulencePrediction/model_inputs/2020_01/0000586.npz (50.4s total | fetch=43.8s project=0.4s smooth=4.4s | cache hits=11 misses=4)
[6/42] PIREP at (37.60, -81.56) FL11000 2020-01-31 00:01:00 (cache: 41 images)
  SAVED /cluster/tufts/capstone25skyblue/scleme01/SatelliteTurbulencePrediction/model_inputs/2020_01/0000767.npz (28.6s total | fetch=25.3s project=0.2s smooth=2.2s | cache hits=13 misses=2)
[7/42] PIREP at (34.14, -117.62) FL5000 2020-01-31 00:35:00 (cache: 43 images)
  SAVED /cluster/tufts/capstone25skyblue/scleme01/SatelliteTurbulencePrediction/model_inputs/2020_01/0000391.npz (71.3s total | fetch=60.2s project=0.7s smooth=7.7s | cache hits=8 misses=7)
[8/42] PIREP at (45.41, -122.95) FL7000 2020-01-31 01:01:00 (cache: 50 images)
  SAVED /cluster/tufts/capstone25skyblue/scleme01/SatelliteTurbulencePrediction/model_inputs/2020_01/0000689.npz (73.2s total | fetch=65.1s project=0.5s smooth=5.6s | cache hits=10 misses=5)
[9/42] PIREP at (32.91, -85.76) FL3500 2020-01-31 01:06:00 (cache: 55 images)
  SAVED /cluster/tufts/capstone25skyblue/scleme01/SatelliteTurbulencePrediction/model_inputs/2020_01/0000762.npz (12.8s total | fetch=11.0s project=0.1s smooth=1.1s | cache hits=14 misses=1)
[10/42] PIREP at (41.17, -95.74) FL36000 2020-01-31 01:30:00 (cache: 56 images)
  SAVED /cluster/tufts/capstone25skyblue/scleme01/SatelliteTurbulencePrediction/model_inputs/2020_01/0000583.npz (71.7s total | fetch=63.7s project=0.5s smooth=5.6s | cache hits=10 misses=5)
[11/42] PIREP at (32.10, -95.15) FL31000 2020-01-31 01:52:00 (cache: 61 images)
  SAVED /cluster/tufts/capstone25skyblue/scleme01/SatelliteTurbulencePrediction/model_inputs/2020_01/0000392.npz (50.8s total | fetch=44.2s project=0.4s smooth=4.5s | cache hits=11 misses=4)
[12/42] PIREP at (32.10, -95.15) FL31000 2020-01-31 01:52:00 (cache: 65 images)
  SAVED /cluster/tufts/capstone25skyblue/scleme01/SatelliteTurbulencePrediction/model_inputs/2020_01/0000393.npz (0.2s total | fetch=0.0s project=0.0s smooth=0.0s | cache hits=15 misses=0)
[13/42] PIREP at (34.18, -117.25) FL6000 2020-01-31 02:30:00 (cache: 65 images)
  SAVED /cluster/tufts/capstone25skyblue/scleme01/SatelliteTurbulencePrediction/model_inputs/2020_01/0000394.npz (93.9s total | fetch=81.0s project=0.8s smooth=8.9s | cache hits=7 misses=8)
[14/42] PIREP at (29.19, -90.03) FL41000 2020-01-31 02:56:00 (cache: 73 images)
  SAVED /cluster/tufts/capstone25skyblue/scleme01/SatelliteTurbulencePrediction/model_inputs/2020_01/0000396.npz (69.9s total | fetch=61.9s project=0.5s smooth=5.5s | cache hits=10 misses=5)
[15/42] PIREP at (29.19, -90.03) FL41000 2020-01-31 02:56:00 (cache: 78 images)
  SAVED /cluster/tufts/capstone25skyblue/scleme01/SatelliteTurbulencePrediction/model_inputs/2020_01/0000395.npz (0.2s total | fetch=0.0s project=0.0s smooth=0.0s | cache hits=15 misses=0)
[16/42] PIREP at (49.30, -112.80) FL37000 2020-01-31 03:06:00 (cache: 78 images)
  SAVED /cluster/tufts/capstone25skyblue/scleme01/SatelliteTurbulencePrediction/model_inputs/2020_01/0000397.npz (26.3s total | fetch=23.0s project=0.2s smooth=2.2s | cache hits=13 misses=2)
[17/42] PIREP at (35.08, -108.79) FL34000 2020-01-31 03:24:00 (cache: 80 images)
  SAVED /cluster/tufts/capstone25skyblue/scleme01/SatelliteTurbulencePrediction/model_inputs/2020_01/0000806.npz (41.9s total | fetch=37.0s project=0.3s smooth=3.3s | cache hits=12 misses=3)
[18/42] PIREP at (58.40, -135.09) FL4000 2020-01-31 04:58:00 (cache: 83 images)
  SAVED /cluster/tufts/capstone25skyblue/scleme01/SatelliteTurbulencePrediction/model_inputs/2020_01/0000557.npz (181.5s total | fetch=157.8s project=1.6s smooth=16.6s | cache hits=0 misses=15)
[19/42] PIREP at (38.35, -121.96) FL34000 2020-01-31 05:34:00 (cache: 98 images)
  SAVED /cluster/tufts/capstone25skyblue/scleme01/SatelliteTurbulencePrediction/model_inputs/2020_01/0000717.npz (50.0s total | fetch=38.8s project=0.7s smooth=7.8s | cache hits=8 misses=7)
[20/42] PIREP at (52.39, -99.19) FL31000 2020-01-31 09:49:00 (cache: 105 images)
  SAVED /cluster/tufts/capstone25skyblue/scleme01/SatelliteTurbulencePrediction/model_inputs/2020_01/0000398.npz (186.2s total | fetch=162.1s project=1.6s smooth=16.9s | cache hits=0 misses=15)
[21/42] PIREP at (21.02, -70.23) FL40000 2020-01-31 11:54:00 (cache: 120 images)
  SAVED /cluster/tufts/capstone25skyblue/scleme01/SatelliteTurbulencePrediction/model_inputs/2020_01/0000489.npz (151.6s total | fetch=127.7s project=1.6s smooth=16.5s | cache hits=0 misses=15)
[22/42] PIREP at (28.35, -82.70) FL37000 2020-01-31 12:04:00 (cache: 135 images)
  SAVED /cluster/tufts/capstone25skyblue/scleme01/SatelliteTurbulencePrediction/model_inputs/2020_01/0000468.npz (31.5s total | fetch=28.1s project=0.2s smooth=2.2s | cache hits=13 misses=2)
[23/42] PIREP at (29.64, -83.10) FL28000 2020-01-31 12:05:00 (cache: 137 images)
  SAVED /cluster/tufts/capstone25skyblue/scleme01/SatelliteTurbulencePrediction/model_inputs/2020_01/0000698.npz (15.4s total | fetch=13.6s project=0.1s smooth=1.1s | cache hits=14 misses=1)
[24/42] PIREP at (29.67, -83.10) FL8000 2020-01-31 13:12:00 (cache: 138 images)
  SAVED /cluster/tufts/capstone25skyblue/scleme01/SatelliteTurbulencePrediction/model_inputs/2020_01/0000399.npz (1882.0s total | fetch=1861.3s project=1.4s smooth=14.4s | cache hits=2 misses=13)
[25/42] PIREP at (27.95, -79.21) FL17000 2020-01-31 13:14:00 (cache: 151 images)
  SAVED /cluster/tufts/capstone25skyblue/scleme01/SatelliteTurbulencePrediction/model_inputs/2020_01/0000520.npz (0.2s total | fetch=0.0s project=0.0s smooth=0.0s | cache hits=15 misses=0)
[26/42] PIREP at (45.92, -69.07) FL9000 2020-01-31 13:16:00 (cache: 151 images)
  SAVED /cluster/tufts/capstone25skyblue/scleme01/SatelliteTurbulencePrediction/model_inputs/2020_01/0000735.npz (985.4s total | fetch=983.7s project=0.1s smooth=1.1s | cache hits=14 misses=1)
[27/42] PIREP at (40.15, -83.03) FL25500 2020-01-31 15:04:00 (cache: 152 images)
  SAVED /cluster/tufts/capstone25skyblue/scleme01/SatelliteTurbulencePrediction/model_inputs/2020_01/0000575.npz (13022.9s total | fetch=12998.8s project=1.6s smooth=16.8s | cache hits=0 misses=15)
[28/42] PIREP at (34.55, 172.77) FL38000 2020-01-31 15:16:00 (cache: 167 images)
  SAVED /cluster/tufts/capstone25skyblue/scleme01/SatelliteTurbulencePrediction/model_inputs/2020_01/0000400.npz (2893.2s total | fetch=2888.2s project=0.3s smooth=3.3s | cache hits=12 misses=3)
[29/42] PIREP at (36.73, -103.99) FL40000 2020-01-31 15:22:00 (cache: 170 images)
  SAVED /cluster/tufts/capstone25skyblue/scleme01/SatelliteTurbulencePrediction/model_inputs/2020_01/0000778.npz (907.4s total | fetch=905.6s project=0.1s smooth=1.1s | cache hits=14 misses=1)
[30/42] PIREP at (27.68, -79.23) FL30000 2020-01-31 16:25:00 (cache: 171 images)
  SAVED /cluster/tufts/capstone25skyblue/scleme01/SatelliteTurbulencePrediction/model_inputs/2020_01/0000537.npz (12339.5s total | fetch=12318.7s project=1.4s smooth=14.4s | cache hits=2 misses=13)
[31/42] PIREP at (23.35, -74.60) FL35000 2020-01-31 16:59:00 (cache: 184 images)
  SAVED /cluster/tufts/capstone25skyblue/scleme01/SatelliteTurbulencePrediction/model_inputs/2020_01/0000756.npz (5292.6s total | fetch=5282.8s project=0.6s smooth=6.7s | cache hits=9 misses=6)
[32/42] PIREP at (42.39, -96.38) FL43000 2020-01-31 17:02:00 (cache: 190 images)
  SAVED /cluster/tufts/capstone25skyblue/scleme01/SatelliteTurbulencePrediction/model_inputs/2020_01/0000545.npz (959.3s total | fetch=957.5s project=0.1s smooth=1.1s | cache hits=14 misses=1)
[33/42] PIREP at (30.12, -79.73) FL38000 2020-01-31 17:14:00 (cache: 191 images)
  SAVED /cluster/tufts/capstone25skyblue/scleme01/SatelliteTurbulencePrediction/model_inputs/2020_01/0000401.npz (1919.6s total | fetch=1916.3s project=0.2s smooth=2.2s | cache hits=13 misses=2)
[34/42] PIREP at (40.26, -84.84) FL24000 2020-01-31 17:20:00 (cache: 193 images)
  SAVED /cluster/tufts/capstone25skyblue/scleme01/SatelliteTurbulencePrediction/model_inputs/2020_01/0000681.npz (1534.9s total | fetch=1531.5s project=0.2s smooth=2.2s | cache hits=13 misses=2)
[35/42] PIREP at (33.15, -116.99) FL4500 2020-01-31 17:45:00 (cache: 195 images)
  SAVED /cluster/tufts/capstone25skyblue/scleme01/SatelliteTurbulencePrediction/model_inputs/2020_01/0000402.npz (4068.3s total | fetch=4060.1s project=0.5s smooth=5.6s | cache hits=10 misses=5)
[36/42] PIREP at (33.15, -116.99) FL4500 2020-01-31 17:45:00 (cache: 200 images)
  SAVED /cluster/tufts/capstone25skyblue/scleme01/SatelliteTurbulencePrediction/model_inputs/2020_01/0000403.npz (0.2s total | fetch=0.0s project=0.0s smooth=0.0s | cache hits=15 misses=0)
[37/42] PIREP at (24.32, -85.32) FL21000 2020-01-31 18:16:00 (cache: 200 images)
  SAVED /cluster/tufts/capstone25skyblue/scleme01/SatelliteTurbulencePrediction/model_inputs/2020_01/0000404.npz (5021.9s total | fetch=5012.2s project=0.6s smooth=6.7s | cache hits=9 misses=6)
[38/42] PIREP at (24.32, -85.32) FL21000 2020-01-31 18:16:00 (cache: 206 images)
  SAVED /cluster/tufts/capstone25skyblue/scleme01/SatelliteTurbulencePrediction/model_inputs/2020_01/0000405.npz (0.2s total | fetch=0.0s project=0.0s smooth=0.0s | cache hits=15 misses=0)
[39/42] PIREP at (42.91, -112.60) FL8600 2020-01-31 19:00:00 (cache: 206 images)
