Resetting environment
Deactivating conda environment (if any)
Purging all modules
Done! Environment has been torn down
Loading cuda and miniforge...
Activating conda environment...
Redirecting into the satellite repo...
Done! Environment has now been set up
Processing 2018/03 chunk [110:220]
Fetching satellite data for PIREPs in /cluster/tufts/capstone25skyblue/scleme01/SatelliteTurbulencePrediction/pireps/2018/03_turb_pireps.csv
Processing chunk [110:220] (110 PIREPs) from /cluster/tufts/capstone25skyblue/scleme01/SatelliteTurbulencePrediction/pireps/2018/03_turb_pireps.csv
[1/110] PIREP at (38.85, -107.81) FL20000 2018-03-04 16:33:00 (cache: 0 images)
  SAVED /cluster/tufts/capstone25skyblue/scleme01/SatelliteTurbulencePrediction/model_inputs/2018_03/0000072.npz (10871.7s total | fetch=10839.3s project=2.4s smooth=23.1s | cache hits=0 misses=15)
[2/110] PIREP at (38.17, -106.46) FL30000 2018-03-04 17:21:00 (cache: 15 images)
  SAVED /cluster/tufts/capstone25skyblue/scleme01/SatelliteTurbulencePrediction/model_inputs/2018_03/0000073.npz (7241.8s total | fetch=7220.0s project=1.6s smooth=15.5s | cache hits=5 misses=10)
[3/110] PIREP at (36.82, -104.83) FL15500 2018-03-04 18:05:00 (cache: 25 images)
  SAVED /cluster/tufts/capstone25skyblue/scleme01/SatelliteTurbulencePrediction/model_inputs/2018_03/0000074.npz (7219.3s total | fetch=7199.6s project=1.4s smooth=13.9s | cache hits=6 misses=9)
[4/110] PIREP at (40.34, -105.22) FL18000 2018-03-04 18:37:00 (cache: 34 images)
  SAVED /cluster/tufts/capstone25skyblue/scleme01/SatelliteTurbulencePrediction/model_inputs/2018_03/0000075.npz (5035.0s total | fetch=5021.6s project=1.0s smooth=9.4s | cache hits=9 misses=6)
[5/110] PIREP at (39.75, -104.64) FL7000 2018-03-04 18:50:00 (cache: 40 images)
  SAVED /cluster/tufts/capstone25skyblue/scleme01/SatelliteTurbulencePrediction/model_inputs/2018_03/0000076.npz (2745.7s total | fetch=2739.1s project=0.5s smooth=4.6s | cache hits=12 misses=3)
[6/110] PIREP at (40.86, -74.06) FL100 2018-03-04 18:54:00 (cache: 43 images)
  SAVED /cluster/tufts/capstone25skyblue/scleme01/SatelliteTurbulencePrediction/model_inputs/2018_03/0000077.npz (0.2s total | fetch=0.0s project=0.0s smooth=0.0s | cache hits=15 misses=0)
[7/110] PIREP at (40.86, -74.06) FL100 2018-03-04 18:54:00 (cache: 43 images)
  SAVED /cluster/tufts/capstone25skyblue/scleme01/SatelliteTurbulencePrediction/model_inputs/2018_03/0000078.npz (0.2s total | fetch=0.0s project=0.0s smooth=0.0s | cache hits=15 misses=0)
[8/110] PIREP at (40.26, -105.32) FL20000 2018-03-04 19:12:00 (cache: 43 images)
  SAVED /cluster/tufts/capstone25skyblue/scleme01/SatelliteTurbulencePrediction/model_inputs/2018_03/0000079.npz (3211.2s total | fetch=3202.4s project=0.6s smooth=6.2s | cache hits=11 misses=4)
[9/110] PIREP at (40.46, -105.69) FL19000 2018-03-04 19:17:00 (cache: 47 images)
  SAVED /cluster/tufts/capstone25skyblue/scleme01/SatelliteTurbulencePrediction/model_inputs/2018_03/0000080.npz (1110.4s total | fetch=1108.0s project=0.2s smooth=1.6s | cache hits=14 misses=1)
[10/110] PIREP at (39.91, -105.12) FL5900 2018-03-04 20:12:00 (cache: 48 images)
  SAVED /cluster/tufts/capstone25skyblue/scleme01/SatelliteTurbulencePrediction/model_inputs/2018_03/0000081.npz (9361.0s total | fetch=9337.0s project=1.8s smooth=17.1s | cache hits=4 misses=11)
[11/110] PIREP at (40.52, -107.31) FL26000 2018-03-04 20:25:00 (cache: 59 images)
  SAVED /cluster/tufts/capstone25skyblue/scleme01/SatelliteTurbulencePrediction/model_inputs/2018_03/0000083.npz (2232.3s total | fetch=2225.6s project=0.5s smooth=4.6s | cache hits=12 misses=3)
[12/110] PIREP at (40.52, -107.31) FL26000 2018-03-04 20:25:00 (cache: 62 images)
  SAVED /cluster/tufts/capstone25skyblue/scleme01/SatelliteTurbulencePrediction/model_inputs/2018_03/0000082.npz (0.2s total | fetch=0.0s project=0.0s smooth=0.0s | cache hits=15 misses=0)
[13/110] PIREP at (34.30, -101.07) FL37000 2018-03-04 20:53:00 (cache: 62 images)
  SAVED /cluster/tufts/capstone25skyblue/scleme01/SatelliteTurbulencePrediction/model_inputs/2018_03/0000588.npz (4254.5s total | fetch=4243.4s project=0.8s smooth=7.8s | cache hits=10 misses=5)
[14/110] PIREP at (42.00, 164.00) FL34000 2018-03-04 21:20:00 (cache: 67 images)
  SAVED /cluster/tufts/capstone25skyblue/scleme01/SatelliteTurbulencePrediction/model_inputs/2018_03/0000084.npz (5035.4s total | fetch=5022.0s project=1.0s smooth=9.5s | cache hits=9 misses=6)
[15/110] PIREP at (40.00, 160.00) FL35000 2018-03-04 21:27:00 (cache: 73 images)
  SAVED /cluster/tufts/capstone25skyblue/scleme01/SatelliteTurbulencePrediction/model_inputs/2018_03/0000085.npz (879.4s total | fetch=876.9s project=0.2s smooth=1.6s | cache hits=14 misses=1)
[16/110] PIREP at (40.02, -105.57) FL35000 2018-03-04 22:01:00 (cache: 74 images)
  SAVED /cluster/tufts/capstone25skyblue/scleme01/SatelliteTurbulencePrediction/model_inputs/2018_03/0000086.npz (5863.5s total | fetch=5847.9s project=1.1s smooth=11.1s | cache hits=8 misses=7)
[17/110] PIREP at (37.80, -105.60) FL45000 2018-03-04 22:15:00 (cache: 81 images)
  SAVED /cluster/tufts/capstone25skyblue/scleme01/SatelliteTurbulencePrediction/model_inputs/2018_03/0000087.npz (2531.3s total | fetch=2524.5s project=0.5s smooth=4.8s | cache hits=12 misses=3)
[18/110] PIREP at (47.27, -122.58) FL500 2018-03-04 22:35:00 (cache: 84 images)
  SAVED /cluster/tufts/capstone25skyblue/scleme01/SatelliteTurbulencePrediction/model_inputs/2018_03/0000088.npz (2865.8s total | fetch=2856.8s project=0.6s smooth=6.3s | cache hits=11 misses=4)
[19/110] PIREP at (39.57, -104.85) FL7000 2018-03-04 23:22:00 (cache: 88 images)
  SAVED /cluster/tufts/capstone25skyblue/scleme01/SatelliteTurbulencePrediction/model_inputs/2018_03/0000089.npz (5957.2s total | fetch=5937.7s project=1.4s smooth=13.8s | cache hits=6 misses=9)
[20/110] PIREP at (39.83, -105.53) FL23000 2018-03-04 23:25:00 (cache: 97 images)
  SAVED /cluster/tufts/capstone25skyblue/scleme01/SatelliteTurbulencePrediction/model_inputs/2018_03/0000090.npz (672.5s total | fetch=670.2s project=0.2s smooth=1.5s | cache hits=14 misses=1)
[21/110] PIREP at (39.83, -105.13) FL11000 2018-03-05 01:30:00 (cache: 98 images)
  SAVED /cluster/tufts/capstone25skyblue/scleme01/SatelliteTurbulencePrediction/model_inputs/2018_03/0000091.npz (204.9s total | fetch=172.8s project=2.4s smooth=22.9s | cache hits=0 misses=15)
[22/110] PIREP at (39.35, -104.72) FL18000 2018-03-05 02:10:00 (cache: 113 images)
  SAVED /cluster/tufts/capstone25skyblue/scleme01/SatelliteTurbulencePrediction/model_inputs/2018_03/0000092.npz (75.4s total | fetch=58.3s project=1.3s smooth=12.1s | cache hits=7 misses=8)
[23/110] PIREP at (39.35, -104.72) FL18000 2018-03-05 02:10:00 (cache: 121 images)
  SAVED /cluster/tufts/capstone25skyblue/scleme01/SatelliteTurbulencePrediction/model_inputs/2018_03/0000093.npz (0.2s total | fetch=0.0s project=0.0s smooth=0.0s | cache hits=15 misses=0)
[24/110] PIREP at (39.35, -104.72) FL18000 2018-03-05 02:10:00 (cache: 121 images)
  SAVED /cluster/tufts/capstone25skyblue/scleme01/SatelliteTurbulencePrediction/model_inputs/2018_03/0000094.npz (0.2s total | fetch=0.0s project=0.0s smooth=0.0s | cache hits=15 misses=0)
[25/110] PIREP at (40.56, -87.07) FL35000 2018-03-05 10:38:00 (cache: 121 images)
  SAVED /cluster/tufts/capstone25skyblue/scleme01/SatelliteTurbulencePrediction/model_inputs/2018_03/0000514.npz (153.1s total | fetch=121.1s project=2.4s smooth=22.8s | cache hits=0 misses=15)
[26/110] PIREP at (41.47, -73.64) FL28000 2018-03-05 11:57:00 (cache: 136 images)
  SAVED /cluster/tufts/capstone25skyblue/scleme01/SatelliteTurbulencePrediction/model_inputs/2018_03/0000475.npz (97.7s total | fetch=65.7s project=2.3s smooth=22.8s | cache hits=0 misses=15)
[27/110] PIREP at (41.52, -87.17) FL36000 2018-03-05 12:31:00 (cache: 151 images)
  SAVED /cluster/tufts/capstone25skyblue/scleme01/SatelliteTurbulencePrediction/model_inputs/2018_03/0000477.npz (1380.0s total | fetch=1365.0s project=1.1s smooth=10.6s | cache hits=8 misses=7)
[28/110] PIREP at (39.94, -81.89) FL34000 2018-03-05 12:41:00 (cache: 158 images)
  SAVED /cluster/tufts/capstone25skyblue/scleme01/SatelliteTurbulencePrediction/model_inputs/2018_03/0000536.npz (1319.1s total | fetch=1314.7s project=0.3s smooth=3.0s | cache hits=13 misses=2)
[29/110] PIREP at (42.82, -71.44) FL2100 2018-03-05 12:55:00 (cache: 160 images)
  SAVED /cluster/tufts/capstone25skyblue/scleme01/SatelliteTurbulencePrediction/model_inputs/2018_03/0000635.npz (1892.8s total | fetch=1886.2s project=0.5s smooth=4.6s | cache hits=12 misses=3)
[30/110] PIREP at (37.35, -82.70) FL39000 2018-03-05 13:57:00 (cache: 163 images)
  SAVED /cluster/tufts/capstone25skyblue/scleme01/SatelliteTurbulencePrediction/model_inputs/2018_03/0000399.npz (8002.1s total | fetch=7976.5s project=1.9s smooth=18.3s | cache hits=3 misses=12)
[31/110] PIREP at (38.82, -92.22) FL7000 2018-03-05 14:45:00 (cache: 175 images)
