Resetting environment
Deactivating conda environment (if any)
Purging all modules
Done! Environment has been torn down
Loading cuda and miniforge...
Activating conda environment...
Redirecting into the satellite repo...
Done! Environment has now been set up
Processing 2018/05 chunk [300:450]
Fetching satellite data for PIREPs in /cluster/tufts/capstone25skyblue/scleme01/SatelliteTurbulencePrediction/pireps/2018/05_turb_pireps.csv
Processing chunk [300:450] (102 PIREPs) from /cluster/tufts/capstone25skyblue/scleme01/SatelliteTurbulencePrediction/pireps/2018/05_turb_pireps.csv
[1/102] PIREP at (41.51, -89.12) FL14500 2018-05-21 13:18:00 (cache: 0 images)
  SAVED /cluster/tufts/capstone25skyblue/scleme01/SatelliteTurbulencePrediction/model_inputs/2018_05/0000153.npz (7708.2s total | fetch=7680.4s project=1.8s smooth=19.4s | cache hits=0 misses=15)
[2/102] PIREP at (51.59, -113.27) FL19000 2018-05-21 13:48:00 (cache: 15 images)
  SAVED /cluster/tufts/capstone25skyblue/scleme01/SatelliteTurbulencePrediction/model_inputs/2018_05/0000154.npz (3055.7s total | fetch=3044.6s project=0.7s smooth=7.7s | cache hits=9 misses=6)
[3/102] PIREP at (46.79, -71.15) FL3000 2018-05-21 15:19:00 (cache: 21 images)
  SAVED /cluster/tufts/capstone25skyblue/scleme01/SatelliteTurbulencePrediction/model_inputs/2018_05/0000155.npz (8552.1s total | fetch=8524.3s project=1.8s smooth=19.4s | cache hits=0 misses=15)
[4/102] PIREP at (42.55, -88.03) FL15000 2018-05-21 16:53:00 (cache: 36 images)
  SAVED /cluster/tufts/capstone25skyblue/scleme01/SatelliteTurbulencePrediction/model_inputs/2018_05/0000225.npz (9423.9s total | fetch=9396.2s project=1.8s smooth=19.3s | cache hits=0 misses=15)
[5/102] PIREP at (26.79, -79.78) FL6000 2018-05-21 18:30:00 (cache: 51 images)
  SAVED /cluster/tufts/capstone25skyblue/scleme01/SatelliteTurbulencePrediction/model_inputs/2018_05/0000156.npz (11324.9s total | fetch=11297.1s project=1.8s smooth=19.4s | cache hits=0 misses=15)
[6/102] PIREP at (27.27, -80.10) FL8500 2018-05-21 19:17:00 (cache: 66 images)
  SAVED /cluster/tufts/capstone25skyblue/scleme01/SatelliteTurbulencePrediction/model_inputs/2018_05/0000157.npz (8069.5s total | fetch=8052.8s project=1.1s smooth=11.6s | cache hits=6 misses=9)
[7/102] PIREP at (55.20, -162.72) FL1500 2018-05-21 19:28:00 (cache: 75 images)
  SAVED /cluster/tufts/capstone25skyblue/scleme01/SatelliteTurbulencePrediction/model_inputs/2018_05/0000364.npz (2020.7s total | fetch=2016.9s project=0.2s smooth=2.6s | cache hits=13 misses=2)
[8/102] PIREP at (32.22, -86.56) FL37000 2018-05-21 20:05:00 (cache: 77 images)
  SAVED /cluster/tufts/capstone25skyblue/scleme01/SatelliteTurbulencePrediction/model_inputs/2018_05/0000326.npz (7874.2s total | fetch=7859.3s project=1.0s smooth=10.3s | cache hits=7 misses=8)
[9/102] PIREP at (37.97, -103.63) FL20000 2018-05-21 21:02:00 (cache: 85 images)
