Resetting environment
Deactivating conda environment (if any)
Purging all modules
Done! Environment has been torn down
Loading cuda and miniforge...
Activating conda environment...
Redirecting into the satellite repo...
Done! Environment has now been set up
Processing 2018/12 chunk [0:150]
Fetching satellite data for PIREPs in /cluster/tufts/capstone25skyblue/scleme01/SatelliteTurbulencePrediction/pireps/2018/12_turb_pireps.csv
Processing chunk [0:150] (150 PIREPs) from /cluster/tufts/capstone25skyblue/scleme01/SatelliteTurbulencePrediction/pireps/2018/12_turb_pireps.csv
[1/150] SKIPPING /cluster/tufts/capstone25skyblue/scleme01/SatelliteTurbulencePrediction/model_inputs/2018_12/0000748.npz (already exists)
[2/150] SKIPPING /cluster/tufts/capstone25skyblue/scleme01/SatelliteTurbulencePrediction/model_inputs/2018_12/0000508.npz (already exists)
[3/150] SKIPPING /cluster/tufts/capstone25skyblue/scleme01/SatelliteTurbulencePrediction/model_inputs/2018_12/0000000.npz (already exists)
[4/150] SKIPPING /cluster/tufts/capstone25skyblue/scleme01/SatelliteTurbulencePrediction/model_inputs/2018_12/0000609.npz (already exists)
[5/150] SKIPPING /cluster/tufts/capstone25skyblue/scleme01/SatelliteTurbulencePrediction/model_inputs/2018_12/0000001.npz (already exists)
[6/150] SKIPPING /cluster/tufts/capstone25skyblue/scleme01/SatelliteTurbulencePrediction/model_inputs/2018_12/0000443.npz (already exists)
[7/150] SKIPPING /cluster/tufts/capstone25skyblue/scleme01/SatelliteTurbulencePrediction/model_inputs/2018_12/0000537.npz (already exists)
[8/150] SKIPPING /cluster/tufts/capstone25skyblue/scleme01/SatelliteTurbulencePrediction/model_inputs/2018_12/0000563.npz (already exists)
[9/150] SKIPPING /cluster/tufts/capstone25skyblue/scleme01/SatelliteTurbulencePrediction/model_inputs/2018_12/0000810.npz (already exists)
[10/150] SKIPPING /cluster/tufts/capstone25skyblue/scleme01/SatelliteTurbulencePrediction/model_inputs/2018_12/0000813.npz (already exists)
[11/150] SKIPPING /cluster/tufts/capstone25skyblue/scleme01/SatelliteTurbulencePrediction/model_inputs/2018_12/0000003.npz (already exists)
[12/150] SKIPPING /cluster/tufts/capstone25skyblue/scleme01/SatelliteTurbulencePrediction/model_inputs/2018_12/0000002.npz (already exists)
[13/150] SKIPPING /cluster/tufts/capstone25skyblue/scleme01/SatelliteTurbulencePrediction/model_inputs/2018_12/0000522.npz (already exists)
[14/150] SKIPPING /cluster/tufts/capstone25skyblue/scleme01/SatelliteTurbulencePrediction/model_inputs/2018_12/0000620.npz (already exists)
[15/150] SKIPPING /cluster/tufts/capstone25skyblue/scleme01/SatelliteTurbulencePrediction/model_inputs/2018_12/0000004.npz (already exists)
[16/150] SKIPPING /cluster/tufts/capstone25skyblue/scleme01/SatelliteTurbulencePrediction/model_inputs/2018_12/0000523.npz (already exists)
[17/150] SKIPPING /cluster/tufts/capstone25skyblue/scleme01/SatelliteTurbulencePrediction/model_inputs/2018_12/0000412.npz (already exists)
[18/150] SKIPPING /cluster/tufts/capstone25skyblue/scleme01/SatelliteTurbulencePrediction/model_inputs/2018_12/0000455.npz (already exists)
[19/150] SKIPPING /cluster/tufts/capstone25skyblue/scleme01/SatelliteTurbulencePrediction/model_inputs/2018_12/0000502.npz (already exists)
[20/150] SKIPPING /cluster/tufts/capstone25skyblue/scleme01/SatelliteTurbulencePrediction/model_inputs/2018_12/0000532.npz (already exists)
[21/150] SKIPPING /cluster/tufts/capstone25skyblue/scleme01/SatelliteTurbulencePrediction/model_inputs/2018_12/0000618.npz (already exists)
[22/150] SKIPPING /cluster/tufts/capstone25skyblue/scleme01/SatelliteTurbulencePrediction/model_inputs/2018_12/0000005.npz (already exists)
[23/150] SKIPPING /cluster/tufts/capstone25skyblue/scleme01/SatelliteTurbulencePrediction/model_inputs/2018_12/0000006.npz (already exists)
[24/150] SKIPPING /cluster/tufts/capstone25skyblue/scleme01/SatelliteTurbulencePrediction/model_inputs/2018_12/0000007.npz (already exists)
[25/150] SKIPPING /cluster/tufts/capstone25skyblue/scleme01/SatelliteTurbulencePrediction/model_inputs/2018_12/0000795.npz (already exists)
[26/150] SKIPPING /cluster/tufts/capstone25skyblue/scleme01/SatelliteTurbulencePrediction/model_inputs/2018_12/0000433.npz (already exists)
[27/150] SKIPPING /cluster/tufts/capstone25skyblue/scleme01/SatelliteTurbulencePrediction/model_inputs/2018_12/0000779.npz (already exists)
[28/150] SKIPPING /cluster/tufts/capstone25skyblue/scleme01/SatelliteTurbulencePrediction/model_inputs/2018_12/0000008.npz (already exists)
[29/150] SKIPPING /cluster/tufts/capstone25skyblue/scleme01/SatelliteTurbulencePrediction/model_inputs/2018_12/0000009.npz (already exists)
[30/150] SKIPPING /cluster/tufts/capstone25skyblue/scleme01/SatelliteTurbulencePrediction/model_inputs/2018_12/0000010.npz (already exists)
[31/150] SKIPPING /cluster/tufts/capstone25skyblue/scleme01/SatelliteTurbulencePrediction/model_inputs/2018_12/0000011.npz (already exists)
[32/150] SKIPPING /cluster/tufts/capstone25skyblue/scleme01/SatelliteTurbulencePrediction/model_inputs/2018_12/0000012.npz (already exists)
[33/150] SKIPPING /cluster/tufts/capstone25skyblue/scleme01/SatelliteTurbulencePrediction/model_inputs/2018_12/0000013.npz (already exists)
[34/150] SKIPPING /cluster/tufts/capstone25skyblue/scleme01/SatelliteTurbulencePrediction/model_inputs/2018_12/0000014.npz (already exists)
[35/150] SKIPPING /cluster/tufts/capstone25skyblue/scleme01/SatelliteTurbulencePrediction/model_inputs/2018_12/0000015.npz (already exists)
[36/150] SKIPPING /cluster/tufts/capstone25skyblue/scleme01/SatelliteTurbulencePrediction/model_inputs/2018_12/0000017.npz (already exists)
[37/150] SKIPPING /cluster/tufts/capstone25skyblue/scleme01/SatelliteTurbulencePrediction/model_inputs/2018_12/0000016.npz (already exists)
[38/150] SKIPPING /cluster/tufts/capstone25skyblue/scleme01/SatelliteTurbulencePrediction/model_inputs/2018_12/0000604.npz (already exists)
[39/150] SKIPPING /cluster/tufts/capstone25skyblue/scleme01/SatelliteTurbulencePrediction/model_inputs/2018_12/0000636.npz (already exists)
[40/150] SKIPPING /cluster/tufts/capstone25skyblue/scleme01/SatelliteTurbulencePrediction/model_inputs/2018_12/0000743.npz (already exists)
[41/150] SKIPPING /cluster/tufts/capstone25skyblue/scleme01/SatelliteTurbulencePrediction/model_inputs/2018_12/0000018.npz (already exists)
[42/150] PIREP at (42.39, -95.93) FL13500 2018-12-02 15:02:00 (cache: 0 images)
  SAVED /cluster/tufts/capstone25skyblue/scleme01/SatelliteTurbulencePrediction/model_inputs/2018_12/0000432.npz (6017.2s total | fetch=5992.3s project=1.6s smooth=17.4s | cache hits=0 misses=15)
[43/150] PIREP at (38.35, -118.40) FL36000 2018-12-02 15:27:00 (cache: 15 images)
  SAVED /cluster/tufts/capstone25skyblue/scleme01/SatelliteTurbulencePrediction/model_inputs/2018_12/0000572.npz (2282.9s total | fetch=2274.4s project=0.6s smooth=5.8s | cache hits=10 misses=5)
[44/150] PIREP at (42.91, -96.75) FL32000 2018-12-02 16:04:00 (cache: 20 images)
  SAVED /cluster/tufts/capstone25skyblue/scleme01/SatelliteTurbulencePrediction/model_inputs/2018_12/0000681.npz (3168.0s total | fetch=3156.2s project=0.8s smooth=8.2s | cache hits=8 misses=7)
[45/150] SKIPPING /cluster/tufts/capstone25skyblue/scleme01/SatelliteTurbulencePrediction/model_inputs/2018_12/0000019.npz (already exists)
[46/150] PIREP at (45.45, -98.42) FL37000 2018-12-02 18:06:00 (cache: 27 images)
  SAVED /cluster/tufts/capstone25skyblue/scleme01/SatelliteTurbulencePrediction/model_inputs/2018_12/0000705.npz (6729.3s total | fetch=6704.4s project=1.6s smooth=17.5s | cache hits=0 misses=15)
[47/150] SKIPPING /cluster/tufts/capstone25skyblue/scleme01/SatelliteTurbulencePrediction/model_inputs/2018_12/0000020.npz (already exists)
[48/150] SKIPPING /cluster/tufts/capstone25skyblue/scleme01/SatelliteTurbulencePrediction/model_inputs/2018_12/0000021.npz (already exists)
[49/150] SKIPPING /cluster/tufts/capstone25skyblue/scleme01/SatelliteTurbulencePrediction/model_inputs/2018_12/0000022.npz (already exists)
[50/150] SKIPPING /cluster/tufts/capstone25skyblue/scleme01/SatelliteTurbulencePrediction/model_inputs/2018_12/0000023.npz (already exists)
[51/150] SKIPPING /cluster/tufts/capstone25skyblue/scleme01/SatelliteTurbulencePrediction/model_inputs/2018_12/0000024.npz (already exists)
[52/150] SKIPPING /cluster/tufts/capstone25skyblue/scleme01/SatelliteTurbulencePrediction/model_inputs/2018_12/0000025.npz (already exists)
[53/150] SKIPPING /cluster/tufts/capstone25skyblue/scleme01/SatelliteTurbulencePrediction/model_inputs/2018_12/0000026.npz (already exists)
[54/150] PIREP at (43.11, -78.74) FL26000 2018-12-03 01:25:00 (cache: 42 images)
  SAVED /cluster/tufts/capstone25skyblue/scleme01/SatelliteTurbulencePrediction/model_inputs/2018_12/0000570.npz (81.6s total | fetch=57.0s project=1.6s smooth=17.2s | cache hits=0 misses=15)
[55/150] SKIPPING /cluster/tufts/capstone25skyblue/scleme01/SatelliteTurbulencePrediction/model_inputs/2018_12/0000027.npz (already exists)
[56/150] PIREP at (40.61, -74.05) FL8000 2018-12-03 04:54:00 (cache: 57 images)
  SAVED /cluster/tufts/capstone25skyblue/scleme01/SatelliteTurbulencePrediction/model_inputs/2018_12/0000445.npz (113.4s total | fetch=88.6s project=1.6s smooth=17.4s | cache hits=0 misses=15)
[57/150] SKIPPING /cluster/tufts/capstone25skyblue/scleme01/SatelliteTurbulencePrediction/model_inputs/2018_12/0000028.npz (already exists)
[58/150] PIREP at (25.71, -78.06) FL3500 2018-12-03 15:17:00 (cache: 72 images)
  SAVED /cluster/tufts/capstone25skyblue/scleme01/SatelliteTurbulencePrediction/model_inputs/2018_12/0000485.npz (7163.9s total | fetch=7138.7s project=1.6s smooth=17.6s | cache hits=0 misses=15)
[59/150] PIREP at (34.41, -110.64) FL37000 2018-12-03 15:42:00 (cache: 87 images)
  SAVED /cluster/tufts/capstone25skyblue/scleme01/SatelliteTurbulencePrediction/model_inputs/2018_12/0000702.npz (2530.8s total | fetch=2522.5s project=0.5s smooth=5.7s | cache hits=10 misses=5)
[60/150] PIREP at (34.25, -110.51) FL36000 2018-12-03 15:52:00 (cache: 92 images)
  SAVED /cluster/tufts/capstone25skyblue/scleme01/SatelliteTurbulencePrediction/model_inputs/2018_12/0000571.npz (1043.6s total | fetch=1040.1s project=0.2s smooth=2.4s | cache hits=13 misses=2)
[61/150] SKIPPING /cluster/tufts/capstone25skyblue/scleme01/SatelliteTurbulencePrediction/model_inputs/2018_12/0000029.npz (already exists)
[62/150] PIREP at (37.37, -118.36) FL32000 2018-12-03 17:13:00 (cache: 94 images)
  SAVED /cluster/tufts/capstone25skyblue/scleme01/SatelliteTurbulencePrediction/model_inputs/2018_12/0000624.npz (8709.3s total | fetch=8684.8s project=1.6s smooth=17.1s | cache hits=0 misses=15)
[63/150] SKIPPING /cluster/tufts/capstone25skyblue/scleme01/SatelliteTurbulencePrediction/model_inputs/2018_12/0000030.npz (already exists)
[64/150] SKIPPING /cluster/tufts/capstone25skyblue/scleme01/SatelliteTurbulencePrediction/model_inputs/2018_12/0000031.npz (already exists)
[65/150] SKIPPING /cluster/tufts/capstone25skyblue/scleme01/SatelliteTurbulencePrediction/model_inputs/2018_12/0000032.npz (already exists)
[66/150] SKIPPING /cluster/tufts/capstone25skyblue/scleme01/SatelliteTurbulencePrediction/model_inputs/2018_12/0000033.npz (already exists)
[67/150] SKIPPING /cluster/tufts/capstone25skyblue/scleme01/SatelliteTurbulencePrediction/model_inputs/2018_12/0000034.npz (already exists)
[68/150] PIREP at (39.22, -106.87) FL12000 2018-12-03 19:30:00 (cache: 109 images)
  SAVED /cluster/tufts/capstone25skyblue/scleme01/SatelliteTurbulencePrediction/model_inputs/2018_12/0000599.npz (9886.8s total | fetch=9862.1s project=1.6s smooth=17.2s | cache hits=0 misses=15)
[69/150] SKIPPING /cluster/tufts/capstone25skyblue/scleme01/SatelliteTurbulencePrediction/model_inputs/2018_12/0000035.npz (already exists)
[70/150] SKIPPING /cluster/tufts/capstone25skyblue/scleme01/SatelliteTurbulencePrediction/model_inputs/2018_12/0000036.npz (already exists)
[71/150] SKIPPING /cluster/tufts/capstone25skyblue/scleme01/SatelliteTurbulencePrediction/model_inputs/2018_12/0000037.npz (already exists)
[72/150] PIREP at (35.56, -86.44) FL31000 2018-12-03 19:48:00 (cache: 124 images)
  SAVED /cluster/tufts/capstone25skyblue/scleme01/SatelliteTurbulencePrediction/model_inputs/2018_12/0000687.npz (2240.6s total | fetch=2235.6s project=0.3s smooth=3.4s | cache hits=12 misses=3)
[73/150] PIREP at (20.78, -156.95) FL5000 2018-12-03 19:50:00 (cache: 127 images)
  SAVED /cluster/tufts/capstone25skyblue/scleme01/SatelliteTurbulencePrediction/model_inputs/2018_12/0000694.npz (821.8s total | fetch=820.1s project=0.1s smooth=1.1s | cache hits=14 misses=1)
[74/150] PIREP at (41.52, -83.49) FL35000 2018-12-03 20:29:00 (cache: 128 images)
  SAVED /cluster/tufts/capstone25skyblue/scleme01/SatelliteTurbulencePrediction/model_inputs/2018_12/0000686.npz (5221.0s total | fetch=5209.6s project=0.7s smooth=7.9s | cache hits=8 misses=7)
[75/150] SKIPPING /cluster/tufts/capstone25skyblue/scleme01/SatelliteTurbulencePrediction/model_inputs/2018_12/0000038.npz (already exists)
[76/150] PIREP at (37.75, -88.38) FL32000 2018-12-03 20:54:00 (cache: 135 images)
  SAVED /cluster/tufts/capstone25skyblue/scleme01/SatelliteTurbulencePrediction/model_inputs/2018_12/0000735.npz (3991.7s total | fetch=3983.4s project=0.5s smooth=5.7s | cache hits=10 misses=5)
[77/150] PIREP at (20.90, -82.22) FL40000 2018-12-03 21:15:00 (cache: 140 images)
  SAVED /cluster/tufts/capstone25skyblue/scleme01/SatelliteTurbulencePrediction/model_inputs/2018_12/0000671.npz (3831.7s total | fetch=3823.5s project=0.5s smooth=5.6s | cache hits=10 misses=5)
[78/150] PIREP at (47.68, -117.32) FL3300 2018-12-03 21:20:00 (cache: 145 images)
  SAVED /cluster/tufts/capstone25skyblue/scleme01/SatelliteTurbulencePrediction/model_inputs/2018_12/0000545.npz (820.5s total | fetch=818.8s project=0.1s smooth=1.1s | cache hits=14 misses=1)
[79/150] SKIPPING /cluster/tufts/capstone25skyblue/scleme01/SatelliteTurbulencePrediction/model_inputs/2018_12/0000039.npz (already exists)
[80/150] PIREP at (41.27, -87.79) FL18000 2018-12-04 00:29:00 (cache: 146 images)
