Resetting environment
Deactivating conda environment (if any)
Purging all modules
Done! Environment has been torn down
Loading cuda and miniforge...
Activating conda environment...
Redirecting into the satellite repo...
Done! Environment has now been set up
Processing 2019/06 chunk [110:220]
Fetching satellite data for PIREPs in /cluster/tufts/capstone25skyblue/scleme01/SatelliteTurbulencePrediction/pireps/2019/06_turb_pireps.csv
Processing chunk [110:220] (110 PIREPs) from /cluster/tufts/capstone25skyblue/scleme01/SatelliteTurbulencePrediction/pireps/2019/06_turb_pireps.csv
[1/110] PIREP at (32.05, -83.01) FL43000 2019-06-09 18:08:00 (cache: 0 images)
  SAVED /cluster/tufts/capstone25skyblue/scleme01/SatelliteTurbulencePrediction/model_inputs/2019_06/0000052.npz (14849.1s total | fetch=14821.5s project=1.8s smooth=19.3s | cache hits=0 misses=15)
[2/110] PIREP at (39.58, -80.35) FL36000 2019-06-09 18:27:00 (cache: 15 images)
  SAVED /cluster/tufts/capstone25skyblue/scleme01/SatelliteTurbulencePrediction/model_inputs/2019_06/0000349.npz (4575.0s total | fetch=4567.6s project=0.5s smooth=5.1s | cache hits=11 misses=4)
[3/110] PIREP at (32.72, -95.65) FL19000 2019-06-09 18:35:00 (cache: 19 images)
  SAVED /cluster/tufts/capstone25skyblue/scleme01/SatelliteTurbulencePrediction/model_inputs/2019_06/0000054.npz (2087.5s total | fetch=2083.7s project=0.2s smooth=2.5s | cache hits=13 misses=2)
[4/110] PIREP at (32.72, -95.65) FL19000 2019-06-09 18:35:00 (cache: 21 images)
  SAVED /cluster/tufts/capstone25skyblue/scleme01/SatelliteTurbulencePrediction/model_inputs/2019_06/0000053.npz (0.2s total | fetch=0.0s project=0.0s smooth=0.0s | cache hits=15 misses=0)
[5/110] PIREP at (39.18, -89.68) FL38000 2019-06-09 19:27:00 (cache: 21 images)
  SAVED /cluster/tufts/capstone25skyblue/scleme01/SatelliteTurbulencePrediction/model_inputs/2019_06/0000293.npz (12431.3s total | fetch=12413.0s project=1.2s smooth=12.7s | cache hits=5 misses=10)
[6/110] PIREP at (37.62, -99.47) FL36000 2019-06-10 12:40:00 (cache: 31 images)
  SAVED /cluster/tufts/capstone25skyblue/scleme01/SatelliteTurbulencePrediction/model_inputs/2019_06/0000284.npz (15812.1s total | fetch=15784.6s project=1.8s smooth=19.2s | cache hits=0 misses=15)
[7/110] PIREP at (46.93, -96.81) FL28000 2019-06-10 12:57:00 (cache: 46 images)
  SAVED /cluster/tufts/capstone25skyblue/scleme01/SatelliteTurbulencePrediction/model_inputs/2019_06/0000359.npz (3621.8s total | fetch=3616.2s project=0.4s smooth=3.8s | cache hits=12 misses=3)
[8/110] PIREP at (46.00, -40.00) FL38000 2019-06-10 14:06:00 (cache: 49 images)
  SAVED /cluster/tufts/capstone25skyblue/scleme01/SatelliteTurbulencePrediction/model_inputs/2019_06/0000055.npz (16075.5s total | fetch=16049.8s project=1.7s smooth=17.9s | cache hits=1 misses=14)
[9/110] PIREP at (35.27, -110.72) FL30000 2019-06-10 15:32:00 (cache: 63 images)
  SAVED /cluster/tufts/capstone25skyblue/scleme01/SatelliteTurbulencePrediction/model_inputs/2019_06/0000322.npz (14959.3s total | fetch=14931.8s project=1.8s smooth=19.2s | cache hits=0 misses=15)
[10/110] PIREP at (34.73, -100.80) FL34000 2019-06-10 17:49:00 (cache: 78 images)
