Resetting environment
Deactivating conda environment (if any)
Purging all modules
Done! Environment has been torn down
Allocating resources with slurm...
Loading cuda and miniforge...
Activating conda environment...
Redirecting into the satellite repo...
Done! Environment has now been set up
Processing 2020/06 chunk [0:150]
Fetching satellite data for PIREPs in /cluster/tufts/capstone25skyblue/scleme01/SatelliteTurbulencePrediction/pireps/2020/06_turb_pireps.csv
Processing chunk [0:150] (150 PIREPs) from /cluster/tufts/capstone25skyblue/scleme01/SatelliteTurbulencePrediction/pireps/2020/06_turb_pireps.csv
[1/150] SKIPPING /cluster/tufts/capstone25skyblue/scleme01/SatelliteTurbulencePrediction/model_inputs/2020_06/0000000.npz (already exists)
[2/150] SKIPPING /cluster/tufts/capstone25skyblue/scleme01/SatelliteTurbulencePrediction/model_inputs/2020_06/0000138.npz (already exists)
[3/150] SKIPPING /cluster/tufts/capstone25skyblue/scleme01/SatelliteTurbulencePrediction/model_inputs/2020_06/0000177.npz (already exists)
[4/150] SKIPPING /cluster/tufts/capstone25skyblue/scleme01/SatelliteTurbulencePrediction/model_inputs/2020_06/0000001.npz (already exists)
[5/150] SKIPPING /cluster/tufts/capstone25skyblue/scleme01/SatelliteTurbulencePrediction/model_inputs/2020_06/0000234.npz (already exists)
[6/150] SKIPPING /cluster/tufts/capstone25skyblue/scleme01/SatelliteTurbulencePrediction/model_inputs/2020_06/0000196.npz (already exists)
[7/150] PIREP at (61.10, -155.63) FL9500 2020-06-03 20:04:00 (cache: 0 images)
  WARNING: Failed to fetch image at 2020-06-03 20:04:00: noaa-goes16/ABI-L2-MCMIPC/2020/155/19
  WARNING: Failed to fetch image at 2020-06-03 19:59:00: noaa-goes16/ABI-L2-MCMIPC/2020/155/18
  WARNING: Failed to fetch image at 2020-06-03 19:54:00: noaa-goes16/ABI-L2-MCMIPC/2020/155/18
  WARNING: Failed to fetch image at 2020-06-03 19:49:00: noaa-goes16/ABI-L2-MCMIPC/2020/155/18
  WARNING: Failed to fetch image at 2020-06-03 19:44:00: noaa-goes16/ABI-L2-MCMIPC/2020/155/18
  WARNING: Failed to fetch image at 2020-06-03 19:39:00: noaa-goes16/ABI-L2-MCMIPC/2020/155/18
  WARNING: Failed to fetch image at 2020-06-03 19:34:00: noaa-goes16/ABI-L2-MCMIPC/2020/155/18
  WARNING: Failed to fetch image at 2020-06-03 19:29:00: noaa-goes16/ABI-L2-MCMIPC/2020/155/18
  WARNING: Failed to fetch image at 2020-06-03 19:24:00: noaa-goes16/ABI-L2-MCMIPC/2020/155/18
  WARNING: Failed to fetch image at 2020-06-03 19:19:00: noaa-goes16/ABI-L2-MCMIPC/2020/155/18
  WARNING: Failed to fetch image at 2020-06-03 19:14:00: noaa-goes16/ABI-L2-MCMIPC/2020/155/18
  WARNING: Failed to fetch image at 2020-06-03 19:09:00: noaa-goes16/ABI-L2-MCMIPC/2020/155/18
  WARNING: Failed to fetch image at 2020-06-03 19:04:00: noaa-goes16/ABI-L2-MCMIPC/2020/155/18
  WARNING: Failed to fetch image at 2020-06-03 18:59:00: noaa-goes16/ABI-L2-MCMIPC/2020/155/17
  WARNING: Failed to fetch image at 2020-06-03 18:54:00: noaa-goes16/ABI-L2-MCMIPC/2020/155/17
  SKIPPED: no frames fetched
[8/150] PIREP at (32.39, -110.51) FL9500 2020-06-03 20:16:00 (cache: 15 images)
  WARNING: Failed to fetch image at 2020-06-03 20:16:00: noaa-goes16/ABI-L2-MCMIPC/2020/155/19
  WARNING: Failed to fetch image at 2020-06-03 20:11:00: noaa-goes16/ABI-L2-MCMIPC/2020/155/19
  WARNING: Failed to fetch image at 2020-06-03 20:06:00: noaa-goes16/ABI-L2-MCMIPC/2020/155/19
  SKIPPED: no frames fetched
[9/150] PIREP at (31.79, -82.51) FL13000 2020-06-03 21:58:00 (cache: 18 images)
  WARNING: Failed to fetch image at 2020-06-03 21:58:00: noaa-goes16/ABI-L2-MCMIPC/2020/155/20
  WARNING: Failed to fetch image at 2020-06-03 21:53:00: noaa-goes16/ABI-L2-MCMIPC/2020/155/20
  WARNING: Failed to fetch image at 2020-06-03 21:48:00: noaa-goes16/ABI-L2-MCMIPC/2020/155/20
  WARNING: Failed to fetch image at 2020-06-03 21:43:00: noaa-goes16/ABI-L2-MCMIPC/2020/155/20
  WARNING: Failed to fetch image at 2020-06-03 21:38:00: noaa-goes16/ABI-L2-MCMIPC/2020/155/20
  WARNING: Failed to fetch image at 2020-06-03 21:33:00: noaa-goes16/ABI-L2-MCMIPC/2020/155/20
  WARNING: Failed to fetch image at 2020-06-03 21:28:00: noaa-goes16/ABI-L2-MCMIPC/2020/155/20
  WARNING: Failed to fetch image at 2020-06-03 21:23:00: noaa-goes16/ABI-L2-MCMIPC/2020/155/20
  WARNING: Failed to fetch image at 2020-06-03 21:18:00: noaa-goes16/ABI-L2-MCMIPC/2020/155/20
  WARNING: Failed to fetch image at 2020-06-03 21:13:00: noaa-goes16/ABI-L2-MCMIPC/2020/155/20
  WARNING: Failed to fetch image at 2020-06-03 21:08:00: noaa-goes16/ABI-L2-MCMIPC/2020/155/20
  WARNING: Failed to fetch image at 2020-06-03 21:03:00: noaa-goes16/ABI-L2-MCMIPC/2020/155/20
  WARNING: Failed to fetch image at 2020-06-03 20:58:00: noaa-goes16/ABI-L2-MCMIPC/2020/155/19
  WARNING: Failed to fetch image at 2020-06-03 20:53:00: noaa-goes16/ABI-L2-MCMIPC/2020/155/19
  WARNING: Failed to fetch image at 2020-06-03 20:48:00: noaa-goes16/ABI-L2-MCMIPC/2020/155/19
  SKIPPED: no frames fetched
[10/150] SKIPPING /cluster/tufts/capstone25skyblue/scleme01/SatelliteTurbulencePrediction/model_inputs/2020_06/0000004.npz (already exists)
[11/150] SKIPPING /cluster/tufts/capstone25skyblue/scleme01/SatelliteTurbulencePrediction/model_inputs/2020_06/0000005.npz (already exists)
[12/150] SKIPPING /cluster/tufts/capstone25skyblue/scleme01/SatelliteTurbulencePrediction/model_inputs/2020_06/0000147.npz (already exists)
[13/150] SKIPPING /cluster/tufts/capstone25skyblue/scleme01/SatelliteTurbulencePrediction/model_inputs/2020_06/0000210.npz (already exists)
[14/150] SKIPPING /cluster/tufts/capstone25skyblue/scleme01/SatelliteTurbulencePrediction/model_inputs/2020_06/0000184.npz (already exists)
[15/150] SKIPPING /cluster/tufts/capstone25skyblue/scleme01/SatelliteTurbulencePrediction/model_inputs/2020_06/0000187.npz (already exists)
[16/150] SKIPPING /cluster/tufts/capstone25skyblue/scleme01/SatelliteTurbulencePrediction/model_inputs/2020_06/0000213.npz (already exists)
[17/150] SKIPPING /cluster/tufts/capstone25skyblue/scleme01/SatelliteTurbulencePrediction/model_inputs/2020_06/0000006.npz (already exists)
[18/150] SKIPPING /cluster/tufts/capstone25skyblue/scleme01/SatelliteTurbulencePrediction/model_inputs/2020_06/0000008.npz (already exists)
[19/150] SKIPPING /cluster/tufts/capstone25skyblue/scleme01/SatelliteTurbulencePrediction/model_inputs/2020_06/0000007.npz (already exists)
[20/150] SKIPPING /cluster/tufts/capstone25skyblue/scleme01/SatelliteTurbulencePrediction/model_inputs/2020_06/0000009.npz (already exists)
[21/150] PIREP at (32.94, -95.36) FL8500 2020-06-05 13:23:00 (cache: 33 images)
  SAVED /cluster/tufts/capstone25skyblue/scleme01/SatelliteTurbulencePrediction/model_inputs/2020_06/0000153.npz (10422.2s total | fetch=10381.8s project=3.7s smooth=27.1s | cache hits=12 misses=15)
[22/150] PIREP at (33.02, -86.37) FL25000 2020-06-05 20:10:00 (cache: 48 images)
  SAVED /cluster/tufts/capstone25skyblue/scleme01/SatelliteTurbulencePrediction/model_inputs/2020_06/0000241.npz (14567.3s total | fetch=14527.4s project=3.6s smooth=26.8s | cache hits=0 misses=15)
[23/150] PIREP at (43.02, -91.12) FL10000 2020-06-05 21:23:00 (cache: 63 images)
